  … 25/544 modules, 43 pages, 2s
  … 50/544 modules, 143 pages, 6s
  … 75/544 modules, 176 pages, 9s
  … 100/544 modules, 201 pages, 11s
  … 125/544 modules, 251 pages, 15s
  … 150/544 modules, 306 pages, 18s
  … 175/544 modules, 431 pages, 22s
  … 200/544 modules, 574 pages, 26s
  … 225/544 modules, 649 pages, 28s
  … 250/544 modules, 727 pages, 30s
  … 275/544 modules, 808 pages, 33s
  … 300/544 modules, 971 pages, 38s
  … 325/544 modules, 1194 pages, 42s
  … 350/544 modules, 1376 pages, 47s
  … 400/544 modules, 1778 pages, 58s
  … 425/544 modules, 2021 pages, 64s
  … 450/544 modules, 2189 pages, 69s
  … 475/544 modules, 2365 pages, 73s
  … 500/544 modules, 2549 pages, 78s
  … 525/544 modules, 2745 pages, 84s
CEILING (round 0) — 516 modules, 2798 gold pages, 2290 paired (86s); 203 modules read from 2+ parsed files
  no WT (skipped): TRR115, ENGJ403, GER1003, GER1004, GER1005, GER1006, GER1007, SAM1005, SAM1006; no WT-like parsed file (skipped): TRR102, TRR103, TRR104, TRR105, TRR107, TRR108, TRR109, TRR111, TRR112, TRR113, TRR203, TRR301, TRR304, XOTPG01, XOTPG03, XOTPG04, XOTPG05, XOTPG06
  PAIRED scaffold-scope no-source share: mean raw 11.7% → NET 9.1%; pooled raw 11.4% → NET 9.6%
  CEILING scaffold 90.9% (loose 93.5%) / full 86.7% (loose 89.1%); boilerplate strings 170
  BASELINE _r313_sk_final.json: SCAFFOLD 49.941% = 54.9% of achievable (band 53.4%–54.9%); RAW 34.430% = 39.7% of achievable; per-page mean 55.3%
  outlier pages (net ≥ 50%, ≥ 8 blocks): 69
  wrote _ceiling_r410.json
  wrote _ceiling_r410.md
