[snapshot] running cs (full corpus)
  $ python3 compare_structure.py
[snapshot] running bc (full corpus)
  $ python3 body_compare.py
[snapshot] running skeleton (full corpus)
  $ python3 _skeleton_compare.py --json /mnt/c/Users/Gavin/TeKura/FINAL_MODULE_DATA/CONVERTER_V2/outputs/_fastloop_baseline/skeleton.json
[snapshot] running defect (full corpus)
  $ python3 _structural_defect_audit.py --json /mnt/c/Users/Gavin/TeKura/FINAL_MODULE_DATA/CONVERTER_V2/outputs/_fastloop_baseline/defect.json

[snapshot] baseline complete -> /mnt/c/Users/Gavin/TeKura/FINAL_MODULE_DATA/CONVERTER_V2/outputs/_fastloop_baseline

BASELINE aggregates (paste these into the changelog round):
  skeleton SCAFFOLD mean %                  54.12
  skeleton pages >=50%                       1531
  skeleton pages >=75%                        254
  compare_structure exact chain             15131
  compare_structure EXTRA container           194
  compare_structure missing container         773
  body_compare ANY breakdown                  265
  defect structurally-clean %               98.32
  literal-[tag] leak (occ)                     75
  literal-[tag] leak (pages)                   46
  (context: sk_pages=2491  cs_matched=17624  body_pages=2736  df_total=2736  df_clean=2690)
