🟠 [ModuleResolver] Multiple module-code candidates found (AGH1003, PPO1033) — using AGH1003 from filename "AGH1003 Writers Template + Media List.docx".
AGH1003: built 0 dropDowns (all fell back)
AGH1005: built 0 dropDowns (all fell back)
🟠 [ModuleResolver] Multiple module-code candidates found (AGH1006, HTO1101) — using AGH1006 from filename "AGH1006 Writers Template + Media List.docx".
AGH1006: built 0 dropDowns (all fell back)
ANZH101: built 0 dropDowns (all fell back)
ANZH105: built 0 dropDowns (all fell back)
ARFUN01: built 0 dropDowns (all fell back)
ART1004: 1 dropDown group(s), 0 units [exact 0, copy-edit 0, dev-edit 0, defect 0]  ✓ every unit well-formed
BLL123: 2 dropDown group(s), 0 units [exact 0, copy-edit 0, dev-edit 0, defect 0]  ✓ every unit well-formed
BLL124: 3 dropDown group(s), 0 units [exact 0, copy-edit 0, dev-edit 0, defect 0]  ✓ every unit well-formed
BLL141: 2 dropDown group(s), 0 units [exact 0, copy-edit 0, dev-edit 0, defect 0]  ✓ every unit well-formed
BLL142: 1 dropDown group(s), 0 units [exact 0, copy-edit 0, dev-edit 0, defect 0]  ✓ every unit well-formed
BLL143: 3 dropDown group(s), 0 units [exact 0, copy-edit 0, dev-edit 0, defect 0]  ✓ every unit well-formed
BLL144: 1 dropDown group(s), 0 units [exact 0, copy-edit 0, dev-edit 0, defect 0]  ✓ every unit well-formed
BLL145: 1 dropDown group(s), 0 units [exact 0, copy-edit 0, dev-edit 0, defect 0]  ✓ every unit well-formed
BLL146: 1 dropDown group(s), 0 units [exact 0, copy-edit 0, dev-edit 0, defect 0]  ✓ every unit well-formed
BLL147: 3 dropDown group(s), 0 units [exact 0, copy-edit 0, dev-edit 0, defect 0]  ✓ every unit well-formed
BLL151: 1 dropDown group(s), 0 units [exact 0, copy-edit 0, dev-edit 0, defect 0]  ✓ every unit well-formed
BLL152: 1 dropDown group(s), 0 units [exact 0, copy-edit 0, dev-edit 0, defect 0]  ✓ every unit well-formed
BLL153: 3 dropDown group(s), 0 units [exact 0, copy-edit 0, dev-edit 0, defect 0]  ✓ every unit well-formed
BLL154: 3 dropDown group(s), 0 units [exact 0, copy-edit 0, dev-edit 0, defect 0]  ✓ every unit well-formed
BLL155: 2 dropDown group(s), 0 units [exact 0, copy-edit 0, dev-edit 0, defect 0]  ✓ every unit well-formed
BLL156: 1 dropDown group(s), 0 units [exact 0, copy-edit 0, dev-edit 0, defect 0]  ✓ every unit well-formed
BLL161: 1 dropDown group(s), 0 units [exact 0, copy-edit 0, dev-edit 0, defect 0]  ✓ every unit well-formed
BLL163: 4 dropDown group(s), 0 units [exact 0, copy-edit 0, dev-edit 0, defect 0]  ✓ every unit well-formed
BLL164: 3 dropDown group(s), 0 units [exact 0, copy-edit 0, dev-edit 0, defect 0]  ✓ every unit well-formed
BLL165: 4 dropDown group(s), 0 units [exact 0, copy-edit 0, dev-edit 0, defect 0]  ✓ every unit well-formed
BLL171: 1 dropDown group(s), 0 units [exact 0, copy-edit 0, dev-edit 0, defect 0]  ✓ every unit well-formed
BLL173: 2 dropDown group(s), 0 units [exact 0, copy-edit 0, dev-edit 0, defect 0]  ✓ every unit well-formed
BLL174: 1 dropDown group(s), 0 units [exact 0, copy-edit 0, dev-edit 0, defect 0]  ✓ every unit well-formed
BLL175: 3 dropDown group(s), 0 units [exact 0, copy-edit 0, dev-edit 0, defect 0]  ✓ every unit well-formed
BLL176: 3 dropDown group(s), 0 units [exact 0, copy-edit 0, dev-edit 0, defect 0]  ✓ every unit well-formed
🟠 [ModuleResolver] Multiple module-code candidates found (BLL212, BLL182) — using BLL212 from filename "BLL212 Writers Template + Media List.docx".
BLL212: 2 dropDown group(s), 0 units [exact 0, copy-edit 0, dev-edit 0, defect 0]  ✓ every unit well-formed
🟠 [ModuleResolver] Multiple module-code candidates found (BLL213, BLL183) — using BLL213 from filename "BLL213 Writers Template + Media List.docx".
BLL213: 1 dropDown group(s), 0 units [exact 0, copy-edit 0, dev-edit 0, defect 0]  ✓ every unit well-formed
🟠 [ModuleResolver] Multiple module-code candidates found (BLL214, BLL184) — using BLL214 from filename "BLL214 Writers Template + Media List.docx".
BLL214: 2 dropDown group(s), 0 units [exact 0, copy-edit 0, dev-edit 0, defect 0]  ✓ every unit well-formed
BLL221: built 0 dropDowns (all fell back)
BLL224: 1 dropDown group(s), 0 units [exact 0, copy-edit 0, dev-edit 0, defect 0]  ✓ every unit well-formed
BLL231: 1 dropDown group(s), 0 units [exact 0, copy-edit 0, dev-edit 0, defect 0]  ✓ every unit well-formed
BLL232: 1 dropDown group(s), 0 units [exact 0, copy-edit 0, dev-edit 0, defect 0]  ✓ every unit well-formed
BLL237: 1 dropDown group(s), 0 units [exact 0, copy-edit 0, dev-edit 0, defect 0]  ✓ every unit well-formed
BLL242: built 0 dropDowns (all fell back)
BLL245: built 0 dropDowns (all fell back)
🟢 [ModuleResolver] BLL261 is not in the registry members — inherited from its level BLL2 (sibling rule).
BLL261: 1 dropDown group(s), 0 units [exact 0, copy-edit 0, dev-edit 0, defect 0]  ✓ every unit well-formed
🟢 [ModuleResolver] BLL262 is not in the registry members — inherited from its level BLL2 (sibling rule).
BLL262: 3 dropDown group(s), 0 units [exact 0, copy-edit 0, dev-edit 0, defect 0]  ✓ every unit well-formed
🟢 [ModuleResolver] BLL263 is not in the registry members — inherited from its level BLL2 (sibling rule).
BLL263: 2 dropDown group(s), 0 units [exact 0, copy-edit 0, dev-edit 0, defect 0]  ✓ every unit well-formed
🟢 [ModuleResolver] BLL264 is not in the registry members — inherited from its level BLL2 (sibling rule).
BLL264: 3 dropDown group(s), 0 units [exact 0, copy-edit 0, dev-edit 0, defect 0]  ✓ every unit well-formed
🟢 [ModuleResolver] BLL265 is not in the registry members — inherited from its level BLL2 (sibling rule).
BLL265: 3 dropDown group(s), 0 units [exact 0, copy-edit 0, dev-edit 0, defect 0]  ✓ every unit well-formed
🟢 [ModuleResolver] BLL266 is not in the registry members — inherited from its level BLL2 (sibling rule).
BLL266: 1 dropDown group(s), 0 units [exact 0, copy-edit 0, dev-edit 0, defect 0]  ✓ every unit well-formed
🟢 [ModuleResolver] BLL273 is not in the registry members — inherited from its level BLL2 (sibling rule).
BLL273: 1 dropDown group(s), 13 units [exact 12, copy-edit 0, dev-edit 1, defect 0]  ✓ every unit well-formed
🟢 [ModuleResolver] BLL275 is not in the registry members — inherited from its level BLL2 (sibling rule).
BLL275: 1 dropDown group(s), 8 units [exact 8, copy-edit 0, dev-edit 0, defect 0]  ✓ every unit well-formed
🟢 [ModuleResolver] BLLR201 is not in the registry members — inherited from its level BLL2 (sibling rule).
BLLR201: 2 dropDown group(s), 16 units [exact 15, copy-edit 0, dev-edit 1, defect 0]  ✓ every unit well-formed
🟢 [ModuleResolver] CEDK401 is not in the registry members — inherited from its level CEDK4 (sibling rule).
CEDK401: built 0 dropDowns (all fell back)
CEDK501: built 0 dropDowns (all fell back)
CEDO202: built 0 dropDowns (all fell back)
CEDO501: built 0 dropDowns (all fell back)
🟢 [ModuleResolver] CEDR101 is not in the registry members — inherited from its level CEDR5 (sibling rule).
CEDR101: 7 dropDown group(s), 0 units [exact 0, copy-edit 0, dev-edit 0, defect 0]  ✓ every unit well-formed
CEDR201: built 0 dropDowns (all fell back)
CEDR301: built 0 dropDowns (all fell back)
CEDR302: built 0 dropDowns (all fell back)
🟢 [ModuleResolver] CEDR401 is not in the registry members — inherited from its level CEDR5 (sibling rule).
CEDR401: built 0 dropDowns (all fell back)
🟢 [ModuleResolver] 5 mined registry field(s) held the unknown literal "n/a" — kept the nearest real tier / library-wide default instead (universal-field fallback; env SKELDEFAULT_OFF reverts).
CEDT101: built 0 dropDowns (all fell back)
🟢 [ModuleResolver] CEDT102 is not in the registry members — inherited from its level CEDT1 (sibling rule).
🟢 [ModuleResolver] 5 mined registry field(s) held the unknown literal "n/a" — kept the nearest real tier / library-wide default instead (universal-field fallback; env SKELDEFAULT_OFF reverts).
CEDT102: built 0 dropDowns (all fell back)
🟢 [ModuleResolver] 5 mined registry field(s) held the unknown literal "n/a" — kept the nearest real tier / library-wide default instead (universal-field fallback; env SKELDEFAULT_OFF reverts).
CEDT104: 2 dropDown group(s), 0 units [exact 0, copy-edit 0, dev-edit 0, defect 0]  ✓ every unit well-formed
CEDT201: built 0 dropDowns (all fell back)
CEDT202: built 0 dropDowns (all fell back)
CEDT203: built 0 dropDowns (all fell back)
CEDT204: built 0 dropDowns (all fell back)
CEDT404: built 0 dropDowns (all fell back)
CEDT501: 1 dropDown group(s), 0 units [exact 0, copy-edit 0, dev-edit 0, defect 0]  ✓ every unit well-formed
🟢 [ModuleResolver] CEDW303 is not in the registry members — inherited from its level CEDW5 (sibling rule).
CEDW303: built 0 dropDowns (all fell back)
🟠 [ModuleResolver] Multiple module-code candidates found (CEDW501, MA000) — using CEDW501 from filename "CEDW501 Writers Template.docx".
CEDW501: 1 dropDown group(s), 0 units [exact 0, copy-edit 0, dev-edit 0, defect 0]  ✓ every unit well-formed
CHFUN01: built 0 dropDowns (all fell back)
CHFUN04: built 0 dropDowns (all fell back)
CHFUN05: built 0 dropDowns (all fell back)
ENFUN01: built 0 dropDowns (all fell back)
ENFUN02: built 0 dropDowns (all fell back)
ENFUN03: built 0 dropDowns (all fell back)
ENFUN04: built 0 dropDowns (all fell back)
ENFUN05: built 0 dropDowns (all fell back)
ENFUN07: built 0 dropDowns (all fell back)
ENFUN08: built 0 dropDowns (all fell back)
ENFUN09: built 0 dropDowns (all fell back)
🟠 [ModuleResolver] Multiple module-code candidates found (ENG1004, ENG1001) — using ENG1004 from filename "ENG1004 Writers Template + Media List.docx".
ENG1004: 3 dropDown group(s), 0 units [exact 0, copy-edit 0, dev-edit 0, defect 0]  ✓ every unit well-formed
🟠 [ModuleResolver] Multiple module-code candidates found (ENG1005, EN1001) — using ENG1005 from filename "ENG1005 Writers Template + Media List.docx".
ENG1005: 3 dropDown group(s), 0 units [exact 0, copy-edit 0, dev-edit 0, defect 0]  ✓ every unit well-formed
ENGC101: 1 dropDown group(s), 6 units [exact 6, copy-edit 0, dev-edit 0, defect 0]  ✓ every unit well-formed
🟠 [ModuleResolver] Multiple module-code candidates found (ENGC201, EN000) — using ENGC201 from filename "ENGC201 Writers Template + Media List.docx".
ENGC201: 1 dropDown group(s), 0 units [exact 0, copy-edit 0, dev-edit 0, defect 0]  ✓ every unit well-formed
🟠 [ModuleResolver] Multiple module-code candidates found (ENGC202, EN000) — using ENGC202 from filename "ENGC202 Writers Template + Media List.docx".
ENGC202: 1 dropDown group(s), 0 units [exact 0, copy-edit 0, dev-edit 0, defect 0]  ✓ every unit well-formed
🟠 [ModuleResolver] Multiple module-code candidates found (ENGC302, EN000) — using ENGC302 from filename "ENGC302 Writers Template + Media List.docx".
ENGC302: built 0 dropDowns (all fell back)
🟠 [ModuleResolver] Multiple module-code candidates found (ENGC401, EN000) — using ENGC401 from filename "ENGC401 Writers Template + Media List.docx".
ENGC401: 1 dropDown group(s), 0 units [exact 0, copy-edit 0, dev-edit 0, defect 0]  ✓ every unit well-formed
🟠 [ModuleResolver] Multiple module-code candidates found (ENGI101, ENGL101) — using ENGI101 from filename "ENGI101 Writers Template + Media List.docx".
ENGI101: built 0 dropDowns (all fell back)
ENGI102: 1 dropDown group(s), 0 units [exact 0, copy-edit 0, dev-edit 0, defect 0]  ✓ every unit well-formed
🟠 [ModuleResolver] Multiple module-code candidates found (ENGI103, EN000) — using ENGI103 from filename "ENGI103 Writers Template + Media List.docx".
🟢 [DocxExtractor] Single-cell page-layout table dissolved into 1 stacked blocks (a one-cell table holding an [Activity] is a box the writer drew, not widget data; round 313).
ENGI103: 1 dropDown group(s), 0 units [exact 0, copy-edit 0, dev-edit 0, defect 0]  ✓ every unit well-formed
ENGI202: built 0 dropDowns (all fell back)
🟠 [ModuleResolver] Multiple module-code candidates found (ENGI301, EN000) — using ENGI301 from filename "ENGI301 Writers Template + Media List.docx".
ENGI301: 1 dropDown group(s), 0 units [exact 0, copy-edit 0, dev-edit 0, defect 0]  ✓ every unit well-formed
🟠 [ModuleResolver] Multiple module-code candidates found (ENGI302, EN000) — using ENGI302 from filename "ENGI302 Writers Template + Media List.docx".
ENGI302: 1 dropDown group(s), 0 units [exact 0, copy-edit 0, dev-edit 0, defect 0]  ✓ every unit well-formed
🟠 [ModuleResolver] Multiple module-code candidates found (ENGI303, EN000) — using ENGI303 from filename "ENGI303 Writers Template + Media List.docx".
ENGI303: 3 dropDown group(s), 0 units [exact 0, copy-edit 0, dev-edit 0, defect 0]  ✓ every unit well-formed
🟠 [ModuleResolver] Multiple module-code candidates found (ENGI400, ENO509) — using ENGI400 from filename "ENGI400 Writers Template.docx".
🟢 [DocxExtractor] Single-cell page-layout table dissolved into 1 stacked blocks (a one-cell table holding an [Activity] is a box the writer drew, not widget data; round 313).
🟢 [DocxExtractor] Single-cell page-layout table dissolved into 1 stacked blocks (a one-cell table holding an [Activity] is a box the writer drew, not widget data; round 313).
ENGI400: 1 dropDown group(s), 0 units [exact 0, copy-edit 0, dev-edit 0, defect 0]  ✓ every unit well-formed
🟠 [ModuleResolver] Multiple module-code candidates found (ENGI401, EN000) — using ENGI401 from filename "ENGI401 Writers Template + Media List.docx".
ENGI401: built 0 dropDowns (all fell back)
ENGI405: 1 dropDown group(s), 0 units [exact 0, copy-edit 0, dev-edit 0, defect 0]  ✓ every unit well-formed
🟠 [ModuleResolver] Multiple module-code candidates found (ENGJ202, EN000) — using ENGJ202 from filename "ENGJ202 Writers Template + Media List.docx".
ENGJ202: 1 dropDown group(s), 0 units [exact 0, copy-edit 0, dev-edit 0, defect 0]  ✓ every unit well-formed
🟠 [ModuleResolver] Multiple module-code candidates found (ENGJ301, EN000) — using ENGJ301 from filename "ENGJ301 Writers Template + Media List.docx".
ENGJ301: 2 dropDown group(s), 13 units [exact 13, copy-edit 0, dev-edit 0, defect 0]  ✓ every unit well-formed
ENGJ302: 2 dropDown group(s), 0 units [exact 0, copy-edit 0, dev-edit 0, defect 0]  ✓ every unit well-formed
🟠 [ModuleResolver] Multiple module-code candidates found (ENGJ403, ENO500) — using ENGJ403 from filename "ENGJ403 Writers Template.docx".
🟢 [ModuleResolver] ENGJ403 is not in the registry members — inherited from its level ENGJ4 (sibling rule).
ENGJ403: 6 dropDown group(s), 0 units [exact 0, copy-edit 0, dev-edit 0, defect 0]  ✓ every unit well-formed
🟠 [ModuleResolver] Multiple module-code candidates found (ENGR101, EN000) — using ENGR101 from filename "ENGR101 Writers Template + Media List.docx".
ENGR101: built 0 dropDowns (all fell back)
🟠 [ModuleResolver] Multiple module-code candidates found (ENGR201, EN000) — using ENGR201 from filename "ENGR201 Writers Template + Media List.docx".
ENGR201: 1 dropDown group(s), 0 units [exact 0, copy-edit 0, dev-edit 0, defect 0]  ✓ every unit well-formed
ENGR202: 1 dropDown group(s), 0 units [exact 0, copy-edit 0, dev-edit 0, defect 0]  ✓ every unit well-formed
🟠 [ModuleResolver] Multiple module-code candidates found (ENGR301, EN000) — using ENGR301 from filename "ENGR301 Writers Template + Media List.docx".
ENGR301: built 0 dropDowns (all fell back)
ENGR302: 1 dropDown group(s), 11 units [exact 11, copy-edit 0, dev-edit 0, defect 0]  ✓ every unit well-formed
ENGS101: built 0 dropDowns (all fell back)
🟠 [ModuleResolver] Multiple module-code candidates found (ENGS102, EN000) — using ENGS102 from filename "ENGS102 Writers Template + Media List.docx".
ENGS102: 3 dropDown group(s), 0 units [exact 0, copy-edit 0, dev-edit 0, defect 0]  ✓ every unit well-formed
🟠 [ModuleResolver] Multiple module-code candidates found (ENGS201, EN000) — using ENGS201 from filename "ENGS201 Writers Template + Media List.docx".
ENGS201: 2 dropDown group(s), 0 units [exact 0, copy-edit 0, dev-edit 0, defect 0]  ✓ every unit well-formed
🟠 [ModuleResolver] Multiple module-code candidates found (ENGS202, EN000) — using ENGS202 from filename "ENGS202 Writers Template + Media List.docx".
ENGS202: built 0 dropDowns (all fell back)
🟠 [ModuleResolver] Multiple module-code candidates found (ENGS301, EN000) — using ENGS301 from filename "ENGS301 Writers Template + Media List.docx".
ENGS301: 1 dropDown group(s), 0 units [exact 0, copy-edit 0, dev-edit 0, defect 0]  ✓ every unit well-formed
ENGS302: built 0 dropDowns (all fell back)
🟠 [ModuleResolver] Multiple module-code candidates found (ENGS401, EN000) — using ENGS401 from filename "ENGS401 Writers Template + Media List.docx".
ENGS401: 1 dropDown group(s), 0 units [exact 0, copy-edit 0, dev-edit 0, defect 0]  ✓ every unit well-formed
🟠 [ModuleResolver] Multiple module-code candidates found (EXBP901, EXIP902) — using EXBP901 from filename "EXBP901 Writers Template + Media List.docx".
EXBP901: built 0 dropDowns (all fell back)
EXIP901: 1 dropDown group(s), 0 units [exact 0, copy-edit 0, dev-edit 0, defect 0]  ✓ every unit well-formed
HES1006: 1 dropDown group(s), 10 units [exact 0, copy-edit 0, dev-edit 10, defect 0]  ✓ every unit well-formed
🟠 [ModuleResolver] Multiple module-code candidates found (HIS1002, HS1002) — using HIS1002 from filename "HIS1002 Writers Template + Media List.docx".
HIS1002: built 0 dropDowns (all fell back)
HIS1006: built 0 dropDowns (all fell back)
🟠 [ModuleResolver] Multiple module-code candidates found (HIS1008, HIS1000) — using HIS1008 from filename "HIS1008 Writers Template + Media List.docx".
HIS1008: built 0 dropDowns (all fell back)
HPFUN103: built 0 dropDowns (all fell back)
HPFUN403: built 0 dropDowns (all fell back)
🟠 [ModuleResolver] HPRE203: no registry entry and no majority ruleset found — using global defaults. Check the code, or add the series to the registry.
HPRE203: 1 dropDown group(s), 0 units [exact 0, copy-edit 0, dev-edit 0, defect 0]  ✓ every unit well-formed
🟠 [ModuleResolver] HPRE301: no registry entry and no majority ruleset found — using global defaults. Check the code, or add the series to the registry.
HPRE301: 3 dropDown group(s), 0 units [exact 0, copy-edit 0, dev-edit 0, defect 0]  ✓ every unit well-formed
MXDB102: built 0 dropDowns (all fell back)
MXDB202: built 0 dropDowns (all fell back)
🟠 [ModuleResolver] Multiple module-code candidates found (MXDB302, MXO421) — using MXDB302 from filename "MXDB302 Writers Template + Media List.docx".
MXDB302: 1 dropDown group(s), 7 units [exact 5, copy-edit 0, dev-edit 2, defect 0]  ✓ every unit well-formed
MXDI103: built 0 dropDowns (all fell back)
🟠 [ModuleResolver] Multiple module-code candidates found (MXEO301, MXO332) — using MXEO301 from filename "MXEO301 Writers Template + Media List.docx".
MXEO301: built 0 dropDowns (all fell back)
MXEX202: built 0 dropDowns (all fell back)
MXFL202: built 0 dropDowns (all fell back)
MXFL301: 2 dropDown group(s), 19 units [exact 18, copy-edit 0, dev-edit 1, defect 0]  ✓ every unit well-formed
MXFL302: 2 dropDown group(s), 18 units [exact 8, copy-edit 0, dev-edit 10, defect 0]  ✓ every unit well-formed
MXFU301: 2 dropDown group(s), 20 units [exact 12, copy-edit 1, dev-edit 7, defect 0]  ✓ every unit well-formed
MXFU402: 1 dropDown group(s), 0 units [exact 0, copy-edit 0, dev-edit 0, defect 0]  ✓ every unit well-formed
OSAH301: built 0 dropDowns (all fell back)
OSAH401: 1 dropDown group(s), 4 units [exact 4, copy-edit 0, dev-edit 0, defect 0]  ✓ every unit well-formed
OSAH501: built 0 dropDowns (all fell back)
OSAI101: built 0 dropDowns (all fell back)
OSAI201: built 0 dropDowns (all fell back)
OSAI301: built 0 dropDowns (all fell back)
OSAI401: built 0 dropDowns (all fell back)
OSAI501: built 0 dropDowns (all fell back)
OSGM201: built 0 dropDowns (all fell back)
OSGM301: built 0 dropDowns (all fell back)
OSGM501: built 0 dropDowns (all fell back)
OSOH101: built 0 dropDowns (all fell back)
OSOH401: 1 dropDown group(s), 5 units [exact 5, copy-edit 0, dev-edit 0, defect 0]  ✓ every unit well-formed
OSSC301: built 0 dropDowns (all fell back)
OSSC401: built 0 dropDowns (all fell back)
OSSM301: built 0 dropDowns (all fell back)
OSSM401: 1 dropDown group(s), 5 units [exact 5, copy-edit 0, dev-edit 0, defect 0]  ✓ every unit well-formed
PES1002: built 0 dropDowns (all fell back)
PES1005: built 0 dropDowns (all fell back)
PES1008: built 0 dropDowns (all fell back)
PHE1001: built 0 dropDowns (all fell back)
PHE1003: built 0 dropDowns (all fell back)
PHE1005: built 0 dropDowns (all fell back)
🟠 [ModuleResolver] Multiple module-code candidates found (PHE1007, PEO1042) — using PHE1007 from filename "PHE1007 Writers Template + Media List.docx".
PHE1007: 1 dropDown group(s), 6 units [exact 0, copy-edit 0, dev-edit 6, defect 0]  ✓ every unit well-formed
PHE1008: built 0 dropDowns (all fell back)
🟢 [DocxExtractor] Content opened at the [Content for DROP DOWN MENU] marker — the MTK drop-down-menu bilingual template (its overview lives before the first [LESSON N CONTENT]).
PNR101: built 0 dropDowns (all fell back)
🟢 [DocxExtractor] Content opened at the [Content for DROP DOWN MENU] marker — the MTK drop-down-menu bilingual template (its overview lives before the first [LESSON N CONTENT]).
PNR102: built 0 dropDowns (all fell back)
🟢 [DocxExtractor] Content opened at the [Content for DROP DOWN MENU] marker — the MTK drop-down-menu bilingual template (its overview lives before the first [LESSON N CONTENT]).
PNR104: built 0 dropDowns (all fell back)
🟢 [ModuleResolver] 5 mined registry field(s) held the unknown literal "n/a" — kept the nearest real tier / library-wide default instead (universal-field fallback; env SKELDEFAULT_OFF reverts).
SCCH301: 3 dropDown group(s), 28 units [exact 28, copy-edit 0, dev-edit 0, defect 0]  ✓ every unit well-formed
🟠 [ModuleResolver] SCPH301: no registry entry and no majority ruleset found — using global defaults. Check the code, or add the series to the registry.
SCPH301: built 0 dropDowns (all fell back)
🟢 [ModuleResolver] SSCI104 is not in the registry members — inherited from its level SSCI3 (sibling rule).
SSCI104: 3 dropDown group(s), 0 units [exact 0, copy-edit 0, dev-edit 0, defect 0]  ✓ every unit well-formed
🟢 [ModuleResolver] SSCI205 is not in the registry members — inherited from its level SSCI3 (sibling rule).
SSCI205: 1 dropDown group(s), 0 units [exact 0, copy-edit 0, dev-edit 0, defect 0]  ✓ every unit well-formed
🟠 [ModuleResolver] SSEA203: no registry entry and no majority ruleset found — using global defaults. Check the code, or add the series to the registry.
SSEA203: 1 dropDown group(s), 0 units [exact 0, copy-edit 0, dev-edit 0, defect 0]  ✓ every unit well-formed
SSOG103: 1 dropDown group(s), 0 units [exact 0, copy-edit 0, dev-edit 0, defect 0]  ✓ every unit well-formed
🟢 [ModuleResolver] SSOG105 is not in the registry members — inherited from its level SSOG1 (sibling rule).
SSOG105: 1 dropDown group(s), 0 units [exact 0, copy-edit 0, dev-edit 0, defect 0]  ✓ every unit well-formed
🟠 [ModuleResolver] Multiple module-code candidates found (SSOG301, SSSO301) — using SSOG301 from filename "SSOG301 Writers Template + Media List.docx".
SSOG301: built 0 dropDowns (all fell back)
🟠 [ModuleResolver] TEDC401: no registry entry and no majority ruleset found — using global defaults. Check the code, or add the series to the registry.
TEDC401: 1 dropDown group(s), 0 units [exact 0, copy-edit 0, dev-edit 0, defect 0]  ✓ every unit well-formed
🟠 [ModuleResolver] TEDC402: no registry entry and no majority ruleset found — using global defaults. Check the code, or add the series to the registry.
🟢 [DocxExtractor] Page-layout table dissolved into 2 stacked blocks (an [Activity] and a [speech bubble] shared one table — the finished page stacks them; round 306).
🟢 [DocxExtractor] Single-cell page-layout table dissolved into 1 stacked blocks (a one-cell table holding an [Activity] is a box the writer drew, not widget data; round 313).
🟢 [DocxExtractor] Page-layout table dissolved into 12 stacked blocks (an [Activity] and a [speech bubble] shared one table — the finished page stacks them; round 306).
🟢 [DocxExtractor] Page-layout table dissolved into 4 stacked blocks (an [Activity] and a [speech bubble] shared one table — the finished page stacks them; round 306).
🟢 [DocxExtractor] Page-layout table dissolved into 2 stacked blocks (an [Activity] and a [speech bubble] shared one table — the finished page stacks them; round 306).
🟢 [DocxExtractor] Page-layout table dissolved into 2 stacked blocks (an [Activity] and a [speech bubble] shared one table — the finished page stacks them; round 306).
🟢 [DocxExtractor] Page-layout table dissolved into 14 stacked blocks (an [Activity] and a [speech bubble] shared one table — the finished page stacks them; round 306).
🟢 [DocxExtractor] Page-layout table dissolved into 2 stacked blocks (an [Activity] and a [speech bubble] shared one table — the finished page stacks them; round 306).
🟢 [DocxExtractor] Page-layout table dissolved into 2 stacked blocks (an [Activity] and a [speech bubble] shared one table — the finished page stacks them; round 306).
🟢 [DocxExtractor] Page-layout table dissolved into 2 stacked blocks (an [Activity] and a [speech bubble] shared one table — the finished page stacks them; round 306).
🟢 [DocxExtractor] Page-layout table dissolved into 4 stacked blocks (an [Activity] and a [speech bubble] shared one table — the finished page stacks them; round 306).
🟢 [DocxExtractor] Page-layout table dissolved into 2 stacked blocks (an [Activity] and a [speech bubble] shared one table — the finished page stacks them; round 306).
🟢 [DocxExtractor] Page-layout table dissolved into 2 stacked blocks (an [Activity] and a [speech bubble] shared one table — the finished page stacks them; round 306).
TEDC402: 1 dropDown group(s), 0 units [exact 0, copy-edit 0, dev-edit 0, defect 0]  ✓ every unit well-formed
TEFUN05: built 0 dropDowns (all fell back)
TEFUN06: built 0 dropDowns (all fell back)
TEFUN08: built 0 dropDowns (all fell back)
TRR102: built 0 dropDowns (all fell back)
TRR103: built 0 dropDowns (all fell back)
🟠 [ModuleResolver] Multiple module-code candidates found (TRR106, TRR101) — using TRR106 from filename "TRR106 Writers Template.docx".
TRR106: built 0 dropDowns (all fell back)
🟠 [DocxExtractor] No [TITLE BAR]/[Fundamental content] opener — content started at the first structural tag instead; check the first page for stray front-matter.
TRR107: built 0 dropDowns (all fell back)
🟠 [DocxExtractor] No [TITLE BAR]/[Fundamental content] opener — content started at the first structural tag instead; check the first page for stray front-matter.
TRR108: built 0 dropDowns (all fell back)
🟢 [ModuleResolver] TRR109 is not in the registry members — inherited from its level TRR1 (sibling rule).
TRR109: built 0 dropDowns (all fell back)
🟢 [ModuleResolver] TRR110 is not in the registry members — inherited from its level TRR1 (sibling rule).
TRR110: built 0 dropDowns (all fell back)
TRR111: built 0 dropDowns (all fell back)
🟠 [DocxExtractor] No [TITLE BAR]/[Fundamental content] opener — content started at the first structural tag instead; check the first page for stray front-matter.
TRR112: built 0 dropDowns (all fell back)
🟠 [DocxExtractor] No [TITLE BAR]/[Fundamental content] opener — content started at the first structural tag instead; check the first page for stray front-matter.
TRR113: built 0 dropDowns (all fell back)
🟠 [DocxExtractor] No [TITLE BAR]/[Fundamental content] opener — content started at the first structural tag instead; check the first page for stray front-matter.
TRR114: built 0 dropDowns (all fell back)
🟢 [ModuleResolver] TRR203 is not in the registry members — inherited from its level TRR1 (sibling rule).
🟢 [DocxExtractor] Content opened at the [Content for DROP DOWN MENU] marker — the MTK drop-down-menu bilingual template (its overview lives before the first [LESSON N CONTENT]).
TRR203: built 0 dropDowns (all fell back)
🟢 [ModuleResolver] TRR301 is not in the registry members — inherited from its level TRR1 (sibling rule).
🟢 [DocxExtractor] Content opened at the [Content for DROP DOWN MENU] marker — the MTK drop-down-menu bilingual template (its overview lives before the first [LESSON N CONTENT]).
TRR301: built 0 dropDowns (all fell back)
🟢 [ModuleResolver] TRR304 is not in the registry members — inherited from its level TRR1 (sibling rule).
TRR304: built 0 dropDowns (all fell back)
TWHA902: built 0 dropDowns (all fell back)
🟢 [ModuleResolver] TWHK902 is not in the registry members — inherited from its level TWHK9 (sibling rule).
TWHK902: built 0 dropDowns (all fell back)
TWHK903: built 0 dropDowns (all fell back)
🟢 [ModuleResolver] TWHR907 is not in the registry members — inherited from its level TWHR9 (sibling rule).
TWHR907: built 0 dropDowns (all fell back)
🟢 [ModuleResolver] TWHT903 is not in the registry members — inherited from its level TWHT9 (sibling rule).
TWHT903: built 0 dropDowns (all fell back)
XDLS501: 17 dropDown group(s), 0 units [exact 0, copy-edit 0, dev-edit 0, defect 0]  ✓ every unit well-formed
XDLS901: 9 dropDown group(s), 0 units [exact 0, copy-edit 0, dev-edit 0, defect 0]  ✓ every unit well-formed
XDLS912: 7 dropDown group(s), 0 units [exact 0, copy-edit 0, dev-edit 0, defect 0]  ✓ every unit well-formed
XGF9001: 2 dropDown group(s), 0 units [exact 0, copy-edit 0, dev-edit 0, defect 0]  ✓ every unit well-formed
XGF9003: built 0 dropDowns (all fell back)
XGF9004: 4 dropDown group(s), 0 units [exact 0, copy-edit 0, dev-edit 0, defect 0]  ✓ every unit well-formed
XLP01: built 0 dropDowns (all fell back)
XLP02: 1 dropDown group(s), 16 units [exact 0, copy-edit 0, dev-edit 16, defect 0]  ✓ every unit well-formed
🟠 [ModuleResolver] Multiple module-code candidates found (XLP04, XFUN03) — using XLP04 from filename "XLP04 Writers Template.docx".
XLP04: built 0 dropDowns (all fell back)
XMES101: 9 dropDown group(s), 0 units [exact 0, copy-edit 0, dev-edit 0, defect 0]  ✓ every unit well-formed
XMES103: 9 dropDown group(s), 0 units [exact 0, copy-edit 0, dev-edit 0, defect 0]  ✓ every unit well-formed
XMES201: 9 dropDown group(s), 0 units [exact 0, copy-edit 0, dev-edit 0, defect 0]  ✓ every unit well-formed
🟢 [ModuleResolver] XMES202 is not in the registry members — inherited from its level XMES2 (sibling rule).
XMES202: 18 dropDown group(s), 0 units [exact 0, copy-edit 0, dev-edit 0, defect 0]  ✓ every unit well-formed
XMES203: 16 dropDown group(s), 0 units [exact 0, copy-edit 0, dev-edit 0, defect 0]  ✓ every unit well-formed
XTAS101: 9 dropDown group(s), 0 units [exact 0, copy-edit 0, dev-edit 0, defect 0]  ✓ every unit well-formed
XTAS102: 15 dropDown group(s), 0 units [exact 0, copy-edit 0, dev-edit 0, defect 0]  ✓ every unit well-formed
XTAS103: 12 dropDown group(s), 0 units [exact 0, copy-edit 0, dev-edit 0, defect 0]  ✓ every unit well-formed

TOTAL: 295 dropDown group(s) across 104 module(s), 205 units; exact 150, copy-edit 1, dev-edit 54, defect 0.
RESULT: every built dropDown unit is well-formed ✓
