ANZH404: built 0 tab-texts [exact 0, copy-edit 0, defect 0] no builds
🟠 [ModuleResolver] Multiple module-code candidates found (HIS1001, HS1001) — using HIS1001 from filename "HIS1001 Writers Template.docx".
HIS1001: built 0 tab-texts [exact 0, copy-edit 0, defect 0] no builds
🟠 [ModuleResolver] Multiple module-code candidates found (HIS1002, HS1002) — using HIS1002 from filename "HIS1002 Writers Template + Media List.docx".
HIS1002: built 0 tab-texts [exact 0, copy-edit 0, defect 0] no builds
HIS1005: built 0 tab-texts [exact 0, copy-edit 0, defect 0] no builds
HIS1006: built 0 tab-texts [exact 0, copy-edit 0, defect 0] no builds
🟠 [ModuleResolver] Multiple module-code candidates found (HIS1007, HIS1000) — using HIS1007 from filename "HIS1007 Writers Template.docx".
HIS1007: built 0 tab-texts [exact 0, copy-edit 0, defect 0] no builds
🟠 [ModuleResolver] Multiple module-code candidates found (HIS1008, HIS1000) — using HIS1008 from filename "HIS1008 Writers Template + Media List.docx".
HIS1008: built 0 tab-texts [exact 0, copy-edit 0, defect 0] no builds
HPFUN303: built 0 tab-texts [exact 0, copy-edit 0, defect 0] no builds
MXEO401: built 0 tab-texts [exact 0, copy-edit 0, defect 0] no builds
🟠 [ModuleResolver] Multiple module-code candidates found (MXEX401, MXO421) — using MXEX401 from filename "MXEX401 Writers Template + Media List.docx".
MXEX401: built 0 tab-texts [exact 0, copy-edit 0, defect 0] no builds
🟠 [ModuleResolver] Multiple module-code candidates found (MXFU401, MX000) — using MXFU401 from filename "MXFU401 Writers Template + Media List.docx".
MXFU401: built 0 tab-texts [exact 0, copy-edit 0, defect 0] no builds
TWHA905: built 0 tab-texts [exact 0, copy-edit 0, defect 0] no builds
TWHK903: built 0 tab-texts [exact 0, copy-edit 0, defect 0] no builds
XGF9006: built 6 tab-texts [exact 6, copy-edit 0, defect 0] OK ✓

TOTAL 6: exact 6, copy-edit 0, defect 0, divergence 0.
RESULT: every built tab matches a human tab (exact or copy-edit), modulo developer divergences ✓
