🟠 [ModuleResolver] Multiple module-code candidates found (AGH1003, PPO1033) — using AGH1003 from filename "AGH1003 Writers Template + Media List.docx".
AGH1003: built 0 panels [exact 0, copy-edit 0, dev-edit 0, defect 0] | human 14 | no builds
AGH1004: built 0 panels [exact 0, copy-edit 0, dev-edit 0, defect 0] | human 9 | no builds
AGH1007: built 0 panels [exact 0, copy-edit 0, dev-edit 0, defect 0] | human 1 | no builds
🟠 [ModuleResolver] Multiple module-code candidates found (AGH1009, PPO1051) — using AGH1009 from filename "AGH1009 Writers Template + Media List.docx".
AGH1009: built 9 panels [exact 1, copy-edit 3, dev-edit 5, defect 0] | human 41 | ✓ exact/copy-edit/dev-edit only
   dev-restructured: Bulbs
   dev-restructured: Precision fertilisers
   dev-diverged: Tree planting
   dev-restructured: Animal feed – amounts and types
   dev-restructured: Integrated pest management
ANZH303: built 0 panels [exact 0, copy-edit 0, dev-edit 0, defect 0] | human 3 | no builds
🟠 [ModuleResolver] Multiple module-code candidates found (ANZH401, SSO303) — using ANZH401 from filename "ANZH401 Writers Template + Media List.docx".
ANZH401: built 0 panels [exact 0, copy-edit 0, dev-edit 0, defect 0] | human 13 | no builds
ANZH404: built 0 panels [exact 0, copy-edit 0, dev-edit 0, defect 0] | human 4 | no builds
BLL234: built 1 panels [exact 1, copy-edit 0, dev-edit 0, defect 0] | human 2 | ✓ exact/copy-edit/dev-edit only
CEDK102: built 0 panels [exact 0, copy-edit 0, dev-edit 0, defect 0] | human 12 | no builds
CEDK501: built 0 panels [exact 0, copy-edit 0, dev-edit 0, defect 0] | human 6 | no builds
🟢 [ModuleResolver] CEDO102 is a recorded page_model exception — using single-file.
CEDO102: built 4 panels [exact 3, copy-edit 1, dev-edit 0, defect 0] | human 5 | ✓ exact/copy-edit/dev-edit only
CEDO301: built 0 panels [exact 0, copy-edit 0, dev-edit 0, defect 0] | human 1 | no builds
CEDO501: built 6 panels [exact 2, copy-edit 4, dev-edit 0, defect 0] | human 18 | ✓ exact/copy-edit/dev-edit only
CEDR501: built 1 panels [exact 0, copy-edit 1, dev-edit 0, defect 0] | human 25 | ✓ exact/copy-edit/dev-edit only
🟢 [ModuleResolver] 5 mined registry field(s) held the unknown literal "n/a" — kept the nearest real tier / library-wide default instead (universal-field fallback; env SKELDEFAULT_OFF reverts).
CEDT104: built 0 panels [exact 0, copy-edit 0, dev-edit 0, defect 0] | human 13 | no builds
ENFUN02: built 3 panels [exact 3, copy-edit 0, dev-edit 0, defect 0] | human 4 | ✓ exact/copy-edit/dev-edit only
ENFUN04: built 4 panels [exact 0, copy-edit 0, dev-edit 4, defect 0] | human 4 | ✓ exact/copy-edit/dev-edit only
   dev-diverged: Nouns
   dev-diverged: Verbs
   dev-diverged: Adjectives
   dev-diverged: Adverbs
ENFUN05: built 0 panels [exact 0, copy-edit 0, dev-edit 0, defect 0] | human 7 | no builds
🟠 [ModuleResolver] Multiple module-code candidates found (ENGC202, EN000) — using ENGC202 from filename "ENGC202 Writers Template + Media List.docx".
ENGC202: built 0 panels [exact 0, copy-edit 0, dev-edit 0, defect 0] | human 4 | no builds
🟠 [ModuleResolver] Multiple module-code candidates found (ENGI303, EN000) — using ENGI303 from filename "ENGI303 Writers Template + Media List.docx".
ENGI303: built 6 panels [exact 2, copy-edit 4, dev-edit 0, defect 0] | human 7 | ✓ exact/copy-edit/dev-edit only
🟠 [ModuleResolver] Multiple module-code candidates found (ENGI400, ENO509) — using ENGI400 from filename "ENGI400 Writers Template.docx".
🟢 [DocxExtractor] Single-cell page-layout table dissolved into 1 stacked blocks (a one-cell table holding an [Activity] is a box the writer drew, not widget data; round 313).
🟢 [DocxExtractor] Single-cell page-layout table dissolved into 1 stacked blocks (a one-cell table holding an [Activity] is a box the writer drew, not widget data; round 313).
ENGI400: built 0 panels [exact 0, copy-edit 0, dev-edit 0, defect 0] | human 2 | no builds
🟠 [ModuleResolver] Multiple module-code candidates found (ENGI401, EN000) — using ENGI401 from filename "ENGI401 Writers Template + Media List.docx".
ENGI401: built 0 panels [exact 0, copy-edit 0, dev-edit 0, defect 0] | human 1 | no builds
🟠 [ModuleResolver] Multiple module-code candidates found (ENGR201, EN000) — using ENGR201 from filename "ENGR201 Writers Template + Media List.docx".
ENGR201: built 3 panels [exact 3, copy-edit 0, dev-edit 0, defect 0] | human 5 | ✓ exact/copy-edit/dev-edit only
ENGS101: built 1 panels [exact 0, copy-edit 1, dev-edit 0, defect 0] | human 20 | ✓ exact/copy-edit/dev-edit only
🟠 [ModuleResolver] Multiple module-code candidates found (ENGS301, EN000) — using ENGS301 from filename "ENGS301 Writers Template + Media List.docx".
ENGS301: built 0 panels [exact 0, copy-edit 0, dev-edit 0, defect 0] | human 9 | no builds
HES1007: built 4 panels [exact 0, copy-edit 1, dev-edit 3, defect 0] | human 24 | ✓ exact/copy-edit/dev-edit only
   dev-restructured: Personal factors:
   dev-restructured: Interpersonal factors:
   dev-restructured: Societal factors:
🟠 [ModuleResolver] Multiple module-code candidates found (HIS1001, HS1001) — using HIS1001 from filename "HIS1001 Writers Template.docx".
HIS1001: built 0 panels [exact 0, copy-edit 0, dev-edit 0, defect 0] | human 9 | no builds
🟠 [ModuleResolver] Multiple module-code candidates found (HIS1002, HS1002) — using HIS1002 from filename "HIS1002 Writers Template + Media List.docx".
HIS1002: built 0 panels [exact 0, copy-edit 0, dev-edit 0, defect 0] | human 9 | no builds
HIS1003: built 0 panels [exact 0, copy-edit 0, dev-edit 0, defect 0] | human 2 | no builds
HIS1005: built 1 panels [exact 0, copy-edit 0, dev-edit 1, defect 0] | human 9 | ✓ exact/copy-edit/dev-edit only
   dev-diverged: Was it Slavery?
HIS1006: built 4 panels [exact 0, copy-edit 0, dev-edit 4, defect 0] | human 1 | ✓ exact/copy-edit/dev-edit only
   dev-diverged: Little Rock Paragraphs.docx
   dev-diverged: Source A – Police Report
   dev-diverged: Source B – Boycott Leaflet
   dev-diverged: Source C – Interview with a Black Women
🟠 [ModuleResolver] Multiple module-code candidates found (HIS1007, HIS1000) — using HIS1007 from filename "HIS1007 Writers Template.docx".
HIS1007: built 0 panels [exact 0, copy-edit 0, dev-edit 0, defect 0] | human 5 | no builds
🟠 [ModuleResolver] Multiple module-code candidates found (HIS1008, HIS1000) — using HIS1008 from filename "HIS1008 Writers Template + Media List.docx".
HIS1008: built 4 panels [exact 0, copy-edit 0, dev-edit 4, defect 0] | human 6 | ✓ exact/copy-edit/dev-edit only
   dev-diverged: Little Rock Paragraphs.docx
   dev-restructured: Source A – Police report
   dev-diverged: Source B – Boycott leaflet
   dev-diverged: Source C – Interview with a black women
HPFUN303: built 0 panels [exact 0, copy-edit 0, dev-edit 0, defect 0] | human 1 | no builds
🟠 [ModuleResolver] HPRE203: no registry entry and no majority ruleset found — using global defaults. Check the code, or add the series to the registry.
HPRE203: built 0 panels [exact 0, copy-edit 0, dev-edit 0, defect 0] | human 1 | no builds
MXDB202: built 0 panels [exact 0, copy-edit 0, dev-edit 0, defect 0] | human 5 | no builds
MXDI201: built 0 panels [exact 0, copy-edit 0, dev-edit 0, defect 0] | human 1 | no builds
MXDI202: built 3 panels [exact 0, copy-edit 0, dev-edit 3, defect 0] | human 2 | ✓ exact/copy-edit/dev-edit only
   dev-diverged: 1
   dev-diverged: 2
   dev-diverged: 3
MXDI301: built 0 panels [exact 0, copy-edit 0, dev-edit 0, defect 0] | human 1 | no builds
MXEO201: built 0 panels [exact 0, copy-edit 0, dev-edit 0, defect 0] | human 1 | no builds
MXEO401: built 0 panels [exact 0, copy-edit 0, dev-edit 0, defect 0] | human 4 | no builds
MXEX201: built 0 panels [exact 0, copy-edit 0, dev-edit 0, defect 0] | human 1 | no builds
MXEX302: built 0 panels [exact 0, copy-edit 0, dev-edit 0, defect 0] | human 1 | no builds
🟠 [ModuleResolver] Multiple module-code candidates found (MXEX401, MXO421) — using MXEX401 from filename "MXEX401 Writers Template + Media List.docx".
MXEX401: built 0 panels [exact 0, copy-edit 0, dev-edit 0, defect 0] | human 9 | no builds
MXFL203: built 0 panels [exact 0, copy-edit 0, dev-edit 0, defect 0] | human 2 | no builds
MXFL401: built 0 panels [exact 0, copy-edit 0, dev-edit 0, defect 0] | human 9 | no builds
🟠 [ModuleResolver] Multiple module-code candidates found (MXFU401, MX000) — using MXFU401 from filename "MXFU401 Writers Template + Media List.docx".
MXFU401: built 1 panels [exact 0, copy-edit 0, dev-edit 1, defect 0] | human 18 | ✓ exact/copy-edit/dev-edit only
   dev-restructured: Watch the following videos to see 8 different equations solved using a
MXFU402: built 0 panels [exact 0, copy-edit 0, dev-edit 0, defect 0] | human 1 | no builds
🟢 [ModuleResolver] MXFUN01 is a recorded page_model exception — using multi-file.
MXFUN01: built 0 panels [exact 0, copy-edit 0, dev-edit 0, defect 0] | human 10 | no builds
OSOH401: built 0 panels [exact 0, copy-edit 0, dev-edit 0, defect 0] | human 1 | no builds
PES1001: built 0 panels [exact 0, copy-edit 0, dev-edit 0, defect 0] | human 11 | no builds
🟢 [ModuleResolver] SSCI205 is not in the registry members — inherited from its level SSCI3 (sibling rule).
SSCI205: built 0 panels [exact 0, copy-edit 0, dev-edit 0, defect 0] | human 1 | no builds
SSOG103: built 0 panels [exact 0, copy-edit 0, dev-edit 0, defect 0] | human 4 | no builds
🟠 [ModuleResolver] Multiple module-code candidates found (SSOG301, SSSO301) — using SSOG301 from filename "SSOG301 Writers Template + Media List.docx".
SSOG301: built 0 panels [exact 0, copy-edit 0, dev-edit 0, defect 0] | human 1 | no builds
TWHA905: built 0 panels [exact 0, copy-edit 0, dev-edit 0, defect 0] | human 5 | no builds
🟠 [ModuleResolver] Multiple module-code candidates found (TWHA906, TWHO903) — using TWHA906 from filename "TWHA906 Writers Template.docx".
TWHA906: built 0 panels [exact 0, copy-edit 0, dev-edit 0, defect 0] | human 7 | no builds
TWHK901: built 0 panels [exact 0, copy-edit 0, dev-edit 0, defect 0] | human 1 | no builds
TWHK903: built 0 panels [exact 0, copy-edit 0, dev-edit 0, defect 0] | human 1 | no builds
XDLS902: built 15 panels [exact 0, copy-edit 3, dev-edit 12, defect 0] | human 23 | ✓ exact/copy-edit/dev-edit only
   dev-restructured: Move
   dev-restructured: Slowly increase the amount of exercise you do
   dev-restructured: Find a reason to exercise regularly
   dev-restructured: Yummy Kai
   dev-restructured: Avoid highly processed foods.
   dev-restructured: Eat the rainbow
   dev-restructured: Sleep to stay well
   dev-restructured: Sleep and safety
   dev-rewrote: Introduction
   dev-restructured: Worksafe
   dev-restructured: Akakoa pēhea tō kōrero kia haumaru tonu: Speak up, be safe
   dev-restructured: Practice speaking up.
XDLS912: built 0 panels [exact 0, copy-edit 0, dev-edit 0, defect 0] | human 2 | no builds
XGF9001: built 48 panels [exact 12, copy-edit 30, dev-edit 6, defect 0] | human 79 | ✓ exact/copy-edit/dev-edit only
   dev-restructured: Te ao Māori.
   dev-restructured: Pasifika cultures.
   dev-restructured: Step 1 Track your energy levels
   dev-restructured: Step 2 Record your observations
   dev-restructured: Step 3 Reflect on your learning energy
   dev-restructured: Start your map:
🟢 [ModuleResolver] XGF9002 is not in the registry members — inherited from its level XGF9 (sibling rule).
XGF9002: built 6 panels [exact 4, copy-edit 2, dev-edit 0, defect 0] | human 24 | ✓ exact/copy-edit/dev-edit only
XGF9003: built 18 panels [exact 7, copy-edit 2, dev-edit 9, defect 0] | human 35 | ✓ exact/copy-edit/dev-edit only
   dev-restructured: Take a photo
   dev-restructured: Set the scene
   dev-restructured: Clear the space
   dev-restructured: Sort items
   dev-restructured: Clean
   dev-restructured: Organise
   dev-restructured: Dispose of unwanted items
   dev-restructured: Reflect and maintain
   dev-restructured: Materials needed
XGF9004: built 2 panels [exact 0, copy-edit 0, dev-edit 2, defect 0] | human 35 | ✓ exact/copy-edit/dev-edit only
   dev-diverged: 1. I grow on trees.
   dev-diverged: 5. Doctors say I keep you healthy.
XGF9006: built 4 panels [exact 1, copy-edit 3, dev-edit 0, defect 0] | human 25 | ✓ exact/copy-edit/dev-edit only
🟠 [ModuleResolver] Multiple module-code candidates found (XLP03, XFUN03) — using XLP03 from filename "XLP03 Writers Template.docx".
XLP03: built 6 panels [exact 0, copy-edit 0, dev-edit 6, defect 0] | human 9 | ✓ exact/copy-edit/dev-edit only
   dev-diverged: Special need
   dev-diverged: Autism
   dev-diverged: ADHD
   dev-diverged: Visual
   dev-diverged: Hearing
   dev-diverged: Intellectual
🟠 [ModuleResolver] Multiple module-code candidates found (XLP05, XFUN09) — using XLP05 from filename "XLP05 Writers Template + Media List.docx".
XLP05: built 3 panels [exact 2, copy-edit 1, dev-edit 0, defect 0] | human 17 | ✓ exact/copy-edit/dev-edit only
XMES102: built 0 panels [exact 0, copy-edit 0, dev-edit 0, defect 0] | human 2 | no builds
XMES103: built 2 panels [exact 0, copy-edit 2, dev-edit 0, defect 0] | human 6 | ✓ exact/copy-edit/dev-edit only
XMES201: built 2 panels [exact 1, copy-edit 0, dev-edit 1, defect 0] | human 14 | ✓ exact/copy-edit/dev-edit only
   dev-restructured: Instructions :
XMES203: built 1 panels [exact 0, copy-edit 0, dev-edit 1, defect 0] | human 23 | ✓ exact/copy-edit/dev-edit only
   dev-restructured: Discuss these questions

TOTAL: 162 panels built across 27 module(s).
RESULT: every built panel matches the human (exact / copy-edit / developer edit) ✓
