OSSC501: identical 6 / changed 0
OSSM301: identical 5 / changed 0
OSSM401: identical 5 / changed 0
PES1001: identical 10 / changed 0
PES1002: identical 11 / changed 0
PES1003: identical 11 / changed 0
PES1004: identical 11 / changed 0
PES1005: identical 12 / changed 0
PES1007: identical 12 / changed 0
PES1008: identical 19 / changed 0
PHE1001: identical 5 / changed 0
PHE1002: identical 4 / changed 0
PHE1003: identical 11 / changed 0
PHE1004: identical 4 / changed 0
PHE1005: identical 6 / changed 0
PHE1006: identical 6 / changed 0
PHE1007: identical 10 / changed 0
PHE1008: identical 6 / changed 0
PNR101: identical 2 / changed 0
PNR102: identical 3 / changed 0
PNR104: identical 3 / changed 0
SCCH301: identical 9 / changed 0
SCFUN01: identical 1 / changed 0
SCPH301: identical 9 / changed 0
SSCI205: identical 10 / changed 0
SSFUN01: identical 1 / changed 0
SSFUN02: identical 1 / changed 0
SSFUN03: identical 1 / changed 0
SSFUN05: identical 1 / changed 0
SSFUN06: identical 1 / changed 0
SSFUN07: identical 5 / changed 0
SSFUN08: identical 1 / changed 0
SSOG101: identical 8 / changed 0
SSOG103: identical 7 / changed 0
SSOG301: identical 8 / changed 0
TEDC401: identical 8 / changed 0
TEDC402: identical 11 / changed 0
TEFUN01: identical 1 / changed 0
TEFUN02: identical 1 / changed 0
TEFUN03: identical 1 / changed 0
TEFUN04: identical 1 / changed 0
TEFUN05: identical 1 / changed 0
TEFUN06: identical 1 / changed 0
TEFUN07: identical 1 / changed 0
TEFUN08: identical 1 / changed 0
TRR102: identical 6 / changed 0
TRR103: identical 4 / changed 0
TRR104: prep refused (no-wt)
TRR105: prep refused (no-wt)
TRR106: identical 2 / changed 0
TRR107: identical 3 / changed 0
TRR108: identical 3 / changed 0
TRR109: identical 6 / changed 0
TRR111: identical 6 / changed 0
TRR112: identical 5 / changed 0
TRR113: identical 5 / changed 0
TRR114: identical 4 / changed 0
TRR115: prep refused (no-wt)
TRR203: identical 4 / changed 0
TRR301: identical 4 / changed 0
TRR304: identical 3 / changed 0
TWHA901: identical 1 / changed 0
TWHA902: identical 1 / changed 0
TWHA903: identical 1 / changed 0
TWHA904: identical 1 / changed 0
TWHA905: identical 1 / changed 0
TWHA906: identical 1 / changed 0
TWHK901: identical 1 / changed 0
TWHK903: identical 1 / changed 0
XDLS501: identical 8 / changed 0
XDLS502: identical 5 / changed 0
XDLS901: identical 5 / changed 0
XDLS902: identical 8 / changed 0
  ~ XDLS903_0_0.html: -4 +2
     - <p><a href="https://mytekuraschool.sharepoint.com/:w:/r/sites/TeAraWhakamua381/_layouts/15/Doc.aspx?sourcedoc=
     - <p class="cv2-note" style="color: red; font-weight: bold;">Writers Note: 1: Note this will be repeated across 
     - <p><a href="https://mytekuraschool.sharepoint.com/:w:/r/sites/TeAraWhakamua381/_layouts/15/Doc.aspx?sourcedoc=
     - <p class="cv2-note" style="color: red; font-weight: bold;">Writers Note: Note this will be repeated across fiv
     + <audio preload="none" src="audio/.mp3" class="audioPlayer icon" title=""></audio>
     + <audio preload="none" src="audio/.mp3" class="audioPlayer icon" title=""></audio>
XDLS903: identical 7 / changed 1
  ~ XDLS904_0_0.html: -4 +2
     - <p>[Audio Animation 1:</p>
     - <p class="cv2-note" style="color: red; font-weight: bold;">Writers Note: Note this will be repeated across fiv
     - <p><a href="https://mytekuraschool.sharepoint.com/:w:/r/sites/TeAraWhakamua381/_layouts/15/Doc.aspx?sourcedoc=
     - <p class="cv2-note" style="color: red; font-weight: bold;">Writers Note: Note this will be repeated across fiv
     + <audio preload="none" src="audio/.mp3" class="audioPlayer icon" title=""></audio>
     + <audio preload="none" src="audio/.mp3" class="audioPlayer icon" title=""></audio>
XDLS904: identical 7 / changed 1
  ~ XDLS905_0_0.html: -4 +2
     - <p><a href="https://mytekuraschool.sharepoint.com/:w:/r/sites/TeAraWhakamua381/_layouts/15/Doc.aspx?sourcedoc=
     - <p class="cv2-note" style="color: red; font-weight: bold;">Writers Note: Note this will be repeated across fiv
     - <p><a href="https://mytekuraschool.sharepoint.com/:w:/r/sites/TeAraWhakamua381/_layouts/15/Doc.aspx?sourcedoc=
     - <p class="cv2-note" style="color: red; font-weight: bold;">Writers Note: If it can sit beside the circles whic
     + <audio preload="none" src="audio/.mp3" class="audioPlayer icon" title=""></audio>
     + <audio preload="none" src="audio/.mp3" class="audioPlayer icon" title=""></audio>
XDLS905: identical 7 / changed 1
XDLS906: identical 8 / changed 0
XDLS908: identical 9 / changed 0
XDLS909: identical 5 / changed 0
XDLS911: identical 2 / changed 0
XDLS912: identical 6 / changed 0
XFUN01: identical 1 / changed 0
XFUN02: identical 7 / changed 0
XGF9001: identical 7 / changed 0
XGF9002: identical 10 / changed 0
XGF9003: identical 6 / changed 0
XGF9004: identical 18 / changed 0
XGF9006: identical 8 / changed 0
XLP01: identical 5 / changed 0
XLP02: identical 7 / changed 0
XLP03: identical 6 / changed 0
XLP04: identical 5 / changed 0
XLP05: identical 6 / changed 0
  ~ XLP06_1_0.html: -1 +2
     - <p>Here is an activity sheet [link to PDF] for you to record how you feel when you listen to each piece of mus
     + <p>Here is an activity sheet</p>
     + <p>for you to record how you feel when you listen to each piece of music.</p>
XLP06: identical 2 / changed 1
  ~ XMES101_2_0.html: -2 +0
     - <p class="cv2-note" style="color: red; font-weight: bold;">Writers Note: Names for each body part are said whe
     - <p>[Audio animation]</p>
XMES101: identical 8 / changed 1
XMES102: identical 6 / changed 0
XMES103: identical 6 / changed 0
XMES201: identical 6 / changed 0
XMES203: identical 6 / changed 0
XTAS101: identical 5 / changed 0
XTAS102: identical 6 / changed 0
XTAS103: identical 7 / changed 0
XWHA01: identical 2 / changed 0
XWHA02: identical 6 / changed 0

TOTAL: identical 538 / changed 5 / missing 0 over 104 modules
CHANGED: XDLS903/XDLS903_0_0.html XDLS904/XDLS904_0_0.html XDLS905/XDLS905_0_0.html XLP06/XLP06_1_0.html XMES101/XMES101_2_0.html
