32 sites on 31 pages / 14 modules
AGH1002 AGH1002_1_0.html AGH1002.01.html 0
AGH1003 AGH1003_2_0.html AGH1003_02.0.html 0
AGH1003 AGH1003_3_0.html AGH1003_03.0.html 0
AGH1003 AGH1003_4_0.html AGH1003_04.0.html 0
AGH1003 AGH1003_5_0.html AGH1003_05.0.html 0
AGH1003 AGH1003_6_0.html AGH1003_06.0.html 0
AGH1003 AGH1003_7_0.html AGH1003_07.0.html 0
AGH1003 AGH1003_8_0.html AGH1003_08.0.html 0
BLLR201 BLLR201_6_0.html BLLR201_5_0.html 11
ENGC302 ENGC302_1_0.html ENGC302_0.1.html 0
ENGI203 ENGI203_2_0.html ENGI203_2.0.html 1
ENGI405 ENGI405_4_1.html ENGI405_4.0.html 16
ENGJ402 ENGJ402_2_0.html ENGJ402_2.0.html 0
ENGJ402 ENGJ402_5_0.html ENGJ402_5.0.html 0
ENGJ402 ENGJ402_6_0.html ENGJ402_6.0.html 0
ENGJ403 ENGJ403_1_0.html ENGJ403_1.0.html 0
ENGJ403 ENGJ403_2_0.html ENGJ403_2.0.html 0
ENGJ403 ENGJ403_2_1.html ENGJ403_2.1.html 0
ENGJ403 ENGJ403_3_0.html ENGJ403_3.0.html 0
ENGJ403 ENGJ403_3_1.html ENGJ403_3.1.html 0
ENGJ403 ENGJ403_4_0.html ENGJ403_4.0.html 0
ENGJ403 ENGJ403_5_0.html ENGJ403_5.0.html 0
ENGJ403 ENGJ403_6_0.html ENGJ403_6.0.html 0
ENGJ403 ENGJ403_7_0.html ENGJ403_7.0.html 0
ENGR301 ENGR301_3_0.html ENGR301_3.0.html 0
ENGR301 ENGR301_8_0.html ENGR301_8.0.html 0
MXDB201 MXDB201_0_0.html MXDB201_0.0.html 1
MXDI201 MXDI201_7_0.html MXDI201_7.0.html 6
MXDI201 MXDI201_7_0.html MXDI201_7.0.html 7
MXFU202 MXFU202_5_0.html MXFU202_5.0.html 14
PES1005 PES1005_9_0.html PES1005_8.0.html 0
XLP03 XLP03_0_0.html XLP03-00.html 0
