moved 41 up 16 down 25 scaffold pp-sum -6.76 raw pp-sum -1.65
movers OUTSIDE the affected set: none
BLL151_2_0.html        BLL151     64.09 ->  61.88   -2.21   raw  38.6-> 37.3
BLL217_1_0.html        BLL217     75.86 ->  73.83   -2.04   raw  40.5-> 40.2
BLL126_1_0.html        BLL126     76.39 ->  74.48   -1.91   raw  55.7-> 54.1
BLL252_1_0.html        BLL252     59.43 ->  58.10   -1.33   raw  24.3-> 24.1
BLL253_2_0.html        BLL253     44.98 ->  43.66   -1.32   raw  28.6-> 31.5
BLL166_1_1.html        BLL166     63.75 ->  62.50   -1.25   raw  29.3-> 28.7
BLL131_1_0.html        BLL131     36.89 ->  35.75   -1.14   raw  21.5-> 20.4
BLL222_1_0.html        BLL222     49.62 ->  48.53   -1.09   raw  37.8-> 37.0
BLL241_2_0.html        BLL241     63.77 ->  62.86   -0.91   raw  44.5-> 44.1
BLL241_1_0.html        BLL241     64.75 ->  63.89   -0.86   raw  44.9-> 45.0
BLL114_2_0.html        BLL114     58.76 ->  57.92   -0.83   raw  35.0-> 35.6
BLL157_1_1.html        BLL157     56.00 ->  55.17   -0.83   raw  48.9-> 48.9
BLL176_1_1.html        BLL176     64.97 ->  64.15   -0.82   raw  37.0-> 36.8
BLL172_1_0.html        BLL172     57.34 ->  56.55   -0.79   raw  37.1-> 36.8
BLL157_1_0.html        BLL157     73.44 ->  72.87   -0.57   raw  29.0-> 28.9
BLL242_1_0.html        BLL242     68.18 ->  67.65   -0.53   raw  23.9-> 24.1
MXEO201_4_0.html       MXEO201    69.48 ->  69.16   -0.32   raw  66.4-> 64.1
XWHA02_3_0.html        XWHA02     26.19 ->  25.88   -0.31   raw  23.4-> 21.0
BLL115_2_0.html        BLL115     60.00 ->  59.70   -0.30   raw  36.2-> 36.1
BLL115_1_0.html        BLL115     40.51 ->  40.25   -0.25   raw  28.7-> 28.6
BLL254_0_0.html        BLL254     83.82 ->  83.58   -0.24   raw  79.7-> 79.5
ENGC101_4_0.html       ENGC101    49.32 ->  49.09   -0.22   raw  35.4-> 34.1
BLL140_0_0.html        BLL140     17.12 ->  16.93   -0.19   raw   7.4-> 14.5
HIS1001_10_0.html      HIS1001    24.11 ->  24.00   -0.11   raw  17.0-> 16.4
EXPFUN04_0_0.html      EXPFUN04    4.58 ->   4.57   -0.00   raw   5.3->  4.7
HIS1002_19_0.html      HIS1002    15.86 ->  15.95   +0.09   raw  11.7-> 11.7
BLL150_0_0.html        BLL150     36.91 ->  37.00   +0.09   raw  25.2-> 25.0
BLL210_0_0.html        BLL210     14.81 ->  14.93   +0.12   raw  13.2-> 12.7
BLL227_1_0.html        BLL227     56.97 ->  57.14   +0.17   raw  33.6-> 33.9
BLL212_2_0.html        BLL212     72.63 ->  72.93   +0.30   raw  46.0-> 46.4
BLL162_1_1.html        BLL162     50.30 ->  50.60   +0.30   raw  28.7-> 28.7
BLL135_1_0.html        BLL135     64.56 ->  65.00   +0.44   raw  45.9-> 46.2
BLL146_1_0.html        BLL146     60.69 ->  61.22   +0.53   raw  31.9-> 32.1
BLL220_0_0.html        BLL220     23.45 ->  24.03   +0.57   raw  21.9-> 22.2
HIS1002_13_0.html      HIS1002    33.07 ->  33.73   +0.65   raw  25.9-> 26.4
BLL166_1_0.html        BLL166     76.60 ->  77.46   +0.87   raw  51.7-> 48.8
BLL251_1_0.html        BLL251     55.42 ->  56.44   +1.02   raw  27.5-> 27.8
BLL162_1_0.html        BLL162     66.67 ->  68.42   +1.75   raw  37.5-> 38.5
BLL137_1_0.html        BLL137     58.68 ->  60.71   +2.03   raw  36.3-> 37.6
BLL151_1_0.html        BLL151     70.44 ->  72.50   +2.06   raw  53.0-> 54.5
BLL160_0_0.html        BLL160     22.20 ->  24.81   +2.61   raw  24.2-> 24.0
added [] dropped []
