ARFUN05: built 0 rows | human 0 rows | exact 0 | copy-edit 0 | unmatched 0 | IDENTICAL ✓
CEDO501: built 0 rows | human 0 rows | exact 0 | copy-edit 0 | unmatched 0 | IDENTICAL ✓
ENGFUN02: built 0 rows | human 0 rows | exact 0 | copy-edit 0 | unmatched 0 | IDENTICAL ✓
ENGS101: built 0 rows | human 0 rows | exact 0 | copy-edit 0 | unmatched 0 | IDENTICAL ✓
🟠 [ModuleResolver] Multiple module-code candidates found (HIS1001, HS1001) — using HIS1001 from filename "HIS1001 Writers Template.docx".
HIS1001: built 0 rows | human 0 rows | exact 0 | copy-edit 0 | unmatched 0 | IDENTICAL ✓
🟠 [ModuleResolver] Multiple module-code candidates found (HIS1002, HS1002) — using HIS1002 from filename "HIS1002 Writers Template + Media List.docx".
HIS1002: built 0 rows | human 0 rows | exact 0 | copy-edit 0 | unmatched 0 | IDENTICAL ✓
HIS1005: built 0 rows | human 0 rows | exact 0 | copy-edit 0 | unmatched 0 | IDENTICAL ✓
HIS1005: built 0 hint tips | human 2 tips | exact 0 | copy-edit 0 | unmatched 0
   tip human-only: Outside || Prophets Te Whiti and Tohu rejected the legal legitimacy of the Pākehā government – especially over
   tip human-only: Outside || The Kīngitanga was not founded to oppose the Crown, rather to be regarded as equal partners and ove
HIS1006: built 0 rows | human 0 rows | exact 0 | copy-edit 0 | unmatched 0 | IDENTICAL ✓
OSAH501: built 0 rows | human 0 rows | exact 0 | copy-edit 0 | unmatched 0 | IDENTICAL ✓
OSAH501: built 0 hint tips | human 24 tips | exact 0 | copy-edit 0 | unmatched 0
   tip human-only: A digital painting shared on a creative platform is downloaded and reposted by another user, who claims it as 
   tip human-only: A fake social media account has been created using a school's name and is posting misleading content. || Threa
   tip human-only: A fake social media profile is created using someone's name and photo. The account posts offensive comments pr
   tip human-only: A false accusation is made in a public forum, claiming someone cheated on an exam. The post spreads quickly an
   tip human-only: A message is sent containing a link to a website that hosts violent and illegal content. The sender encourages
   tip human-only: A person is mocked in a public comment thread for their religious beliefs, with others joining in to ridicule 
   tip human-only: A person receives repeated late-night messages telling them they are worthless and should "just disappear." Th
   tip human-only: A person signs up for a school-related app and later discovers their full name, school and contact details are
   tip human-only: A player shares a meme about their coach that is rude but does not name anyone or cause distress. || This is r
   tip human-only: A screenshot of a private group chat is posted publicly, revealing sensitive personal information and causing 
   tip human-only: A video containing sexually suggestive content is posted online, tagging several people without their consent.
   tip human-only: An online store asks for personal details like full name, address and date of birth, but doesn't explain how t
   tip human-only: Anahera receives one message from a classmate calling her "gross" and saying she should "disappear." It's deep
   tip human-only: Confidence in entering tertiary education is reduced. || Emotional wellbeing: Victims may experience anxiety, 
   tip human-only: Digital footprint affecting future employment. || Emotional wellbeing: Victims may experience anxiety, stress 
   tip human-only: Extra guidance and support responsibilities. || Emotional wellbeing: Victims may experience anxiety, stress or
   tip human-only: Involvement in school or workplace responses to harm. || Emotional wellbeing: Victims may experience anxiety, 
   tip human-only: Loss of trust and social support. || Emotional wellbeing: Victims may experience anxiety, stress or depression
   tip human-only: Over the course of a week, Liam gets tagged in multiple online videos mocking his appearance. The same person 
   tip human-only: Police have investigated a case of online abuse and determined that legal action is necessary. || Threats to s
   tip human-only: Sue's private photos are shared without her permission in a group chat. It happens once, but she feels humilia
   tip human-only: Tamati receives one message from a stranger saying, "You're annoying." He ignores it and does not feel affecte
   tip human-only: Tertiary and career limitations. || Emotional wellbeing: Victims may experience anxiety, stress or depression,
   tip human-only: Wider effects on group dynamics and wellbeing. || Emotional wellbeing: Victims may experience anxiety, stress 
OSGM301: built 0 rows | human 0 rows | exact 0 | copy-edit 0 | unmatched 0 | IDENTICAL ✓
OSGM301: built 0 hint tips | human 5 tips | exact 0 | copy-edit 0 | unmatched 0
   tip human-only: You lose a close match in an online game. You feel frustrated and want to say something. || Showing good sport
   tip human-only: You're playing a free game on your phone and it offers a cool skin or power-up for real money. You really want
   tip human-only: You're playing a team game and using voice chat. One player keeps interrupting others and shouting instruction
   tip human-only: You're playing a team-based online game with three other players. One teammate is new and keeps making mistake
   tip human-only: You're playing an online game and someone you don't know asks for your real name and what school you go to. ||
OSGM401: built 0 rows | human 0 rows | exact 0 | copy-edit 0 | unmatched 0 | IDENTICAL ✓
OSGM501: built 0 rows | human 0 rows | exact 0 | copy-edit 0 | unmatched 0 | IDENTICAL ✓
OSOH301: built 0 rows | human 0 rows | exact 0 | copy-edit 0 | unmatched 0 | IDENTICAL ✓
OSOH401: built 11 rows | human 11 rows | exact 0 | copy-edit 11 | unmatched 0 | IDENTICAL ✓
🟠 [ModuleResolver] Multiple module-code candidates found (PES1003, PHO1052) — using PES1003 from filename "PES1003 Writers Template + Media List.docx".
PES1003: built 0 rows | human 0 rows | exact 0 | copy-edit 0 | unmatched 0 | IDENTICAL ✓
PES1008: built 0 rows | human 0 rows | exact 0 | copy-edit 0 | unmatched 0 | IDENTICAL ✓
TEFUN03: built 0 rows | human 0 rows | exact 0 | copy-edit 0 | unmatched 0 | IDENTICAL ✓
TRR102: built 0 rows | human 0 rows | exact 0 | copy-edit 0 | unmatched 0 | IDENTICAL ✓
🟠 [ModuleResolver] Multiple module-code candidates found (TRR106, TRR101) — using TRR106 from filename "TRR106 Writers Template.docx".
TRR106: built 0 rows | human 0 rows | exact 0 | copy-edit 0 | unmatched 0 | IDENTICAL ✓
🟢 [ModuleResolver] TRR109 is not in the registry members — inherited from its level TRR1 (sibling rule).
TRR109: built 0 rows | human 0 rows | exact 0 | copy-edit 0 | unmatched 0 | IDENTICAL ✓
XDLS904: built 0 rows | human 0 rows | exact 0 | copy-edit 0 | unmatched 0 | IDENTICAL ✓
XDLS905: built 0 rows | human 0 rows | exact 0 | copy-edit 0 | unmatched 0 | IDENTICAL ✓
XDLS912: built 0 rows | human 0 rows | exact 0 | copy-edit 0 | unmatched 0 | IDENTICAL ✓
