OSSC501: identical 6 / changed 0
OSSM301: identical 5 / changed 0
OSSM401: identical 5 / changed 0
PES1001: identical 10 / changed 0
PES1002: identical 11 / changed 0
PES1003: identical 11 / changed 0
PES1004: identical 11 / changed 0
PES1005: identical 12 / changed 0
PES1007: identical 12 / changed 0
PES1008: identical 19 / changed 0
PHE1001: identical 5 / changed 0
PHE1002: identical 4 / changed 0
PHE1003: identical 11 / changed 0
PHE1004: identical 4 / changed 0
  ~ PHE1005_3_0.html: -0 +1
     + <p>[insert item 6] image of octopus created especially for our ākonga. Add to the image a hover over the diffe
  ~ PHE1005_5_0.html: -0 +1
     + <p>[insert item] image of Fonua model used in health studies FUNdamental module</p>
PHE1005: identical 4 / changed 2
PHE1006: identical 6 / changed 0
PHE1007: identical 10 / changed 0
PHE1008: identical 6 / changed 0
PNR101: identical 2 / changed 0
PNR102: identical 3 / changed 0
PNR104: identical 3 / changed 0
SCCH301: identical 9 / changed 0
SCFUN01: identical 1 / changed 0
SCPH301: identical 9 / changed 0
  ~ SSCI205_4_0.html: -0 +1
     + <p>[Image] please create realistic image of ancient Greek sandals</p>
  ~ SSCI205_5_0.html: -0 +4
     + <p>[Image] can a historically accurate image, story book illustration style of a Spartan Shield please be crea
     + <p>[Image] can a historically accurate image, story book illustration style of a Spartan helmet please be crea
     + <p>[Image] can a historically accurate image, story book illustration style of a Spartan spear please be creat
     + <p>[Image] can a historically accurate image, story book illustration style of Spartan armour please be create
SSCI205: identical 8 / changed 2
SSFUN01: identical 1 / changed 0
SSFUN02: identical 1 / changed 0
SSFUN03: identical 1 / changed 0
  ~ SSFUN05_0_0.html: -0 +1
     + <p>[Add button] Critically analyse an object</p>
SSFUN05: identical 0 / changed 1
  ~ SSFUN06_0_0.html: -0 +6
     + <p>[Add button] Quiz</p>
     + <p>[add button] Check answers</p>
     + <p>[Add button] Quiz button</p>
     + <p>[Add button] NZ Police Force</p>
     + <p>[Add buttons] Child Rights English and Child Rights Te Reo</p>
     + <p>[Add button] Quiz button</p>
SSFUN06: identical 0 / changed 1
  ~ SSFUN07_2_0.html: -0 +1
     + <p>[H2] Activity 2D: Consumerism and Its Impact</p>
SSFUN07: identical 4 / changed 1
  ~ SSFUN08_0_0.html: -0 +1
     + <p>[Add button] Quiz button.</p>
SSFUN08: identical 0 / changed 1
  ~ SSOG101_5_0.html: -0 +1
     + <p>[Image] use this image and add drag and drop. Cut up page so the image is 3x3 and evenly spaced</p>
SSOG101: identical 7 / changed 1
  ~ SSOG103_1_0.html: -0 +3
     + <p>[Image] for parcel 1</p>
     + <p>[Image] for parcel 2</p>
     + <p>[Image] for parcel 3</p>
SSOG103: identical 6 / changed 1
SSOG301: identical 8 / changed 0
  ~ TEDC401_2_0.html: -0 +1
     + <p>[MTKQuiz] 2F</p>
  ~ TEDC401_3_0.html: -0 +1
     + <p>[Button] Go to your journal.</p>
  ~ TEDC401_5_0.html: -0 +1
     + <p>[Button] Go to journal.</p>
TEDC401: identical 5 / changed 3
  ~ TEDC402_6_0.html: -0 +1
     + <p>[Button: Go to your journal]</p>
  ~ TEDC402_8_0.html: -0 +1
     + <p>[Button: go to your journal]</p>
  ~ TEDC402_9_0.html: -0 +1
     + <p>[Button: Go to your journal]</p>
TEDC402: identical 8 / changed 3
TEFUN01: identical 1 / changed 0
TEFUN02: identical 1 / changed 0
TEFUN03: identical 1 / changed 0
TEFUN04: identical 1 / changed 0
TEFUN05: identical 1 / changed 0
  ~ TEFUN06_0_0.html: -0 +1
     + <p>[Image 29] Please create an image that shows a social media post followed by an advertisement for cakes and
TEFUN06: identical 0 / changed 1
  ~ TEFUN07_0_0.html: -0 +1
     + <p>[Image 7: Alongside these bullet points, please use the Phase 1 cogs image made by Creative Services for TE
TEFUN07: identical 0 / changed 1
TEFUN08: identical 1 / changed 0
TRR102: identical 6 / changed 0
TRR103: identical 4 / changed 0
TRR104: prep refused (no-wt)
TRR105: prep refused (no-wt)
TRR106: identical 2 / changed 0
TRR107: identical 3 / changed 0
TRR108: identical 3 / changed 0
TRR109: identical 6 / changed 0
TRR111: identical 6 / changed 0
TRR112: identical 5 / changed 0
TRR113: identical 5 / changed 0
TRR114: identical 4 / changed 0
TRR115: prep refused (no-wt)
TRR203: identical 4 / changed 0
TRR301: identical 4 / changed 0
  ~ TRR304_2_0.html: -0 +1
     + <p>[Layout: Place Tiki image to the left of text, and to be the full length of the text]</p>
TRR304: identical 2 / changed 1
TWHA901: identical 1 / changed 0
TWHA902: identical 1 / changed 0
TWHA903: identical 1 / changed 0
TWHA904: identical 1 / changed 0
TWHA905: identical 1 / changed 0
TWHA906: identical 1 / changed 0
TWHK901: identical 1 / changed 0
TWHK903: identical 1 / changed 0
XDLS501: identical 8 / changed 0
  ~ XDLS502_3_0.html: -0 +1
     + <p>[3 buttons – film, camera and microphone] Upload to dropbox</p>
  ~ XDLS502_4_0.html: -0 +1
     + <p>[3 buttons – film, camera and microphone] Upload to dropbox</p>
XDLS502: identical 3 / changed 2
  ~ XDLS901_3_0.html: -0 +1
     + <p>so that the ākonga can press on a button above and they get a model answer?And have it text to speech?]</p>
XDLS901: identical 4 / changed 1
  ~ XDLS902_7_0.html: -0 +1
     + <p>[Video <a href="https://www.youtube.com/watch?v=R8RW4vMlueo]" target="_blank">https://www.youtube.com/watch
XDLS902: identical 7 / changed 1
  ~ XDLS903_1_0.html: -0 +1
     + <p>[image: judge icon from LS global edits]</p>
XDLS903: identical 7 / changed 1
  ~ XDLS904_5_0.html: -0 +1
     + <p>[Image: Learn by Heart icon from LS global edits]</p>
XDLS904: identical 7 / changed 1
  ~ XDLS905_4_0.html: -0 +1
     + <p>[Image: Explain icon from LS global edits]</p>
XDLS905: identical 7 / changed 1
XDLS906: identical 8 / changed 0
XDLS908: identical 9 / changed 0
  ~ XDLS909_2_0.html: -0 +1
     + <p>[insert video 12] <a href="https://www.youtube.com/watch?v=f0jewFB-92E" target="_blank">https://www.youtube
XDLS909: identical 4 / changed 1
XDLS911: identical 2 / changed 0
XDLS912: identical 6 / changed 0
XFUN01: identical 1 / changed 0
XFUN02: identical 7 / changed 0
XGF9001: identical 7 / changed 0
XGF9002: identical 10 / changed 0
XGF9003: identical 6 / changed 0
XGF9004: identical 18 / changed 0
XGF9006: identical 8 / changed 0
XLP01: identical 5 / changed 0
XLP02: identical 7 / changed 0
XLP03: identical 6 / changed 0
  ~ XLP04_1_0.html: -0 +1
     + <p>Make a list of preferred activities.]</p>
XLP04: identical 4 / changed 1
XLP05: identical 6 / changed 0
  ~ XLP06_1_0.html: -1 +2
     - <p>Here is an activity sheet [link to PDF] for you to record how you feel when you listen to each piece of mus
     + <p>Here is an activity sheet</p>
     + <p>for you to record how you feel when you listen to each piece of music.</p>
XLP06: identical 2 / changed 1
XMES101: identical 9 / changed 0
XMES102: identical 6 / changed 0
XMES103: identical 6 / changed 0
  ~ XMES201_1_0.html: -0 +1
     + <p>[insert writing text boxes] No specific answer required.</p>
XMES201: identical 5 / changed 1
XMES203: identical 6 / changed 0
XTAS101: identical 5 / changed 0
XTAS102: identical 6 / changed 0
XTAS103: identical 7 / changed 0
XWHA01: identical 2 / changed 0
  ~ XWHA02_3_0.html: -2 +17
     - <p class="cv2-note" style="color: red; font-weight: bold;">Writers Note: [DEV – is it possible to have a 2 by 
     - <div class="cv2-interactive cv2-int-ref" data-cv2-index="6" data-cv2-ref="XWHA02-03-01" style="border: 8px sol
     + <div class="cv2-interactive cv2-int-ref" data-cv2-index="5" data-cv2-ref="XWHA02-03-01" style="border: 8px sol
     + <p class="cv2-note" style="color: red; font-weight: bold;">Writers Note: [DEV – is it possible to have a 2 by 
     + <div class="cv2-interactive" data-cv2-index="5" style="border: 3px dashed #d9480f; background: #fff4e6; paddin
     + <p style="color: #d9480f; font-weight: bold">⚙ INTERACTIVE (un-built) #5: accordion (side my side) — Activity 
     + <p>[Image 5-8] Images similar to those shown above</p>
     + <div class="cv2-interactive cv2-int-ref" data-cv2-index="6" data-cv2-ref="XWHA02-03-02" style="border: 8px sol
     + <div style="display: flex; align-items: center; gap: 14px"><span style="flex: 1; text-align: center; font-weig
     + <div class="cv2-int-raw" style="display: grid; grid-template-rows: 0fr; transition: grid-template-rows 0.35s e
     + <div style="min-height: 0; overflow: hidden">
     + <div style="padding-top: 14px">
     + <div style="font-size: 0.95em">
     + </div>
     + </div>
     + </div>
     + </div>
     + </div>
     + </div>
XWHA02: identical 5 / changed 1

TOTAL: identical 512 / changed 31 / missing 0 over 104 modules
CHANGED: PHE1005/PHE1005_3_0.html PHE1005/PHE1005_5_0.html SSCI205/SSCI205_4_0.html SSCI205/SSCI205_5_0.html SSFUN05/SSFUN05_0_0.html SSFUN06/SSFUN06_0_0.html SSFUN07/SSFUN07_2_0.html SSFUN08/SSFUN08_0_0.html SSOG101/SSOG101_5_0.html SSOG103/SSOG103_1_0.html TEDC401/TEDC401_2_0.html TEDC401/TEDC401_3_0.html TEDC401/TEDC401_5_0.html TEDC402/TEDC402_6_0.html TEDC402/TEDC402_8_0.html TEDC402/TEDC402_9_0.html TEFUN06/TEFUN06_0_0.html TEFUN07/TEFUN07_0_0.html TRR304/TRR304_2_0.html XDLS502/XDLS502_3_0.html XDLS502/XDLS502_4_0.html XDLS901/XDLS901_3_0.html XDLS902/XDLS902_7_0.html XDLS903/XDLS903_1_0.html XDLS904/XDLS904_5_0.html XDLS905/XDLS905_4_0.html XDLS909/XDLS909_2_0.html XLP04/XLP04_1_0.html XLP06/XLP06_1_0.html XMES201/XMES201_1_0.html XWHA02/XWHA02_3_0.html
