mean 51.2809 -> 51.2820 (+0.0011pp)  raw 35.4069 -> 35.3953
moved 20 up 7 down 13 pp-sum scaffold 2.17 raw -22.72
MXDI301_1_0.html          22.04 ->  14.73   -7.31  raw  +5.07
PES1007_3_0.html          26.02 ->  22.10   -3.92  raw  -3.92
MXFU302_9_0.html          44.44 ->  40.72   -3.72  raw -13.48
MXDI201_8_0.html          23.93 ->  20.61   -3.32  raw  -1.13
MXDI301_5_0.html          32.14 ->  30.14   -2.01  raw  +4.19
SCCH301_7_0.html          59.07 ->  57.44   -1.64  raw  -0.84
MXDI102_3_0.html          42.42 ->  40.85   -1.58  raw  -5.87
MXDI102_4_0.html          45.45 ->  43.90   -1.55  raw  -9.15
MXDB301_3_0.html          13.21 ->  12.26   -0.94  raw  -0.71
PES1007_8_0.html          37.50 ->  36.60   -0.90  raw  -0.81
MXDB202_3_0.html          44.62 ->  43.85   -0.77  raw  -0.52
MXDI102_2_0.html          31.25 ->  30.53   -0.72  raw  -2.88
MXFU302_6_0.html          39.20 ->  38.65   -0.55  raw  -0.03
MXFU401_2_0.html          36.47 ->  36.58   +0.11  raw  -4.99
PES1008_15_0.html         29.13 ->  29.66   +0.52  raw  -0.43
MXDI102_1_0.html          39.38 ->  40.00   +0.62  raw  -1.53
MXEX301_4_0.html          31.06 ->  32.53   +1.47  raw  +0.43
PES1007_2_0.html          34.90 ->  39.29   +4.39  raw  +2.51
MXEX301_2_0.html          46.93 ->  51.34   +4.41  raw  +0.31
PES1008_3_0.html          20.61 ->  40.19  +19.58  raw +11.05
outside affected: []
bucket>=0.50 1073 -> 1074
bucket>=0.75 198 -> 198
bucket>=0.90 15 -> 15
