  ~ OSSC501_2_0.html: -0 +1
     + <p>CS – 2x2 layout</p>
OSSC501: identical 5 / changed 1
  ~ OSSM301_2_0.html: -0 +2
     + <p>with timed animation via speed attribute</p>
     + <p>3 across may look better</p>
  ~ OSSM301_3_0.html: -0 +1
     + <p>5 click drops next to each other – please use different colours for each one. Drop text under each</p>
OSSM301: identical 3 / changed 2
  ~ OSSM401_1_0.html: -1 +2
     - </div><p class="cv2-note" style="color: red; font-weight: bold;">Writers Note: image https://www.istockphoto.c
     + <p>Sites like <i>LinkedIn</i> where people connect for jobs, careers, and skills. / <b>Tip:</b> keep it profes
     + </div>
  ~ OSSM401_3_0.html: -0 +2
     + <p>CS create a story using an image and audio from resources in the folder. Include popout option to read.</p>
     + <p>If you know the real story of <i>Alice in Wonderland</i>, there are three key characters called Mad Hatter,
  ~ OSSM401_4_0.html: -0 +1
     + <p>autoCheck The correct answer is in green.</p>
OSSM401: identical 2 / changed 3
PES1001: identical 10 / changed 0
PES1002: identical 11 / changed 0
  ~ PES1003_8_0.html: -0 +2
     + <p>Situations where adiabatic cooling is seen.</p>
     + <p>Clouds, LPG Frosting, Carb Icing</p>
PES1003: identical 10 / changed 1
  ~ PES1004_4_0.html: -0 +1
     + <p>ork through the two examples below to make sure you understand this technique.</p>
PES1004: identical 10 / changed 1
PES1005: identical 12 / changed 0
PES1007: identical 12 / changed 0
PES1008: identical 19 / changed 0
PHE1001: identical 5 / changed 0
PHE1002: identical 4 / changed 0
PHE1003: identical 11 / changed 0
PHE1004: identical 4 / changed 0
  ~ PHE1005_1_0.html: -0 +1
     + <p>for hauora, pacific wellbeing and cultural health models for wellbeing headings below in a tab with informa
  ~ PHE1005_4_0.html: -0 +1
     + <p>Time to reflect</p>
PHE1005: identical 4 / changed 2
PHE1006: identical 6 / changed 0
  ~ PHE1007_1_0.html: -1 +2
     - </div><p class="cv2-note" style="color: red; font-weight: bold;">Writers Note: all questions have the same thr
     + <p>Complete the following drag and drop. Keep trying until you get them all correct.</p><p class="cv2-note" st
     + </div>
PHE1007: identical 9 / changed 1
PHE1008: identical 6 / changed 0
PNR101: identical 2 / changed 0
PNR102: identical 3 / changed 0
PNR104: identical 3 / changed 0
SCCH301: identical 9 / changed 0
SCFUN01: identical 1 / changed 0
  ~ SCPH301_8_0.html: -0 +3
     + <ol>
     + <li>Add these to your journal.</li>
     + </ol>
SCPH301: identical 8 / changed 1
  ~ SSCI205_3_0.html: -1 +2
     - </div><p class="cv2-note" style="color: red; font-weight: bold;">Writers Note: [Image]<br />tragedy.png<br />s
     + <p>/ comedy.png / Comedy / Comedy plays were funny and entertaining. They often made jokes about everyday life
     + </div>
  ~ SSCI205_4_0.html: -1 +2
     - </div><p class="cv2-note" style="color: red; font-weight: bold;">Writers Note: [Image] create image please</p>
     + <p>/ / Stadion footrace / The stadion was the first and most important Olympic event. Athletes raced along a s
     + </div>
  ~ SSCI205_5_0.html: -1 +2
     - </div><p class="cv2-note" style="color: red; font-weight: bold;">Writers Note: [Image] to be created to show s
     + <p>/ / Strength and discipline / Spartans trained their bodies and minds to be strong and to follow rules.</p>
     + </div>
  ~ SSCI205_6_0.html: -0 +1
     + <p>Can the headings please be under the clickdrop images.</p>
  ~ SSCI205_7_0.html: -1 +4
     - </div><p class="cv2-note" style="color: red; font-weight: bold;">Writers Note: [Image] use image created above
     + <p>/ I make big decisions to keep order.</p>
     + <p>Leading others means using power responsibly.</p>
     + <p>Who am I? / / Zeus shows leadership by making decisions that keep order.</p><p class="cv2-note" style="colo
     + </div>
SSCI205: identical 5 / changed 5
  ~ SSFUN01_0_0.html: -1 +2
     - <a href="https://www.amnesty.org.uk/universal-declaration-human-rights-pictures" target="_blank"><div class="b
     + <a href="https://www.amnesty.org.uk/universal-declaration-human-rights-pictures" target="_blank"><div class="b
     + <p>Would you like to see what the United Nations (UN) in New Your City looks like and how it operates? Watch t
SSFUN01: identical 0 / changed 1
SSFUN02: identical 1 / changed 0
  ~ SSFUN03_0_0.html: -0 +1
     + <p>Developer, please place image of map with title on one side and description on reverse.</p>
SSFUN03: identical 0 / changed 1
SSFUN05: identical 1 / changed 0
SSFUN06: identical 1 / changed 0
SSFUN07: identical 5 / changed 0
SSFUN08: identical 1 / changed 0
  ~ SSOG101_1_0.html: -0 +1
     + <p>Can you spot when you should call 111? Go through each of these scenarios with your supervisor. If you don’
SSOG101: identical 7 / changed 1
  ~ SSOG103_4_0.html: -1 +2
     - </div><p class="cv2-note" style="color: red; font-weight: bold;">Writers Note: [Image]</p>
     + <p>/ <a href="https://www.istockphoto.com/photo/north-island-brown-kiwi-apteryx-mantelli-5-months-old-walking-
     + </div>
SSOG103: identical 6 / changed 1
SSOG301: identical 8 / changed 0
  ~ TEDC401_4_0.html: -0 +2
     + <p>Look at the this example transformation: An important clarification for us to know about is that prototypin
     + <p>Note: image generated in AI with prompt: / “a single clean side-by-side UI mockup graphic of two wireframes
TEDC401: identical 7 / changed 1
  ~ TEDC402_2_0.html: -1 +3
     - </div><p class="cv2-note" style="color: red; font-weight: bold;">Writers Note: [Image: TEDC402 - L1E Version 1
     + <p>Note: Your sketch can be simple – boxes, bars, arrows, labels.</p>
     + <p>Choose the option that works best for you and how you like to learn.</p><p class="cv2-note" style="color: r
     + </div>
TEDC402: identical 10 / changed 1
TEFUN01: identical 1 / changed 0
TEFUN02: identical 1 / changed 0
  ~ TEFUN03_0_0.html: -0 +31
     + <p>Remember AI can confidently lie and hallucinate. Instead of asking AI to find the answers for you, ask it t
     + <li>Find 10 great innovations for ______ from reputable sources.</li>
     + <li>Explain how ______ works from reputable sources.</li>
     + <ul>
     + <li>Describe the latest advancements in ______ from reputable sources.</li>
     + </ul>
     + <ul>
     + <li>What are the most recent developments in ______ according to reputable sources?</li>
     + </ul>
     + <ul>
     + <li>Summarise the key innovations in ______ from reputable sources.</li>
     + </ul>
     + <p>Check the sources that come with the AI generated information. It makes up reputable sources, too!</p>
     + <p>Using AI ethically means respecting the original creators of the information and ensuring that you use AI a
     + <p>Here are some tips on how to use AI ethically:</p>
     + <ul>
     + <li><b>Give Credit:</b> Always acknowledge the original sources of the information you gather. If AI provides 
     + </ul>
     + <ul>
     + <li><b>Use AI as a Guide:</b> Use AI to guide your research and brainstorming, but make sure to add your own t
     + … 11 more added
TEFUN03: identical 0 / changed 1
TEFUN04: identical 1 / changed 0
TEFUN05: identical 1 / changed 0
TEFUN06: identical 1 / changed 0
TEFUN07: identical 1 / changed 0
  ~ TEFUN08_0_0.html: -1 +3
     - </div><p class="cv2-note" style="color: red; font-weight: bold;">Writers Note: [image 8]<br />[Image 9]<br />[
     + <p>Asking for something is making an input to a person. What do you think would happen if you made these input
     + <p>What would happen if people behaved like machines?</p><p class="cv2-note" style="color: red; font-weight: b
     + </div>
TEFUN08: identical 0 / changed 1
TRR102: identical 6 / changed 0
TRR103: identical 4 / changed 0
TRR104: prep refused (no-wt)
TRR105: prep refused (no-wt)
TRR106: identical 2 / changed 0
TRR107: identical 3 / changed 0
TRR108: identical 3 / changed 0
TRR109: identical 6 / changed 0
TRR111: identical 6 / changed 0
TRR112: identical 5 / changed 0
TRR113: identical 5 / changed 0
TRR114: identical 4 / changed 0
TRR115: prep refused (no-wt)
TRR203: identical 4 / changed 0
TRR301: identical 4 / changed 0
TRR304: identical 3 / changed 0
TWHA901: identical 1 / changed 0
TWHA902: identical 1 / changed 0
TWHA903: identical 1 / changed 0
TWHA904: identical 1 / changed 0
TWHA905: identical 1 / changed 0
TWHA906: identical 1 / changed 0
  ~ TWHK901_0_0.html: -0 +6
     + <p>We have a responsibility to honour the principles upheld within the Treaty of Waitangi.</p>
     + <p>Our management of the whenua (land), awa (rivers) and moana (sea) must become more sustainable and inclusiv
     + <p>Watch the following video to learn more about how Te Ao Māori principles have been around for a long time.<
     + <p>As you can see, waste occurs in every area of our society. In New Zealand every year we produce 3.4 million
     + <p>These are just a few ways you can help sustain our beautiful planet for future generations.</p>
     + <p>Remember this whakataukī:</p>
TWHK901: identical 0 / changed 1
  ~ TWHK903_0_0.html: -0 +1
     + <p>Remember it’s not your fault. Sometimes you might come across harmful content by accident. You’re doing the
TWHK903: identical 0 / changed 1
XDLS501: identical 8 / changed 0
XDLS502: identical 5 / changed 0
XDLS901: identical 5 / changed 0
XDLS902: identical 8 / changed 0
XDLS903: identical 8 / changed 0
XDLS904: identical 8 / changed 0
  ~ XDLS905_4_0.html: -0 +2
     + <p>For our own safety and the safety of those around us we need to be able to regulate our <span class="infoTr
     + <p>Routine</p>
XDLS905: identical 7 / changed 1
  ~ XDLS906_1_0.html: -1 +2
     - </div><p class="cv2-note" style="color: red; font-weight: bold;">Writers Note: [hover]</p>
     + <p>can help you with this discussion.</p><p class="cv2-note" style="color: red; font-weight: bold;">Writers No
     + </div>
XDLS906: identical 7 / changed 1
XDLS908: identical 9 / changed 0
XDLS909: identical 5 / changed 0
XDLS911: identical 2 / changed 0
  ~ XDLS912_3_0.html: -1 +4
     - </div><p class="cv2-note" style="color: red; font-weight: bold;">Writers Note: [Image] greeting grandparent<br
     + <ol>
     + <li>Your nana or grandparent. greeting grandparent</li>
     + </ol><p class="cv2-note" style="color: red; font-weight: bold;">Writers Note: [Image] greeting grandparent<br 
     + </div>
XDLS912: identical 5 / changed 1
XFUN01: identical 1 / changed 0
XFUN02: identical 7 / changed 0
XGF9001: identical 7 / changed 0
XGF9002: identical 10 / changed 0
  ~ XGF9003_1_1.html: -0 +1
     + <p>[Insert videos – carousel / accordion? – body text to show above or below each video.</p>
XGF9003: identical 5 / changed 1
  ~ XGF9004_2_0.html: -0 +1
     + <p>Check your understanding of the story.</p>
  ~ XGF9004_3_0.html: -0 +2
     + <p>Famous Philosophers through History</p>
     + <p>/ <a href="https://www.istockphoto.com/photo/statue-of-socrates-the-philosopher-with-sky-in-distance-gm1832
  ~ XGF9004_8_0.html: -1 +4
     - </div><p class="cv2-note" style="color: red; font-weight: bold;">Writers Note: [Interactive – multi-choice qui
     + <ol>
     + <li>Having the coolest shoes.</li>
     + </ol><p class="cv2-note" style="color: red; font-weight: bold;">Writers Note: [Interactive – multi-choice quiz
     + </div>
  ~ XGF9004_10_0.html: -0 +3
     + <ol>
     + <li>Doctors say I keep you healthy. 6. I am round. 7. I am a fruit. 8. Correct! Apple / <a href="https://www.i
     + </ol>
XGF9004: identical 14 / changed 4
XGF9006: identical 8 / changed 0
XLP01: identical 5 / changed 0
  ~ XLP02_2_0.html: -1 +2
     - </div><p class="cv2-note" style="color: red; font-weight: bold;">Writers Note: [image] Blank form<br />[image]
     + <p>weekly timetable 4. Daily or weekly schedules.</p><p class="cv2-note" style="color: red; font-weight: bold;
     + </div>
  ~ XLP02_4_0.html: -0 +1
     + <p>Image on front, description on reverse</p>
  ~ XLP02_5_0.html: -0 +1
     + <p>Front has image, reverse has WH word. Place in grid layout.</p>
XLP02: identical 4 / changed 3
  ~ XLP03_2_0.html: -0 +1
     + <p>requesting fruit and snacks Requesting food such as fruit and snacks. Say the word “more?” and use the sign
XLP03: identical 5 / changed 1
  ~ XLP04_4_0.html: -1 +4
     - </div><p class="cv2-note" style="color: red; font-weight: bold;">Writers Note: [image] sensory bin</p>
     + <ol>
     + <li>Encourage turn-taking and communication.</li>
     + </ol><p class="cv2-note" style="color: red; font-weight: bold;">Writers Note: [image] sensory bin</p>
     + </div>
XLP04: identical 4 / changed 1
  ~ XLP05_4_0.html: -0 +1
     + <p>these do not need to flip as all the information is contained on one side. I just want the layout of cards 
XLP05: identical 5 / changed 1
XLP06: identical 3 / changed 0
  ~ XMES101_1_0.html: -0 +1
     + <p>Please create a carousel with the captions at the bottom of each image.</p>
  ~ XMES101_7_0.html: -0 +1
     + <p>Image on the front, text on the back</p>
XMES101: identical 7 / changed 2
XMES102: identical 6 / changed 0
  ~ XMES103_1_0.html: -1 +3
     - </div><p class="cv2-note" style="color: red; font-weight: bold;">Writers Note: [insert video] Name game video<
     + <p>ball roll to caregiver / whānau • Have your hua ako call out each name and you roll the ball to the correct
     + <p>Dev team, can we make videos of this to demo?</p>
     + </div>
XMES103: identical 5 / changed 1
  ~ XMES201_1_0.html: -0 +1
     + <p>In this video there are some pet names spoken in te reo Māori. Have a go at saying them with your hoa ako.<
  ~ XMES201_2_0.html: -0 +2
     + <p>dog with collar and leash A dog needs a leash and collar to walk safely.</p>
     + <p>cat with collar and toy A cat needs a collar and some toys.</p>
XMES201: identical 4 / changed 2
  ~ XMES203_5_0.html: -0 +1
     + <p>Dev team please make these grid/waffle layout.</p>
XMES203: identical 5 / changed 1
XTAS101: identical 5 / changed 0
XTAS102: identical 6 / changed 0
XTAS103: identical 7 / changed 0
XWHA01: identical 2 / changed 0
XWHA02: identical 6 / changed 0

TOTAL: identical 496 / changed 47 / missing 0 over 104 modules
CHANGED: OSSC501/OSSC501_2_0.html OSSM301/OSSM301_2_0.html OSSM301/OSSM301_3_0.html OSSM401/OSSM401_1_0.html OSSM401/OSSM401_3_0.html OSSM401/OSSM401_4_0.html PES1003/PES1003_8_0.html PES1004/PES1004_4_0.html PHE1005/PHE1005_1_0.html PHE1005/PHE1005_4_0.html PHE1007/PHE1007_1_0.html SCPH301/SCPH301_8_0.html SSCI205/SSCI205_3_0.html SSCI205/SSCI205_4_0.html SSCI205/SSCI205_5_0.html SSCI205/SSCI205_6_0.html SSCI205/SSCI205_7_0.html SSFUN01/SSFUN01_0_0.html SSFUN03/SSFUN03_0_0.html SSOG101/SSOG101_1_0.html SSOG103/SSOG103_4_0.html TEDC401/TEDC401_4_0.html TEDC402/TEDC402_2_0.html TEFUN03/TEFUN03_0_0.html TEFUN08/TEFUN08_0_0.html TWHK901/TWHK901_0_0.html TWHK903/TWHK903_0_0.html XDLS905/XDLS905_4_0.html XDLS906/XDLS906_1_0.html XDLS912/XDLS912_3_0.html XGF9003/XGF9003_1_1.html XGF9004/XGF9004_2_0.html XGF9004/XGF9004_3_0.html XGF9004/XGF9004_8_0.html XGF9004/XGF9004_10_0.html XLP02/XLP02_2_0.html XLP02/XLP02_4_0.html XLP02/XLP02_5_0.html XLP03/XLP03_2_0.html XLP04/XLP04_4_0.html XLP05/XLP05_4_0.html XMES101/XMES101_1_0.html XMES101/XMES101_7_0.html XMES103/XMES103_1_0.html XMES201/XMES201_1_0.html XMES201/XMES201_2_0.html XMES203/XMES203_5_0.html
