EXBP901: identical 6 / changed 0
EXIP901: identical 5 / changed 1
EXPFUN02: identical 0 / changed 1
EXPFUN03: identical 0 / changed 1
EXPFUN04: identical 0 / changed 1
EXPFUN05: identical 0 / changed 1
EXPFUN06: identical 0 / changed 1
EXPFUN07: identical 1 / changed 0
HES1003: identical 9 / changed 0
HES1004: identical 5 / changed 0
HES1005: identical 9 / changed 0
HES1006: identical 8 / changed 0
HES1007: identical 10 / changed 0
HIS1001: identical 8 / changed 0
HIS1002: identical 21 / changed 0
HIS1003: identical 11 / changed 0
HIS1004: identical 11 / changed 0
HIS1005: identical 14 / changed 1
HIS1006: identical 13 / changed 2
HIS1007: identical 7 / changed 0
HIS1008: identical 10 / changed 2
HPFUN101: identical 1 / changed 0
HPFUN102: identical 1 / changed 0
HPFUN103: identical 1 / changed 0
HPFUN201: identical 1 / changed 0
HPFUN202: identical 1 / changed 0
HPFUN203: identical 1 / changed 0
HPFUN301: identical 1 / changed 0
HPFUN302: identical 0 / changed 1
HPFUN303: identical 1 / changed 0
HPFUN401: identical 1 / changed 0
HPFUN402: identical 1 / changed 0
HPFUN403: identical 1 / changed 0
HPFUN901: identical 0 / changed 1
HPFUN902: identical 1 / changed 0
HPFUN903: identical 1 / changed 0
HPRE203: identical 7 / changed 1
MXDB102: identical 12 / changed 0
MXDB201: identical 7 / changed 0
MXDB202: identical 6 / changed 0
MXDB301: identical 8 / changed 0
MXDB302: identical 8 / changed 2
MXDI101: identical 11 / changed 0
MXDI102: identical 5 / changed 0
MXDI103: identical 10 / changed 0
MXDI201: identical 11 / changed 0
MXDI202: identical 12 / changed 0
MXDI301: identical 5 / changed 0
MXEO102: identical 5 / changed 0
MXEO201: identical 10 / changed 0
MXEO202: identical 9 / changed 0
MXEO301: identical 11 / changed 0
MXEO401: identical 6 / changed 1
MXEX101: identical 8 / changed 0
MXEX201: identical 6 / changed 0
MXEX202: identical 7 / changed 0
MXEX301: identical 8 / changed 0
MXEX302: identical 7 / changed 1
MXEX401: identical 7 / changed 0
MXFL101: identical 12 / changed 0
MXFL102: identical 9 / changed 0
MXFL103: identical 8 / changed 0
MXFL104: identical 6 / changed 0
MXFL201: identical 10 / changed 0
MXFL202: identical 6 / changed 0
MXFL203: identical 11 / changed 1
MXFL204: identical 11 / changed 1
MXFL301: identical 9 / changed 1
MXFL302: identical 10 / changed 0
MXFL401: identical 6 / changed 2
MXFU201: identical 8 / changed 2
MXFU202: identical 11 / changed 0
MXFU301: identical 11 / changed 1
MXFU302: identical 10 / changed 0
MXFU401: identical 7 / changed 0
MXFU402: identical 7 / changed 1
MXFUN01: identical 19 / changed 0
MXFUN02: identical 1 / changed 0
MXFUN03: identical 0 / changed 1
OSAH301: identical 4 / changed 0
OSAH401: identical 5 / changed 0
OSAH501: identical 6 / changed 0
OSAI101: identical 2 / changed 1
OSAI201: identical 4 / changed 0
OSAI301: identical 3 / changed 1
OSAI401: identical 4 / changed 1
OSAI501: identical 6 / changed 0
OSBY101: identical 4 / changed 0
OSBY201: identical 2 / changed 2
OSBY301: identical 3 / changed 1
OSBY401: identical 4 / changed 1
OSBY501: identical 4 / changed 2
OSGM101: identical 2 / changed 1
OSGM201: identical 3 / changed 1
OSGM301: identical 3 / changed 1
OSGM401: identical 3 / changed 2
OSGM501: identical 6 / changed 0
OSOH101: identical 2 / changed 2
OSOH201: identical 1 / changed 3
OSOH301: identical 3 / changed 1
OSOH401: identical 4 / changed 1
OSOH501: identical 4 / changed 2
OSSC301: identical 3 / changed 1
OSSC401: identical 2 / changed 3

TOTAL: identical 606 / changed 55 / missing 0 over 104 modules
CHANGED: EXIP901/EXIP901_5_0.html EXPFUN02/EXPFUN02_0_0.html EXPFUN03/EXPFUN03_0_0.html EXPFUN04/EXPFUN04_0_0.html EXPFUN05/EXPFUN05_0_0.html EXPFUN06/EXPFUN06_0_0.html HIS1005/HIS1005_3_0.html HIS1006/HIS1006_1_0.html HIS1006/HIS1006_2_0.html HIS1008/HIS1008_1_0.html HIS1008/HIS1008_2_0.html HPFUN302/HPFUN302_0_0.html HPFUN901/HPFUN901_0_0.html HPRE203/HPRE203_7_0.html MXDB302/MXDB302_3_0.html MXDB302/MXDB302_4_0.html MXEO401/MXEO401_1_0.html MXEX302/MXEX302_6_0.html MXFL203/MXFL203_2_0.html MXFL204/MXFL204_9_0.html MXFL301/MXFL301_1_0.html MXFL401/MXFL401_4_0.html MXFL401/MXFL401_5_0.html MXFU201/MXFU201_4_0.html MXFU201/MXFU201_8_0.html MXFU301/MXFU301_5_0.html MXFU402/MXFU402_1_0.html MXFUN03/MXFUN03_0_0.html OSAI101/OSAI101_2_0.html OSAI301/OSAI301_2_0.html OSAI401/OSAI401_4_0.html OSBY201/OSBY201_2_0.html OSBY201/OSBY201_3_0.html OSBY301/OSBY301_2_0.html OSBY401/OSBY401_2_0.html OSBY501/OSBY501_2_0.html OSBY501/OSBY501_5_0.html OSGM101/OSGM101_2_0.html OSGM201/OSGM201_1_0.html OSGM301/OSGM301_2_0.html OSGM401/OSGM401_1_0.html OSGM401/OSGM401_3_0.html OSOH101/OSOH101_2_0.html OSOH101/OSOH101_3_0.html OSOH201/OSOH201_1_0.html OSOH201/OSOH201_2_0.html OSOH201/OSOH201_3_0.html OSOH301/OSOH301_2_0.html OSOH401/OSOH401_1_0.html OSOH501/OSOH501_1_0.html OSOH501/OSOH501_4_0.html OSSC301/OSSC301_2_0.html OSSC401/OSSC401_1_0.html OSSC401/OSSC401_2_0.html OSSC401/OSSC401_4_0.html
