🟠 [ModuleResolver] Multiple module-code candidates found (AGH1002, PPO1032) — using AGH1002 from filename "AGH1002 Writers Template + Media List.docx".
AGH1002: built 0 image carousels (all fell back)
🟠 [ModuleResolver] Multiple module-code candidates found (AGH1003, PPO1033) — using AGH1003 from filename "AGH1003 Writers Template + Media List.docx".
AGH1003: built 0 image carousels (all fell back)
AGH1004: built 0 image carousels (all fell back)
AGH1005: built 0 image carousels (all fell back)
🟠 [ModuleResolver] Multiple module-code candidates found (AGH1006, HTO1101) — using AGH1006 from filename "AGH1006 Writers Template + Media List.docx".
AGH1006: built 0 image carousels (all fell back)
AGH1007: built 0 image carousels (all fell back)
AGH1008: built 0 image carousels (all fell back)
🟠 [ModuleResolver] Multiple module-code candidates found (AGH1009, PPO1051) — using AGH1009 from filename "AGH1009 Writers Template + Media List.docx".
AGH1009: built 0 image carousels (all fell back)
🟢 [ModuleResolver] BLLR201 is not in the registry members — inherited from its level BLL2 (sibling rule).
BLLR201: built 0 image carousels (all fell back)
CEDO105: 3 image carousel(s), 12 slides [exact 0, copy-edit 0, defect 12, dev-image-swap 0]  ✗ 12 defect
CEDO202: built 0 image carousels (all fell back)
CEDO301: built 0 image carousels (all fell back)
CEDO502: built 0 image carousels (all fell back)
CEDR501: built 0 image carousels (all fell back)
CEDT501: built 0 image carousels (all fell back)
🟠 [ModuleResolver] Multiple module-code candidates found (CEDW501, MA000) — using CEDW501 from filename "CEDW501 Writers Template.docx".
CEDW501: built 0 image carousels (all fell back)
CHFUN04: 1 image carousel(s), 1 slides [exact 0, copy-edit 0, defect 1, dev-image-swap 0]  ✗ 1 defect
CHFUN05: 1 image carousel(s), 4 slides [exact 0, copy-edit 0, defect 4, dev-image-swap 0]  ✗ 4 defect
CHFUN06: built 0 image carousels (all fell back)
CHFUN07: built 0 image carousels (all fell back)
ENFUN01: built 0 image carousels (all fell back)
ENFUN08: built 0 image carousels (all fell back)
ENFUN09: built 0 image carousels (all fell back)
🟠 [ModuleResolver] Multiple module-code candidates found (ENGC202, EN000) — using ENGC202 from filename "ENGC202 Writers Template + Media List.docx".
ENGC202: built 0 image carousels (all fell back)
ENGI102: built 0 image carousels (all fell back)
🟠 [ModuleResolver] Multiple module-code candidates found (ENGI301, EN000) — using ENGI301 from filename "ENGI301 Writers Template + Media List.docx".
ENGI301: built 0 image carousels (all fell back)
🟠 [ModuleResolver] Multiple module-code candidates found (ENGI302, EN000) — using ENGI302 from filename "ENGI302 Writers Template + Media List.docx".
ENGI302: built 0 image carousels (all fell back)
🟠 [ModuleResolver] Multiple module-code candidates found (ENGI303, EN000) — using ENGI303 from filename "ENGI303 Writers Template + Media List.docx".
ENGI303: built 0 image carousels (all fell back)
ENGJ201: built 0 image carousels (all fell back)
🟠 [ModuleResolver] Multiple module-code candidates found (ENGR101, EN000) — using ENGR101 from filename "ENGR101 Writers Template + Media List.docx".
ENGR101: built 0 image carousels (all fell back)
🟠 [ModuleResolver] Multiple module-code candidates found (ENGR201, EN000) — using ENGR201 from filename "ENGR201 Writers Template + Media List.docx".
ENGR201: built 0 image carousels (all fell back)
🟠 [ModuleResolver] Multiple module-code candidates found (ENGS401, EN000) — using ENGS401 from filename "ENGS401 Writers Template + Media List.docx".
ENGS401: built 0 image carousels (all fell back)
🟠 [DocxExtractor] No [TITLE BAR]/[Fundamental content] opener — content started at the first structural tag instead; check the first page for stray front-matter.
EXPFUN06: built 0 image carousels (all fell back)
HPFUN201: built 0 image carousels (all fell back)
HPFUN302: built 0 image carousels (all fell back)
HPFUN903: built 0 image carousels (all fell back)
🟠 [ModuleResolver] HPRE203: no registry entry and no majority ruleset found — using global defaults. Check the code, or add the series to the registry.
HPRE203: built 0 image carousels (all fell back)
🟠 [ModuleResolver] Multiple module-code candidates found (MXDB302, MXO421) — using MXDB302 from filename "MXDB302 Writers Template + Media List.docx".
MXDB302: built 0 image carousels (all fell back)
MXDI103: built 0 image carousels (all fell back)
MXDI202: built 0 image carousels (all fell back)
OSAI101: built 0 image carousels (all fell back)
OSBY301: built 0 image carousels (all fell back)
OSBY401: built 0 image carousels (all fell back)
OSGM301: built 0 image carousels (all fell back)
OSOH301: built 0 image carousels (all fell back)
OSOH401: built 0 image carousels (all fell back)
OSSC301: built 0 image carousels (all fell back)
OSSM401: built 0 image carousels (all fell back)
PES1001: built 0 image carousels (all fell back)
PES1002: built 0 image carousels (all fell back)
PES1005: built 0 image carousels (all fell back)
🟠 [ModuleResolver] Multiple module-code candidates found (PES1007, SCO1013) — using PES1007 from filename "PES1007 Writers Template + Media List.docx".
PES1007: built 0 image carousels (all fell back)
🟠 [ModuleResolver] TEDC401: no registry entry and no majority ruleset found — using global defaults. Check the code, or add the series to the registry.
TEDC401: built 0 image carousels (all fell back)
🟠 [ModuleResolver] TEDC402: no registry entry and no majority ruleset found — using global defaults. Check the code, or add the series to the registry.
🟢 [DocxExtractor] Page-layout table dissolved into 2 stacked blocks (an [Activity] and a [speech bubble] shared one table — the finished page stacks them; round 306).
🟢 [DocxExtractor] Single-cell page-layout table dissolved into 1 stacked blocks (a one-cell table holding an [Activity] is a box the writer drew, not widget data; round 313).
🟢 [DocxExtractor] Page-layout table dissolved into 12 stacked blocks (an [Activity] and a [speech bubble] shared one table — the finished page stacks them; round 306).
🟢 [DocxExtractor] Page-layout table dissolved into 4 stacked blocks (an [Activity] and a [speech bubble] shared one table — the finished page stacks them; round 306).
🟢 [DocxExtractor] Page-layout table dissolved into 2 stacked blocks (an [Activity] and a [speech bubble] shared one table — the finished page stacks them; round 306).
🟢 [DocxExtractor] Page-layout table dissolved into 2 stacked blocks (an [Activity] and a [speech bubble] shared one table — the finished page stacks them; round 306).
🟢 [DocxExtractor] Page-layout table dissolved into 14 stacked blocks (an [Activity] and a [speech bubble] shared one table — the finished page stacks them; round 306).
🟢 [DocxExtractor] Page-layout table dissolved into 2 stacked blocks (an [Activity] and a [speech bubble] shared one table — the finished page stacks them; round 306).
🟢 [DocxExtractor] Page-layout table dissolved into 2 stacked blocks (an [Activity] and a [speech bubble] shared one table — the finished page stacks them; round 306).
🟢 [DocxExtractor] Page-layout table dissolved into 2 stacked blocks (an [Activity] and a [speech bubble] shared one table — the finished page stacks them; round 306).
🟢 [DocxExtractor] Page-layout table dissolved into 4 stacked blocks (an [Activity] and a [speech bubble] shared one table — the finished page stacks them; round 306).
🟢 [DocxExtractor] Page-layout table dissolved into 2 stacked blocks (an [Activity] and a [speech bubble] shared one table — the finished page stacks them; round 306).
🟢 [DocxExtractor] Page-layout table dissolved into 2 stacked blocks (an [Activity] and a [speech bubble] shared one table — the finished page stacks them; round 306).
TEDC402: built 0 image carousels (all fell back)
TWHA902: built 0 image carousels (all fell back)
TWHA905: built 0 image carousels (all fell back)
TWHK901: built 0 image carousels (all fell back)
TWHK903: built 0 image carousels (all fell back)
XDLS912: built 0 image carousels (all fell back)
XFUN02: built 0 image carousels (all fell back)
XGF9001: built 0 image carousels (all fell back)
XGF9003: 1 image carousel(s), 6 slides [exact 4, copy-edit 0, defect 0, dev-image-swap 2]  ✓ all slides match the human (exact / copy-edit / developer image-swap)
XGF9004: built 0 image carousels (all fell back)
XLP01: built 0 image carousels (all fell back)
XLP02: built 0 image carousels (all fell back)
🟠 [ModuleResolver] Multiple module-code candidates found (XLP03, XFUN03) — using XLP03 from filename "XLP03 Writers Template.docx".
XLP03: built 0 image carousels (all fell back)
🟠 [ModuleResolver] Multiple module-code candidates found (XLP04, XFUN03) — using XLP04 from filename "XLP04 Writers Template.docx".
XLP04: built 0 image carousels (all fell back)
XMES101: built 0 image carousels (all fell back)
XMES103: built 0 image carousels (all fell back)
XMES201: built 0 image carousels (all fell back)
XMES203: built 0 image carousels (all fell back)
XTAS101: built 0 image carousels (all fell back)
XTAS102: built 0 image carousels (all fell back)
XTAS103: built 0 image carousels (all fell back)

TOTAL: 6 image carousel(s) across 4 module(s), 23 slides; exact 4, copy-edit 0, defect 17, dev-image-swap 2.
RESULT: real defects present ✗
