OSSC501: identical 6 / changed 0
OSSM301: identical 5 / changed 0
  ~ OSSM401_4_0.html: -1 +1
     - </div><p class="cv2-note" style="color: red; font-weight: bold;">Writers Note: autoCheck The correct answer is
     + </div><p class="cv2-note" style="color: red; font-weight: bold;">Writers Note: autoCheck The correct answer is
OSSM401: identical 4 / changed 1
PES1001: identical 10 / changed 0
PES1002: identical 11 / changed 0
PES1003: identical 11 / changed 0
  ~ PES1004_9_0.html: -1 +1
     - </div><p class="cv2-note" style="color: red; font-weight: bold;">Writers Note: made by j jooks on nz grapher</
     + </div><p class="cv2-note" style="color: red; font-weight: bold;">Writers Note: made by J Jooks on NZ Grapher</
PES1004: identical 10 / changed 1
PES1005: identical 12 / changed 0
PES1007: identical 12 / changed 0
PES1008: identical 19 / changed 0
PHE1001: identical 5 / changed 0
PHE1002: identical 4 / changed 0
PHE1003: identical 11 / changed 0
PHE1004: identical 4 / changed 0
  ~ PHE1005_2_0.html: -1 +1
     - </div><p class="cv2-note" style="color: red; font-weight: bold;">Writers Note: with on one side, on other side
     + </div><p class="cv2-note" style="color: red; font-weight: bold;">Writers Note: with heading on one side, defin
PHE1005: identical 5 / changed 1
PHE1006: identical 6 / changed 0
PHE1007: identical 10 / changed 0
  ~ PHE1008_4_0.html: -1 +1
     - </div><p class="cv2-note" style="color: red; font-weight: bold;">Writers Note: [audio] [Dev can this be record
     + </div><p class="cv2-note" style="color: red; font-weight: bold;">Writers Note: [audio] [Dev can this be record
PHE1008: identical 5 / changed 1
PNR101: identical 2 / changed 0
PNR102: identical 3 / changed 0
PNR104: identical 3 / changed 0
  ~ SCCH301_1_0.html: -1 +1
     - </div><p class="cv2-note" style="color: red; font-weight: bold;">Writers Note: [button] Check answers<br />[bu
     + </div><p class="cv2-note" style="color: red; font-weight: bold;">Writers Note: [button] Check answers<br />[bu
  ~ SCCH301_2_0.html: -1 +1
     - </div><p class="cv2-note" style="color: red; font-weight: bold;">Writers Note: [button] Reset<br />[button] Un
     + </div><p class="cv2-note" style="color: red; font-weight: bold;">Writers Note: [button] Reset<br />[button] Un
  ~ SCCH301_3_0.html: -1 +1
     - </div><p class="cv2-note" style="color: red; font-weight: bold;">Writers Note: [button] Undo<br />[button] Res
     + </div><p class="cv2-note" style="color: red; font-weight: bold;">Writers Note: [button] Undo<br />[button] Res
SCCH301: identical 6 / changed 3
  ~ SCFUN01_0_0.html: -2 +2
     - </div><p class="cv2-note" style="color: red; font-weight: bold;">Writers Note: [image – next to image above]<b
     - </div><p class="cv2-note" style="color: red; font-weight: bold;">Writers Note: can we have these activities in
     + </div><p class="cv2-note" style="color: red; font-weight: bold;">Writers Note: [image – next to image above]<b
     + </div><p class="cv2-note" style="color: red; font-weight: bold;">Writers Note: Can we have these activities in
SCFUN01: identical 0 / changed 1
SCPH301: identical 9 / changed 0
SSCI205: identical 10 / changed 0
SSFUN01: identical 1 / changed 0
SSFUN02: identical 1 / changed 0
  ~ SSFUN03_0_0.html: -1 +1
     - </div><p class="cv2-note" style="color: red; font-weight: bold;">Writers Note: please place image of map with 
     + </div><p class="cv2-note" style="color: red; font-weight: bold;">Writers Note: please place image of map with 
SSFUN03: identical 0 / changed 1
SSFUN05: identical 1 / changed 0
SSFUN06: identical 1 / changed 0
SSFUN07: identical 5 / changed 0
SSFUN08: identical 1 / changed 0
  ~ SSOG101_1_0.html: -1 +1
     - </div><p class="cv2-note" style="color: red; font-weight: bold;">Writers Note: (Taken from Emergency Quiz)<br 
     + </div><p class="cv2-note" style="color: red; font-weight: bold;">Writers Note: (Taken from Emergency Quiz)<br 
SSOG101: identical 7 / changed 1
SSOG103: identical 7 / changed 0
SSOG301: identical 8 / changed 0
  ~ TEDC401_2_0.html: -2 +2
     - </div><p class="cv2-note" style="color: red; font-weight: bold;">Writers Note: sliders - good design are green
     - </div><p class="cv2-note" style="color: red; font-weight: bold;">Writers Note: click on each of the to reveal 
     + </div><p class="cv2-note" style="color: red; font-weight: bold;">Writers Note: sliders – good design options a
     + </div><p class="cv2-note" style="color: red; font-weight: bold;">Writers Note: click on each of the 3 images t
TEDC401: identical 7 / changed 1
TEDC402: identical 11 / changed 0
TEFUN01: identical 1 / changed 0
  ~ TEFUN02_0_0.html: -1 +1
     - </div><p class="cv2-note" style="color: red; font-weight: bold;">Writers Note: [developer please put the image
     + </div><p class="cv2-note" style="color: red; font-weight: bold;">Writers Note: [developer please put the image
TEFUN02: identical 0 / changed 1
  ~ TEFUN03_0_0.html: -3 +3
     - <a href="https://www.istockphoto.com/photo/cutting-the-branch-your-sitting-on-gm905697992-249726684" target="_
     - </div>
     - </div>
     + </div><p class="cv2-note" style="color: red; font-weight: bold;">Writers Note: Red box if possible H4</p>
     + </div><p class="cv2-note" style="color: red; font-weight: bold;">Writers Note: Red box if possible H4</p>
     + <a href="https://www.istockphoto.com/photo/cutting-the-branch-your-sitting-on-gm905697992-249726684" target="_
TEFUN03: identical 0 / changed 1
TEFUN04: identical 1 / changed 0
TEFUN05: identical 1 / changed 0
  ~ TEFUN06_0_0.html: -2 +2
     - </div><p class="cv2-note" style="color: red; font-weight: bold;">Writers Note: Just this image from the set:<b
     - <p>Can you find something with more than two parts that looks easy to recycle, upgrade, or repair?</p><p class
     + </div><p class="cv2-note" style="color: red; font-weight: bold;">Writers Note: Just this image from the set:<b
     + <p>Can you find something with more than two parts that looks easy to recycle, upgrade, or repair?</p><p class
TEFUN06: identical 0 / changed 1
TEFUN07: identical 1 / changed 0
  ~ TEFUN08_0_0.html: -1 +1
     - </div><p class="cv2-note" style="color: red; font-weight: bold;">Writers Note: of videos. note that these vide
     + </div><p class="cv2-note" style="color: red; font-weight: bold;">Writers Note: of videos. Note that these vide
TEFUN08: identical 0 / changed 1
TRR102: identical 6 / changed 0
TRR103: identical 4 / changed 0
TRR104: prep refused (no-wt)
TRR105: prep refused (no-wt)
TRR106: identical 2 / changed 0
TRR107: identical 3 / changed 0
TRR108: identical 3 / changed 0
TRR109: identical 6 / changed 0
TRR111: identical 6 / changed 0
TRR112: identical 5 / changed 0
TRR113: identical 5 / changed 0
TRR114: identical 4 / changed 0
TRR115: prep refused (no-wt)
TRR203: identical 4 / changed 0
TRR301: identical 4 / changed 0
TRR304: identical 3 / changed 0
TWHA901: identical 1 / changed 0
TWHA902: identical 1 / changed 0
TWHA903: identical 1 / changed 0
TWHA904: identical 1 / changed 0
TWHA905: identical 1 / changed 0
TWHA906: identical 1 / changed 0
TWHK901: identical 1 / changed 0
  ~ TWHK903_0_0.html: -1 +1
     - </div><p class="cv2-note" style="color: red; font-weight: bold;">Writers Note: on the front + description on t
     + </div><p class="cv2-note" style="color: red; font-weight: bold;">Writers Note: on the front + description on t
TWHK903: identical 0 / changed 1
XDLS501: identical 8 / changed 0
XDLS502: identical 5 / changed 0
  ~ XDLS901_3_0.html: -1 +1
     - </div><p class="cv2-note" style="color: red; font-weight: bold;">Writers Note: [H4] [Speech bubble conversatio
     + </div><p class="cv2-note" style="color: red; font-weight: bold;">Writers Note: [H4] [Speech bubble conversatio
XDLS901: identical 4 / changed 1
XDLS902: identical 8 / changed 0
XDLS903: identical 8 / changed 0
XDLS904: identical 8 / changed 0
XDLS905: identical 8 / changed 0
XDLS906: identical 8 / changed 0
XDLS908: identical 9 / changed 0
XDLS909: identical 5 / changed 0
XDLS911: identical 2 / changed 0
XDLS912: identical 6 / changed 0
XFUN01: identical 1 / changed 0
XFUN02: identical 7 / changed 0
  ~ XGF9001_0_0.html: -1 +1
     - </div><p class="cv2-note" style="color: red; font-weight: bold;">Writers Note: insert with one overlayed per</
     + </div><p class="cv2-note" style="color: red; font-weight: bold;">Writers Note: with one word overlayed per</p>
  ~ XGF9001_4_0.html: -1 +1
     - </div><p class="cv2-note" style="color: red; font-weight: bold;">Writers Note: create the following in an</p>
     + </div><p class="cv2-note" style="color: red; font-weight: bold;">Writers Note: Create the following in an</p>
  ~ XGF9001_6_0.html: -1 +1
     - </div><p class="cv2-note" style="color: red; font-weight: bold;">Writers Note: [Insert videos – carousel?]<br 
     + </div><p class="cv2-note" style="color: red; font-weight: bold;">Writers Note: [Insert videos – carousel?]<br 
XGF9001: identical 4 / changed 3
  ~ XGF9002_6_0.html: -1 +1
     - </div><p class="cv2-note" style="color: red; font-weight: bold;">Writers Note: . insert - cs - this might look
     + </div><p class="cv2-note" style="color: red; font-weight: bold;">Writers Note: . CS – this might look a bit cl
  ~ XGF9002_7_0.html: -1 +1
     - </div><p class="cv2-note" style="color: red; font-weight: bold;">Writers Note: . insert - cs - this might look
     + </div><p class="cv2-note" style="color: red; font-weight: bold;">Writers Note: . CS – this might look a bit cl
XGF9002: identical 8 / changed 2
  ~ XGF9003_1_0.html: -1 +1
     - </div><p class="cv2-note" style="color: red; font-weight: bold;">Writers Note: insert - cs, please randomise t
     + </div>
  ~ XGF9003_1_1.html: -1 +1
     - </div><p class="cv2-note" style="color: red; font-weight: bold;">Writers Note: videos – carousel / accordion? 
     + </div><p class="cv2-note" style="color: red; font-weight: bold;">Writers Note: videos – carousel / accordion? 
XGF9003: identical 4 / changed 2
  ~ XGF9004_3_0.html: -1 +1
     - </div><p class="cv2-note" style="color: red; font-weight: bold;">Writers Note: insert -might be too big and mi
     + </div><p class="cv2-note" style="color: red; font-weight: bold;">Writers Note: might be too big and might need
  ~ XGF9004_8_0.html: -1 +1
     - </div><p class="cv2-note" style="color: red; font-weight: bold;">Writers Note: https://www.istockphoto.com/pho
     + </div><p class="cv2-note" style="color: red; font-weight: bold;">Writers Note: with text added to speech bubbl
  ~ XGF9004_17_0.html: -1 +1
     - <p>Below, you will see some flip cards. Each card has a theme – Courage, Success, Natural, A Friend, and Real.
     + <p>Below, you will see some flip cards. Each card has a theme – Courage, Success, Natural, A Friend, and Real.
XGF9004: identical 15 / changed 3
  ~ XGF9006_3_0.html: -1 +1
     - </div><p class="cv2-note" style="color: red; font-weight: bold;">Writers Note: [Image]<br />insert - cs - woul
     + </div><p class="cv2-note" style="color: red; font-weight: bold;">Writers Note: [Image]<br />would these be bet
XGF9006: identical 7 / changed 1
  ~ XLP01_0_0.html: -1 +1
     - </div><p class="cv2-note" style="color: red; font-weight: bold;">Writers Note: bold headings at the , descript
     + </div><p class="cv2-note" style="color: red; font-weight: bold;">Writers Note: Bold headings at the front, des
  ~ XLP01_1_0.html: -1 +1
     - </div><p class="cv2-note" style="color: red; font-weight: bold;">Writers Note: [image]<br />in a grid-like lay
     + </div><p class="cv2-note" style="color: red; font-weight: bold;">Writers Note: [image]<br />in a grid-like lay
  ~ XLP01_2_0.html: -1 +1
     - </div><p class="cv2-note" style="color: red; font-weight: bold;">Writers Note: with on hover. please add these
     + </div><p class="cv2-note" style="color: red; font-weight: bold;">Writers Note: with speech on hover. Please ad
  ~ XLP01_3_0.html: -1 +1
     - </div><p class="cv2-note" style="color: red; font-weight: bold;">Writers Note: with labels : non-fiction books
     + </div><p class="cv2-note" style="color: red; font-weight: bold;">Writers Note: with labels Activity title: Non
XLP01: identical 1 / changed 4
  ~ XLP02_0_0.html: -1 +1
     - </div><p class="cv2-note" style="color: red; font-weight: bold;">Writers Note: please place on : front of card
     + </div><p class="cv2-note" style="color: red; font-weight: bold;">Writers Note: please place on Flip cards: fro
  ~ XLP02_1_0.html: -1 +1
     - </div><p class="cv2-note" style="color: red; font-weight: bold;">Writers Note: [Dev team to insert speech bubb
     + </div><p class="cv2-note" style="color: red; font-weight: bold;">Writers Note: [Dev team to insert speech bubb
  ~ XLP02_4_0.html: -1 +1
     - </div><p class="cv2-note" style="color: red; font-weight: bold;">Writers Note: Image on front, description on 
     + </div><p class="cv2-note" style="color: red; font-weight: bold;">Writers Note: Image on front, description on 
  ~ XLP02_5_0.html: -1 +1
     - </div><p class="cv2-note" style="color: red; font-weight: bold;">Writers Note: Front has image, reverse has WH
     + </div><p class="cv2-note" style="color: red; font-weight: bold;">Writers Note: Front has image, reverse has WH
XLP02: identical 3 / changed 4
  ~ XLP03_0_0.html: -1 +1
     - </div><p class="cv2-note" style="color: red; font-weight: bold;">Writers Note: Dev team to include word label 
     + </div><p class="cv2-note" style="color: red; font-weight: bold;">Writers Note: Dev team to include word label 
  ~ XLP03_1_0.html: -1 +1
     - </div><p class="cv2-note" style="color: red; font-weight: bold;">Writers Note: insert and click under &#39;spe
     + </div><p class="cv2-note" style="color: red; font-weight: bold;">Writers Note: and click accordion under ‘spec
  ~ XLP03_2_0.html: -1 +1
     - </div><p class="cv2-note" style="color: red; font-weight: bold;">Writers Note: insert . on front - description
     + </div><p class="cv2-note" style="color: red; font-weight: bold;">Writers Note: . Image on front – description 
  ~ XLP03_4_0.html: -1 +1
     - </div><p class="cv2-note" style="color: red; font-weight: bold;">Writers Note: insert - on front, words on</p>
     + </div>
  ~ XLP03_5_0.html: -1 +1
     - <p>Remember our <b>pre-counting strengths</b>. Model the word “same” with NZ sign language when matching these
     + <p>Remember our <b>pre-counting strengths</b>. Model the word “same” with NZ sign language when matching these
XLP03: identical 1 / changed 5
XLP04: identical 5 / changed 0
XLP05: identical 6 / changed 0
XLP06: identical 3 / changed 0
XMES101: identical 9 / changed 0
XMES102: identical 6 / changed 0
  ~ XMES103_5_0.html: -1 +1
     - </div><p class="cv2-note" style="color: red; font-weight: bold;">Writers Note: [image]<br />with captions on l
     + </div><p class="cv2-note" style="color: red; font-weight: bold;">Writers Note: [image]<br />with captions on r
XMES103: identical 5 / changed 1
  ~ XMES201_1_0.html: -1 +1
     - </div><p class="cv2-note" style="color: red; font-weight: bold;">Writers Note: insert with english words and t
     + </div><p class="cv2-note" style="color: red; font-weight: bold;">Writers Note: with English words and Te Reo o
  ~ XMES201_2_0.html: -2 +2
     - </div><p class="cv2-note" style="color: red; font-weight: bold;">Writers Note: [image]<br />on the , words of 
     - </div><p class="cv2-note" style="color: red; font-weight: bold;">Writers Note: insert with on the , text on th
     + </div><p class="cv2-note" style="color: red; font-weight: bold;">Writers Note: [image]<br />on the front, word
     + </div><p class="cv2-note" style="color: red; font-weight: bold;">Writers Note: with images on the front, text 
XMES201: identical 4 / changed 2
  ~ XMES203_2_0.html: -1 +1
     - </div>
     + </div><p class="cv2-note" style="color: red; font-weight: bold;">Writers Note: Put questions 1-7 into</p>
  ~ XMES203_5_0.html: -1 +1
     - </div><p class="cv2-note" style="color: red; font-weight: bold;">Writers Note: [image]<br />Dev team please ma
     + </div><p class="cv2-note" style="color: red; font-weight: bold;">Writers Note: [image]<br />Dev team please ma
XMES203: identical 4 / changed 2
  ~ XTAS101_0_0.html: -1 +1
     - </div><p class="cv2-note" style="color: red; font-weight: bold;">Writers Note: [image] teens doing art togethe
     + </div><p class="cv2-note" style="color: red; font-weight: bold;">Writers Note: [image] teens doing art togethe
XTAS101: identical 4 / changed 1
  ~ XTAS102_2_0.html: -2 +2
     - <p>Ka pai! You have done lots of counting.</p>
     - </div><p class="cv2-note" style="color: red; font-weight: bold;">Writers Note: [image]<br />insert - on front,
     + <p>Ka pai! You have done lots of counting.</p><p class="cv2-note" style="color: red; font-weight: bold;">Write
     + </div><p class="cv2-note" style="color: red; font-weight: bold;">Writers Note: [image]</p>
  ~ XTAS102_3_0.html: -1 +1
     - </div><p class="cv2-note" style="color: red; font-weight: bold;">Writers Note: insert with icons - green and b
     + </div><p class="cv2-note" style="color: red; font-weight: bold;">Writers Note: with icons – green and blue for
XTAS102: identical 4 / changed 2
  ~ XTAS103_2_1.html: -1 +1
     - </div><p class="cv2-note" style="color: red; font-weight: bold;">Writers Note: [image]<br />insert with on the
     + </div><p class="cv2-note" style="color: red; font-weight: bold;">Writers Note: [image]</p>
XTAS103: identical 6 / changed 1
XWHA01: identical 2 / changed 0
XWHA02: identical 6 / changed 0

TOTAL: identical 493 / changed 50 / missing 0 over 104 modules
CHANGED: OSSM401/OSSM401_4_0.html PES1004/PES1004_9_0.html PHE1005/PHE1005_2_0.html PHE1008/PHE1008_4_0.html SCCH301/SCCH301_1_0.html SCCH301/SCCH301_2_0.html SCCH301/SCCH301_3_0.html SCFUN01/SCFUN01_0_0.html SSFUN03/SSFUN03_0_0.html SSOG101/SSOG101_1_0.html TEDC401/TEDC401_2_0.html TEFUN02/TEFUN02_0_0.html TEFUN03/TEFUN03_0_0.html TEFUN06/TEFUN06_0_0.html TEFUN08/TEFUN08_0_0.html TWHK903/TWHK903_0_0.html XDLS901/XDLS901_3_0.html XGF9001/XGF9001_0_0.html XGF9001/XGF9001_4_0.html XGF9001/XGF9001_6_0.html XGF9002/XGF9002_6_0.html XGF9002/XGF9002_7_0.html XGF9003/XGF9003_1_0.html XGF9003/XGF9003_1_1.html XGF9004/XGF9004_3_0.html XGF9004/XGF9004_8_0.html XGF9004/XGF9004_17_0.html XGF9006/XGF9006_3_0.html XLP01/XLP01_0_0.html XLP01/XLP01_1_0.html XLP01/XLP01_2_0.html XLP01/XLP01_3_0.html XLP02/XLP02_0_0.html XLP02/XLP02_1_0.html XLP02/XLP02_4_0.html XLP02/XLP02_5_0.html XLP03/XLP03_0_0.html XLP03/XLP03_1_0.html XLP03/XLP03_2_0.html XLP03/XLP03_4_0.html XLP03/XLP03_5_0.html XMES103/XMES103_5_0.html XMES201/XMES201_1_0.html XMES201/XMES201_2_0.html XMES203/XMES203_2_0.html XMES203/XMES203_5_0.html XTAS101/XTAS101_0_0.html XTAS102/XTAS102_2_0.html XTAS102/XTAS102_3_0.html XTAS103/XTAS103_2_1.html
