pages with duplicated 8-word shingles: 92
  DUP ANZH205/ANZH205_6_0.html 110 ['hahana kids the big problem with the treaty', 'kids the big problem with the treaty hahana']
  DUP ANZH303/ANZH303_5_0.html 31 ['en wikipedia org wiki flag_of_the_united_tribes_of_new_zealand text it 20was', 'wikipedia org wiki flag_of_the_united_tribes_of_new_zealand text it 20was 20adopted']
  DUP ARFUN04/ARFUN04_0_0.html 141 ['https tekura desire2learn com d2l le content 11787', 'tekura desire2learn com d2l le content 11787 viewcontent']
  DUP BLL110/BLL110_0_0.html 53 ['can we change the name on the button', 'we change the name on the button from']
  DUP BLL120/BLL120_0_0.html 429 ['check in where ākonga can upload some of', 'in where ākonga can upload some of their']
  DUP BLL137/BLL137_1_1.html 4 ['to show your kaiako upload to dropbox designer', 'show your kaiako upload to dropbox designer developer']
  DUP BLL140/BLL140_0_0.html 34 ['find things in your home or neighbourhood that', 'things in your home or neighbourhood that have']
  DUP BLL150/BLL150_0_0.html 34 ['find things in your home or neighbourhood that', 'things in your home or neighbourhood that have']
  DUP BLL160/BLL160_0_0.html 44 ['find things in your home or neighbourhood that', 'things in your home or neighbourhood that have']
  DUP BLL170/BLL170_0_0.html 21 ['find things in your home or neighbourhood that', 'things in your home or neighbourhood that have']
  DUP BLL210/BLL210_0_0.html 78 ['find things in your home or neighbourhood that', 'things in your home or neighbourhood that have']
  DUP BLL220/BLL220_0_0.html 33 ['learn to read ay ai and a_e phonics', 'to read ay ai and a_e phonics and']
pages with lost 8-word shingles: 270
  LOST AGH1002/AGH1002_5_0.html 7 ['of nutrients in a soil depend on parent', 'nutrients in a soil depend on parent material']
  LOST AGH1004/AGH1004_6_0.html 7 ['is grown in different regions of aotearoa consumer', 'grown in different regions of aotearoa consumer demand']
  LOST AGH1006/AGH1006_2_0.html 21 ['systems propagation occurs in several important ways sowing', 'propagation occurs in several important ways sowing the']
  LOST AGH1006/AGH1006_8_0.html 7 ['less susceptible to particular pests or diseases writers', 'susceptible to particular pests or diseases writers note']
  LOST AGH1009/AGH1009_1_0.html 28 ['to land preservation include partnership partnership principle partnership', 'land preservation include partnership partnership principle partnership partnership']
  LOST AGH1009/AGH1009_8_0.html 15 ['livestock rates can help mitigate these emissions precision', 'rates can help mitigate these emissions precision fertilisers']
  LOST ANZH205/ANZH205_3_0.html 13 ['please speed this up to 1 5x how', 'speed this up to 1 5x how was']
  LOST ANZH205/ANZH205_6_0.html 68 ['to match also display each page individually what', 'match also display each page individually what can']
  LOST ANZH303/ANZH303_5_0.html 42 ['that are correct from the list below slide', 'are correct from the list below slide 1']
  LOST ANZH404/ANZH404_3_0.html 34 ['a good example of a primary source https', 'good example of a primary source https nzhistory']
  LOST ARFUN02/ARFUN02_0_0.html 28 ['to show the changes in the music movement', 'show the changes in the music movement suggestion']
  LOST ARFUN04/ARFUN04_0_0.html 350 ['your own art projects contrast and emphasis watch', 'own art projects contrast and emphasis watch watch']
