AGH1002/AGH1002_5_0.html     widgets kept                   gained-shingles   10 lost   7 dup   0
AGH1004/AGH1004_6_0.html     widgets kept                   gained-shingles   23 lost   7 dup   0
AGH1006/AGH1006_2_0.html     widgets kept                   gained-shingles  169 lost  21 dup   0
AGH1006/AGH1006_8_0.html     widgets kept                   gained-shingles   17 lost   7 dup   0
AGH1009/AGH1009_1_0.html     widgets kept                   gained-shingles  105 lost   7 dup   0
ANZH205/ANZH205_3_0.html     widgets kept                   gained-shingles   42 lost   7 dup   0
ARFUN04/ARFUN04_0_0.html     widgets kept                   gained-shingles    7 lost   0 dup   4
BLL114/BLL114_1_0.html       widgets kept                   gained-shingles   36 lost   7 dup   0
BLL117/BLL117_2_0.html       widgets kept                   gained-shingles   45 lost   7 dup   0
BLL123/BLL123_1_0.html       widgets kept                   gained-shingles   41 lost   7 dup   0
BLL127/BLL127_2_0.html       widgets kept                   gained-shingles   45 lost   7 dup   0
BLL137/BLL137_1_1.html       widgets kept                   gained-shingles   41 lost   7 dup   4
BLL140/BLL140_0_0.html       widgets kept                   gained-shingles   46 lost   7 dup   0
BLL150/BLL150_0_0.html       widgets kept                   gained-shingles   46 lost   7 dup   0
BLL156/BLL156_1_1.html       widgets kept                   gained-shingles   21 lost   7 dup   0
BLL157/BLL157_1_1.html       widgets kept                   gained-shingles   21 lost   6 dup   0
BLL160/BLL160_0_0.html       widgets kept                   gained-shingles   46 lost   7 dup   0
BLL170/BLL170_0_0.html       widgets kept                   gained-shingles   46 lost   7 dup   0
BLL210/BLL210_0_0.html       widgets kept                   gained-shingles   60 lost  14 dup   0
BLL240/BLL240_1_2.html       widgets kept                   gained-shingles   11 lost   7 dup   0
BLL240/BLL240_1_5.html       widgets kept                   gained-shingles   11 lost   7 dup   0
BLL240/BLL240_1_6.html       widgets kept                   gained-shingles   22 lost   7 dup   0
BLL240/BLL240_1_7.html       widgets kept                   gained-shingles   69 lost   7 dup   0
BLL246/BLL246_1_0.html       widgets kept                   gained-shingles   54 lost   7 dup   0
BLL251/BLL251_2_0.html       widgets kept                   gained-shingles    7 lost   3 dup   0
CEDK101/CEDK101_0_0.html     widgets kept                   gained-shingles   15 lost   7 dup   0
CEDO102/CEDO102_0_0.html     widgets kept                   gained-shingles   44 lost  14 dup   0
CEDO202/CEDO202_0_0.html     widgets kept                   gained-shingles   65 lost   7 dup   2
CEDO301/CEDO301_6_0.html     widgets kept                   gained-shingles   64 lost   7 dup  19
CEDO502/CEDO502_2_0.html     widgets kept                   gained-shingles   27 lost   7 dup   0
CEDR501/CEDR501_2_0.html     widgets kept                   gained-shingles   16 lost   7 dup   0
CEDR501/CEDR501_3_0.html     widgets kept                   gained-shingles   14 lost   7 dup   0
CHFUN01/CHFUN01_0_0.html     widgets kept                   gained-shingles   18 lost   7 dup   0
CHFUN04/CHFUN04_0_0.html     widgets kept                   gained-shingles   16 lost   7 dup   0
CHFUN05/CHFUN05_0_0.html     widgets kept                   gained-shingles  247 lost  94 dup   2
CHFUN07/CHFUN07_0_0.html     widgets kept                   gained-shingles   13 lost   7 dup   0
ENFUN01/ENFUN01_0_0.html     widgets kept                   gained-shingles   32 lost   0 dup  20
ENFUN03/ENFUN03_0_0.html     widgets kept                   gained-shingles    7 lost   0 dup   2
ENFUN05/ENFUN05_0_0.html     widgets kept                   gained-shingles   11 lost   7 dup   0
ENFUN07/ENFUN07_0_0.html     widgets kept                   gained-shingles   31 lost   7 dup   0
ENFUN08/ENFUN08_0_0.html     widgets kept                   gained-shingles   14 lost   7 dup   0
ENFUN09/ENFUN09_0_0.html     widgets kept                   gained-shingles   12 lost   7 dup   0
ENGC201/ENGC201_3_0.html     widgets kept                   gained-shingles   62 lost   7 dup   0
ENGC401/ENGC401_6_0.html     widgets kept                   gained-shingles   13 lost   7 dup   0
ENGI201/ENGI201_2_0.html     widgets kept                   gained-shingles   11 lost   5 dup   0
ENGI202/ENGI202_5_0.html     widgets kept                   gained-shingles   38 lost   7 dup   0
ENGI302/ENGI302_5_0.html     widgets kept                   gained-shingles   37 lost   7 dup   0
ENGI401/ENGI401_1_0.html     widgets kept                   gained-shingles   31 lost   7 dup   0
ENGI401/ENGI401_3_0.html     widgets kept                   gained-shingles   15 lost   7 dup   0
ENGI405/ENGI405_5_0.html     widgets kept                   gained-shingles   33 lost  14 dup   0
ENGI405/ENGI405_6_0.html     widgets kept                   gained-shingles    7 lost   5 dup   0
ENGJ101/ENGJ101_2_0.html     widgets kept                   gained-shingles   11 lost   7 dup   0
ENGR101/ENGR101_1_0.html     widgets kept                   gained-shingles   20 lost   6 dup   0
ENGR102/ENGR102_4_0.html     widgets kept                   gained-shingles   19 lost   7 dup   0
ENGR202/ENGR202_1_0.html     widgets kept                   gained-shingles   25 lost   7 dup   0
ENGR202/ENGR202_5_0.html     widgets kept                   gained-shingles   17 lost   7 dup   0
ENGS101/ENGS101_4_0.html     widgets kept                   gained-shingles   17 lost   7 dup   0
ENGS101/ENGS101_5_0.html     widgets kept                   gained-shingles   10 lost   7 dup   0
ENGS102/ENGS102_4_0.html     widgets kept                   gained-shingles   19 lost   6 dup   0
ENGS401/ENGS401_1_0.html     widgets kept                   gained-shingles   22 lost   7 dup   0
ENGS401/ENGS401_6_0.html     widgets kept                   gained-shingles   47 lost   7 dup   0
HIS1005/HIS1005_3_0.html     widgets kept                   gained-shingles   31 lost   7 dup   0
HPFUN203/HPFUN203_0_0.html   widgets kept                   gained-shingles   11 lost   7 dup   0
HPFUN301/HPFUN301_0_0.html   widgets kept                   gained-shingles    7 lost   5 dup   0
HPFUN302/HPFUN302_0_0.html   widgets kept                   gained-shingles   40 lost   7 dup   0
HPFUN901/HPFUN901_0_0.html   widgets kept                   gained-shingles   11 lost   7 dup   0
HPRE203/HPRE203_5_0.html     widgets kept                   gained-shingles   33 lost   7 dup  64
HPRE203/HPRE203_7_0.html     widgets kept                   gained-shingles   10 lost   7 dup   0
MXDB302/MXDB302_8_0.html     widgets kept                   gained-shingles   14 lost   7 dup   2
MXEO401/MXEO401_1_0.html     widgets kept                   gained-shingles   22 lost   7 dup   0
MXEX301/MXEX301_2_0.html     widgets kept                   gained-shingles    7 lost   5 dup   0
MXEX302/MXEX302_6_0.html     widgets kept                   gained-shingles   40 lost   7 dup   0
MXFL104/MXFL104_1_0.html     widgets kept                   gained-shingles   11 lost   7 dup   0
MXFL203/MXFL203_2_0.html     widgets kept                   gained-shingles   26 lost   7 dup   0
MXFL204/MXFL204_9_0.html     widgets kept                   gained-shingles    7 lost   0 dup   0
MXFL301/MXFL301_1_0.html     widgets kept                   gained-shingles   16 lost   7 dup   0
MXFL302/MXFL302_5_1_0.html   widgets kept                   gained-shingles  102 lost  14 dup   5
MXFL401/MXFL401_4_0.html     widgets kept                   gained-shingles  112 lost   7 dup   0
MXFL401/MXFL401_5_0.html     widgets kept                   gained-shingles   29 lost   7 dup   0
MXFU201/MXFU201_4_0.html     widgets kept                   gained-shingles   15 lost   7 dup   0
MXFU201/MXFU201_8_0.html     widgets kept                   gained-shingles   17 lost   8 dup   0
MXFU301/MXFU301_3_0.html     widgets kept                   gained-shingles   18 lost   7 dup   0
MXFU301/MXFU301_5_0.html     widgets kept                   gained-shingles    7 lost   0 dup   4
MXFU402/MXFU402_1_0.html     widgets kept                   gained-shingles   12 lost   7 dup   0
MXFUN02/MXFUN02_0_0.html     widgets kept                   gained-shingles    6 lost   3 dup   0
OSAH301/OSAH301_1_0.html     widgets kept                   gained-shingles    7 lost   5 dup   0
OSAH301/OSAH301_2_0.html     widgets kept                   gained-shingles    7 lost   5 dup   0
OSAH401/OSAH401_3_0.html     widgets kept                   gained-shingles    4 lost   0 dup   0
OSAI101/OSAI101_2_0.html     widgets kept                   gained-shingles   87 lost  14 dup   0
OSAI301/OSAI301_2_0.html     widgets kept                   gained-shingles   12 lost   7 dup   0
OSBY301/OSBY301_2_0.html     widgets kept                   gained-shingles   23 lost   7 dup   6
OSBY301/OSBY301_3_0.html     widgets kept                   gained-shingles   11 lost   7 dup   0
OSBY401/OSBY401_2_0.html     widgets kept                   gained-shingles   23 lost   7 dup   6
OSBY501/OSBY501_2_0.html     widgets kept                   gained-shingles   32 lost   7 dup   0
OSBY501/OSBY501_5_0.html     widgets kept                   gained-shingles   17 lost   7 dup   0
OSGM101/OSGM101_2_0.html     widgets kept                   gained-shingles   49 lost  14 dup   0
OSGM201/OSGM201_1_0.html     widgets kept                   gained-shingles  148 lost  20 dup   0
OSGM301/OSGM301_1_0.html     widgets kept                   gained-shingles   15 lost   7 dup   0
OSGM301/OSGM301_2_0.html     widgets kept                   gained-shingles   12 lost   7 dup   0
OSGM401/OSGM401_1_0.html     widgets kept                   gained-shingles   31 lost   7 dup   0
OSGM401/OSGM401_2_0.html     widgets kept                   gained-shingles  152 lost   7 dup   0
OSGM401/OSGM401_3_0.html     widgets kept                   gained-shingles   18 lost   7 dup   0
OSGM501/OSGM501_1_0.html     widgets kept                   gained-shingles   12 lost   7 dup   0
OSOH101/OSOH101_2_0.html     widgets kept                   gained-shingles   23 lost   4 dup   0
OSOH101/OSOH101_3_0.html     widgets kept                   gained-shingles   18 lost   7 dup   0
OSOH201/OSOH201_1_0.html     widgets kept                   gained-shingles   42 lost   7 dup   0
OSOH301/OSOH301_2_0.html     widgets kept                   gained-shingles   12 lost   7 dup   0
OSOH401/OSOH401_1_0.html     widgets kept                   gained-shingles   15 lost   7 dup   0
OSOH401/OSOH401_2_0.html     widgets kept                   gained-shingles  115 lost   3 dup   6
OSOH501/OSOH501_1_0.html     widgets kept                   gained-shingles   20 lost   7 dup   0
OSOH501/OSOH501_4_0.html     widgets kept                   gained-shingles   12 lost   7 dup   0
OSSC401/OSSC401_1_0.html     widgets kept                   gained-shingles   11 lost   7 dup   0
OSSC401/OSSC401_2_0.html     widgets kept                   gained-shingles  354 lost  14 dup   0
OSSC501/OSSC501_2_0.html     widgets kept                   gained-shingles   10 lost   7 dup   0
OSSM301/OSSM301_2_0.html     widgets kept                   gained-shingles   25 lost  14 dup   0
OSSM301/OSSM301_3_0.html     widgets kept                   gained-shingles   25 lost   7 dup   0
OSSM401/OSSM401_1_0.html     widgets kept                   gained-shingles   94 lost   7 dup   0
OSSM401/OSSM401_3_0.html     widgets kept                   gained-shingles   83 lost  10 dup   0
OSSM401/OSSM401_4_0.html     widgets kept                   gained-shingles   14 lost   7 dup   0
PES1003/PES1003_8_0.html     widgets kept                   gained-shingles   18 lost   7 dup   0
PES1004/PES1004_4_0.html     widgets kept                   gained-shingles   20 lost   7 dup   0
PHE1005/PHE1005_1_0.html     widgets kept                   gained-shingles   25 lost   7 dup   0
PHE1005/PHE1005_4_0.html     widgets kept                   gained-shingles    7 lost   4 dup   0
PHE1007/PHE1007_1_0.html     widgets kept                   gained-shingles   21 lost   7 dup   0
SCPH301/SCPH301_8_0.html     widgets kept                   gained-shingles    7 lost   2 dup   0
SSCI205/SSCI205_3_0.html     widgets kept                   gained-shingles   23 lost   7 dup   0
SSCI205/SSCI205_4_0.html     widgets kept                   gained-shingles   32 lost   7 dup   0
SSCI205/SSCI205_5_0.html     widgets kept                   gained-shingles   23 lost   7 dup   0
SSCI205/SSCI205_6_0.html     widgets kept                   gained-shingles   16 lost   7 dup   0
SSCI205/SSCI205_7_0.html     widgets kept                   gained-shingles   31 lost   6 dup   0
SSFUN01/SSFUN01_0_0.html     widgets kept                   gained-shingles   58 lost   7 dup   0
SSFUN03/SSFUN03_0_0.html     widgets kept                   gained-shingles   22 lost   7 dup   0
SSOG101/SSOG101_1_0.html     widgets kept                   gained-shingles   41 lost   7 dup   0
SSOG103/SSOG103_4_0.html     widgets kept                   gained-shingles   40 lost   7 dup   0
TEDC401/TEDC401_4_0.html     widgets kept                   gained-shingles   96 lost   7 dup   0
TEDC402/TEDC402_2_0.html     widgets kept                   gained-shingles   31 lost   7 dup   0
TEFUN03/TEFUN03_0_0.html     widgets kept                   gained-shingles  251 lost   7 dup   0
TEFUN08/TEFUN08_0_0.html     widgets kept                   gained-shingles   64 lost  14 dup   0
TWHK901/TWHK901_0_0.html     widgets kept                   gained-shingles  159 lost  21 dup   0
TWHK903/TWHK903_0_0.html     widgets kept                   gained-shingles   32 lost   7 dup   0
XDLS905/XDLS905_4_0.html     widgets kept                   gained-shingles   13 lost   6 dup  14
XDLS906/XDLS906_1_0.html     widgets kept                   gained-shingles   13 lost   7 dup   0
XDLS912/XDLS912_3_0.html     widgets kept                   gained-shingles   13 lost   7 dup   0
XGF9003/XGF9003_1_1.html     widgets kept                   gained-shingles   20 lost   7 dup   0
XGF9004/XGF9004_10_0.html    widgets kept                   gained-shingles   33 lost   7 dup   0
XGF9004/XGF9004_2_0.html     widgets kept                   gained-shingles   13 lost   7 dup   0
XGF9004/XGF9004_3_0.html     widgets kept                   gained-shingles  343 lost   7 dup  14
XGF9004/XGF9004_8_0.html     widgets kept                   gained-shingles    7 lost   3 dup   0
XLP02/XLP02_2_0.html         widgets kept                   gained-shingles   10 lost   3 dup   0
XLP02/XLP02_4_0.html         widgets kept                   gained-shingles   13 lost   7 dup   0
XLP02/XLP02_5_0.html         widgets kept                   gained-shingles   18 lost   7 dup   0
XLP03/XLP03_2_0.html         widgets kept                   gained-shingles   42 lost   7 dup   0
XLP04/XLP04_4_0.html         widgets kept                   gained-shingles    7 lost   2 dup   0
XLP05/XLP05_4_0.html         widgets kept                   gained-shingles   33 lost   7 dup   0
XMES101/XMES101_1_0.html     widgets kept                   gained-shingles   20 lost   7 dup   0
XMES101/XMES101_7_0.html     widgets kept                   gained-shingles   15 lost   7 dup   0
XMES103/XMES103_1_0.html     widgets kept                   gained-shingles   28 lost   7 dup  30
XMES201/XMES201_1_0.html     widgets kept                   gained-shingles   30 lost   7 dup   0
XMES201/XMES201_2_0.html     widgets kept                   gained-shingles   31 lost   7 dup   4
XMES203/XMES203_5_0.html     widgets kept                   gained-shingles   15 lost   7 dup   0
pages 160 with a reverted widget 0 reverts {} net <p> added 228
pages with duplicated shingles 18
  DUP ('ARFUN04/ARFUN04_0_0.html', 4, 'https tekura desire2learn com d2l le content 11787')
  DUP ('BLL137/BLL137_1_1.html', 4, 'to show your kaiako upload to dropbox designer')
  DUP ('CEDO202/CEDO202_0_0.html', 2, 'film yourself so that you can remember it')
  DUP ('CEDO301/CEDO301_6_0.html', 19, 'ayurveda began in india more than 3000 years')
  DUP ('CHFUN05/CHFUN05_0_0.html', 2, 'click on the card to turn the statement')
  DUP ('ENFUN01/ENFUN01_0_0.html', 20, 'these children are in a holiday art class')
  DUP ('ENFUN03/ENFUN03_0_0.html', 2, 'https drive google com file d 1rk9c9pglnu5rcenn6z0jz eyvyc5g')
  DUP ('HPRE203/HPRE203_5_0.html', 64, 'jamie jamie is a wheelchair user who loves')
  DUP ('MXDB302/MXDB302_8_0.html', 2, 'text for card facing outwards text for flipped')
  DUP ('MXFL302/MXFL302_5_1_0.html', 5, '6 ¾ 5 ¼ 7 5 6 4')
pages with >10 lost shingles 13
  LOST ('AGH1006/AGH1006_2_0.html', 21, 'systems propagation occurs in several important ways sowing')
  LOST ('BLL210/BLL210_0_0.html', 14, 'on the image below to learn more nessy')
  LOST ('CEDO102/CEDO102_0_0.html', 14, 'out more about different types of camouflage concealing')
  LOST ('CHFUN05/CHFUN05_0_0.html', 94, 'about you how about me and chinese 我很好')
  LOST ('ENGI405/ENGI405_5_0.html', 14, 'to your journal to complete this activity quick')
  LOST ('MXFL302/MXFL302_5_1_0.html', 14, '01 writers note dropdown note self marking 2')
  LOST ('OSAI101/OSAI101_2_0.html', 14, 'what does a magical forest look like writers')
  LOST ('OSGM101/OSGM101_2_0.html', 14, 'to get a healthy balance of time my')
  LOST ('OSGM201/OSGM201_1_0.html', 20, 'what games they can be used for playstation')
  LOST ('OSSC401/OSSC401_2_0.html', 14, 'each to learn how to recognise them clickbait')
