BLL233: identical 3 / changed 0
BLL234: identical 3 / changed 0
BLL235: identical 3 / changed 0
BLL236: identical 3 / changed 0
BLL237: identical 3 / changed 0
BLL240: identical 9 / changed 0
BLL241: identical 3 / changed 0
BLL242: identical 3 / changed 0
BLL244: identical 3 / changed 0
BLL245: identical 3 / changed 0
BLL246: identical 3 / changed 0
BLL251: identical 3 / changed 0
BLL252: identical 3 / changed 0
BLL253: identical 3 / changed 0
BLL254: identical 3 / changed 0
BLL262: identical 3 / changed 0
BLL263: identical 3 / changed 0
  ~ BLLR201_0_0.html: -1 +1
     - <title>BLLR201 Te Tūhura i te Ao Huna o te Kōrero</title>
     + <title>BLLR201 Reading: Cracking the Story Code</title>
  ~ BLLR201_1_1.html: -1 +1
     - <h1><span>Te Tūhura i te Ao Huna o te Kōrero</span></h1>
     + <h1><span>Reading: Cracking the Story Code</span></h1>
BLLR201: identical 6 / changed 2
CEDK101: identical 1 / changed 0
CEDK102: identical 1 / changed 0
  ~ CEDK501_0_0.html: -2 +3
     - <title>CEDK501 Kia Mahitahi – Idea to Action</title>
     - <h1><span>Kia Mahitahi – Idea to Action</span></h1>
     + <title>CEDK501 Idea to Action</title>
     + <h1><span>Kia Mahitahi</span></h1>
     + <h1><span>Idea to Action</span></h1>
  ~ CEDK501_3_0.html: -1 +1
     - <h1><span>Kia Mahitahi – Idea to Action</span></h1>
     + <h1><span>Idea to Action</span></h1>
CEDK501: identical 12 / changed 2
CEDO102: identical 1 / changed 0
CEDO105: identical 6 / changed 0
CEDO202: identical 1 / changed 0
CEDO301: identical 6 / changed 0
  ~ CEDO501_0_0.html: -1 +1
     - <title>CEDO501 Te whai mōni</title>
     + <title>CEDO501 Your money</title>
CEDO501: identical 15 / changed 1
CEDO502: identical 10 / changed 0
CEDR201: identical 1 / changed 0
CEDR204: identical 1 / changed 0
CEDR301: identical 1 / changed 0
CEDR302: identical 1 / changed 0
  ~ CEDR501_0_0.html: -2 +3
     - <title>CEDR501 Whakarite – ready, set, succeed</title>
     - <h1><span>Whakarite – ready, set, succeed</span></h1>
     + <title>CEDR501 Ready, set, succeed</title>
     + <h1><span>Whakarite</span></h1>
     + <h1><span>Ready, set, succeed</span></h1>
CEDR501: identical 10 / changed 1
CEDT101: identical 1 / changed 0
CEDT104: identical 1 / changed 0
CEDT201: identical 1 / changed 0
CEDT202: identical 1 / changed 0
CEDT203: identical 1 / changed 0
CEDT204: identical 1 / changed 0
CEDT207: identical 8 / changed 0
CEDT208: identical 1 / changed 0
CEDT301: identical 7 / changed 0
CEDT404: identical 1 / changed 0
  ~ CEDT501_0_0.html: -1 +1
     - <title>CEDT501 Kia Māia</title>
     + <title>CEDT501 Stand Up, Speak Out</title>
CEDT501: identical 14 / changed 1
CEDW101: identical 1 / changed 0
CEDW201: identical 1 / changed 0
  ~ CEDW501_0_0.html: -1 +1
     - <title>CEDW501 Te Tāute Tāngata</title>
     + <title>CEDW501 Knowing Yourself</title>
  ~ CEDW501_7_1.html: -1 +1
     - <h1><span>Te Tāute Tāngata</span></h1>
     + <h1><span>Knowing Yourself</span></h1>
CEDW501: identical 11 / changed 2
CHFUN01: identical 1 / changed 0
CHFUN04: identical 1 / changed 0
CHFUN05: identical 1 / changed 0
CHFUN06: identical 1 / changed 0
CHFUN07: identical 1 / changed 0
ENFUN01: identical 1 / changed 0
ENFUN02: identical 1 / changed 0
ENFUN03: identical 1 / changed 0
ENFUN04: identical 1 / changed 0
ENFUN05: identical 1 / changed 0
ENFUN07: identical 1 / changed 0
ENFUN08: identical 1 / changed 0
ENFUN09: identical 1 / changed 0
ENG1004: identical 8 / changed 0
ENG1005: identical 6 / changed 0
ENG1007: identical 1 / changed 0
ENGC101: identical 6 / changed 0
ENGC102: identical 8 / changed 0
ENGC201: identical 7 / changed 0
ENGC202: identical 9 / changed 0
ENGC301: identical 8 / changed 0
ENGC302: identical 8 / changed 0
ENGC401: identical 8 / changed 0
ENGFUN02: identical 5 / changed 0
ENGI101: identical 4 / changed 0
ENGI102: identical 7 / changed 0
ENGI103: identical 7 / changed 0
ENGI201: identical 5 / changed 0
ENGI202: identical 7 / changed 0
ENGI203: identical 11 / changed 0
ENGI301: identical 6 / changed 0
ENGI302: identical 7 / changed 0
ENGI303: identical 7 / changed 0
ENGI400: identical 4 / changed 0
ENGI401: identical 12 / changed 0
ENGI405: identical 8 / changed 0
ENGJ101: identical 5 / changed 0
ENGJ102: identical 6 / changed 0
ENGJ201: identical 7 / changed 0
ENGJ202: identical 6 / changed 0
ENGJ301: identical 8 / changed 0
ENGJ302: identical 10 / changed 0
ENGJ402: identical 9 / changed 0
ENGJ403: identical 10 / changed 0
ENGR101: identical 8 / changed 0
ENGR102: identical 7 / changed 0
ENGR201: identical 7 / changed 0
ENGR202: identical 8 / changed 0
ENGR301: identical 9 / changed 0
ENGR302: identical 8 / changed 0
ENGS101: identical 6 / changed 0
ENGS102: identical 7 / changed 0
ENGS201: identical 9 / changed 0
ENGS202: identical 7 / changed 0
ENGS301: identical 8 / changed 0
ENGS302: identical 7 / changed 0
ENGS401: identical 7 / changed 0
ENGS405: identical 1 / changed 0

TOTAL: identical 512 / changed 9 / missing 0 over 104 modules
CHANGED: BLLR201/BLLR201_0_0.html BLLR201/BLLR201_1_1.html CEDK501/CEDK501_0_0.html CEDK501/CEDK501_3_0.html CEDO501/CEDO501_0_0.html CEDR501/CEDR501_0_0.html CEDT501/CEDT501_0_0.html CEDW501/CEDW501_0_0.html CEDW501/CEDW501_7_1.html
