🟠 [ModuleResolver] Multiple module-code candidates found (AGH1002, PPO1032) — using AGH1002 from filename "AGH1002 Writers Template + Media List.docx".
AGH1002: built 3 carousel(s), 0 video slides  ✓ all slide ids match the human
🟠 [ModuleResolver] Multiple module-code candidates found (AGH1003, PPO1033) — using AGH1003 from filename "AGH1003 Writers Template + Media List.docx".
AGH1003: built 2 carousel(s), 0 video slides  ✓ all slide ids match the human
AGH1004: built 4 carousel(s), 0 video slides  ✓ all slide ids match the human
AGH1005: built 6 carousel(s), 0 video slides  ✓ all slide ids match the human
🟠 [ModuleResolver] Multiple module-code candidates found (AGH1006, HTO1101) — using AGH1006 from filename "AGH1006 Writers Template + Media List.docx".
AGH1006: built 5 carousel(s), 0 video slides  ✓ all slide ids match the human
AGH1007: built 3 carousel(s), 0 video slides  ✓ all slide ids match the human
AGH1008: built 1 carousel(s), 0 video slides  ✓ all slide ids match the human
🟠 [ModuleResolver] Multiple module-code candidates found (AGH1009, PPO1051) — using AGH1009 from filename "AGH1009 Writers Template + Media List.docx".
AGH1009: built 9 carousel(s), 0 video slides  ✓ all slide ids match the human
🟢 [ModuleResolver] BLLR201 is not in the registry members — inherited from its level BLL2 (sibling rule).
BLLR201: built 5 carousel(s), 0 video slides  ✓ all slide ids match the human
CEDO105: built 6 carousel(s), 0 video slides  ✓ all slide ids match the human
CEDO202: built 1 carousel(s), 0 video slides  ✓ all slide ids match the human
CEDO301: built 1 carousel(s), 0 video slides  ✓ all slide ids match the human
CEDO502: built 2 carousel(s), 0 video slides  ✓ all slide ids match the human
CEDR501: built 5 carousel(s), 1 video slides  ✓ all slide ids match the human
CEDT501: built 3 carousel(s), 0 video slides  ✓ all slide ids match the human
🟠 [ModuleResolver] Multiple module-code candidates found (CEDW501, MA000) — using CEDW501 from filename "CEDW501 Writers Template.docx".
CEDW501: built 4 carousel(s), 4 video slides  ✓ all slide ids match the human
CHFUN04: built 4 carousel(s), 13 video slides  ✗ 1 slide id(s) NOT in the human carousels
CHFUN05: built 12 carousel(s), 20 video slides  ✓ all slide ids match the human
CHFUN06: built 5 carousel(s), 11 video slides  ✓ all slide ids match the human
CHFUN07: built 3 carousel(s), 5 video slides  ✓ all slide ids match the human
ENFUN01: built 1 carousel(s), 1 video slides  ✓ all slide ids match the human
ENFUN08: built 2 carousel(s), 0 video slides  ✓ all slide ids match the human
ENFUN09: built 2 carousel(s), 1 video slides  ✓ all slide ids match the human
🟠 [ModuleResolver] Multiple module-code candidates found (ENGC202, EN000) — using ENGC202 from filename "ENGC202 Writers Template + Media List.docx".
ENGC202: built 1 carousel(s), 2 video slides  ✗ 2 slide id(s) NOT in the human carousels
ENGI102: built 1 carousel(s), 5 video slides  ✓ all slide ids match the human
🟠 [ModuleResolver] Multiple module-code candidates found (ENGI301, EN000) — using ENGI301 from filename "ENGI301 Writers Template + Media List.docx".
ENGI301: built 1 carousel(s), 0 video slides  ✓ all slide ids match the human
🟠 [ModuleResolver] Multiple module-code candidates found (ENGI302, EN000) — using ENGI302 from filename "ENGI302 Writers Template + Media List.docx".
ENGI302: built 2 carousel(s), 0 video slides  ✓ all slide ids match the human
🟠 [ModuleResolver] Multiple module-code candidates found (ENGI303, EN000) — using ENGI303 from filename "ENGI303 Writers Template + Media List.docx".
ENGI303: built 2 carousel(s), 2 video slides  ✓ all slide ids match the human
ENGJ201: built 2 carousel(s), 0 video slides  ✓ all slide ids match the human
🟠 [ModuleResolver] Multiple module-code candidates found (ENGR101, EN000) — using ENGR101 from filename "ENGR101 Writers Template + Media List.docx".
ENGR101: built 2 carousel(s), 4 video slides  ✓ all slide ids match the human
🟠 [ModuleResolver] Multiple module-code candidates found (ENGR201, EN000) — using ENGR201 from filename "ENGR201 Writers Template + Media List.docx".
ENGR201: built 1 carousel(s), 0 video slides  ✓ all slide ids match the human
🟠 [ModuleResolver] Multiple module-code candidates found (ENGS401, EN000) — using ENGS401 from filename "ENGS401 Writers Template + Media List.docx".
ENGS401: built 2 carousel(s), 6 video slides  ✓ all slide ids match the human
🟠 [DocxExtractor] No [TITLE BAR]/[Fundamental content] opener — content started at the first structural tag instead; check the first page for stray front-matter.
EXPFUN06: built 2 carousel(s), 0 video slides  ✓ all slide ids match the human
HPFUN201: built 2 carousel(s), 0 video slides  ✓ all slide ids match the human
HPFUN302: built 3 carousel(s), 6 video slides  ✓ all slide ids match the human
HPFUN903: built 3 carousel(s), 6 video slides  ✓ all slide ids match the human
🟠 [ModuleResolver] HPRE203: no registry entry and no majority ruleset found — using global defaults. Check the code, or add the series to the registry.
HPRE203: built 4 carousel(s), 0 video slides  ✓ all slide ids match the human
🟠 [ModuleResolver] Multiple module-code candidates found (MXDB302, MXO421) — using MXDB302 from filename "MXDB302 Writers Template + Media List.docx".
MXDB302: built 7 carousel(s), 6 video slides  ✓ all slide ids match the human
MXDI103: built 6 carousel(s), 8 video slides  ✓ all slide ids match the human
MXDI202: built 1 carousel(s), 0 video slides  ✓ all slide ids match the human
OSAI101: built 2 carousel(s), 0 video slides  ✓ all slide ids match the human
OSBY301: built 2 carousel(s), 0 video slides  ✓ all slide ids match the human
OSBY401: built 1 carousel(s), 0 video slides  ✓ all slide ids match the human
OSGM301: built 1 carousel(s), 0 video slides  ✓ all slide ids match the human
OSOH301: built 1 carousel(s), 0 video slides  ✓ all slide ids match the human
OSOH401: built 3 carousel(s), 1 video slides  ✗ 1 slide id(s) NOT in the human carousels
OSSC301: built 1 carousel(s), 0 video slides  ✓ all slide ids match the human
OSSM401: built 2 carousel(s), 0 video slides  ✓ all slide ids match the human
PES1001: built 1 carousel(s), 0 video slides  ✓ all slide ids match the human
PES1002: built 6 carousel(s), 0 video slides  ✓ all slide ids match the human
PES1005: built 2 carousel(s), 0 video slides  ✓ all slide ids match the human
🟠 [ModuleResolver] Multiple module-code candidates found (PES1007, SCO1013) — using PES1007 from filename "PES1007 Writers Template + Media List.docx".
PES1007: built 1 carousel(s), 0 video slides  ✓ all slide ids match the human
🟠 [ModuleResolver] TEDC401: no registry entry and no majority ruleset found — using global defaults. Check the code, or add the series to the registry.
TEDC401: built 3 carousel(s), 0 video slides  ✓ all slide ids match the human
🟠 [ModuleResolver] TEDC402: no registry entry and no majority ruleset found — using global defaults. Check the code, or add the series to the registry.
🟢 [DocxExtractor] Page-layout table dissolved into 2 stacked blocks (an [Activity] and a [speech bubble] shared one table — the finished page stacks them; round 306).
🟢 [DocxExtractor] Single-cell page-layout table dissolved into 1 stacked blocks (a one-cell table holding an [Activity] is a box the writer drew, not widget data; round 313).
🟢 [DocxExtractor] Page-layout table dissolved into 12 stacked blocks (an [Activity] and a [speech bubble] shared one table — the finished page stacks them; round 306).
🟢 [DocxExtractor] Page-layout table dissolved into 4 stacked blocks (an [Activity] and a [speech bubble] shared one table — the finished page stacks them; round 306).
🟢 [DocxExtractor] Page-layout table dissolved into 2 stacked blocks (an [Activity] and a [speech bubble] shared one table — the finished page stacks them; round 306).
🟢 [DocxExtractor] Page-layout table dissolved into 2 stacked blocks (an [Activity] and a [speech bubble] shared one table — the finished page stacks them; round 306).
🟢 [DocxExtractor] Page-layout table dissolved into 14 stacked blocks (an [Activity] and a [speech bubble] shared one table — the finished page stacks them; round 306).
🟢 [DocxExtractor] Page-layout table dissolved into 2 stacked blocks (an [Activity] and a [speech bubble] shared one table — the finished page stacks them; round 306).
🟢 [DocxExtractor] Page-layout table dissolved into 2 stacked blocks (an [Activity] and a [speech bubble] shared one table — the finished page stacks them; round 306).
🟢 [DocxExtractor] Page-layout table dissolved into 2 stacked blocks (an [Activity] and a [speech bubble] shared one table — the finished page stacks them; round 306).
🟢 [DocxExtractor] Page-layout table dissolved into 4 stacked blocks (an [Activity] and a [speech bubble] shared one table — the finished page stacks them; round 306).
🟢 [DocxExtractor] Page-layout table dissolved into 2 stacked blocks (an [Activity] and a [speech bubble] shared one table — the finished page stacks them; round 306).
🟢 [DocxExtractor] Page-layout table dissolved into 2 stacked blocks (an [Activity] and a [speech bubble] shared one table — the finished page stacks them; round 306).
TEDC402: built 3 carousel(s), 4 video slides  ✓ all slide ids match the human
TWHA902: built 1 carousel(s), 0 video slides  ✓ all slide ids match the human
TWHA905: built 2 carousel(s), 0 video slides  ✓ all slide ids match the human
TWHK901: built 2 carousel(s), 0 video slides  ✓ all slide ids match the human
TWHK903: built 3 carousel(s), 0 video slides  ✓ all slide ids match the human
XDLS912: built 8 carousel(s), 0 video slides  ✓ all slide ids match the human
XFUN02: built 5 carousel(s), 0 video slides  ✓ all slide ids match the human
XGF9001: built 5 carousel(s), 18 video slides  ✓ all slide ids match the human
XGF9003: built 7 carousel(s), 20 video slides  ✗ 1 slide id(s) NOT in the human carousels
XGF9004: built 3 carousel(s), 11 video slides  ✗ 11 slide id(s) NOT in the human carousels
XLP01: built 8 carousel(s), 2 video slides  ✓ all slide ids match the human
XLP02: built 5 carousel(s), 2 video slides  ✓ all slide ids match the human
🟠 [ModuleResolver] Multiple module-code candidates found (XLP03, XFUN03) — using XLP03 from filename "XLP03 Writers Template.docx".
XLP03: built 4 carousel(s), 2 video slides  ✓ all slide ids match the human
🟠 [ModuleResolver] Multiple module-code candidates found (XLP04, XFUN03) — using XLP04 from filename "XLP04 Writers Template.docx".
XLP04: built 4 carousel(s), 6 video slides  ✓ all slide ids match the human
XMES101: built 5 carousel(s), 2 video slides  ✓ all slide ids match the human
XMES103: built 3 carousel(s), 0 video slides  ✓ all slide ids match the human
XMES201: built 8 carousel(s), 0 video slides  ✓ all slide ids match the human
XMES203: built 9 carousel(s), 0 video slides  ✓ all slide ids match the human
XTAS101: built 6 carousel(s), 0 video slides  ✓ all slide ids match the human
XTAS102: built 11 carousel(s), 0 video slides  ✓ all slide ids match the human
XTAS103: built 7 carousel(s), 0 video slides  ✓ all slide ids match the human

TOTAL: 266 carousels built across 74 modules, 169 video slides; 16 mismatched slide ids.
RESULT: mismatches present ✗
