BLL233: identical 3 / changed 0
BLL234: identical 3 / changed 0
BLL235: identical 3 / changed 0
BLL236: identical 3 / changed 0
BLL237: identical 3 / changed 0
BLL240: identical 9 / changed 0
BLL241: identical 3 / changed 0
BLL242: identical 3 / changed 0
BLL244: identical 3 / changed 0
BLL245: identical 3 / changed 0
BLL246: identical 3 / changed 0
BLL251: identical 3 / changed 0
BLL252: identical 3 / changed 0
BLL253: identical 3 / changed 0
BLL254: identical 3 / changed 0
BLL262: identical 3 / changed 0
BLL263: identical 3 / changed 0
BLLR201: identical 8 / changed 0
  ~ CEDK101_0_0.html: -8 +5
     - <div class="col-md-12 col-12 paddingR">
     - <h4><span>Learning Intentions</span></h4>
     - <h5><span>Understand</span></h5>
     - <h5><span>Know</span></h5>
     - <div class="col-md-6 col-12 paddingR">
     - <h5>Learning Intentions</h5>
     - <h5>Success Criteria</h5>
     - </div>
     + <h4><span>Understand</span></h4>
     + <h4><span>Know</span></h4>
     + <div class="col-md-6 col-12 paddingL">
     + <h5>Whāinga Ako | Learning Intentions</h5>
     + <h5>Paearu Angitu | Success Criteria</h5>
CEDK101: identical 0 / changed 1
  ~ CEDK102_0_0.html: -19 +4
     - <div class="col-md-12 col-12 paddingR">
     - <h4><span>Overview</span></h4>
     - <div class="col-md-6 col-12 paddingR">
     - <h4>Understand:</h4>
     - <h4>Know:</h4>
     - <h4>Do:</h4>
     - <div class="row">
     - <div class="col-md-8 col-12">
     - </div>
     - <div class="row">
     - <div class="col-md-8 col-12">
     - </div>
     - </div>
     - <div class="row">
     - <div class="col-md-8 col-12">
     - </div>
     - </div>
     - </div>
     - </div>
     + <h4><span>Understand</span></h4>
     + <h4><span>Know</span></h4>
     + <h4><span>Do</span></h4>
     + <div class="col-md-6 col-12 paddingL">
CEDK102: identical 0 / changed 1
CEDK501: identical 14 / changed 0
  ~ CEDO102_0_0.html: -7 +4
     - <div class="col-md-12 col-12 paddingR">
     - <h4><span>Learning Intentions</span></h4>
     - <h5><span>Understand</span></h5>
     - <h5><span>Know</span></h5>
     - <h5><span>Do</span></h5>
     - <div class="col-md-6 col-12 paddingR">
     - </div>
     + <h4><span>Understand</span></h4>
     + <h4><span>Know</span></h4>
     + <h4><span>Do</span></h4>
     + <div class="col-md-6 col-12 paddingL">
CEDO102: identical 0 / changed 1
CEDO105: identical 6 / changed 0
  ~ CEDO202_0_0.html: -7 +4
     - <div class="col-md-12 col-12 paddingR">
     - <h4><span>Learning Intentions</span></h4>
     - <h5><span>Understand</span></h5>
     - <h5><span>Know</span></h5>
     - <h5><span>Do</span></h5>
     - <div class="col-md-6 col-12 paddingR">
     - </div>
     + <h4><span>Understand</span></h4>
     + <h4><span>Know</span></h4>
     + <h4><span>Do</span></h4>
     + <div class="col-md-6 col-12 paddingL">
CEDO202: identical 0 / changed 1
CEDO301: identical 6 / changed 0
CEDO501: identical 16 / changed 0
CEDO502: identical 10 / changed 0
  ~ CEDR201_0_0.html: -19 +37
     - <p class="cv2-note" style="color: red; font-weight: bold;">Writers Note: Adjust the text below to suit your re
     - <p>UNDERSTAND</p>
     - <p>KNOW</p>
     - <p class="cv2-note" style="color: red; font-weight: bold;">Writers Note: Links on RHS (toolbox) to resources s
     - <p>In this module you will:</p>
     - <li>Learning outcome/intention</li>
     - <li>Learning outcome/intention</li>
     - <li>Learning outcome/intention</li>
     - <p>This module will:</p>
     - <ul>
     - <li>E.g. help you …</li>
     - <li>Enable you …</li>
     - <li>Show you …</li>
     - </ul>
     - <p><b>DO</b></p>
     - <p>This module will take approximately # hours to complete.</p>
     - <h5>You will show your understanding by…</h5>
     - <ul>
     - </ul>
     + <div id="module-head-buttons">
     + <div id="module-menu-button" class="circle-button btn1" tooltip="Overview"></div>
     + <div id="module-menu-content" class="moduleMenu">
     + <div class="row">
     + <div class="col-md-6 col-12 paddingR">
     + <h4><span>DO</span></h4>
     + <p>This module will take approximately # hours to complete.</p>
     + <h5>You will show your understanding by:</h5>
     + <ul>
     + <li></li>
     + </ul>
     + <ul>
     + <li></li>
     + <li></li>
     + </ul>
     + <div class="col-md-6 col-12 paddingL">
     + <p>UNDERSTAND</p>
     + <p>In this module you will:</p>
     + <ul>
     + <li>Learning outcome/intention</li>
     + … 17 more added
CEDR201: identical 0 / changed 1
  ~ CEDR204_0_0.html: -33 +19
     - <h3>Tirohanga Whānui | Overview</h3>
     - <h4>Understand</h4>
     - <h4>Know</h4>
     - <h4>Do:</h4>
     - <h4>Whāinga Ako | Learning Intentions</h4>
     - <h5><i>We are learning to:</i></h5>
     - <li>make and arrange soundscapes that show a specific mood or theme</li>
     - <li>create and perform rhythms using body percussion</li>
     - <li>find and use patterns in music to make our own compositions</li>
     - <li>use music notation to share our music with others</li>
     - <li>think about our creative process and results, figuring out what we&#39;re good at and what we can do bette
     - <h4>Paearu Angitu | How will I know if I’ve learned it?</h4>
     - <p><i>I can:</i></p>
     - <div class="col-md-8 col-12">
     - <div class="row">
     - <div class="col-md-8 col-12">
     - <div class="row">
     - <div class="col-md-8 col-12">
     - </div>
     - <div class="row">
     - <div class="col-md-8 col-12">
     - </div>
     - </div>
     - <div class="row">
     - <div class="col-md-8 col-12">
     - </div>
     - </div>
     - <div class="row">
     - <div class="col-md-8 col-12">
     - </div>
     - </div>
     - </div>
     - </div>
     + <div id="module-head-buttons">
     + <div id="module-menu-button" class="circle-button btn1" tooltip="Overview"></div>
     + <div id="module-menu-content" class="moduleMenu">
     + <div class="col-md-6 col-12 paddingR">
     + <h4><span>Understand</span></h4>
     + <h4><span>Know</span></h4>
     + <h4><span>Do</span></h4>
     + <div class="col-md-6 col-12 paddingL">
     + <h5>Whāinga Ako | Learning Intentions</h5>
     + <h5>We are learning:</h5>
     + <li>to make and arrange soundscapes that show a specific mood or theme</li>
     + <li>to create and perform rhythms using body percussion</li>
     + <li>to find and use patterns in music to make our own compositions</li>
     + <li>to use music notation to share our music with others</li>
     + <li>to think about our creative process and results, figuring out what we&#39;re good at and what we can do be
     + <h5>Paearu Angitu | How will I know if I’ve learned it?</h5>
     + <h5>I can:</h5>
     + </div>
     + </div>
CEDR204: identical 0 / changed 1
  ~ CEDR301_0_0.html: -19 +37
     - <p class="cv2-note" style="color: red; font-weight: bold;">Writers Note: Adjust the text below to suit your re
     - <p>UNDERSTAND</p>
     - <p>KNOW</p>
     - <p class="cv2-note" style="color: red; font-weight: bold;">Writers Note: Links on RHS (toolbox) to resources s
     - <p>In this module you will:</p>
     - <li>Learning outcome/intention</li>
     - <li>Learning outcome/intention</li>
     - <li>Learning outcome/intention</li>
     - <p>This module will:</p>
     - <ul>
     - <li>E.g. help you …</li>
     - <li>Enable you …</li>
     - <li>Show you …</li>
     - </ul>
     - <p><b>DO</b></p>
     - <p>This module will take approximately # hours to complete.</p>
     - <h5>You will show your understanding by…</h5>
     - <ul>
     - </ul>
     + <div id="module-head-buttons">
     + <div id="module-menu-button" class="circle-button btn1"></div>
     + <div id="module-menu-content" class="moduleMenu">
     + <div class="row">
     + <div class="col-md-6 col-12 paddingR">
     + <h4><span>DO</span></h4>
     + <p>This module will take approximately # hours to complete.</p>
     + <h5>You will show your understanding by:</h5>
     + <ul>
     + <li></li>
     + </ul>
     + <ul>
     + <li></li>
     + <li></li>
     + </ul>
     + <div class="col-md-6 col-12 paddingL">
     + <p>UNDERSTAND</p>
     + <p>In this module you will:</p>
     + <ul>
     + <li>Learning outcome/intention</li>
     + … 17 more added
CEDR301: identical 0 / changed 1
  ~ CEDR302_0_0.html: -163 +117
     - <p>Use the tabs, to begin your exploration of shadows, and prepare to measure them. Click on the orange icon o
     - <p>You will need some equipment for this inquiry. Click on the link below to find out what you will need.</p>
     - <p><i>You can refer to this</i> <b>equipment list</b> <i>at any time by clicking on the overview button in the
     - <div class="cv2-interactive cv2-int-ref" data-cv2-index="1" data-cv2-ref="CEDR302-00-01" style="border: 8px so
     - <div style="display: flex; align-items: center; gap: 14px"><span style="flex: 1; text-align: center; font-weig
     - <div class="cv2-int-raw" style="display: grid; grid-template-rows: 0fr; transition: grid-template-rows 0.35s e
     - <div style="min-height: 0; overflow: hidden">
     - <div style="padding-top: 14px">
     - <div class="cv2-interactive" data-cv2-index="1" style="border: 3px dashed #d9480f; background: #fff4e6; paddin
     - <p style="color: #d9480f; font-weight: bold">⚙ INTERACTIVE (un-built) #1: accordion (keep equipment) — Activit
     - <div style="font-size: 0.95em">
     - <p>When we wonder about light and dark, we can consider the influence that culture, people, places can have.</
     - <p>[H2] What do I know?</p>
     - <p>A good first step is to brainstorm what you know about shadows.</p>
     - <ul>
     - <li>Where have you seen shadows, and do they move?</li>
     - <li>Do you see light in the sky at night?</li>
     - </ul>
     - <p>You will find some help with brainstorming in the links on the right-hand side. Here is an example of a bra
     - </div>
     - </div>
     - </div>
     - <p class="cv2-note" style="color: red; font-weight: bold;">Red Flag: Un-built [dropDown] marker — no content c
     - <h4>What do I want to know?</h4>
     - <p>Here are some wonderings to get you started:</p>
     - <li>Is a light needed to make a shadow?</li>
     - <li>Are the calendar months related to light?</li>
     - <li>Does a shadow change during the day?</li>
     - <li>Why are there big shadows and little shadows?</li>
     - <li>How did Earth get daytime and night-time?</li>
     - <li>Does light travel through things?</li>
     - <li>Have I read stories about Papatūānuku and Ranginui? What do I know about this story?</li>
     - <p class="cv2-note" style="color: red; font-weight: bold;">Red Flag: Orphan sub-tag [shape n] outside an inter
     - <p class="cv2-note" style="color: red; font-weight: bold;">Writers Note: [Edit: Share with us]</p>
     - <p>Share your prior knowledge and ideas about light and dark and shadows with us. If you created it by hand, y
     - <p class="cv2-note" style="color: red; font-weight: bold;">Writers Note: [Edit]</p>
     - <p>Click on the titles below for some videos rauemi/resources to get you started on your exploration.</p>
     - <p class="cv2-note" style="color: red; font-weight: bold;">Writers Note: [Edit]Under Exploring Further<br />in
     - <p><a href="http://www.ngaituhoe.com/files/te_ao_maori_jun05.pdf" target="_blank">http://www.ngaituhoe.com/fil
     - <p>We have a wero for you!</p>
     - … 123 more removed
     + <div id="module-head-buttons">
     + <div id="module-menu-button" class="circle-button btn1"></div>
     + <div id="module-menu-content" class="moduleMenu">
     + <div class="row">
     + <div class="col-md-6 col-12 paddingR">
     + <h4><span>DO</span></h4>
     + <p>This module will take approximately # hours to complete.</p>
     + <h5>You will show your understanding by:</h5>
     + <ul>
     + <li></li>
     + </ul>
     + <ul>
     + <li></li>
     + <li></li>
     + </ul>
     + <div class="col-md-6 col-12 paddingL">
     + <p>Use the tabs, to begin your exploration of shadows, and prepare to measure them. Click on the orange icon o
     + <p>You will need some equipment for this inquiry. Click on the link below to find out what you will need.</p>
     + <p>You can refer to this <b>equipment list</b> at any time by clicking on the overview button in the top right
     + <p>When we wonder about light and dark, we can consider the influence that culture, people, places can have.</
     + … 97 more added
CEDR302: identical 0 / changed 1
CEDR501: identical 11 / changed 0
  ~ CEDT101_0_0.html: -21 +8
     - <div crumb="6"><p></p></div>
     - <h3>Understand:</h3>
     - <p><i>Making connections across related contexts (Social Sciences and Mathematics &amp; Statistics) and learni
     - <h3>Know:</h3>
     - <p><i>Learning about ourselves, our culture, who we are connected to, and where we come from can give us a sen
     - <h3>Do:</h3>
     - <p><i>Ākonga can listen to stories and retell stories from the past and understand how people might tell stori
     - <div class="inquiryPanel" rel="6">
     - <div class="col-md-8 col-12">
     - <div class="row">
     - <div class="col-md-8 col-12">
     - <div class="row">
     - <div class="col-md-8 col-12">
     - </div>
     - <div class="row">
     - <div class="col-md-8 col-12">
     - </div>
     - </div>
     - </div>
     - </div>
     - </div>
     + <div class="col-md-6 col-12 paddingR">
     + <h4><span>Understand</span></h4>
     + <p>Making connections across related contexts (Social Sciences and Mathematics &amp; Statistics) and learning 
     + <h4><span>Know</span></h4>
     + <p>Learning about ourselves, our culture, who we are connected to, and where we come from can give us a sense 
     + <h4><span>Do</span></h4>
     + <p>Ākonga can listen to stories and retell stories from the past and understand how people might tell stories 
     + <div class="col-md-6 col-12 paddingL">
CEDT101: identical 0 / changed 1
  ~ CEDT104_0_0.html: -4 +7
     - <div class="col-md-8 col-12">
     - <h5>Understand:</h5>
     - <h5>Know: Ākonga will know:</h5>
     - <h5>Do:</h5>
     + <div class="col-md-6 col-12 paddingR">
     + <h4><span>Understand</span></h4>
     + <h4><span>Know</span></h4>
     + <h5>Ākonga will know:</h5>
     + <h4><span>Do</span></h4>
     + <div class="col-md-6 col-12 paddingL">
     + </div>
CEDT104: identical 0 / changed 1
  ~ CEDT201_0_0.html: -5 +2
     - <div class="col-md-12 col-12 paddingR">
     - <h4><span>Learning Intentions</span></h4>
     - <h5><span>DO</span></h5>
     - <div class="col-md-6 col-12 paddingR">
     - </div>
     + <h4><span>DO</span></h4>
     + <div class="col-md-6 col-12 paddingL">
CEDT201: identical 0 / changed 1
  ~ CEDT202_0_0.html: -5 +2
     - <div class="col-md-12 col-12 paddingR">
     - <h4><span>Learning Intentions</span></h4>
     - <h5><span>DO</span></h5>
     - <div class="col-md-6 col-12 paddingR">
     - </div>
     + <h4><span>DO</span></h4>
     + <div class="col-md-6 col-12 paddingL">
CEDT202: identical 0 / changed 1
  ~ CEDT203_0_0.html: -5 +2
     - <div class="col-md-12 col-12 paddingR">
     - <h4><span>Learning Intentions</span></h4>
     - <h5><span>DO</span></h5>
     - <div class="col-md-6 col-12 paddingR">
     - </div>
     + <h4><span>DO</span></h4>
     + <div class="col-md-6 col-12 paddingL">
CEDT203: identical 0 / changed 1
  ~ CEDT204_0_0.html: -5 +2
     - <div class="col-md-12 col-12 paddingR">
     - <h4><span>Learning Intentions</span></h4>
     - <h5><span>DO</span></h5>
     - <div class="col-md-6 col-12 paddingR">
     - </div>
     + <h4><span>DO</span></h4>
     + <div class="col-md-6 col-12 paddingL">
CEDT204: identical 0 / changed 1
  ~ CEDT207_0_0.html: -15 +6
     - <div class="col-md-12 col-12 paddingR">
     - <h4><span>Learning Intentions</span></h4>
     - <h5><span>Understand</span></h5>
     - <div class="col-md-6 col-12 paddingR">
     - <div class="row">
     - <div class="col-md-8 col-12">
     - <h3><b>Know:</b> Learning about ourselves, our culture, who we are connected to, and where we come from can gi
     - <div class="row">
     - <div class="col-md-8 col-12">
     - <h3><b>Do:</b> Ākonga can engage in the visual arts by viewing artwork, bringing their own interpretations, sh
     - </div>
     - </div>
     - </div>
     - </div>
     - </div>
     + <h4><span>Understand</span></h4>
     + <h4><span>Know</span></h4>
     + <p>Learning about ourselves, our culture, who we are connected to, and where we come from can give us a sense 
     + <h4><span>Do</span></h4>
     + <p>Ākonga can engage in the visual arts by viewing artwork, bringing their own interpretations, sharing respon
     + <div class="col-md-6 col-12 paddingL">
CEDT207: identical 7 / changed 1
  ~ CEDT208_0_0.html: -7 +4
     - <div class="col-md-12 col-12 paddingR">
     - <h4><span>Learning Intentions</span></h4>
     - <h5><span>Understand</span></h5>
     - <h5><span>Know</span></h5>
     - <h5><span>Do</span></h5>
     - <div class="col-md-6 col-12 paddingR">
     - </div>
     + <h4><span>Understand</span></h4>
     + <h4><span>Know</span></h4>
     + <h4><span>Do</span></h4>
     + <div class="col-md-6 col-12 paddingL">
CEDT208: identical 0 / changed 1
  ~ CEDT301_0_0.html: -7 +4
     - <div class="col-md-12 col-12 paddingR">
     - <h4><span>Learning Intentions</span></h4>
     - <h5><span>Understand</span></h5>
     - <h5><span>Know</span></h5>
     - <h5><span>Do</span></h5>
     - <div class="col-md-6 col-12 paddingR">
     - </div>
     + <h4><span>Understand</span></h4>
     + <h4><span>Know</span></h4>
     + <h4><span>Do</span></h4>
     + <div class="col-md-6 col-12 paddingL">
CEDT301: identical 6 / changed 1
  ~ CEDT404_0_0.html: -4 +6
     - <h5>Understand</h5>
     - <h5>Know</h5>
     - <h5>Do:</h5>
     - <div class="col-md-8 col-12">
     + <div class="col-md-6 col-12 paddingR">
     + <h4><span>Understand</span></h4>
     + <h4><span>Know</span></h4>
     + <h4><span>Do</span></h4>
     + <div class="col-md-6 col-12 paddingL">
     + </div>
CEDT404: identical 0 / changed 1
CEDT501: identical 15 / changed 0
  ~ CEDW101_0_0.html: -40 +33
     - <h3>Tirohanga Whānui | Overview</h3>
     - <h4><b>Understand:</b> People hold different perspectives on the world depending on their values, traditions a
     - <h4><b>Know:</b> Relationships, language and culture shape identity. People build relationships through caring
     - <h4><b>Do:</b> Ākonga can explore and share about relationships with other people and listen to other peoples’
     - <h4>Whāinga Ako | Learning Intentions</h4>
     - <p><i>Will are learning:</i></p>
     - <li><i>to explore and understand how to show Manaakitanga to others and the environment.</i></li>
     - <h4>Paearu Angitu | Success Criteria</h4>
     - <p><i>I can:</i></p>
     - <li><i>identify and discuss who they care about and who cares about them</i></li>
     - <li><i>discuss what empathy is</i></li>
     - <li><i>undertake a range of activities that show kindness</i></li>
     - <li><i>identify and list values that are important within friendships and relationships</i></li>
     - <li><i>make statements about a pie graph</i></li>
     - <li><i>learn greetings in te reo and pacifica languages</i></li>
     - <li><i>undertake activities that involve helping others</i></li>
     - <li><i>discuss what recycling, reusing and reducing is and how this helps our environment</i></li>
     - <li><i>sort and classify recyclable materials</i></li>
     - <li><i>undertake activities that involve recycling, reusing and/or reducing.</i></li>
     - <h4>Introduction</h4>
     - <h4>Caring</h4>
     - <h4>Friendships</h4>
     - <h4>Helping</h4>
     - <div class="col-md-8 col-12">
     - <h4>Environment</h4>
     - <div class="row">
     - <div class="col-md-8 col-12">
     - <div class="row">
     - <div class="col-md-8 col-12">
     - </div>
     - <div class="row">
     - <div class="col-md-8 col-12">
     - </div>
     - </div>
     - <div class="row">
     - <div class="col-md-8 col-12">
     - </div>
     - </div>
     - </div>
     - </div>
     + <div id="module-head-buttons">
     + <div id="module-menu-button" class="circle-button btn1"></div>
     + <div id="module-menu-content" class="moduleMenu">
     + <div class="col-md-6 col-12 paddingR">
     + <h4><span>Understand</span></h4>
     + <p>People hold different perspectives on the world depending on their values, traditions and experiences, alon
     + <h4><span>Know</span></h4>
     + <p>Relationships, language and culture shape identity. People build relationships through caring, kindness, he
     + <h4><span>Do</span></h4>
     + <p>Ākonga can explore and share about relationships with other people and listen to other peoples’ stories and
     + <div class="col-md-6 col-12 paddingL">
     + <h5>Whāinga Ako | Learning Intentions</h5>
     + <p>Will are learning:</p>
     + <li>to explore and understand how to show Manaakitanga to others and the environment.</li>
     + <h5>Paearu Angitu | Success Criteria</h5>
     + <h5>I can:</h5>
     + <li>identify and discuss who they care about and who cares about them</li>
     + <li>discuss what empathy is</li>
     + <li>undertake a range of activities that show kindness</li>
     + <li>identify and list values that are important within friendships and relationships</li>
     + … 13 more added
CEDW101: identical 0 / changed 1
  ~ CEDW201_0_0.html: -42 +35
     - <h3>Tirohanga Whānui | Overview</h3>
     - <h4><b>Understand:</b> People hold different perspectives on the world depending on their values, traditions a
     - <h4><b>Know:</b> Relationships, language and culture shape identity. People build relationships through caring
     - <h4><b>Do:</b> Ākonga will explore and share ideas on manaakitanga through a variety of texts.</h4>
     - <h4>Whāinga Ako | Learning Intentions</h4>
     - <p><i>We are learning:</i></p>
     - <ul>
     - <li><i>that all texts carry ideas and help us to form our own ideas about the world</i></li>
     - <li><i>that language and literature give us insights into ourselves and others</i></li>
     - <li><i>that manaaki is shown and demonstrated in a variety of ways.</i></li>
     - </ul>
     - <h4>Paearu Angitu | Success Criteria</h4>
     - <p><i>I can:</i></p>
     - <ul>
     - <li><i>explore and discuss the different aspects of manaakitanga</i></li>
     - <li><i>explore different texts that carry the theme of manaakitanga</i></li>
     - <li><i>identify and describe different aspects of manaakitanga</i></li>
     - <li><i>relate aspects of manaakitanga to my own experiences and storytelling</i></li>
     - <li><i>create my own poems and develop literacy skills doing so</i></li>
     - <li><i>construct my own lego creation and/or video, making shapes out of other shapes.</i></li>
     - </ul>
     - <h4>Legends</h4>
     - <h5>Poetry Art</h5>
     - <h5>Video Fun</h5>
     - <div class="row">
     - <h5>Lego Story</h5>
     - <div class="row">
     - <div class="col-md-8 col-12">
     - <div class="row">
     - <div class="col-md-8 col-12">
     - <div class="row">
     - <div class="col-md-8 col-12">
     - </div>
     - <div class="row">
     - <div class="col-md-8 col-12">
     - </div>
     - </div>
     - <div class="col-md-8 col-12">
     - </div>
     - </div>
     - … 2 more removed
     + <div id="module-head-buttons">
     + <div id="module-menu-button" class="circle-button btn1"></div>
     + <div id="module-menu-content" class="moduleMenu">
     + <div class="row">
     + <div class="col-md-6 col-12 paddingR">
     + <h4><span>Understand</span></h4>
     + <p>People hold different perspectives on the world depending on their values, traditions and experiences, alon
     + <h4><span>Know</span></h4>
     + <p>Relationships, language and culture shape identity. People build relationships through caring, kindness, he
     + <h4><span>Do</span></h4>
     + <p>Ākonga will explore and share ideas on manaakitanga through a variety of texts.</p>
     + <div class="col-md-6 col-12 paddingL">
     + <h5>Whāinga Ako | Learning Intentions</h5>
     + <h5>We are learning:</h5>
     + <ul>
     + <li>that all texts carry ideas and help us to form our own ideas about the world</li>
     + <li>that language and literature give us insights into ourselves and others</li>
     + <li>that manaaki is shown and demonstrated in a variety of ways.</li>
     + </ul>
     + <h5>Paearu Angitu | Success Criteria</h5>
     + … 15 more added
CEDW201: identical 0 / changed 1
CEDW501: identical 13 / changed 0
CHFUN01: identical 1 / changed 0
CHFUN04: identical 1 / changed 0
CHFUN05: identical 1 / changed 0
CHFUN06: identical 1 / changed 0
CHFUN07: identical 1 / changed 0
ENFUN01: identical 1 / changed 0
ENFUN02: identical 1 / changed 0
ENFUN03: identical 1 / changed 0
ENFUN04: identical 1 / changed 0
ENFUN05: identical 1 / changed 0
ENFUN07: identical 1 / changed 0
ENFUN08: identical 1 / changed 0
ENFUN09: identical 1 / changed 0
ENG1004: identical 8 / changed 0
ENG1005: identical 6 / changed 0
ENG1007: identical 1 / changed 0
ENGC101: identical 6 / changed 0
ENGC102: identical 8 / changed 0
ENGC201: identical 7 / changed 0
ENGC202: identical 9 / changed 0
ENGC301: identical 8 / changed 0
ENGC302: identical 8 / changed 0
ENGC401: identical 8 / changed 0
ENGFUN02: identical 5 / changed 0
ENGI101: identical 4 / changed 0
ENGI102: identical 7 / changed 0
ENGI103: identical 7 / changed 0
ENGI201: identical 5 / changed 0
ENGI202: identical 7 / changed 0
ENGI203: identical 11 / changed 0
ENGI301: identical 6 / changed 0
ENGI302: identical 7 / changed 0
ENGI303: identical 7 / changed 0
ENGI400: identical 4 / changed 0
ENGI401: identical 12 / changed 0
ENGI405: identical 8 / changed 0
ENGJ101: identical 5 / changed 0
ENGJ102: identical 6 / changed 0
ENGJ201: identical 7 / changed 0
ENGJ202: identical 6 / changed 0
ENGJ301: identical 8 / changed 0
ENGJ302: identical 10 / changed 0
ENGJ402: identical 9 / changed 0
ENGJ403: identical 10 / changed 0
ENGR101: identical 8 / changed 0
ENGR102: identical 7 / changed 0
ENGR201: identical 7 / changed 0
ENGR202: identical 8 / changed 0
ENGR301: identical 9 / changed 0
ENGR302: identical 8 / changed 0
ENGS101: identical 6 / changed 0
ENGS102: identical 7 / changed 0
ENGS201: identical 9 / changed 0
ENGS202: identical 7 / changed 0
ENGS301: identical 8 / changed 0
ENGS302: identical 7 / changed 0
ENGS401: identical 7 / changed 0
ENGS405: identical 1 / changed 0

TOTAL: identical 501 / changed 20 / missing 0 over 104 modules
CHANGED: CEDK101/CEDK101_0_0.html CEDK102/CEDK102_0_0.html CEDO102/CEDO102_0_0.html CEDO202/CEDO202_0_0.html CEDR201/CEDR201_0_0.html CEDR204/CEDR204_0_0.html CEDR301/CEDR301_0_0.html CEDR302/CEDR302_0_0.html CEDT101/CEDT101_0_0.html CEDT104/CEDT104_0_0.html CEDT201/CEDT201_0_0.html CEDT202/CEDT202_0_0.html CEDT203/CEDT203_0_0.html CEDT204/CEDT204_0_0.html CEDT207/CEDT207_0_0.html CEDT208/CEDT208_0_0.html CEDT301/CEDT301_0_0.html CEDT404/CEDT404_0_0.html CEDW101/CEDW101_0_0.html CEDW201/CEDW201_0_0.html
