CEDO301 p6.0 #7 runs 7 lost 2
    [table r1/3 c0] traditional aboriginal healing
    [table r2/3 c0] ayurveda is a healing system widely used in india and nepal
CHFUN05 p0.0 #30 runs 8 lost 1
    [tag:flip card] 很 hěn adjective examples
ENGC201 p3.0 #7 runs 9 lost 6
    [table r2/6 c1] how do you think we can take better care of our environment
    [table r2/6 c2] is your best friend s name maia
    [table r2/6 c3] can you tell me about a māori tradition you know of
    [table r4/6 c1] what is the most interesting thing you have learned at school recently
    [table r4/6 c2] do you have a pet at home
    [table r4/6 c3] have you ever visited a marae
HPRE203 p5.0 #36 runs 8 lost 4
    [table r0/4 c0] boy in wheel chair png jamie
    [table r1/4 c0] blind girl png ashley
    [table r2/4 c0] harper building png harper
    [table r3/4 c0] girl and dad png leilani and her dad
PES1007 p8.0 #4 runs 2 lost 1
    [tag:flip card] these images for reference
SSCI205 p3.0 #11 runs 10 lost 6
    [table r0/5 c0] citizen men png citizen men
    [table r0/5 c1] citizen man was a free man born in athens citizen men could vote speak
    [table r1/5 c0] women png women
    [table r2/5 c0] metic png metic
    [table r3/5 c0] enslaved person png enslaved person
    [table r4/5 c0] athenian children png children
SSCI205 p3.0 #13 runs 6 lost 4
    [table r0/3 c0] comedy png comedy
    [table r0/3 c1] comedy plays were funny and entertaining they often made jokes about e
    [table r1/3 c0] tragedy png tragedy
    [table r2/3 c0] satire png satire
SSCI205 p4.0 #18 runs 6 lost 1
    [table r0/6 c1] the stadion was the first and most important olympic event athletes ra
SSCI205 p5.0 #24 runs 4 lost 1
    [table r0/3 c1] spartans trained their bodies and minds to be strong and to follow rul
SSCI205 p7.0 #34 runs 8 lost 2
    [table r0/4 c0] make big decisions to keep order leading others means using power resp
    [table r0/4 c1] zeus shows leadership by making decisions that keep order
TEDC402 p2.0 #13 runs 7 lost 2
    [table r0/2 c0] version 1 a bar chart starting at zero looks balanced tedc402 l1e vers
    [table r0/2 c1] version 2 a bar chart starting at 20 makes small differences look more
TEDC402 p4.0 #42 runs 5 lost 2
    [table r0/2 c0] what is an operating system os operating system basic structure jpg 12
    [table r0/2 c1] os layers design how do we build it software engineering computer scie
XDLS912 p2.0 #16 runs 12 lost 3
    [table r3/7 c0] man in pain having fallen
    [table r4/7 c0] sad person silhouette
    [table r5/7 c0] woman being followed
XGF9002 p7.0 #36 runs 6 lost 1
    [table r0/2 c1] your child is overwhelmed and shuts down after a small setback a take 
AGH1006 p2.0 #9 runs 7 lost 1
    [table r5/6 c0] the graft support material can be removed once the graft is healed and
CEDO102 p0.0 #7 runs 4 lost 1
    [table r0/4 c1] text when the image is flipped
ENGI302 p5.0 #11 runs 6 lost 3
    [table r2/4 c1] his bravery was a shining beacon in the storm of danger
    [table r2/4 c2] the dragon breathed out an immense ring of fire
    [table r2/4 c3] the witch s cackle was as piercing as a knife
ENGI405 p5.0 #23 runs 9 lost 1
    [black] which trope s can you already see emerging beginning to show in this c
MXDB302 p1.0 #5 runs 4 lost 4
    [table r1/5 c1] to convert metres into centimetres 100 to convert centimetres into met
    [table r2/5 c1] to convert metres into millimetres 1000 to convert millimetres into me
    [table r3/5 c1] to convert metres into kilometres 1000 to convert kilometres into metr
    [table r4/5 c1] to convert centimetres into millimetres 10 to convert millimetres into
MXDB302 p8.0 #53 runs 8 lost 3
    [table r1/4 c1] 6 7 4 2 9 0 3 2 7
    [table r2/4 c1] 7 8 2 8 16 and 0 7 8 5 6 16 5 6 21 6 so 2 7 8 21 6
    [table r3/4 c1] 612 10 746 12 6 837 100 683 7 0 527 1000 527 0 527
OSGM201 p1.0 #2 runs 11 lost 10
    [table r1/8 c1] playstation e g ps4 ps5 xbox e g xbox one xbox series x s nintendo swi
    [table r2/8 c1] desktop pcs laptops
    [table r3/8 c1] tablets e g ipad samsung galaxy tab smartphones e g iphone android pho
    [table r4/8 c0] handheld gaming devices
    [table r4/8 c1] nintendo switch lite older handhelds nintendo 3ds or playstation vita
    [table r5/8 c0] smart tvs and streaming devices
PES1003 p1.0 #1 runs 2 lost 1
    [tag:flip card] these images for reference
SSOG103 p2.0 #6 runs 3 lost 3
    [table r0/16 c1] kia ora aotearoa new zealand
    [table r4/16 c1] mālō e lelei tonga
    [table r12/16 c1] nǐ hǎo china
SSOG103 p4.0 #13 runs 12 lost 2
    [table r0/6 c0] the kiwi is a symbol of new zealand
    [table r0/6 c1] because it only lives here
XMES201 p2.0 #19 runs 8 lost 4
    [table r0/4 c0] dog with collar and leash
    [table r1/4 c0] cat with collar and toy
    [table r2/4 c0] horse with halter
    [table r3/4 c0] fish in aquarium
CEDK101 p0.0 #7 runs 7 lost 1
    [table r0/7 c1] text on the back of each image
CEDO502 p5.0 #24 runs 4 lost 4
    [table r0/2 c0] what is a closed question a closed question can be answered with a sho
    [table r0/2 c1] what is an open question an open question invites a longer more detail
    [table r1/2 c0] why use closed questions closed questions are useful for checking fact
    [table r1/2 c1] why use open questions open questions help you gather deeper informati
ENGI202 p5.0 #32 runs 6 lost 2
    [table r0/4 c0] tikanga cultural practices
    [table r0/4 c1] the story reflects māori cultural practices such as the protocols and 
MXEX201 p4.1 #5 runs 9 lost 5
    [table r0/5 c1] as the stars always rise and set at the same place on the horizon trad
    [table r1/5 c1] as stars aren t visible all the time that s when the sun and moon can 
    [table r2/5 c1] when skies are too overcast for navigators to use the sun the moon pla
    [table r3/5 c1] for a successful sailing voyage you need very good knowledge of wind p
    [table r4/5 c1] traditional navigators use a range of signs that show they are close t
OSAI101 p2.0 #12 runs 8 lost 5
