AGH1001: identical 6 / changed 0
AGH1002: identical 7 / changed 0
AGH1003: identical 9 / changed 0
AGH1004: identical 6 / changed 1
AGH1005: identical 9 / changed 0
AGH1006: identical 10 / changed 0
AGH1007: identical 10 / changed 0
AGH1008: identical 10 / changed 0
AGH1009: identical 10 / changed 0
ANZH101: identical 4 / changed 0
ANZH104: identical 8 / changed 0
ANZH105: identical 8 / changed 0
ANZH203: identical 7 / changed 0
ANZH205: identical 6 / changed 1
ANZH301: identical 11 / changed 0
ANZH303: identical 5 / changed 2
ANZH304: identical 7 / changed 0
ANZH401: identical 14 / changed 0
ANZH404: identical 7 / changed 0
ARFUN01: identical 1 / changed 0
ARFUN02: identical 0 / changed 1
ARFUN03: identical 0 / changed 1
ARFUN04: identical 1 / changed 0
ARFUN05: identical 1 / changed 0
ART1002: identical 8 / changed 0
ART1003: identical 0 / changed 1
ART1004: identical 0 / changed 1
ART1005: identical 1 / changed 0
ART1006: identical 5 / changed 1
BLL110: identical 0 / changed 1
BLL111: identical 2 / changed 1
BLL112: identical 2 / changed 1
BLL113: identical 3 / changed 0
BLL114: identical 2 / changed 1
BLL115: identical 3 / changed 0
BLL116: identical 3 / changed 0
BLL117: identical 3 / changed 0
BLL120: identical 0 / changed 1
BLL121: identical 3 / changed 0
BLL122: identical 2 / changed 1
BLL123: identical 2 / changed 1
BLL124: identical 3 / changed 0
BLL125: identical 1 / changed 2
BLL126: identical 3 / changed 0
BLL127: identical 3 / changed 0
BLL130: identical 0 / changed 1
BLL131: identical 3 / changed 0
BLL132: identical 3 / changed 0
BLL133: identical 3 / changed 0
BLL134: identical 3 / changed 0
BLL135: identical 3 / changed 0
BLL136: identical 2 / changed 0
BLL137: identical 3 / changed 0
BLL140: identical 1 / changed 0
BLL141: identical 3 / changed 0
BLL142: identical 3 / changed 0
BLL143: identical 2 / changed 1
BLL144: identical 3 / changed 0
BLL145: identical 3 / changed 0
BLL146: identical 2 / changed 1
BLL147: identical 2 / changed 1
BLL150: identical 1 / changed 0
BLL151: identical 3 / changed 0
BLL152: identical 3 / changed 0
BLL153: identical 3 / changed 0
BLL154: identical 3 / changed 0
BLL155: identical 3 / changed 0
BLL156: identical 2 / changed 1
BLL157: identical 2 / changed 1
BLL160: identical 1 / changed 0
BLL161: identical 2 / changed 1
BLL162: identical 3 / changed 0
BLL163: identical 3 / changed 0
BLL164: identical 3 / changed 0
BLL165: identical 3 / changed 0
BLL166: identical 3 / changed 0
BLL167: identical 3 / changed 0
BLL170: identical 1 / changed 0
BLL171: identical 2 / changed 1
BLL172: identical 2 / changed 1
BLL173: identical 3 / changed 0
BLL174: identical 3 / changed 0
BLL175: identical 4 / changed 0
BLL176: identical 3 / changed 0
BLL177: identical 3 / changed 0
BLL210: identical 0 / changed 1
BLL211: identical 3 / changed 0
BLL212: identical 3 / changed 0
BLL213: identical 3 / changed 0
BLL214: identical 3 / changed 0
BLL215: identical 2 / changed 1
BLL216: identical 2 / changed 1
BLL217: identical 3 / changed 0
BLL220: identical 0 / changed 1
BLL221: identical 3 / changed 0
BLL222: identical 3 / changed 0
BLL223: identical 3 / changed 0
BLL224: identical 2 / changed 1
BLL225: identical 3 / changed 0
BLL226: identical 3 / changed 0
BLL227: identical 2 / changed 1
BLL230: identical 0 / changed 1
BLL231: identical 2 / changed 1
BLL232: identical 3 / changed 0

TOTAL: identical 350 / changed 35 / missing 0 over 104 modules
CHANGED: AGH1004/AGH1004_6_0.html ANZH205/ANZH205_3_0.html ANZH303/ANZH303_1_0.html ANZH303/ANZH303_5_0.html ARFUN02/ARFUN02_0_0.html ARFUN03/ARFUN03_0_0.html ART1003/ART1003_0_0.html ART1004/ART1004_0_0.html ART1006/ART1006_2_0.html BLL110/BLL110_0_0.html BLL111/BLL111_2_0.html BLL112/BLL112_2_0.html BLL114/BLL114_1_0.html BLL120/BLL120_0_0.html BLL122/BLL122_2_0.html BLL123/BLL123_1_0.html BLL125/BLL125_1_0.html BLL125/BLL125_2_0.html BLL130/BLL130_0_0.html BLL143/BLL143_1_1.html BLL146/BLL146_1_0.html BLL147/BLL147_1_0.html BLL156/BLL156_1_1.html BLL157/BLL157_1_1.html BLL161/BLL161_1_1.html BLL171/BLL171_2_0.html BLL172/BLL172_2_0.html BLL210/BLL210_0_0.html BLL215/BLL215_1_0.html BLL216/BLL216_1_0.html BLL220/BLL220_0_0.html BLL224/BLL224_2_0.html BLL227/BLL227_2_0.html BLL230/BLL230_0_0.html BLL231/BLL231_1_0.html
