AGH1001: identical 6 / changed 0
  ~ AGH1002_5_0.html: -0 +1
     + <p>Carousel of images]</p>
AGH1002: identical 6 / changed 1
AGH1003: identical 9 / changed 0
  ~ AGH1004_6_0.html: -0 +1
     + <p>Note to creative services: hover definition can be taken out if too much detail in carousel.</p>
AGH1004: identical 6 / changed 1
AGH1005: identical 9 / changed 0
  ~ AGH1006_2_0.html: -0 +5
     + <p>[interactive: carousel + captions</p>
     + <p>Here is a commercial example with an onion growing operation in Pukekohe, Auckland.</p>
     + <p>Let’s review the seed sowing process through this flow diagram. Match the words to the parts of the flow di
     + <p>The graft support material can be removed once the graft is healed, and the new plant growth has appeared.<
     + <p>Grafting is a skilled technique that requires practice and knowledge of plant anatomy. Successful grafting 
  ~ AGH1006_8_0.html: -1 +2
     - </div><p class="cv2-note" style="color: red; font-weight: bold;">Writers Note: (Merged content: HTO1103 Plant 
     + <p>Knowledge Check: Cultural Control – which statements are true?True/False</p><p class="cv2-note" style="colo
     + </div>
AGH1006: identical 8 / changed 2
AGH1007: identical 10 / changed 0
AGH1008: identical 10 / changed 0
  ~ AGH1009_1_0.html: -0 +2
     + <p>So, with our current global demands for food, the dwindling levels of arable land or land available for far
     + <p>This video gives a local example of kaitiakitanga and manaakitanga within the context of a Taranaki farm.</
AGH1009: identical 9 / changed 1
ANZH101: identical 4 / changed 0
ANZH104: identical 8 / changed 0
ANZH105: identical 8 / changed 0
ANZH203: identical 7 / changed 0
  ~ ANZH205_3_0.html: -0 +2
     + <p>Activity 3A: Te tiriti transport</p>
     + <p>Can you use the videos above to help you answer these questions? Have a think about your answer to the ques
ANZH205: identical 6 / changed 1
ANZH301: identical 11 / changed 0
ANZH303: identical 7 / changed 0
ANZH304: identical 7 / changed 0
ANZH401: identical 14 / changed 0
ANZH404: identical 7 / changed 0
ARFUN01: identical 1 / changed 0
ARFUN02: identical 1 / changed 0
ARFUN03: identical 1 / changed 0
  ~ ARFUN04_0_0.html: -0 +1
     + <p><a href="https://tekura.desire2learn.com/d2l/le/content/11787/viewContent/195157/View" target="_blank">http
ARFUN04: identical 0 / changed 1
ARFUN05: identical 1 / changed 0
ART1002: identical 8 / changed 0
ART1003: identical 1 / changed 0
ART1004: identical 1 / changed 0
ART1005: identical 1 / changed 0
ART1006: identical 6 / changed 0
BLL110: identical 1 / changed 0
BLL111: identical 3 / changed 0
BLL112: identical 3 / changed 0
BLL113: identical 3 / changed 0
  ~ BLL114_1_0.html: -0 +1
     + <p>Look at the picture and say what it is and then say how many syllables it has. Click on the card to see if 
BLL114: identical 2 / changed 1
BLL115: identical 3 / changed 0
BLL116: identical 3 / changed 0
  ~ BLL117_2_0.html: -0 +1
     + <p>Choose one of these foods to make, or one that you discussed above, or use one of these foods as an ingredi
BLL117: identical 2 / changed 1
BLL120: identical 1 / changed 0
BLL121: identical 3 / changed 0
BLL122: identical 3 / changed 0
  ~ BLL123_1_0.html: -0 +1
     + <p>Please present each word on a flip card, so that one word is revealed at a time. Example below shows three 
BLL123: identical 2 / changed 1
BLL124: identical 3 / changed 0
BLL125: identical 3 / changed 0
BLL126: identical 3 / changed 0
  ~ BLL127_2_0.html: -0 +1
     + <p>Choose one of these foods to make, or one that you discussed above, or use one of these foods as an ingredi
BLL127: identical 2 / changed 1
BLL130: identical 1 / changed 0
BLL131: identical 3 / changed 0
BLL132: identical 3 / changed 0
BLL133: identical 3 / changed 0
BLL134: identical 3 / changed 0
BLL135: identical 3 / changed 0
BLL136: identical 2 / changed 0
  ~ BLL137_1_1.html: -0 +1
     + <p>Choose one of these foods to make, or one that you discussed above, or use one of these foods as an ingredi
BLL137: identical 2 / changed 1
  ~ BLL140_0_0.html: -1 +5
     - <a href="https://mytekuraschool.sharepoint.com/:w:/s/TeAraWhakamua381/ETq_babCDmRLoyzkVByWdS8BK7Jet7UI2DmWOIcu
     + <p>same image from BLL110</p>
     + <a href="https://mytekuraschool.sharepoint.com/:w:/s/TeAraWhakamua381/ETq_babCDmRLoyzkVByWdS8BK7Jet7UI2DmWOIcu
     + <ul>
     + <li>If a specific third-party item/image is crucial to your writing, then please submit this for early copyrig
     + </ul><p class="cv2-note" style="color: red; font-weight: bold;">Writers Note: Please supply details for ALL ex
BLL140: identical 0 / changed 1
BLL141: identical 3 / changed 0
BLL142: identical 3 / changed 0
BLL143: identical 3 / changed 0
BLL144: identical 3 / changed 0
BLL145: identical 3 / changed 0
BLL146: identical 3 / changed 0
BLL147: identical 3 / changed 0
  ~ BLL150_0_0.html: -1 +5
     - <a href="https://mytekuraschool.sharepoint.com/:w:/s/TeAraWhakamua381/ETq_babCDmRLoyzkVByWdS8BK7Jet7UI2DmWOIcu
     + <p>same image from BLL110</p>
     + <a href="https://mytekuraschool.sharepoint.com/:w:/s/TeAraWhakamua381/ETq_babCDmRLoyzkVByWdS8BK7Jet7UI2DmWOIcu
     + <ul>
     + <li>If a specific third-party item/image is crucial to your writing, then please submit this for early copyrig
     + </ul><p class="cv2-note" style="color: red; font-weight: bold;">Writers Note: Please supply details for ALL ex
BLL150: identical 0 / changed 1
BLL151: identical 3 / changed 0
BLL152: identical 3 / changed 0
BLL153: identical 3 / changed 0
BLL154: identical 3 / changed 0
BLL155: identical 3 / changed 0
  ~ BLL156_1_1.html: -0 +1
     + <p>Have the videos so that you can scroll across to watch the next video.</p>
BLL156: identical 2 / changed 1
  ~ BLL157_1_1.html: -0 +1
     + <p>Upload a photo of what you decided to bake or cook to show your kaiako.</p>
BLL157: identical 2 / changed 1
  ~ BLL160_0_0.html: -1 +5
     - <a href="https://mytekuraschool.sharepoint.com/:w:/s/TeAraWhakamua381/ETq_babCDmRLoyzkVByWdS8BK7Jet7UI2DmWOIcu
     + <p>same image from BLL110</p>
     + <a href="https://mytekuraschool.sharepoint.com/:w:/s/TeAraWhakamua381/ETq_babCDmRLoyzkVByWdS8BK7Jet7UI2DmWOIcu
     + <ul>
     + <li>If a specific third-party item/image is crucial to your writing, then please submit this for early copyrig
     + </ul><p class="cv2-note" style="color: red; font-weight: bold;">Writers Note: Please supply details for ALL ex
BLL160: identical 0 / changed 1
BLL161: identical 3 / changed 0
BLL162: identical 3 / changed 0
BLL163: identical 3 / changed 0
BLL164: identical 3 / changed 0
BLL165: identical 3 / changed 0
BLL166: identical 3 / changed 0
BLL167: identical 3 / changed 0
  ~ BLL170_0_0.html: -1 +5
     - <a href="https://mytekuraschool.sharepoint.com/:w:/s/TeAraWhakamua381/ETq_babCDmRLoyzkVByWdS8BK7Jet7UI2DmWOIcu
     + <p>same image from BLL110</p>
     + <a href="https://mytekuraschool.sharepoint.com/:w:/s/TeAraWhakamua381/ETq_babCDmRLoyzkVByWdS8BK7Jet7UI2DmWOIcu
     + <ul>
     + <li>If a specific third-party item/image is crucial to your writing, then please submit this for early copyrig
     + </ul><p class="cv2-note" style="color: red; font-weight: bold;">Writers Note: Please supply details for ALL ex
BLL170: identical 0 / changed 1
BLL171: identical 3 / changed 0
BLL172: identical 3 / changed 0
BLL173: identical 3 / changed 0
BLL174: identical 3 / changed 0
BLL175: identical 4 / changed 0
BLL176: identical 3 / changed 0
BLL177: identical 3 / changed 0
  ~ BLL210_0_0.html: -1 +6
     - <a href="https://mytekuraschool.sharepoint.com/:w:/s/TeAraWhakamua381/ETq_babCDmRLoyzkVByWdS8BK7Jet7UI2DmWOIcu
     + <p>Can we make something like this please?</p>
     + <p>same image from BLL110</p>
     + <a href="https://mytekuraschool.sharepoint.com/:w:/s/TeAraWhakamua381/ETq_babCDmRLoyzkVByWdS8BK7Jet7UI2DmWOIcu
     + <ul>
     + <li>If a specific third-party item/image is crucial to your writing, then please submit this for early copyrig
     + </ul><p class="cv2-note" style="color: red; font-weight: bold;">Writers Note: Please supply details for ALL ex
BLL210: identical 0 / changed 1
BLL211: identical 3 / changed 0
BLL212: identical 3 / changed 0
BLL213: identical 3 / changed 0
BLL214: identical 3 / changed 0
BLL215: identical 3 / changed 0
BLL216: identical 3 / changed 0
BLL217: identical 3 / changed 0
BLL220: identical 1 / changed 0
BLL221: identical 3 / changed 0
BLL222: identical 3 / changed 0
BLL223: identical 3 / changed 0
BLL224: identical 3 / changed 0
BLL225: identical 3 / changed 0
BLL226: identical 3 / changed 0
BLL227: identical 3 / changed 0
BLL230: identical 1 / changed 0
BLL231: identical 3 / changed 0
BLL232: identical 3 / changed 0

TOTAL: identical 366 / changed 19 / missing 0 over 104 modules
CHANGED: AGH1002/AGH1002_5_0.html AGH1004/AGH1004_6_0.html AGH1006/AGH1006_2_0.html AGH1006/AGH1006_8_0.html AGH1009/AGH1009_1_0.html ANZH205/ANZH205_3_0.html ARFUN04/ARFUN04_0_0.html BLL114/BLL114_1_0.html BLL117/BLL117_2_0.html BLL123/BLL123_1_0.html BLL127/BLL127_2_0.html BLL137/BLL137_1_1.html BLL140/BLL140_0_0.html BLL150/BLL150_0_0.html BLL156/BLL156_1_1.html BLL157/BLL157_1_1.html BLL160/BLL160_0_0.html BLL170/BLL170_0_0.html BLL210/BLL210_0_0.html
