BLL233: identical 3 / changed 0
BLL234: identical 3 / changed 0
BLL235: identical 3 / changed 0
BLL236: identical 3 / changed 0
BLL237: identical 3 / changed 0
  ~ BLL240_1_2.html: -0 +1
     + <p>same image from BLL110</p>
  ~ BLL240_1_5.html: -0 +1
     + <p>same image from BLL110</p>
  ~ BLL240_1_6.html: -0 +1
     + <p>Can we create flip cards that open for 5 seconds and then flip back again?</p>
  ~ BLL240_1_7.html: -0 +2
     + <p>same image from BLL110</p>
     + <p>Congratulations on completing this module where we have learned about the digraph ‘wh’ and the trigraphs ‘t
BLL240: identical 5 / changed 4
BLL241: identical 3 / changed 0
BLL242: identical 3 / changed 0
BLL244: identical 3 / changed 0
BLL245: identical 3 / changed 0
  ~ BLL246_1_0.html: -1 +5
     - </div><p class="cv2-note" style="color: red; font-weight: bold;">Writers Note: and → 5but → 2so → 3</p>
     + <p>Lily smiled with relief. She put on her helmet,</p>
     + <p>she climbed onto her bike. She rode down the path,</p>
     + <p>she rode carefully until she arrived at the park. She knew there would not be any cars in the park,</p>
     + <p>she rode faster and had a fun time.</p><p class="cv2-note" style="color: red; font-weight: bold;">Writers N
     + </div>
BLL246: identical 2 / changed 1
  ~ BLL251_2_0.html: -1 +4
     - </div><p class="cv2-note" style="color: red; font-weight: bold;">Writers Note: [multichoice quiz + auto check]
     + <ol>
     + <li>Cooking should be quiet</li>
     + </ol><p class="cv2-note" style="color: red; font-weight: bold;">Writers Note: [multichoice quiz + auto check]<
     + </div>
BLL251: identical 2 / changed 1
BLL252: identical 3 / changed 0
BLL253: identical 3 / changed 0
BLL254: identical 3 / changed 0
BLL262: identical 3 / changed 0
BLL263: identical 3 / changed 0
BLLR201: identical 8 / changed 0
  ~ CEDK101_0_0.html: -0 +1
     + <p>Image Text on the back of each image</p>
CEDK101: identical 0 / changed 1
CEDK102: identical 1 / changed 0
CEDK501: identical 14 / changed 0
  ~ CEDO102_0_0.html: -0 +2
     + <p>– Can we please have the image and the title on the front side of the card and the explanation on the flipp
     + <p>Image Text when the image is flipped</p>
CEDO102: identical 0 / changed 1
CEDO105: identical 6 / changed 0
  ~ CEDO202_0_0.html: -0 +9
     + <li>Choose three of your favourite action cards that you tried and put your movements and shapes together to c
     + <li>You could try the moves you made to some different songs. Do you notice how your movements change when you
     + <ol>
     + <li>Film yourself so that you can remember it!</li>
     + </ol>
     + <ol>
     + </ol>
     + <ol>
     + </ol>
CEDO202: identical 0 / changed 1
  ~ CEDO301_6_0.html: -0 +2
     + <p>/ Ayurveda is a healing system widely used in India and Nepal / <a href="https://www.istockphoto.com/photo/
     + <p>Other cultures/countries that have traditional medicine systems include Japan, Arabic countries, Tibet, Nat
CEDO301: identical 5 / changed 1
CEDO501: identical 16 / changed 0
  ~ CEDO502_2_0.html: -0 +1
     + <p><a href="https://www.istockphoto.com/vector/business-loan-or-bank-offer-money-agreement-personal-loan-or-en
CEDO502: identical 9 / changed 1
CEDR201: identical 1 / changed 0
CEDR204: identical 1 / changed 0
CEDR301: identical 1 / changed 0
CEDR302: identical 1 / changed 0
  ~ CEDR501_2_0.html: -0 +1
     + <p>Please provide two carousels side-by-side as below.</p>
  ~ CEDR501_3_0.html: -0 +1
     + <p>(please use the same images as above)</p>
CEDR501: identical 9 / changed 2
CEDT101: identical 1 / changed 0
CEDT104: identical 1 / changed 0
CEDT201: identical 1 / changed 0
CEDT202: identical 1 / changed 0
CEDT203: identical 1 / changed 0
CEDT204: identical 1 / changed 0
CEDT207: identical 8 / changed 0
CEDT208: identical 1 / changed 0
CEDT301: identical 7 / changed 0
CEDT404: identical 1 / changed 0
CEDT501: identical 15 / changed 0
CEDW101: identical 1 / changed 0
CEDW201: identical 1 / changed 0
CEDW501: identical 13 / changed 0
  ~ CHFUN01_0_0.html: -0 +1
     + <p>Click through to see more images and video on Chinese calligraphy.</p>
CHFUN01: identical 0 / changed 1
  ~ CHFUN04_0_0.html: -0 +1
     + <p>Click to see image and video on Chinese Zodiac.</p>
CHFUN04: identical 0 / changed 1
  ~ CHFUN05_0_0.html: -0 +16
     + <p>Click on the card to see examples of <b>noun or pronoun + 呢</b> in English.</p>
     + <p>Flip the card to see the examples in English.</p>
     + <p>Click on the card to turn the statement into a question using<b>吗 (ma)</b>.</p>
     + <p>很(hěn) + adjective examples</p>
     + <p>Flip the card to see the sentence in English.</p>
     + <p>Watch the video for more examples</p>
     + <p><b>Showing an action happening right now using 在(zài).</b></p>
     + <p>Click on the card to see the sentence in English.</p>
     + <p>Flip the card to see examples <b>跟 (gēn)</b> <b>+ person + verb phrase</b> in English.</p>
     + <p>Flip the cards to see examples of <b>Polite requests with just objects</b> in English.</p>
     + <p>Flip the card to see examples of <b>Polite requests with counters</b> in English.</p>
     + <p>Flip the cards to see the sentences in sequence.</p>
     + <p>Predict and flip the card to see the result based on the reason.</p>
     + <p>Watch the video for more examples.</p>
     + <p>Watch the video for more examples.</p>
     + <p>Watch the video for more examples.</p>
CHFUN05: identical 0 / changed 1
CHFUN06: identical 1 / changed 0
  ~ CHFUN07_0_0.html: -0 +1
     + <p>Watch the videos for more examples.</p>
CHFUN07: identical 0 / changed 1
  ~ ENFUN01_0_0.html: -0 +1
     + <p><a href="https://www.istockphoto.com/en/photo/large-group-of-elementary-students-having-an-art-class-in-the
ENFUN01: identical 0 / changed 1
ENFUN02: identical 1 / changed 0
  ~ ENFUN03_0_0.html: -0 +1
     + <p><a href="https://drive.google.com/file/d/1rK9C9PGlnu5RCenn6z0JZ-eYVYC5gfF6/view" target="_blank">https://dr
ENFUN03: identical 0 / changed 1
ENFUN04: identical 1 / changed 0
  ~ ENFUN05_0_0.html: -0 +1
     + <p>Have one already showing</p>
ENFUN05: identical 0 / changed 1
  ~ ENFUN07_0_0.html: -0 +1
     + <p>[hintslider or if too much text for this function, another way for each section to drop down eg accordian w
ENFUN07: identical 0 / changed 1
  ~ ENFUN08_0_0.html: -0 +1
     + <p>(first one already dropped down if possible)</p>
ENFUN08: identical 0 / changed 1
  ~ ENFUN09_0_0.html: -0 +1
     + <p>Watching birds from the treehouse.</p>
ENFUN09: identical 0 / changed 1
ENG1004: identical 8 / changed 0
ENG1005: identical 6 / changed 0
ENG1007: identical 1 / changed 0
ENGC101: identical 6 / changed 0
ENGC102: identical 8 / changed 0
  ~ ENGC201_3_0.html: -0 +2
     + <p>How do you think we can take better care of our environment? Is your best friend&#39;s name Maia? Can you t
     + <p>What is the most interesting thing you have learned at school recently? Do you have a pet at home? Have you
ENGC201: identical 6 / changed 1
ENGC202: identical 9 / changed 0
ENGC301: identical 8 / changed 0
ENGC302: identical 8 / changed 0
  ~ ENGC401_6_0.html: -0 +1
     + <p>(example of how to display this)</p>
ENGC401: identical 7 / changed 1
ENGFUN02: identical 5 / changed 0
ENGI101: identical 4 / changed 0
ENGI102: identical 7 / changed 0
ENGI103: identical 7 / changed 0
  ~ ENGI201_2_0.html: -0 +1
     + <p>Watch these videos regarding character analysis</p>
ENGI201: identical 4 / changed 1
  ~ ENGI202_5_0.html: -0 +1
     + <p>Tikanga (cultural practices) / The story reflects Māori cultural practices, such as the protocols and ritua
ENGI202: identical 6 / changed 1
ENGI203: identical 11 / changed 0
ENGI301: identical 6 / changed 0
  ~ ENGI302_5_0.html: -0 +1
     + <p>His bravery was a shining beacon in the storm of danger. The dragon breathed out an immense ring of fire. T
ENGI302: identical 6 / changed 1
ENGI303: identical 7 / changed 0
ENGI400: identical 4 / changed 0
  ~ ENGI401_1_0.html: -0 +1
     + <p>underneath each image have a hintslider function. If not able to have this function in a carousel, then do 
  ~ ENGI401_3_0.html: -0 +1
     + <p>(add wording as a caption on the images)</p>
ENGI401: identical 10 / changed 2
  ~ ENGI405_5_0.html: -1 +5
     - </div><p class="cv2-note" style="color: red; font-weight: bold;">Writers Note: [front of card title &amp; imag
     + <p>Pick a task</p>
     + <li>Which trope(s) can you already see <span class="infoTrigger" info="Beginning to show.">emerging</span> in 
     + </ul><p class="cv2-note" style="color: red; font-weight: bold;">Writers Note: [front of card title &amp; image
     + </div>
     + <ul>
  ~ ENGI405_6_0.html: -0 +1
     + <p>] Text recommendations</p>
ENGI405: identical 6 / changed 2
  ~ ENGJ101_2_0.html: -1 +2
     - <a href="https://content.twinkl.co.uk/resource/c7/7e/T-L-51954-Shape-Taniwha-Activity-Pack.pdf?__token__=exp=1
     + <a href="https://content.twinkl.co.uk/resource/c7/7e/T-L-51954-Shape-Taniwha-Activity-Pack.pdf?__token__=exp=1
     + <p>Learn this Taniwha song.</p><p class="cv2-note" style="color: red; font-weight: bold;">Writers Note: Twinkl
ENGJ101: identical 4 / changed 1
ENGJ102: identical 6 / changed 0
ENGJ201: identical 7 / changed 0
ENGJ202: identical 6 / changed 0
ENGJ301: identical 8 / changed 0
ENGJ302: identical 10 / changed 0
ENGJ402: identical 9 / changed 0
ENGJ403: identical 10 / changed 0
  ~ ENGR101_1_0.html: -0 +1
     + <p>(add the clickdrop on the videos for students to select from the options)</p>
ENGR101: identical 7 / changed 1
  ~ ENGR102_4_0.html: -1 +2
     - </div><p class="cv2-note" style="color: red; font-weight: bold;">Writers Note: [Image]</p>
     + <p>Watch the video to see more words that use the Bossy R!</p><p class="cv2-note" style="color: red; font-weig
     + </div>
ENGR102: identical 6 / changed 1
ENGR201: identical 7 / changed 0
  ~ ENGR202_1_0.html: -0 +1
     + <p>CS can you please colour code the flip cards - colour name on the front symbolism on the back</p>
  ~ ENGR202_5_0.html: -1 +2
     - </div><p class="cv2-note" style="color: red; font-weight: bold;">Writers Note: [Rollover]</p>
     + <p>you what is going on in the world around you!</p><p class="cv2-note" style="color: red; font-weight: bold;"
     + </div>
ENGR202: identical 6 / changed 2
ENGR301: identical 9 / changed 0
ENGR302: identical 8 / changed 0
  ~ ENGS101_4_0.html: -0 +1
     + <p>3X3 display Image on the front question on the back</p>
  ~ ENGS101_5_0.html: -0 +1
     + <p>8 in total</p>
ENGS101: identical 4 / changed 2
  ~ ENGS102_4_0.html: -0 +1
     + <p>(if the book permissions come through, please replace the screenshots with actual images)</p>
ENGS102: identical 6 / changed 1
ENGS201: identical 9 / changed 0
ENGS202: identical 7 / changed 0
ENGS301: identical 8 / changed 0
ENGS302: identical 7 / changed 0
  ~ ENGS401_1_0.html: -0 +1
     + <p>(each carousel to a radio quiz under each if possible. No correct answers) buttons are:</p>
  ~ ENGS401_6_0.html: -0 +1
     + <p>– for the written texts there could be a relevant image and modal to the text if there can’t be a carousel 
ENGS401: identical 5 / changed 2
ENGS405: identical 1 / changed 0

TOTAL: identical 479 / changed 42 / missing 0 over 104 modules
CHANGED: BLL240/BLL240_1_2.html BLL240/BLL240_1_5.html BLL240/BLL240_1_6.html BLL240/BLL240_1_7.html BLL246/BLL246_1_0.html BLL251/BLL251_2_0.html CEDK101/CEDK101_0_0.html CEDO102/CEDO102_0_0.html CEDO202/CEDO202_0_0.html CEDO301/CEDO301_6_0.html CEDO502/CEDO502_2_0.html CEDR501/CEDR501_2_0.html CEDR501/CEDR501_3_0.html CHFUN01/CHFUN01_0_0.html CHFUN04/CHFUN04_0_0.html CHFUN05/CHFUN05_0_0.html CHFUN07/CHFUN07_0_0.html ENFUN01/ENFUN01_0_0.html ENFUN03/ENFUN03_0_0.html ENFUN05/ENFUN05_0_0.html ENFUN07/ENFUN07_0_0.html ENFUN08/ENFUN08_0_0.html ENFUN09/ENFUN09_0_0.html ENGC201/ENGC201_3_0.html ENGC401/ENGC401_6_0.html ENGI201/ENGI201_2_0.html ENGI202/ENGI202_5_0.html ENGI302/ENGI302_5_0.html ENGI401/ENGI401_1_0.html ENGI401/ENGI401_3_0.html ENGI405/ENGI405_5_0.html ENGI405/ENGI405_6_0.html ENGJ101/ENGJ101_2_0.html ENGR101/ENGR101_1_0.html ENGR102/ENGR102_4_0.html ENGR202/ENGR202_1_0.html ENGR202/ENGR202_5_0.html ENGS101/ENGS101_4_0.html ENGS101/ENGS101_5_0.html ENGS102/ENGS102_4_0.html ENGS401/ENGS401_1_0.html ENGS401/ENGS401_6_0.html
