OSSC501: identical 6 / changed 0
OSSM301: identical 5 / changed 0
OSSM401: identical 5 / changed 0
PES1001: identical 10 / changed 0
PES1002: identical 11 / changed 0
PES1003: identical 11 / changed 0
PES1004: identical 11 / changed 0
PES1005: identical 12 / changed 0
PES1007: identical 12 / changed 0
PES1008: identical 19 / changed 0
PHE1001: identical 5 / changed 0
PHE1002: identical 4 / changed 0
PHE1003: identical 11 / changed 0
PHE1004: identical 4 / changed 0
  ~ PHE1005_2_0.html: -0 +1
     + <p>Match the Māori with the English:</p>
PHE1005: identical 5 / changed 1
PHE1006: identical 6 / changed 0
PHE1007: identical 10 / changed 0
PHE1008: identical 6 / changed 0
PNR101: identical 2 / changed 0
PNR102: identical 3 / changed 0
PNR104: identical 3 / changed 0
SCCH301: identical 9 / changed 0
SCFUN01: identical 1 / changed 0
SCPH301: identical 9 / changed 0
SSCI205: identical 10 / changed 0
SSFUN01: identical 1 / changed 0
SSFUN02: identical 1 / changed 0
SSFUN03: identical 1 / changed 0
SSFUN05: identical 1 / changed 0
SSFUN06: identical 1 / changed 0
SSFUN07: identical 5 / changed 0
SSFUN08: identical 1 / changed 0
SSOG101: identical 8 / changed 0
SSOG103: identical 7 / changed 0
  ~ SSOG301_4_0.html: -79 +78
     - <div class="cv2-interactive cv2-int-ref" data-cv2-index="5" data-cv2-ref="SSOG301-04-01" style="border: 8px so
     - <div style="display: flex; align-items: center; gap: 14px"><span style="flex: 1; text-align: center; font-weig
     - <div class="cv2-int-raw" style="display: grid; grid-template-rows: 0fr; transition: grid-template-rows 0.35s e
     - <div style="min-height: 0; overflow: hidden">
     - <div style="padding-top: 14px">
     - <p class="cv2-note" style="color: red; font-weight: bold;">Writers Note: [Developer – please mix these up. The
     - <div class="cv2-interactive" data-cv2-index="5" style="border: 3px dashed #d9480f; background: #fff4e6; paddin
     - <p style="color: #d9480f; font-weight: bold">⚙ INTERACTIVE (un-built) #5: dragAndDrop (insert an embedded) — A
     - <div style="font-size: 0.95em">
     - <p>Activity 5A <b>Branches of government</b></p>
     - <p>Place the tasks below under the branch of government which is responsible for it.</p>
     - <div class="table-responsive">
     - <table class="table table-bordered">
     - <tr>
     - <th><b>Legislative</b></th>
     - <th><b>Executive</b></th>
     - <th><b>Judicial</b></th>
     - </tr>
     - <tr>
     - <td>Make suggestions and promises to the public about new laws.</td>
     - <td>Do the job of Ministers, looking after different portfolios like education, healthcare and finance.</td>
     - <td>Decide when someone has broken the law and what the consequences should be.</td>
     - </tr>
     - <tr>
     - <td>Provide confidence in the executive and raise concerns if they lose confidence.</td>
     - <td>Ensure Te Tiriti o te Waitangi is being upheld to avoid further breaches.</td>
     - <td>Review decisions made by the Executive and decide if they are legal or not.</td>
     - </tr>
     - <tr>
     - <td>Get other MPs to vote in Parliament to pass a bill with a new idea for a law.</td>
     - <td>Decide how taxes are spent.</td>
     - <td>Ensure that someone accused of a crime gets a fair trial.</td>
     - </tr>
     - </table>
     - </div>
     - <p>Undo</p>
     - <p>Check Answer</p>
     - <p>Reset</p>
     - </div>
     - </div>
     - … 39 more removed
     + <p>Activity 4A <b>Global political leaders</b></p>,<p>Drag the leader to the country they are known to have le
     + <p>Activity 5A <b>Branches of government</b></p>,<p>Place the tasks below under the branch of government which
     + <div class="dragAndDrop" layout="column">
     + <div class="row dropContainer">
     + <div class="ddColumn">
     + <p><b>Legislative</b></p>
     + <div class="drop" option="1"></div>
     + <div class="drop" option="1"></div>
     + <div class="drop" option="1"></div>
     + <div class="ddColumn">
     + <p><b>Executive</b></p>
     + <div class="drop" option="2"></div>
     + <div class="drop" option="2"></div>
     + <div class="drop" option="2"></div>
     + <div class="ddColumn">
     + <p><b>Judicial</b></p>
     + <div class="drop" option="3"></div>
     + <div class="drop" option="3"></div>
     + <div class="drop" option="3"></div>
     + </div>
     + … 58 more added
  ~ SSOG301_6_0.html: -0 +2
     + <p>Activity 6B <b>General elections</b></p>
     + <p>Drop and drag the following things that would include or exclude someone from being able to vote in Aotearo
SSOG301: identical 6 / changed 2
TEDC401: identical 8 / changed 0
TEDC402: identical 11 / changed 0
TEFUN01: identical 1 / changed 0
TEFUN02: identical 1 / changed 0
TEFUN03: identical 1 / changed 0
  ~ TEFUN04_0_0.html: -31 +42
     - <div class="dragAndDrop" layout="standard">
     - <div class="row">
     - <div class="col-6 questionContainer">
     - <div class="question"><p>Empathise and Define</p></div>
     - <div class="question"><p>Ideate</p></div>
     - <div class="question"><p>Prototype</p></div>
     - <div class="question"><p>Test</p></div>
     - <div class="question"><p>Iterate</p></div>
     - <div class="col-6 ddContainer">
     - <div class="dropContainer">
     - <div class="drop" option="1"></div>
     - <div class="drop" option="2"></div>
     - <div class="drop" option="3"></div>
     - <div class="drop" option="4"></div>
     - <div class="drop" option="5"></div>
     - <div class="dragContainer">
     - <div class="drag" option="1"><p>To understand what the end user needs by listening to them and observing their
     - <div class="drag" option="2"><p>Come up with lots of different ideas and solutions to the problem.</p></div>
     - <div class="drag" option="3"><p>Make a simple version of your idea to see how it works.</p></div>
     - <div class="drag" option="4"><p>Try out your prototype with real people to see what works and what doesn’t bas
     - <div class="drag" option="5"><p>Keep improving your idea by making changes based on the feedback you get until
     - <div class="row">
     - <div class="activityButton reset">Reset</div>
     - <div class="activityButton undo hidden">Undo</div>
     - <div class="activityButton checkAnswer hidden">Check answers</div>
     - <div class="cv2-interactive cv2-int-ref" data-cv2-index="9" data-cv2-ref="TEFUN04-00-04" style="border: 8px so
     - <div style="display: flex; align-items: center; gap: 14px"><span style="flex: 1; text-align: center; font-weig
     - <div class="cv2-interactive cv2-int-ref" data-cv2-index="10" data-cv2-ref="TEFUN04-00-05" style="border: 8px s
     - </div>
     - </div>
     - </div>
     + <p>Desired Outcomes</p>
     + <p>Below there are some desired outcomes for our road-trip boredom buster. Can you match the <b>desired outcom
     + <p>Can you match the technology terms to their definitions?</p>
     + <div class="cv2-interactive cv2-int-ref" data-cv2-index="8" data-cv2-ref="TEFUN04-00-04" style="border: 8px so
     + <div style="display: flex; align-items: center; gap: 14px"><span style="flex: 1; text-align: center; font-weig
     + <div class="cv2-interactive" data-cv2-index="8" style="border: 3px dashed #d9480f; background: #fff4e6; paddin
     + <p style="color: #d9480f; font-weight: bold">⚙ INTERACTIVE (un-built) #8: dragAndDrop — Activity (inline) — se
     + <p>Can you match these new technology terms to their definitions?</p>
     + <div class="table-responsive">
     + <table class="table table-bordered">
     + <tr>
     + <th>Empathise and Define</th>
     + <th>To understand what the end user needs by listening to them and observing their actions.</th>
     + </tr>
     + <tr>
     + <td>Ideate</td>
     + <td>Come up with lots of different ideas and solutions to the problem.</td>
     + </tr>
     + <tr>
     + <td>Prototype</td>
     + … 22 more added
TEFUN04: identical 0 / changed 1
TEFUN05: identical 1 / changed 0
  ~ TEFUN06_0_0.html: -0 +1
     + <p>Can you find something with more than two parts that looks easy to recycle, upgrade, or repair?</p>
TEFUN06: identical 0 / changed 1
TEFUN07: identical 1 / changed 0
TEFUN08: identical 1 / changed 0
TRR102: identical 6 / changed 0
TRR103: identical 4 / changed 0
TRR104: prep refused (no-wt)
TRR105: prep refused (no-wt)
TRR106: identical 2 / changed 0
TRR107: identical 3 / changed 0
TRR108: identical 3 / changed 0
TRR109: identical 6 / changed 0
TRR111: identical 6 / changed 0
TRR112: identical 5 / changed 0
TRR113: identical 5 / changed 0
TRR114: identical 4 / changed 0
TRR115: prep refused (no-wt)
TRR203: identical 4 / changed 0
TRR301: identical 4 / changed 0
TRR304: identical 3 / changed 0
TWHA901: identical 1 / changed 0
TWHA902: identical 1 / changed 0
TWHA903: identical 1 / changed 0
TWHA904: identical 1 / changed 0
TWHA905: identical 1 / changed 0
TWHA906: identical 1 / changed 0
TWHK901: identical 1 / changed 0
TWHK903: identical 1 / changed 0
XDLS501: identical 8 / changed 0
XDLS502: identical 5 / changed 0
XDLS901: identical 5 / changed 0
XDLS902: identical 8 / changed 0
XDLS903: identical 8 / changed 0
XDLS904: identical 8 / changed 0
XDLS905: identical 8 / changed 0
XDLS906: identical 8 / changed 0
XDLS908: identical 9 / changed 0
XDLS909: identical 5 / changed 0
XDLS911: identical 2 / changed 0
XDLS912: identical 6 / changed 0
XFUN01: identical 1 / changed 0
XFUN02: identical 7 / changed 0
XGF9001: identical 7 / changed 0
XGF9002: identical 10 / changed 0
XGF9003: identical 6 / changed 0
XGF9004: identical 18 / changed 0
XGF9006: identical 8 / changed 0
XLP01: identical 5 / changed 0
XLP02: identical 7 / changed 0
XLP03: identical 6 / changed 0
XLP04: identical 5 / changed 0
XLP05: identical 6 / changed 0
XLP06: identical 3 / changed 0
XMES101: identical 9 / changed 0
XMES102: identical 6 / changed 0
XMES103: identical 6 / changed 0
XMES201: identical 6 / changed 0
XMES203: identical 6 / changed 0
XTAS101: identical 5 / changed 0
XTAS102: identical 6 / changed 0
XTAS103: identical 7 / changed 0
XWHA01: identical 2 / changed 0
XWHA02: identical 6 / changed 0

TOTAL: identical 538 / changed 5 / missing 0 over 104 modules
CHANGED: PHE1005/PHE1005_2_0.html SSOG301/SSOG301_4_0.html SSOG301/SSOG301_6_0.html TEFUN04/TEFUN04_0_0.html TEFUN06/TEFUN06_0_0.html
