
===== flipCard: lossy builds 57 / pages 51
  31 table; lead: - | trail: -                                  ENGC201 p3.0: how do you think we can take better care of o || HPRE203 p5.0: boy in wheel chair png jamie
  10 table; lead: - | trail: black                              CEDO301 p6.0: traditional aboriginal healing || TWHK903 p0.0: remember it s not your fault sometimes you mi
   4 table; lead: black | trail: -                              CHFUN05 p0.0: click on the card to see the sentence in engl || CEDW501 p3.0: audio script template 1
   2 table; lead: - | trail: T:button black                     AGH1009 p1.0: so with our current global demands for food t || MXEX201 p4.1: as the stars always rise and set at the same 
   1 table; lead: T:body | trail: -                             CHFUN05 p0.0: 很 hěn adjective examples
   1 table; lead: T:None T:body | trail: -                      SSOG101 p1.0: can you spot when you should call 111 go thro
   1 table; lead: - | trail: T:None T:button T:image black      TEDC402 p2.0: version 1 a bar chart starting at zero looks 
   1 table; lead: - | trail: T:None T:image                     TEDC402 p4.0: what is an operating system os operating syst

===== modal: lossy builds 44 / pages 35
   7 no-table: T:button T:image T:modal black                   MXFL101 p1.0: go to journal || MXFL101 p2.0: go to journal
   3 no-table: T:body                                           OSOH101 p2.0: click the hints to remind yourself of what yo || OSOH101 p2.0: the saying time flies when you re having fun 
   3 no-table: T:button T:image T:modal T:video black           MXFL101 p3.3: go to journal || MXFL101 p3.5: matariki nine star song
   2 no-table: T:None T:body T:modal T:video black              BLL120 p0.0: l4 earn letter k with alphablocks magic words || BLL120 p0.0: learn letter e with alphablocks magic words c
   2 no-table: T:None T:modal T:tab n T:video black             BLL120 p0.0: learn letter h with alphablocks magic words c || BLL120 p0.0: learn letter m with alphablocks magic words c
   2 no-table: T:None T:body T:button T:modal T:video black     BLL130 p0.0: my b boo k by jane belk moncure || BLL140 p0.0: find things in your home or neighbourhood tha
   2 no-table: T:None T:button T:modal T:video black            BLL150 p0.0: find things in your home or neighbourhood tha || ENGJ101 p2.0: create your own puppet show featuring a taniw
   2 no-table: T:None T:body T:button T:engagement quiz button T: BLL160 p0.0: find things in your home or neighbourhood tha || BLL170 p0.0: find things in your home or neighbourhood tha

===== carousel: lossy builds 106 / pages 90
  18 no-table: T:video                                          ENGS101 p2.0: storytime with brydie and rata reading the fi || XGF9002 p3.0: growth mindset vs fixed mindset john spencer
  12 table; lead: - | trail: -                                  CHFUN05 p0.0: 我和你 wǒ hé nǐ you and i i and you || ENGI401 p1.0: what could this image make you think about wh
   9 no-table: T:video black                                    BLL263 p3.0: diy chore charts cute and easy || BLL120 p0.0: words phonics initial sounds
   7 no-table: T:image                                          TEFUN04 p0.0: three kids on road trip bored || ENGJ403 p0.0: scripting 101 on a yellow legal pad stock pho
   6 table; lead: - | trail: T:body                             BLL117 p2.0: choose one of these foods to make or one that || BLL127 p2.0: choose one of these foods to make or one that
   6 no-table: T:None T:video black                             BLL220 p0.0: long vowel letter i ie i e igh y english abc  || BLL240 p1.3: dge song rock and learn
   4 (no member record)                                         
   3 no-table: T:body T:image black                             XDLS912 p2.0: no swimming sign at beach || EXIP901 p5.0: gather information from people books newspape

===== accordion: lossy builds 35 / pages 34
   3 table; lead: - | trail: -                                  MXDB302 p2.0: to find the perimeter of this shape we must k || ENFUN04 p0.0: the two main types of nouns are common nouns 
   3 no-table: T:None T:accordion T:body T:h2 T:video           XDLS903 p7.0: food sovereignty doesn t come from pak n save || XDLS904 p2.0: the vital role of harvesting kai for hautapu
   2 no-table: T:None T:accordion T:body T:h2 T:video black     XDLS906 p1.0: may also discuss specific safety precautions  || XDLS905 p6.0: ted x youth adrian mann
   2 no-table: T:accordion T:body T:h2 T:h4 T:video             XDLS906 p3.0: how nature affects your brain || XDLS903 p3.0: wairua sung by miamoa
   2 no-table: T:accordion T:body T:h2 T:video                  XDLS905 p4.0: for our own safety and the safety of those ar || XDLS905 p5.0: best friends with downs syndrome experience f
   1 no-table: T:accordion T:body T:h3 T:image T:info trigger bla AGH1009 p8.0: reduces the collective enteric fermentation
   1 table; lead: T:body T:title bar black | trail: -           CHFUN05 p0.0: up to 1 43 explanation and comparison between
   1 no-table: T:accordion black                                MXEX301 p2.0: division 24 8 6 4 or 24 9 4 6
