AGH1002/AGH1002_1_0.html     carousel kept          gained   2 lost  0 | +soils as a finite resource || soils also take a long time to form there are two key processes wea 
AGH1002/AGH1002_5_0.html     carousel kept          gained   7 lost  0 | +two chemical properties are impacted by the amount of nutrients in soil || nutrient retention how 
AGH1003/AGH1003_1_0.html     carousel kept          gained   8 lost  0 | +for agricultural production systems the benefit on production is slightly more complicated the li 
AGH1003/AGH1003_2_0.html     carousel 0->1          gained   0 lost  1  | LOST: agh1003 int 02 03 carousel
AGH1003/AGH1003_3_0.html     carousel 1->0, box +1  gained   6 lost  2 | +agh1003 int 03 02 carousel || when soils become low in nutrients it can have a negative impact on | LOST: agh1003 int 03 02 dropdown || agh1003 int 03 03 unclassified
AGH1004/AGH1004_3_0.html     carousel kept          gained   1 lost  0 | +gdd stands for growing degree days and is a term used to measure how warm or cool the weather is  
AGH1004/AGH1004_4_0.html     carousel kept          gained   4 lost  0 | +flat land tends to contain deeper soil steep land has very thin layers of soil on it this is due  
AGH1004/AGH1004_6_0.html     carousel kept          gained   5 lost  0 | +let s look more closely at an example of how consumer demand has changed the way land is used ove 
AGH1005/AGH1005_2_0.html     carousel kept          gained  10 lost  1 | +let s take a closer look at the parts of a plant || plants have 4 basic organs or systems | LOST: note from amanda griffiths check the numbering here
AGH1005/AGH1005_3_0.html     carousel kept          gained   7 lost  0 | +why do you think these factors are important || here are several reasons that may be important fo 
AGH1005/AGH1005_4_0.html     carousel kept          gained   2 lost  0 | +the impact of these factors on horticultural production can mean the difference between crop succ 
AGH1005/AGH1005_5_0.html     carousel 1->0, box +1  gained   5 lost  1 | +agh1005 int 05 01 carousel || factors that affect the rate of transpiration are tick | LOST: agh1005 int 05 01 draganddrop
AGH1005/AGH1005_6_0.html     carousel kept          gained   1 lost  0 | +this can be more fully understood in the following video that highlights the process of nutrient  
AGH1005/AGH1005_7_0.html     carousel kept          gained   2 lost  0 | +plants often use a combination of physical and chemical defenses the type and extent of these def 
AGH1006/AGH1006_1_0.html     carousel kept          gained   1 lost  0 | +by integrating these practices food growers can demonstrate manaakitanga and kaitiakitanga by pri 
AGH1006/AGH1006_2_0.html     carousel kept          gained   2 lost  0 | +the maramataka calendar is a series of lunar moon stages from new or no moon to full moon for māo 
AGH1006/AGH1006_5_0.html     carousel kept          gained  35 lost  0 | +the main reasons why growers utilise these methods include || improved fruit size and quality and 
AGH1006/AGH1006_6_0.html     carousel kept          gained   6 lost  0 | +there are over 650 species of weeds that are unwanted according to the department of conservation 
AGH1007/AGH1007_2_0.html     carousel kept          gained   1 lost  0 | +ruminant animals have four chambers to their stomach and as their main form of digestion is micro 
AGH1007/AGH1007_3_0.html     carousel kept          gained   4 lost  0 | +monogastrics have one stomach and mainly digest food through chemical digestion || each organ in  
AGH1007/AGH1007_4_0.html     carousel kept          gained   1 lost  0 | +the rest of the digestion in ruminants is very similar to monogastrics chemical digestion continu 
AGH1008/AGH1008_1_0.html     carousel kept          gained   1 lost  0 | +manaakitanga can also be applied in the care that farmers show towards the people of aotearoa new 
AGH1009/AGH1009_3_0.html     carousel kept          gained   9 lost  0 | +what causes poor soil quality || over time some agricultural and horticultural practices have had 
AGH1009/AGH1009_4_0.html     carousel kept          gained   1 lost  0 | +understanding why new zealanders value water is important as it helps recognize our role in prote 
AGH1009/AGH1009_5_0.html     carousel kept          gained   7 lost  0 | +agricultural and horticultural production can contribute to the greenhouse effect through the rel 
AGH1009/AGH1009_6_0.html     carousel kept          gained   8 lost  0 | +knowledge c heck which of these statements is true true false || cover crops loosen the soil stru 
AGH1009/AGH1009_7_0.html     carousel kept          gained  27 lost  0 | +the results of these positive environmental strategies include positive management practices such 
AGH1009/AGH1009_9_0.html     carousel kept          gained   4 lost  0 | +examples of effective management practices in action || integrated pest management and apples 
BLLR201/BLLR201_1_1.html     carousel kept          gained   0 lost  0  
CEDO105/CEDO105_1_0.html     carousel kept          gained   5 lost  0 | +as you move your body think about these things you can discuss them with your supervisor too || w 
CEDO105/CEDO105_2_0.html     carousel kept          gained   5 lost  0 | +before your start we need to think about the materials you will use || is it safe to use are you  
CEDO202/CEDO202_0_0.html     carousel 1->0, box +1  gained  18 lost  1 | +cedo202 int 00 05 carousel || we are going to show spring using our body by making a short series | LOST: cedo202 int 00 05 dropdown
CEDO301/CEDO301_4_0.html     carousel kept          gained   0 lost  0  
CEDO502/CEDO502_1_1.html     carousel 1->0, box +1  gained  10 lost  1 | +cedo502 int 02 03 carousel || you can pay on time and avoid extra fees | LOST: cedo502 int 02 03 unclassified
CEDR501/CEDR501_2_0.html     carousel 2->1, box +1  gained   2 lost  0 | +cedr501 int 02 01 carousel || in the next kōrero read about maia s interview 
CEDT501/CEDT501_2_0.html     carousel 1->0, box +1  gained   4 lost  1 | +cedt501 int 03 03 carousel || the whole community at school online or in other places can feel th | LOST: cedt501 int 03 03 accordion
CEDT501/CEDT501_3_1.html     carousel 1->0, box +1  gained   5 lost  0 | +cedt501 int 05 01 carousel || red flag orphan sub tag shape n outside an interactive content kept 
CEDT501/CEDT501_5_1.html     carousel kept          gained   0 lost  0  
CEDT501/CEDT501_8_0.html     carousel kept          gained   0 lost  2  | LOST: listening to and acknowledging others || image istock local samoan enjoying their day with music and handcraft stock photo https www istockpho
CEDW501/CEDW501_2_0.html     carousel kept          gained   0 lost  0  
CEDW501/CEDW501_5_0.html     carousel 1->0, box +1  gained   4 lost  2 | +cedw501 int 07 02 carousel || we ve been talking truthfully about heavy topics many things can af | LOST: cedw501 int 07 02 unclassified || cedw501 int 07 03 multichoicequiz
CHFUN04/CHFUN04_0_0.html     carousel kept          gained   3 lost  0 | +watch these videos for more on respect and use of language || watch these videos for more on the  
CHFUN05/CHFUN05_0_0.html     carousel 12->10, box +2 gained  38 lost 26 | +chfun05 int 00 05 carousel || video media item 12 https www youtube com shorts nkryiax12ee | LOST: chfun05 int 00 05 clickingorder || chfun05 int 00 06 typing
CHFUN06/CHFUN06_0_0.html     carousel kept          gained   1 lost  0 | +watch the videos to learn more about chinese component structure 
CHFUN07/CHFUN07_0_0.html     carousel kept          gained   1 lost  0 | +watch the videos to see more examples of time position in the sentence 
ENFUN01/ENFUN01_0_0.html     carousel 1->0, box +1  gained   8 lost  7 | +enfun01 int 00 11 carousel || enfun01 int 00 12 reorder | LOST: enfun01 int 00 11 reorder || enfun01 int 00 12 multichoicequiz
ENFUN08/ENFUN08_0_0.html     carousel kept          gained   2 lost  0 | +we use personification to make stories more interesting and to help readers connect with non huma 
ENFUN09/ENFUN09_0_0.html     carousel 2->1, box +1  gained  16 lost  6 | +once a writer has planned their ideas they begin their first draft this is where those ideas beco | LOST: enfun09 int 00 08 draganddrop || enfun09 int 00 09 dropdown
ENGC202/ENGC202_1_0.html     carousel kept          gained   2 lost  0 | +where do we find instructions || instructions are more than just when someone tells us to do some 
ENGI102/ENGI102_2_0.html     carousel kept          gained   0 lost  0  
ENGI301/ENGI301_2_0.html     carousel 1->0, box +1  gained  12 lost  1 | +engi301 int 02 01 carousel || https drive google com drive folders 1 rom8uuiwfvg5awum7ivu8k9 9rbw | LOST: engi301 int 02 01 dropdown
ENGI302/ENGI302_5_0.html     carousel kept          gained   1 lost  0 | +hover over the highlighted text to see how a simile or metaphor could be used in a traditional ta 
ENGI303/ENGI303_3_0.html     carousel 1->0, box +1  gained   7 lost  4 | +engi303 int 03 04 carousel || layout like https drive google com file d 1xbrlyhkdwkmytc5juoog30ht | LOST: layout like telling ssentence jack was afraid showing sentence as the footsteps drew nearer jack felt his stomach twist he pressed himself aga
ENGJ201/ENGJ201_5_0.html     carousel 1->0, box +1  gained   9 lost  0 | +engj201 int 05 01 carousel || https instructionalseries tki org nz instructional series school jo 
ENGR101/ENGR101_7_0.html     carousel 1->0, box +1  gained   8 lost  1 | +engr101 int 07 01 carousel || option 1 h4 write a news report body 1 talk to your supervisor abou | LOST: engr101 int 07 01 dropdown
ENGR201/ENGR201_4_0.html     carousel 1->0, box +1  gained   8 lost  1 | +engr201 int 04 01 carousel || https drive google com file d 1e8ytyk6zlzbfvzlguffdcjnw8shdiine vie | LOST: engr201 int 04 01 unclassified
ENGS401/ENGS401_5_0.html     carousel kept          gained   2 lost  1 | +engs401 int 05 02 modal || engs401 int 05 03 unclassified | LOST: engs401 int 05 02 unclassified
ENGS401/ENGS401_6_0.html     carousel kept          gained   0 lost  0  
EXPFUN06/EXPFUN06_0_0.html   carousel kept          gained  11 lost  0 | +your learning intentions and success criteria outline what you will focus on during your project  
HPFUN201/HPFUN201_0_0.html   carousel 2->1, box +1  gained   2 lost  1 | +hpfun201 int 00 05 carousel || hpfun201 int 00 06 multichoicequiz | LOST: hpfun201 int 00 05 multichoicequiz
HPFUN302/HPFUN302_0_0.html   carousel kept          gained   1 lost  0 | +drag the following cultural game to the country that it is often played in 
HPFUN903/HPFUN903_0_0.html   carousel kept          gained   0 lost  0  
HPRE203/HPRE203_5_0.html     carousel kept          gained   2 lost  0 | +it is easy to make assumptions about stereotypes look at the pictures that you have just drawn fo 
MXDB302/MXDB302_9_0.html     carousel 1->0, box +1  gained  15 lost  2 | +mxdb302 int 09 01 carousel || https youtu be jevsmq1nrpw si xqsqcngekflyggme | LOST: mxdb302 int 09 01 draganddrop || mxdb302 int 09 03 memorygame
MXDI103/MXDI103_3_0.html     carousel 1->0, box +1  gained   8 lost  4 | +mxdi103 int 03 01 carousel || when we are working with numbers over 10 we can still use tens fram | LOST: mxdi103 int 03 01 draganddrop || mxdi103 int 03 02 selfcheck
MXDI202/MXDI202_3_0.html     carousel 1->0, box +1  gained   4 lost  1 | +mxdi202 int 03 03 carousel || ks2 how to use a protractor measuring an angle powerpoint twinkl co | LOST: mxdi202 int 03 03 unclassified
OSAI101/OSAI101_1_0.html     carousel kept          gained   0 lost  0  
OSBY301/OSBY301_2_0.html     carousel kept          gained   1 lost  0 | +https tekura desire2learn com d2l le content 15558 viewcontent 201135 view ou 15558 
OSBY301/OSBY301_3_0.html     carousel kept          gained   5 lost  0 | +what we say online matters just as much as what we say in person kind and respectful messages hel 
OSBY401/OSBY401_2_0.html     carousel kept          gained   1 lost  0 | +https tekura desire2learn com d2l le content 15558 viewcontent 201135 view ou 15558 
OSGM301/OSGM301_1_0.html     carousel kept          gained   2 lost  1 | +risks and benefits of playing video games || as gaming has increased in popularity so too has the | LOST: what are the different ways people play games
OSOH301/OSOH301_2_0.html     carousel 1->0, box +1  gained   9 lost  2 | +osoh301 int 02 01 carousel || access to the internet allows for you to connect your device to te  | LOST: osoh301 int 02 01 draganddrop || osoh301 int 02 02 typing
OSOH401/OSOH401_1_0.html     carousel kept          gained   2 lost  0 | +to get the most out of your online learning it is important to connect and engage with people who 
OSOH401/OSOH401_3_0.html     carousel kept          gained   3 lost  0 | +as a te kura ākonga you are spending a lot of time online you may be interacting with others onli 
OSSC301/OSSC301_1_0.html     carousel 1->0, box +1  gained   6 lost  1 | +tips for spotting fake news || https resource netsafe org nz tr_how to spot fake news 1 2 pdf | LOST: ossc301 int 01 02 reorder
OSSM401/OSSM401_2_0.html     carousel kept          gained   1 lost  0 | +one of the most concerning impacts of social media is its effect on teen mental health these incl 
PES1001/PES1001_2_0.html     carousel kept          gained   1 lost  0 | +earthquakes sometimes the edges of the tectonic plates get stuck due to friction when the plates  
PES1002/PES1002_1_0.html     carousel kept          gained   1 lost  0 | +how humans have affected the environment in nz 
PES1002/PES1002_4_0.html     carousel kept          gained   1 lost  0 | +ki uta ki tai from the mountains to the sea the effects of climate change in aotearoa 
PES1005/PES1005_10_0.html    carousel 1->0, box +1  gained   5 lost  0 | +pes1005 int 10 01 carousel || image spring tide screen capture snip from https oceanservice noaa  
PES1007/PES1007_2_0.html     carousel 1->0, box +1  gained  18 lost  0 | +pes1007 int 02 01 carousel || example 1 a person with a mass of 62 kg runs at a speed of 8 ms 1 a 
TEDC401/TEDC401_2_0.html     carousel 1->0, box +1  gained   9 lost  3 | +tedc401 int 02 06 carousel || interfaces be a design principles detective | LOST: tedc401 int 02 06 unclassified || tedc401 int 02 07 speechbubble
TEDC402/TEDC402_4_0.html     carousel 1->0, box +1  gained   7 lost  6 | +tedc402 int 04 04 carousel || tedc402 int 04 05 flipcard | LOST: tedc402 int 04 04 flipcard || tedc402 int 04 05 tabs
TWHA902/TWHA902_0_0.html     carousel 1->0, box +1  gained  11 lost  2 | +twha902 int 00 08 carousel || the sandwich technique is a way to give feedback that makes it easi | LOST: twha902 int 00 08 draganddrop || twha902 int 00 09 clickdrop
TWHA905/TWHA905_0_0.html     carousel kept          gained   1 lost  0 | +from these videos we can see that a special set of questions are asked by social scientists that  
TWHK901/TWHK901_0_0.html     carousel kept          gained   1 lost  0 | +our ability to process organic waste into renewable forms of energy is called biomass we produce  
TWHK903/TWHK903_0_0.html     carousel 3->1, box +2  gained  22 lost  1 | +twhk903 int 00 05 carousel || social media is a great tool for helping us stay connected it is im | LOST: twhk903 int 00 05 slider
XDLS912/XDLS912_2_0.html     carousel 4->3, box +1  gained  10 lost  4 | +xdls912 int 02 01 carousel || keeping ourselves safe helps us feel happy safe and looked after ev | LOST: xdls912 int 02 01 flipcard || xdls912 int 02 02 draganddrop
XDLS912/XDLS912_5_0.html     carousel kept          gained   0 lost  0  
XFUN02/XFUN02_2_0.html       carousel kept          gained   5 lost  0 | +these signals let us know it s time to rest and to start getting ready for bed when we notice the 
XFUN02/XFUN02_5_0.html       carousel kept          gained   2 lost  0 | +you can set an alarm or reminder for any activity you can choose to do this for activities you wo 
XFUN02/XFUN02_6_0.html       carousel kept          gained   6 lost  0 | +it s important to remember that what we do during the day also affects our ability to fall asleep 
XGF9001/XGF9001_4_0.html     carousel kept          gained   1 lost  0 | +sometimes the hardest moments are the ones that help us grow the most in this activity you will t 
XGF9003/XGF9003_0_0.html     carousel 1->2          gained  12 lost  0 | +what do you already know about how the brain works || what tools does your brain use to help you  
XGF9003/XGF9003_1_0.html     carousel kept          gained   0 lost  0  
XGF9003/XGF9003_1_1.html     carousel kept          gained   0 lost  0  
XGF9003/XGF9003_1_2.html     carousel kept          gained   0 lost  0  
XGF9003/XGF9003_1_3.html     carousel kept          gained   0 lost  0  
XGF9004/XGF9004_17_0.html    carousel kept          gained   3 lost  0 | +below you will see some flip cards each card has a theme courage success natural a friend and rea 
XLP01/XLP01_1_0.html         carousel kept, box +1  gained  13 lost  0 | +xlp01 int 01 01 carousel || this video helps to explain expressive and receptive language 
XLP01/XLP01_2_0.html         carousel 3->2, box +1  gained  19 lost  3 | +xlp01 int 02 02 carousel || here is the story insert video pete the cat match these car strategie | LOST: here is the story pete the cat || here is the story the twin stars of matariki waiti and waita
XLP01/XLP01_3_0.html         carousel kept          gained  11 lost  0 | +there are many good online digital book sites that can be accessed for free these are ideal for r 
XLP01/XLP01_4_0.html         carousel kept          gained   0 lost  0  
XLP02/XLP02_0_0.html         carousel kept          gained   1 lost  0 | +there are many opportunities during the day to record our thoughts and feelings about what we exp 
XLP03/XLP03_0_0.html         carousel kept          gained   2 lost  0 | +there are many opportunities during the day to count what we see hear and touch this module will  
XLP03/XLP03_5_0.html         carousel kept          gained   1 lost  0 | +remember our pre counting strengths model the word same with nz sign language when matching these 
XLP04/XLP04_1_0.html         carousel kept          gained   2 lost  0 | +this can affect our behaviour s ometimes in extreme ways || use this list to build a sensory prof 
XMES101/XMES101_3_0.html     carousel kept          gained   0 lost  0  
XMES103/XMES103_1_0.html     carousel kept          gained   0 lost  0  
XMES103/XMES103_3_0.html     carousel 2->1, box +1  gained   9 lost  5 | +xmes103 int 03 01 carousel || can you piece together the puzzle for this special food what is the | LOST: xmes103 int 03 01 clickdrop || xmes103 int 03 03 tabs
XMES201/XMES201_0_0.html     carousel 1->0, box +1  gained   7 lost  0 | +xmes201 int 00 01 carousel || you may have more than just one pet some people who like pets have  
XMES201/XMES201_1_0.html     carousel kept          gained   0 lost  0  
XMES201/XMES201_3_0.html     carousel kept          gained   0 lost  0  
XMES201/XMES201_4_0.html     carousel 2->1, box +1  gained  10 lost  1 | +xmes201 int 04 01 carousel || use the images or your own pet s to measure these body parts and re | LOST: xmes201 int 04 01 draganddrop
XMES203/XMES203_3_0.html     carousel kept          gained   3 lost  0 | +the next two activities will help your sleeping space you can choose one or both to do || make yo 
XMES203/XMES203_4_0.html     carousel kept          gained   1 lost  0 | +what would you be doing at each of these times during the day discuss this with your hoa ako 
XMES203/XMES203_5_0.html     carousel kept          gained   1 lost  0 | +ka pai you have now finished this module on sleep we hope you keep looking after your sleep time  
XTAS101/XTAS101_0_0.html     carousel kept          gained   2 lost  0 | +there are many different types of special interests and they are a big part of our lives || durin 
XTAS101/XTAS101_2_0.html     carousel 1->0, box +1  gained   3 lost  1 | +xtas101 int 02 01 carousel || we hope this inspires you to have a go have a go for yourself now | LOST: xtas101 int 02 01 draganddrop
XTAS101/XTAS101_4_0.html     carousel 1->0, box +1  gained   5 lost  1 | +xtas101 int 04 01 carousel || here is a video about someone s special interest becoming their job | LOST: xtas101 int 04 01 dropdown
XTAS102/XTAS102_0_0.html     carousel 1->0, box +1  gained   8 lost  0 | +xtas102 int 00 01 carousel || the purpose of this module is to have fun with the places you visit 
XTAS102/XTAS102_1_0.html     carousel 1->0, box +1  gained   7 lost  2 | +xtas102 int 01 03 carousel || discuss with your hua ako why we have these signs | LOST: xtas102 int 01 03 draganddrop || xtas102 int 01 04 unclassified
XTAS102/XTAS102_3_0.html     carousel 4->2, box +2  gained  14 lost  7 | +xtas102 int 03 01 carousel || in this next video rufus is doing some important jobs at the place  | LOST: xtas102 int 03 01 draganddrop || xtas102 int 03 02 unclassified
XTAS102/XTAS102_4_0.html     carousel 1->0, box +1  gained   7 lost  1 | +xtas102 int 04 03 carousel || this person is going to the left | LOST: xtas102 int 04 03 unclassified
XTAS103/XTAS103_0_0.html     carousel 1->0, box +1  gained  12 lost  0 | +xtas103 int 00 01 carousel || we will learn new skills along the way we want to hear about the mo 
XTAS103/XTAS103_4_0.html     carousel 1->0, box +1  gained   5 lost  0 | +xtas103 int 06 06 carousel || insert video 1 crying men black grace 
{'carousel kept': 82, 'carousel 0->1': 1, 'carousel 1->0, box +1': 31, 'carousel 2->1, box +1': 5, 'carousel 12->10, box +2': 1, 'carousel 3->1, box +2': 1, 'carousel 4->3, box +1': 1, 'carousel 1->2': 1, 'carousel kept, box +1': 1, 'carousel 3->2, box +1': 1, 'carousel 4->2, box +2': 1}
total gained runs 670 pages with lost text: 37
   AGH1003/AGH1003_2_0.html ['agh1003 int 02 03 carousel']
   AGH1003/AGH1003_3_0.html ['agh1003 int 03 02 dropdown', 'agh1003 int 03 03 unclassified']
   AGH1005/AGH1005_2_0.html ['note from amanda griffiths check the numbering here']
   AGH1005/AGH1005_5_0.html ['agh1005 int 05 01 draganddrop']
   CEDO202/CEDO202_0_0.html ['cedo202 int 00 05 dropdown']
   CEDO502/CEDO502_1_1.html ['cedo502 int 02 03 unclassified']
   CEDT501/CEDT501_2_0.html ['cedt501 int 03 03 accordion']
   CEDT501/CEDT501_8_0.html ['listening to and acknowledging others', 'image istock local samoan enjoying their day with music and handcraft stock photo https ww']
   CEDW501/CEDW501_5_0.html ['cedw501 int 07 02 unclassified', 'cedw501 int 07 03 multichoicequiz']
   CHFUN05/CHFUN05_0_0.html ['chfun05 int 00 05 clickingorder', 'chfun05 int 00 06 typing']
   ENFUN01/ENFUN01_0_0.html ['enfun01 int 00 11 reorder', 'enfun01 int 00 12 multichoicequiz']
   ENFUN09/ENFUN09_0_0.html ['enfun09 int 00 08 draganddrop', 'enfun09 int 00 09 dropdown']
