OSSC501: identical 6 / changed 0
OSSM301: identical 3 / changed 2
OSSM401: identical 3 / changed 2
PES1001: identical 10 / changed 0
PES1002: identical 11 / changed 0
PES1003: identical 10 / changed 1
PES1004: identical 9 / changed 2
PES1005: identical 12 / changed 0
PES1007: identical 12 / changed 0
PES1008: identical 19 / changed 0
PHE1001: identical 5 / changed 0
PHE1002: identical 4 / changed 0
PHE1003: identical 11 / changed 0
PHE1004: identical 4 / changed 0
PHE1005: identical 4 / changed 2
PHE1006: identical 6 / changed 0
PHE1007: identical 10 / changed 0
PHE1008: identical 5 / changed 1
PNR101: identical 2 / changed 0
PNR102: identical 3 / changed 0
PNR104: identical 3 / changed 0
SCCH301: identical 7 / changed 2
SCFUN01: identical 0 / changed 1
SCPH301: identical 9 / changed 0
SSCI205: identical 8 / changed 2
SSFUN01: identical 1 / changed 0
SSFUN02: identical 1 / changed 0
SSFUN03: identical 0 / changed 1
SSFUN05: identical 1 / changed 0
SSFUN06: identical 1 / changed 0
SSFUN07: identical 5 / changed 0
SSFUN08: identical 1 / changed 0
SSOG101: identical 7 / changed 1
SSOG103: identical 6 / changed 1
SSOG301: identical 8 / changed 0
TEDC401: identical 7 / changed 1
TEDC402: identical 10 / changed 1
TEFUN01: identical 1 / changed 0
TEFUN02: identical 0 / changed 1
TEFUN03: identical 1 / changed 0
TEFUN04: identical 1 / changed 0
TEFUN05: identical 1 / changed 0
TEFUN06: identical 0 / changed 1
TEFUN07: identical 1 / changed 0
TEFUN08: identical 0 / changed 1
TRR102: identical 6 / changed 0
TRR103: identical 4 / changed 0
TRR104: prep refused (no-wt)
TRR105: prep refused (no-wt)
TRR106: identical 2 / changed 0
TRR107: identical 3 / changed 0
TRR108: identical 3 / changed 0
TRR109: identical 6 / changed 0
TRR111: identical 6 / changed 0
TRR112: identical 5 / changed 0
TRR113: identical 5 / changed 0
TRR114: identical 4 / changed 0
TRR115: prep refused (no-wt)
TRR203: identical 4 / changed 0
TRR301: identical 4 / changed 0
TRR304: identical 3 / changed 0
TWHA901: identical 1 / changed 0
TWHA902: identical 1 / changed 0
TWHA903: identical 1 / changed 0
TWHA904: identical 1 / changed 0
TWHA905: identical 1 / changed 0
TWHA906: identical 1 / changed 0
TWHK901: identical 1 / changed 0
TWHK903: identical 0 / changed 1
XDLS501: identical 8 / changed 0
XDLS502: identical 5 / changed 0
XDLS901: identical 5 / changed 0
XDLS902: identical 8 / changed 0
XDLS903: identical 8 / changed 0
XDLS904: identical 8 / changed 0
XDLS905: identical 8 / changed 0
XDLS906: identical 8 / changed 0
XDLS908: identical 9 / changed 0
XDLS909: identical 5 / changed 0
XDLS911: identical 2 / changed 0
XDLS912: identical 6 / changed 0
XFUN01: identical 1 / changed 0
XFUN02: identical 7 / changed 0
XGF9001: identical 4 / changed 3
XGF9002: identical 8 / changed 2
XGF9003: identical 4 / changed 2
XGF9004: identical 15 / changed 3
XGF9006: identical 7 / changed 1
XLP01: identical 1 / changed 4
XLP02: identical 4 / changed 3
XLP03: identical 1 / changed 5
XLP04: identical 5 / changed 0
XLP05: identical 5 / changed 1
XLP06: identical 3 / changed 0
XMES101: identical 8 / changed 1
XMES102: identical 6 / changed 0
XMES103: identical 4 / changed 2
XMES201: identical 4 / changed 2
XMES203: identical 5 / changed 1
XTAS101: identical 4 / changed 1
XTAS102: identical 4 / changed 2
XTAS103: identical 6 / changed 1
XWHA01: identical 2 / changed 0
XWHA02: identical 6 / changed 0

TOTAL: identical 485 / changed 58 / missing 0 over 104 modules
CHANGED: OSSM301/OSSM301_2_0.html OSSM301/OSSM301_3_0.html OSSM401/OSSM401_3_0.html OSSM401/OSSM401_4_0.html PES1003/PES1003_8_0.html PES1004/PES1004_4_0.html PES1004/PES1004_9_0.html PHE1005/PHE1005_1_0.html PHE1005/PHE1005_2_0.html PHE1008/PHE1008_4_0.html SCCH301/SCCH301_1_0.html SCCH301/SCCH301_6_0.html SCFUN01/SCFUN01_0_0.html SSCI205/SSCI205_6_0.html SSCI205/SSCI205_8_0.html SSFUN03/SSFUN03_0_0.html SSOG101/SSOG101_1_0.html SSOG103/SSOG103_2_0.html TEDC401/TEDC401_2_0.html TEDC402/TEDC402_4_0.html TEFUN02/TEFUN02_0_0.html TEFUN06/TEFUN06_0_0.html TEFUN08/TEFUN08_0_0.html TWHK903/TWHK903_0_0.html XGF9001/XGF9001_0_0.html XGF9001/XGF9001_4_0.html XGF9001/XGF9001_6_0.html XGF9002/XGF9002_6_0.html XGF9002/XGF9002_7_0.html XGF9003/XGF9003_1_0.html XGF9003/XGF9003_1_1.html XGF9004/XGF9004_2_0.html XGF9004/XGF9004_3_0.html XGF9004/XGF9004_8_0.html XGF9006/XGF9006_3_0.html XLP01/XLP01_0_0.html XLP01/XLP01_1_0.html XLP01/XLP01_2_0.html XLP01/XLP01_3_0.html XLP02/XLP02_0_0.html XLP02/XLP02_4_0.html XLP02/XLP02_5_0.html XLP03/XLP03_0_0.html XLP03/XLP03_1_0.html XLP03/XLP03_2_0.html XLP03/XLP03_4_0.html XLP03/XLP03_5_0.html XLP05/XLP05_4_0.html XMES101/XMES101_1_0.html XMES103/XMES103_1_0.html XMES103/XMES103_5_0.html XMES201/XMES201_1_0.html XMES201/XMES201_2_0.html XMES203/XMES203_5_0.html XTAS101/XTAS101_0_0.html XTAS102/XTAS102_2_0.html XTAS102/XTAS102_3_0.html XTAS103/XTAS103_2_1.html
