SKELETON STRUCTURAL MATCH — 1955 paired pages (text-immune, 100% of structure)

pairs skipped (parse error): 0
RAW match (full structure, incl. widget internals): mean 36.7%
   ^ low because Phase-1 widgets are by-design PLACEHOLDERS vs the human's built widgets.

SCAFFOLD match (widgets collapsed to one marker — the Phase-1 target: rows/cols/
activities/sections + widget POSITIONS): mean 52.0%  median 52.1%
  pages >=  95% SCAFFOLD match:    2 ( 0.1%)
  pages >=  90% SCAFFOLD match:   14 ( 0.7%)
  pages >=  75% SCAFFOLD match:  160 ( 8.2%)
  pages >=  50% SCAFFOLD match: 1093 (55.9%)
  pages <  50% scaffold match: 862

== per-module mean SCAFFOLD match (worst 25) ==
  MXFUN02     4.8%  (1 pages)
  CEDT104     5.7%  (1 pages)
  TWHK901     5.8%  (1 pages)
  EXPFUN05    6.4%  (1 pages)
  EXPFUN04    6.4%  (1 pages)
  EXPFUN02    7.8%  (1 pages)
  MXFUN03     8.2%  (1 pages)
  ARFUN04     8.4%  (1 pages)
  CEDW201     8.7%  (1 pages)
  EXPFUN03    8.8%  (1 pages)
  TWHA905    10.1%  (1 pages)
  CEDT208    14.9%  (1 pages)
  TEFUN03    15.2%  (1 pages)
  SSFUN01    15.4%  (1 pages)
  TWHA901    16.9%  (1 pages)
  ART1005    19.4%  (1 pages)
  BLL120     20.1%  (1 pages)
  ART1003    22.1%  (1 pages)
  ENFUN07    22.8%  (1 pages)
  XDLS911    23.6%  (2 pages)
  TWHA902    23.8%  (1 pages)
  SSFUN05    24.0%  (1 pages)
  TWHA903    24.3%  (1 pages)
  TRR304     24.7%  (3 pages)
  HPFUN102   25.3%  (1 pages)

== worst individual pages by SCAFFOLD match (top 20) ==
  MXFUN01_0_0.html           scaffold   0.7%  (raw    1%)
  BLL144_1_0.html            scaffold   3.7%  (raw    2%)
  BLL240_1_0.html            scaffold   4.5%  (raw    3%)
  MXFUN02_0_0.html           scaffold   4.8%  (raw    4%)
  CEDT104_0_0.html           scaffold   5.7%  (raw    6%)
  TWHK901_0_0.html           scaffold   5.8%  (raw    8%)
  EXPFUN05_0_0.html          scaffold   6.4%  (raw    6%)
  EXPFUN04_0_0.html          scaffold   6.4%  (raw    7%)
  EXPFUN02_0_0.html          scaffold   7.8%  (raw   11%)
  SSFUN07_3_0.html           scaffold   7.8%  (raw    5%)
  MXFUN03_0_0.html           scaffold   8.2%  (raw    5%)
  ARFUN04_0_0.html           scaffold   8.4%  (raw    5%)
  CEDW201_0_0.html           scaffold   8.7%  (raw   11%)
  EXPFUN03_0_0.html          scaffold   8.8%  (raw   10%)
  TRR304_3_0.html            scaffold   9.5%  (raw    9%)
  TWHA905_0_0.html           scaffold  10.1%  (raw    8%)
  EXIP901_4_0.html           scaffold  10.3%  (raw    8%)
  XDLS911_1_0.html           scaffold  11.1%  (raw    6%)
  TEDC401_3_0.html           scaffold  11.7%  (raw    6%)
  MXDB301_3_0.html           scaffold  12.3%  (raw    7%)

wrote ../../outputs/_r355_sk_final.json
