[wm] carousel #1 ok :: cccc
[wm] carousel #3 ok :: cc
[wm] carousel #6 ok :: pccccccc
[wm] carousel #2 ok :: cc
[wm] carousel #4 ok :: cc
[wm] carousel #7 ok :: ccc
[wm] carousel #11 ok :: pccc
[wm] carousel #1 ok :: ccc
[wm] carousel #2 ok :: pcc
[wm] flipCard #5 ok :: ccpp
[wm] flipCard #6 ok :: cc
[wm] flipCard #9 ok :: ccp
[wm] accordion #15 ok :: cc
[wm] carousel #16 ok :: cccccc
[wm] carousel #19 ok :: ccs
[wm] carousel #20 ok :: cc
[wm] flipCard #21 ok :: cc
[wm] accordion #26 ok :: ccp
[wm] flipCard #1 DECLINE a [button] the build did not use :: ccppd
[wm] carousel #3 ok :: cc
[wm] carousel #4 ok :: cc
[wm] carousel #5 ok :: ccccc
[wm] carousel #6 ok :: ccccc
[wm] carousel #9 ok :: cc
[wm] carousel #12 ok :: cc
[wm] accordion #13 ok :: cccccc
[wm] carousel #16 ok :: cccccccc
[wm] carousel #18 ok :: cccccc
[wm] accordion #20 DECLINE a [info trigger] the build did not use :: cpdppppccccccccccccccc
[wm] carousel #21 ok :: cc
[wm] speechBubble #3 ok :: c
[wm] speechBubble #5 ok :: c
[wm] speechBubble #7 ok :: c
[wm] speechBubble #9 ok :: c
[wm] speechBubble #11 ok :: c
[wm] speechBubble #13 ok :: c
[wm] flipCard #15 DECLINE a image url the build did not use :: ppdscd
[wm] carousel #18 DECLINE a carousel url the build did not use :: dcc
[wm] accordion #19 DECLINE a image url the build did not use :: ccddccddccddccccdcdccddcccdpcc
[wm] speechBubble #2 ok :: ccccccccc
[wm] carousel #7 DECLINE a image url the build did not use :: ccdcccscccccccsc
[wm] carousel #3 ok :: ccccccccccc
[wm] clickDrop #4 DECLINE a [click drop] the build did not use :: ccddccccccc
[wm] carousel #3 DECLINE a data marker url the build did not use :: cccccccpccccccccccpcccccccccdcdddddccc
[wm] flipCard #7 ok :: cccccccccccccccccccccccccccsc
[wm] carousel #1 ok :: pcccccs
[wm] carousel #15 ok :: ccccccccccccccc
[wm] clickDrop #21 DECLINE a click drop url the build did not use :: d
[wm] clickDrop #22 DECLINE a click drop url the build did not use :: ddc
[wm] clickDrop #24 DECLINE a image url the build did not use :: cccccccccccdcdccccdccccdcscppccpcc
[wm] clickDrop #28 DECLINE a video url the build did not use :: ccccdcccscccccc
[wm] carousel #46 ok :: cscssssscccccccccccccccccccc
[wm] clickDrop #47 DECLINE a video url the build did not use :: ccdcdcdcddcccdcdcccdcdcccdcc
[wm] flipCard #53 ok :: ccccccccccccc
[wm] clickDrop #60 DECLINE a click drop url the build did not use :: d
[wm] clickDrop #65 DECLINE a click drop url the build did not use :: ddsccc
[wm] flipCard #66 ok :: cpc
[wm] clickDrop #75 DECLINE a video url the build did not use :: ccdcddcccdcccdcdcccdcccccccccscpccppcc
[wm] carousel #3 ok :: cccccccccccsccc
[wm] carousel #1 ok :: cccccccccccccccccscccccccccccccccccccc
[wm] carousel #2 ok :: ccccccc
[wm] modal #5 DECLINE a video url the build did not use :: cccccccccccccdcsc
[wm] carousel #7 ok :: ccccccc
[wm] modal #10 ok :: cccccccccccccccccsc
[wm] carousel #12 ok :: cccccccccccs
[wm] modal #15 ok :: cccccccccccccccccsc
[wm] carousel #17 ok :: cccccccccccc
[wm] modal #20 ok :: cccccccccccccccccsc
[wm] carousel #22 ok :: ccccc
[wm] modal #25 ok :: ccccccccccccccccsc
[wm] carousel #27 ok :: cccccccccc
[wm] modal #30 ok :: ccccccccccccccccccsccsc
[wm] modal #8 ok :: ccccccccccccccccccccccccccccccccccccccsc
[wm] modal #4 ok :: cccccccccccccccccccscccccccccccccccc
[wm] carousel #7 ok :: cccccccc
[wm] flipCard #1 ok :: psc
[wm] carousel #6 ok :: cccccc
[wm] carousel #4 ok :: cccc
[wm] accordion #5 ok :: cccccccccccccccccccccccccccccccc
[wm] carousel #7 ok :: ccccccc
[wm] carousel #7 ok :: ccp
[wm] carousel #1 ok :: cccccccc
[wm] modal #4 DECLINE a [modal] the build did not use :: cccdccccccccccdcsc
[wm] carousel #6 ok :: ccccccc
[wm] modal #8 DECLINE a [modal] the build did not use :: cccccdcccccccccccs
[wm] carousel #10 ok :: ccccccccccc
[wm] modal #14 DECLINE a [modal] the build did not use :: ccccccdccccccccccccccsc
[wm] carousel #17 ok :: cccccccc
[wm] modal #19 DECLINE a [modal] the build did not use :: cccccdccccccccccs
[wm] carousel #21 ok :: ccccccc
[wm] modal #24 DECLINE a [modal] the build did not use :: cccccdcccccccccccsc
[wm] carousel #27 ok :: ccccccc
[wm] modal #30 DECLINE a [modal] the build did not use :: cccccdcccccccccccs
[wm] carousel #32 ok :: cccccc
[wm] modal #35 DECLINE a [modal] the build did not use :: cccccdcccccccccccsc
[wm] carousel #38 ok :: ccccccpc
[wm] modal #41 DECLINE a [modal] the build did not use :: ccccccdcccccccccsccc
[wm] modal #5 ok :: ccccccccccccccccccccccccccccccccccc
[wm] flipCard #5 ok :: psccccccccccc
[wm] dropDown #6 ok :: c
[wm] dropDown #10 ok :: c
[wm] modal #6 ok :: cccccccccccccccccc
[wm] accordion #7 ok :: ccccccc
[wm] modal #8 ok :: ccccccccccccccccccccsc
[wm] accordion #5 ok :: cccccccccccccccccccccccccc
[wm] carousel #8 ok :: ccccc
[wm] accordion #6 ok :: ccccccc
[wm] carousel #8 ok :: ccp
[wm] carousel #2 ok :: cccccccc
[wm] modal #5 ok :: ccccccccccccccccc
[wm] carousel #8 ok :: cccccccc
[wm] modal #11 ok :: cccccccccccccccccccc
[wm] carousel #13 ok :: ccccccccc
[wm] modal #16 ok :: ccccccccccccccc
[wm] carousel #18 ok :: cccccccc
[wm] modal #21 ok :: ccccccccccccccccc
[wm] carousel #23 ok :: cccccccccc
[wm] modal #26 ok :: cccccccccccccccc
[wm] carousel #28 ok :: ccccccccc
[wm] modal #30 ok :: cccccccccccccccccccsc
[wm] carousel #7 ok :: cccc
[wm] carousel #5 ok :: ccccccc
[wm] carousel #3 DECLINE a video url the build did not use :: cccccccddd
[wm] carousel #6 ok :: ccccccccc
[wm] carousel #6 ok :: ccp
[wm] carousel #1 ok :: ccccc
[wm] carousel #5 ok :: cccc
[wm] carousel #7 ok :: ccccc
[wm] carousel #12 ok :: cccccccccc
[wm] carousel #17 ok :: cccccccccc
[wm] carousel #22 ok :: cccccccccc
[wm] carousel #27 ok :: cccccccccc
[wm] modal #31 DECLINE a [modal] the build did not use :: pcdcpddcdddddddcddpcsp
[wm] dropDown #6 ok :: c
[wm] accordion #8 ok :: cccccccc
[wm] dropDown #9 ok :: c
[wm] carousel #11 ok :: cccc
[wm] dropDown #5 ok :: c
[wm] dropDown #8 ok :: c
[wm] modal #9 ok :: cccccccccccccccccccccccccccccc
[wm] dropDown #10 ok :: c
[wm] dropDown #2 ok :: c
[wm] carousel #9 ok :: ccccccccc
[wm] accordion #6 ok :: cccccccc
[wm] dropDown #7 ok :: c
[wm] carousel #10 ok :: cccccc
[wm] carousel #1 ok :: ccccccc
[wm] carousel #5 ok :: ccccccc
[wm] carousel #9 ok :: cccccc
[wm] carousel #13 ok :: cccccccc
[wm] carousel #18 ok :: ccccccccc
[wm] modal #22 DECLINE a [modal] the build did not use :: pcdcpddcddcddddcddcsp
[wm] carousel #2 ok :: ccccccc
[wm] dropDown #6 ok :: c
[wm] carousel #1 ok :: ccccccccccc
[wm] dropDown #6 ok :: c
[wm] dropDown #7 ok :: c
[wm] carousel #9 ok :: pccc
[wm] dropDown #10 ok :: cc
[wm] carousel #2 ok :: ccccccccccccc
[wm] carousel #5 ok :: cccccccccc
[wm] carousel #9 ok :: ccp
[wm] carousel #2 ok :: cccccc
[wm] carousel #6 ok :: ccccccc
[wm] carousel #11 ok :: cccccccccccc
[wm] carousel #16 ok :: cccccccccccc
[wm] carousel #21 ok :: cccccccccccc
[wm] modal #25 DECLINE a [modal] the build did not use :: pcdcpddcdddddddcddcpcsp
[wm] carousel #1 ok :: ccccc
[wm] modal #3 ok :: csccsccsc
[wm] dropDown #6 ok :: c
[wm] carousel #4 ok :: ccccccc
[wm] carousel #8 ok :: ccccc
[wm] carousel #1 ok :: cccc
[wm] carousel #7 ok :: cccccccccccccc
[wm] carousel #1 ok :: cccccccccc
[wm] carousel #5 ok :: ccccccccccccc
[wm] carousel #10 ok :: ccccccccccc
[wm] carousel #15 ok :: ccccccccccccc
[wm] carousel #21 ok :: ccccccccccc
[wm] carousel #26 ok :: cccccccccccc
[wm] modal #30 DECLINE a [modal] the build did not use :: pcdcpdddddddcdddcddcpcsp
[wm] dropDown #5 ok :: c
[wm] modal #6 DECLINE a modal url the build did not use :: dcccccdcccccccc
[wm] flipCard #1 ok :: cc
[wm] accordion #6 ok :: cccccccc
[wm] modal #7 ok :: ccccccccccccccccccccccccccsc
[wm] carousel #5 ok :: cccccccc
[wm] accordion #6 ok :: cccccccc
[wm] carousel #1 ok :: ccccccc
[wm] carousel #7 ok :: ccccc
[wm] carousel #10 ok :: cccccc
[wm] modal #14 DECLINE a [modal] the build did not use :: pdcpcdcdcd
[wm] carousel #16 ok :: ccccc
[wm] carousel #21 DECLINE a video url the build did not use :: ccdddccc
[wm] carousel #26 ok :: cccccccccc
[wm] carousel #31 ok :: cccccccccc
[wm] carousel #36 DECLINE a video url the build did not use :: ccccdddccc
[wm] modal #40 DECLINE a [modal] the build did not use :: pcdcpdddddddccdcdddcdddcddcpcsp
[wm] accordion #5 ok :: ccccccccc
[wm] carousel #7 ok :: ccccccc
[wm] accordion #8 ok :: ccccccccccc
[wm] carousel #9 ok :: cccccc
[wm] carousel #3 ok :: ccc
[wm] accordion #7 ok :: ccccccc
[wm] clickDrop #4 DECLINE a click drop url the build did not use :: dccccccdccccccdcccccc
[wm] accordion #5 ok :: ccccc
[wm] carousel #1 ok :: ccccccc
[wm] carousel #7 ok :: cccccccccc
[wm] carousel #13 ok :: ccccc
[wm] carousel #14 DECLINE a video url the build did not use :: cdccc
[wm] carousel #19 ok :: cccccccccc
[wm] carousel #20 ok :: cccccccc
[wm] carousel #26 ok :: cccccccccc
[wm] carousel #27 DECLINE a video url the build did not use :: cdddcccc
[wm] clickDrop #4 DECLINE a click drop url the build did not use :: dccccscccdccccscccdcccc
[wm] carousel #1 ok :: ccccccccc
[wm] carousel #8 ok :: ccccc
[wm] carousel #9 ok :: ccccccccccc
[wm] carousel #3 ok :: cccccccccc
[wm] flipCard #5 ok :: ccccccccccccccccc
[wm] dropDown #8 ok :: c
[wm] carousel #10 ok :: cccccccccc
[wm] carousel #4 ok :: cccc
[wm] accordion #6 ok :: cccccccc
[wm] carousel #7 DECLINE a video url the build did not use :: cccdcccc
[wm] accordion #4 ok :: cccccccccccc
[wm] carousel #6 DECLINE a video url the build did not use :: cddddccccc
[wm] carousel #1 ok :: ccccccccc
[wm] carousel #6 ok :: ccccccccccccc
[wm] carousel #11 ok :: ccccccccc
[wm] carousel #17 ok :: ccccccccccccccccccc
[wm] carousel #23 ok :: ccccccccccccc
[wm] carousel #28 ok :: cccccccccc
[wm] carousel #32 ok :: cccccccccc
[wm] carousel #34 DECLINE a video url the build did not use :: cccdddccc
[wm] clickDrop #4 DECLINE a click drop url the build did not use :: dccccscccdccccscccdccccscccc
[wm] carousel #6 ok :: cccccccc
[wm] dropDown #7 ok :: c
[wm] tabs #1 ok :: ccccc
[wm] carousel #4 ok :: cccc
[wm] accordion #6 ok :: ccccccc
[wm] carousel #8 ok :: ccccc
[wm] dropDown #9 ok :: c
[wm] tabs #1 ok :: ccccc
[wm] clickDrop #4 DECLINE a click drop url the build did not use :: dcccccdcccc
[wm] accordion #2 ok :: cc
[wm] carousel #4 ok :: cccc
[wm] carousel #6 ok :: ccccc
[wm] accordion #1 ok :: cc
[wm] clickDrop #5 DECLINE a click drop url the build did not use :: dccccscccdccccscccdcccccc
[wm] accordion #6 ok :: ccccccc
[wm] carousel #9 ok :: ccccccccccccc
[wm] tabs #2 ok :: ccccccc
[wm] carousel #3 ok :: ccc
[wm] carousel #5 ok :: ccccccc
[wm] accordion #7 ok :: ccccccc
[wm] clickDrop #3 ok :: cscscscscscs
[wm] dropDown #5 ok :: c
[wm] clickDrop #7 DECLINE a click drop url the build did not use :: dccccscccdccccscccdcccccc
[wm] accordion #8 ok :: ccccccc
[wm] carousel #11 ok :: ccccccccc
[wm] carousel #2 ok :: cccc
[wm] carousel #7 ok :: ccccccc
[wm] modal #11 DECLINE a [modal] the build did not use :: pcddddddddddcddddcdc
[wm] carousel #12 ok :: cccccscc
[wm] carousel #17 ok :: ccccccc
[wm] modal #26 DECLINE a [modal] the build did not use :: pcddddddddddddcsdc
[wm] carousel #27 ok :: cccccsccs
[wm] flipCard #30 ok :: pc
[wm] modal #35 DECLINE a [modal] the build did not use :: pddddddddcdddcdddcdddccp
[wm] carousel #1 ok :: ccc
[wm] clickDrop #3 ok :: cccccsccccccccsccccccccsccc
[wm] clickDrop #5 ok :: cccccccccccccccccccccccc
[wm] carousel #8 ok :: ccccc
[wm] accordion #1 DECLINE a [word select] the build did not use :: ccpcccpcccpccdscpcpppcppcpppp
[wm] accordion #5 ok :: ccsccccc
[wm] clickDrop #8 ok :: cccccsccccccccccccccccccc
[wm] clickDrop #5 DECLINE a body url the build did not use :: cddss
[wm] multiChoiceQuiz #7 ok :: ccccccccppcpccccppcccccpccpcpcp
[wm] carousel #2 ok :: ccc
[wm] clickDrop #7 DECLINE a click drop url the build did not use :: ccccccccddcccc
[wm] accordion #8 ok :: ccscccc
[wm] clickDrop #1 ok :: cccc
[wm] clickDrop #8 ok :: cccccccccccc
[wm] clickDrop #9 ok :: cccccccccc
[wm] clickDrop #10 ok :: cc
[wm] accordion #7 DECLINE a nested widget the build did not use :: cdcdcd
[wm] clickDrop #11 DECLINE a body url the build did not use :: cccccsccccccccsccccccccsccccccddcsccccccccsccc
[wm] accordion #12 DECLINE a nested widget the build did not use :: ccscdccs
[wm] accordion #14 ok :: ccs
[wm] accordion #15 ok :: ccs
[wm] accordion #16 ok :: ccscc
[wm] clickDrop #2 ok :: cccc
[wm] clickDrop #8 ok :: cccccccccccccccccccc
[wm] accordion #1 ok :: cc
[wm] accordion #3 ok :: ccc
[wm] tabs #4 ok :: csccscccsc
[wm] accordion #6 ok :: cccccccc
[wm] dropDown #7 ok :: c
[wm] accordion #11 ok :: cccccccccc
[wm] dropDown #12 ok :: c
[wm] accordion #15 ok :: ccc
[wm] carousel #16 ok :: cscscccscccsss
[wm] accordion #17 ok :: cccccccccc
[wm] accordion #18 ok :: cccccc
[wm] accordion #19 ok :: cc
[wm] carousel #20 DECLINE a video url the build did not use :: ccddcc
[wm] dropDown #21 ok :: c
[wm] accordion #2 ok :: cccccccc
[wm] accordion #6 ok :: ccccccc
[wm] dropDown #7 ok :: c
[wm] accordion #8 ok :: ccccccccc
[wm] accordion #10 ok :: cc
[wm] accordion #12 ok :: cccccc
[wm] accordion #13 ok :: cccccccccc
[wm] accordion #14 ok :: ccc
[wm] accordion #15 ok :: ccccccc
[wm] carousel #16 ok :: cccc
[wm] dropDown #17 ok :: c
[wm] speechBubble #1 ok :: c
[wm] modal #2 ok :: cc
[wm] carousel #3 ok :: cscc
[wm] carousel #5 ok :: cc
[wm] carousel #7 ok :: cc
[wm] carousel #9 ok :: cc
[wm] carousel #11 ok :: cc
[wm] clickDrop #15 ok :: cc
[wm] speechBubble #18 ok :: c
[wm] dropDown #22 ok :: cc
[wm] speechBubble #24 ok :: cc
[wm] speechBubble #25 ok :: cc
[wm] speechBubble #27 ok :: cc
[wm] speechBubble #28 ok :: cc
[wm] speechBubble #29 ok :: cc
[wm] accordion #30 ok :: cscccccs
[wm] speechBubble #31 ok :: cc
[wm] accordion #32 ok :: cc
[wm] speechBubble #33 ok :: cc
[wm] speechBubble #34 ok :: cc
[wm] accordion #35 ok :: cscc
[wm] speechBubble #36 ok :: cc
[wm] speechBubble #38 ok :: cc
[wm] modal #39 ok :: ccc
[wm] speechBubble #40 ok :: c
[wm] speechBubble #42 ok :: c
[wm] accordion #43 ok :: ccsccccccsccccccsccccccsccccccccccccc
[wm] dropDown #44 ok :: ccpcccccccpccpcccccccccccccc
[wm] speechBubble #45 ok :: c
[wm] speechBubble #46 ok :: csss
[wm] carousel #1 ok :: cccccccccccccc
[wm] flipCard #7 ok :: cc
[wm] flipCard #2 ok :: cc
[wm] clickDrop #9 ok :: ccccccc
[wm] modal #14 DECLINE a [modal] the build did not use :: cdsscpcpcpcpcpcpc
[wm] flipCard #3 ok :: pcc
[wm] carousel #4 ok :: ccccc
[wm] carousel #6 ok :: ccccc
[wm] flipCard #7 ok :: cc
[wm] accordion #8 ok :: cccccc
[wm] carousel #10 ok :: ccccs
[wm] carousel #1 ok :: cccccc
[wm] carousel #2 ok :: ccc
[wm] speechBubble #4 ok :: cc
[wm] carousel #5 ok :: cccccsccccccc
[wm] carousel #7 ok :: cc
[wm] carousel #8 ok :: cc
[wm] carousel #9 ok :: cc
[wm] multiChoiceQuiz #5 ok :: ccpcpcpccccccpccccpcscccccc
[wm] flipCard #6 ok :: ccppp
[wm] carousel #5 ok :: cc
[wm] flipCard #7 ok :: ccp
[wm] flipCard #3 ok :: cc
[wm] flipCard #4 ok :: cc
[wm] accordion #5 ok :: ccccc
[wm] accordion #7 ok :: cccc
[wm] accordion #8 ok :: ccccc
[wm] accordion #9 ok :: ccccc
[wm] accordion #10 ok :: cccc
[wm] flipCard #14 ok :: cc
[wm] accordion #19 ok :: cccccccc
[wm] accordion #20 ok :: ccccc
[wm] accordion #21 ok :: ccccc
[wm] flipCard #31 ok :: cc
[wm] flipCard #2 ok :: cc
[wm] clickDrop #7 ok :: pcccccc
[wm] clickDrop #9 DECLINE a click drop url the build did not use :: dccccc
[wm] clickDrop #10 DECLINE a click drop url the build did not use :: dcccccc
[wm] flipCard #12 ok :: cc
[wm] accordion #14 ok :: ccc
[wm] accordion #15 ok :: cc
[wm] accordion #16 ok :: cccc
[wm] speechBubble #20 ok :: cccc
[wm] flipCard #24 DECLINE a table the build ignored :: cd
[wm] carousel #29 ok :: c
[wm] clickDrop #2 ok :: ccccccccccccccc
[wm] clickDrop #4 ok :: cccccccc
[wm] carousel #9 ok :: ccccccccsccccccccc
[wm] flipCard #1 ok :: cc
[wm] carousel #3 ok :: pc
[wm] flipCard #5 ok :: cc
[wm] flipCard #6 ok :: pc
[wm] speechBubble #8 ok :: ccccc
[wm] accordion #9 ok :: ccsscccccccccccc
[wm] carousel #14 ok :: ccccc
[wm] speechBubble #22 ok :: cc
[wm] carousel #27 ok :: cc
[wm] carousel #29 ok :: cc
[wm] speechBubble #36 ok :: c
[wm] carousel #2 ok :: ccccc
[wm] dropDown #3 ok :: c
[wm] carousel #8 ok :: cccc
[wm] dropDown #18 ok :: c
[wm] modal #2 ok :: cccccccccccccc
[wm] accordion #5 ok :: cccccccccccccccccccc
[wm] carousel #1 ok :: ccccccc
[wm] accordion #2 ok :: csccccccccccccccccccccccccccccccccccccccccc
[wm] carousel #4 ok :: cppcc
[wm] accordion #8 ok :: ccccccccs
[wm] accordion #2 ok :: ccccccccccccccccccccc
[wm] carousel #5 DECLINE a image url the build did not use :: cccccccccccccccccccccccdcccccccdc
[wm] flipCard #6 ok :: cc
[wm] carousel #7 ok :: ccsccscscs
[wm] carousel #8 ok :: cc
[wm] flipCard #21 ok :: cc
[wm] flipCard #23 ok :: cpc
[wm] flipCard #26 ok :: cc
[wm] flipCard #32 ok :: cc
[wm] dropDown #36 ok :: c
[wm] flipCard #40 ok :: cc
[wm] carousel #1 ok :: pc
[wm] carousel #3 ok :: cpc
[wm] carousel #5 ok :: cpc
[wm] carousel #2 ok :: cc
[wm] carousel #4 ok :: pc
[wm] carousel #6 ok :: cc
[wm] flipCard #9 ok :: cc
[wm] carousel #10 ok :: ccc
[wm] carousel #1 ok :: cc
[wm] flipCard #4 ok :: pc
[wm] speechBubble #6 ok :: c
[wm] carousel #7 ok :: cc
[wm] flipCard #9 ok :: pc
[wm] speechBubble #11 ok :: c
[wm] accordion #13 ok :: cccccccccccccccccccc
[wm] flipCard #16 ok :: pc
[wm] speechBubble #17 ok :: c
[wm] speechBubble #20 ok :: c
[wm] carousel #21 DECLINE a table the build ignored :: pd
[wm] speechBubble #22 ok :: c
[wm] clickDrop #25 DECLINE a table the build ignored :: cccccccdcccccc
[wm] accordion #27 ok :: ccccccccccccccccc
[wm] carousel #28 ok :: pc
[wm] flipCard #30 ok :: ppc
[wm] speechBubble #32 ok :: c
[wm] flipCard #33 ok :: cc
[wm] accordion #35 ok :: cccccccccccccccccccccc
[wm] carousel #36 ok :: cc
[wm] accordion #38 ok :: cccccccccccccccccccccc
[wm] carousel #39 ok :: cc
[wm] carousel #40 ok :: ccc
[wm] accordion #42 ok :: csccccccccccsccccccccccccccscccccccc
[wm] accordion #44 ok :: ccccccccccc
[wm] speechBubble #46 ok :: c
[wm] accordion #47 ok :: ccccccccccccccccc
[wm] carousel #48 ok :: pc
[wm] speechBubble #51 ok :: c
[wm] accordion #52 ok :: ccccccccccccccccc
[wm] accordion #54 ok :: cccccccccccccccccccccccccccccc
[wm] accordion #55 ok :: ccccccccccccccccc
[wm] accordion #57 ok :: ccccccccccccccccccc
[wm] accordion #60 ok :: ccccccccccccccc
[wm] speechBubble #62 ok :: c
[wm] flipCard #63 ok :: ppc
[wm] flipCard #65 ok :: pc
[wm] flipCard #67 ok :: pc
[wm] flipCard #68 ok :: pc
[wm] accordion #70 ok :: cccccccccccccccccccc
[wm] accordion #72 ok :: ccccccccccccc
[wm] accordion #74 ok :: cccccccccccccccc
[wm] carousel #75 ok :: pc
[wm] accordion #77 ok :: ccccccccccccccccc
[wm] flipCard #79 ok :: pc
[wm] accordion #82 ok :: cccccccccccccccccc
[wm] accordion #84 ok :: ccccccccccccccc
[wm] flipCard #86 ok :: pc
[wm] carousel #88 ok :: pc
[wm] accordion #89 ok :: ccccccccccccc
[wm] accordion #91 ok :: ccccccccccccccc
[wm] carousel #1 ok :: cc
[wm] carousel #8 ok :: cc
[wm] flipCard #10 ok :: cc
[wm] carousel #11 ok :: pc
[wm] flipCard #2 DECLINE a flip card url the build did not use :: ddc
[wm] flipCard #3 DECLINE a flip card url the build did not use :: ddc
[wm] flipCard #4 DECLINE a flip card url the build did not use :: ddc
[wm] flipCard #8 ok :: cc
[wm] flipCard #11 ok :: cc
[wm] tabs #14 ok :: cc
[wm] flipCard #8 ok :: cc
[wm] flipCard #13 ok :: cc
[wm] carousel #16 ok :: pscc
[wm] flipCard #5 ok :: cc
[wm] tabs #12 ok :: pc
[wm] speechBubble #13 ok :: css
[wm] flipCard #14 ok :: cc
[wm] accordion #3 ok :: cc
[wm] flipCard #5 ok :: cc
[wm] accordion #6 ok :: cc
[wm] flipCard #15 ok :: cc
[wm] hintSlider #16 ok :: pc
[wm] carousel #8 DECLINE a image url the build did not use :: pddd
[wm] flipCard #11 ok :: cc
[wm] carousel #14 ok :: cccc
[wm] flipCard #15 ok :: cc
[wm] hintSlider #19 ok :: cc
[wm] flipCard #21 ok :: cc
[wm] tabs #22 ok :: pc
[wm] hintSlider #1 ok :: c
[wm] accordion #6 ok :: cc
[wm] carousel #7 ok :: cc
[wm] flipCard #11 ok :: cc
[wm] modal #18 ok :: cc
[wm] flipCard #19 ok :: cc
[wm] accordion #20 ok :: cc
[wm] accordion #1 DECLINE a image url the build did not use :: ccccccccscccdcccccd
[wm] accordion #2 ok :: ccccccc
[wm] speechBubble #2 ok :: ccccccccccc
[wm] speechBubble #3 ok :: cc
[wm] speechBubble #7 ok :: cc
[wm] speechBubble #8 ok :: cc
[wm] dropDown #10 ok :: ccccccccccccccccccccccccccccccccccc
[wm] carousel #12 ok :: cccccccccccccccc
[wm] accordion #14 ok :: cccccccccccccccccccccccc
[wm] accordion #3 ok :: ccccccc
[wm] accordion #8 ok :: cccc
[wm] carousel #10 ok :: ccccccccccccc
[wm] carousel #14 ok :: cccccccc
[wm] carousel #17 ok :: ccccccc
[wm] accordion #21 ok :: ccccccccccccccccc
[wm] carousel #1 ok :: cc
[wm] carousel #6 ok :: cc
[wm] flipCard #7 ok :: cc
[wm] dropDown #19 ok :: cc
[wm] carousel #2 ok :: cc
[wm] carousel #10 ok :: cc
[wm] flipCard #11 ok :: ccc
[wm] speechBubble #13 ok :: pc
[wm] dropDown #15 ok :: c
[wm] carousel #4 ok :: ccpc
[wm] accordion #1 DECLINE a accordion url the build did not use :: ccdddd
[wm] accordion #2 DECLINE a accordion url the build did not use :: ccccdddd
[wm] carousel #3 ok :: pccc
[wm] flipCard #2 ok :: cc
[wm] speechBubble #4 ok :: c
[wm] speechBubble #6 ok :: c
[wm] speechBubble #8 ok :: c
[wm] modal #11 ok :: cccccc
[wm] modal #14 ok :: cccccc
[wm] modal #17 ok :: cccccc
[wm] modal #20 ok :: ccccccc
[wm] modal #23 ok :: ccccccc
[wm] speechBubble #24 ok :: c
[wm] speechBubble #27 ok :: c
[wm] speechBubble #30 ok :: c
[wm] flipCard #31 ok :: cc
[wm] flipCard #32 ok :: cc
[wm] speechBubble #33 ok :: c
[wm] carousel #34 ok :: cc
[wm] carousel #5 ok :: cc
[wm] carousel #10 ok :: ccc
[wm] flipCard #11 ok :: cc
[wm] dropDown #14 ok :: c
[wm] carousel #2 ok :: pc
[wm] carousel #3 ok :: cc
[wm] carousel #10 ok :: ccc
[wm] carousel #11 ok :: pc
[wm] clickDrop #12 ok :: cc
[wm] modal #18 ok :: cccs
[wm] modal #24 ok :: cccs
[wm] modal #36 ok :: cccscscs
[wm] accordion #1 DECLINE a image url the build did not use :: cccccddcccc
[wm] accordion #2 DECLINE a image url the build did not use :: cccddccccccccc
[wm] accordion #10 ok :: ccccccccccc
[wm] accordion #11 DECLINE a accordion url the build did not use :: dcccccccccccccccc
[wm] accordion #14 ok :: cccccccccccccccccccccccccccccccc
[wm] accordion #20 ok :: cccccccccccc
[wm] dropDown #22 ok :: c
[wm] flipCard #23 ok :: pccppcpcp
[wm] flipCard #29 ok :: ccc
[wm] accordion #31 ok :: pc
[wm] accordion #1 ok :: ccccccccccc
[wm] modal #2 ok :: cccpccccpccccpscc
[wm] accordion #3 ok :: cc
[wm] accordion #4 ok :: cccccccc
[wm] modal #6 DECLINE a video url the build did not use :: cccpdccccpsccccp
[wm] accordion #7 ok :: ccccccccccccc
[wm] flipCard #10 ok :: ccc
