EXBP901: identical 6 / changed 0
  ~ EXIP901_5_0.html: -1 +1
     - </div><p class="cv2-note" style="color: red; font-weight: bold;">Writers Note: please present below as a star 
     + </div><p class="cv2-note" style="color: red; font-weight: bold;">Writers Note: Please present bullet points be
EXIP901: identical 5 / changed 1
  ~ EXPFUN02_0_0.html: -6 +6
     - <a href="https://www.istockphoto.com/photo/cornflowers-field-gm1194076072-339868476?searchscope=image%2Cfilm" 
     - <a href="https://www.istockphoto.com/photo/cornflowers-field-gm1194076072-339868476?searchscope=image%2Cfilm" 
     - <a href="https://www.istockphoto.com/photo/cornflowers-field-gm1194076072-339868476?searchscope=image%2Cfilm" 
     - <a href="https://www.istockphoto.com/photo/cornflowers-field-gm1194076072-339868476?searchscope=image%2Cfilm" 
     - <a href="https://www.istockphoto.com/photo/cornflowers-field-gm1194076072-339868476?searchscope=image%2Cfilm" 
     - <a href="https://www.istockphoto.com/photo/cornflowers-field-gm1194076072-339868476?searchscope=image%2Cfilm" 
     + <a href="https://www.istockphoto.com/photo/cornflowers-field-gm1194076072-339868476?searchscope=image%2Cfilm" 
     + <a href="https://www.istockphoto.com/photo/cornflowers-field-gm1194076072-339868476?searchscope=image%2Cfilm" 
     + <a href="https://www.istockphoto.com/photo/cornflowers-field-gm1194076072-339868476?searchscope=image%2Cfilm" 
     + <a href="https://www.istockphoto.com/photo/cornflowers-field-gm1194076072-339868476?searchscope=image%2Cfilm" 
     + <a href="https://www.istockphoto.com/photo/cornflowers-field-gm1194076072-339868476?searchscope=image%2Cfilm" 
     + <a href="https://www.istockphoto.com/photo/cornflowers-field-gm1194076072-339868476?searchscope=image%2Cfilm" 
EXPFUN02: identical 0 / changed 1
  ~ EXPFUN03_0_0.html: -5 +5
     - <a href="https://www.istockphoto.com/photo/colorful-kites-against-a-blue-sky-gm618720260-107729175?phrase=kite
     - <a href="https://www.istockphoto.com/photo/colorful-kites-against-a-blue-sky-gm618720260-107729175?phrase=kite
     - <a href="https://www.istockphoto.com/photo/colorful-kites-against-a-blue-sky-gm618720260-107729175?phrase=kite
     - <a href="https://www.istockphoto.com/photo/colorful-kites-against-a-blue-sky-gm618720260-107729175?phrase=kite
     - <a href="https://www.istockphoto.com/photo/colorful-kites-against-a-blue-sky-gm618720260-107729175?phrase=kite
     + <a href="https://www.istockphoto.com/photo/colorful-kites-against-a-blue-sky-gm618720260-107729175?phrase=kite
     + <a href="https://www.istockphoto.com/photo/colorful-kites-against-a-blue-sky-gm618720260-107729175?phrase=kite
     + <a href="https://www.istockphoto.com/photo/colorful-kites-against-a-blue-sky-gm618720260-107729175?phrase=kite
     + <a href="https://www.istockphoto.com/photo/colorful-kites-against-a-blue-sky-gm618720260-107729175?phrase=kite
     + <a href="https://www.istockphoto.com/photo/colorful-kites-against-a-blue-sky-gm618720260-107729175?phrase=kite
EXPFUN03: identical 0 / changed 1
  ~ EXPFUN04_0_0.html: -6 +6
     - </div><p class="cv2-note" style="color: red; font-weight: bold;">Writers Note: click xl with a on the front of
     - </div><p class="cv2-note" style="color: red; font-weight: bold;">Writers Note: click xl with a on the front of
     - </div><p class="cv2-note" style="color: red; font-weight: bold;">Writers Note: click xl with a on the front of
     - </div><p class="cv2-note" style="color: red; font-weight: bold;">Writers Note: click xl with a on the front of
     - </div><p class="cv2-note" style="color: red; font-weight: bold;">Writers Note: click xl with a on the front of
     - </div><p class="cv2-note" style="color: red; font-weight: bold;">Writers Note: click xl with a on the front of
     + </div><p class="cv2-note" style="color: red; font-weight: bold;">Writers Note: Click modal XL with a graphic o
     + </div><p class="cv2-note" style="color: red; font-weight: bold;">Writers Note: Click modal XL with a graphic o
     + </div><p class="cv2-note" style="color: red; font-weight: bold;">Writers Note: Click modal XL with a graphic o
     + </div><p class="cv2-note" style="color: red; font-weight: bold;">Writers Note: Click modal XL with a graphic o
     + </div><p class="cv2-note" style="color: red; font-weight: bold;">Writers Note: Click modal XL with a graphic o
     + </div><p class="cv2-note" style="color: red; font-weight: bold;">Writers Note: Click modal XL with a graphic o
EXPFUN04: identical 0 / changed 1
  ~ EXPFUN05_0_0.html: -2 +2
     - </div><p class="cv2-note" style="color: red; font-weight: bold;">Writers Note: [hover: food garden]<br />[imag
     - </div><p class="cv2-note" style="color: red; font-weight: bold;">Writers Note: [hover: food garden]<br />[imag
     + </div><p class="cv2-note" style="color: red; font-weight: bold;">Writers Note: [hover: food garden]<br />[imag
     + </div><p class="cv2-note" style="color: red; font-weight: bold;">Writers Note: [hover: food garden]<br />[imag
EXPFUN05: identical 0 / changed 1
  ~ EXPFUN06_0_0.html: -1 +1
     - </div><p class="cv2-note" style="color: red; font-weight: bold;">Writers Note: [on flip]<br />insert - has sym
     + </div><p class="cv2-note" style="color: red; font-weight: bold;">Writers Note: [on flip]<br />has symbols, rev
EXPFUN06: identical 0 / changed 1
EXPFUN07: identical 1 / changed 0
HES1003: identical 9 / changed 0
HES1004: identical 5 / changed 0
HES1005: identical 9 / changed 0
HES1006: identical 8 / changed 0
HES1007: identical 10 / changed 0
HIS1001: identical 8 / changed 0
  ~ HIS1002_3_0.html: -1 +1
     - </div><p class="cv2-note" style="color: red; font-weight: bold;">Writers Note: [Source A] New Zealand Request 
     + </div><p class="cv2-note" style="color: red; font-weight: bold;">Writers Note: [Source A] New Zealand Request 
HIS1002: identical 20 / changed 1
HIS1003: identical 11 / changed 0
HIS1004: identical 11 / changed 0
  ~ HIS1005_3_0.html: -1 +1
     - <a href="https://nzhistory.govt.nz/first-official-execution-in-new-zealand" target="_blank"><div class="button
     + <a href="https://nzhistory.govt.nz/first-official-execution-in-new-zealand" target="_blank"><div class="button
HIS1005: identical 14 / changed 1
  ~ HIS1006_1_0.html: -1 +1
     - <h4 class="goJournal">Go to your journal</h4><p class="cv2-note" style="color: red; font-weight: bold;">Writer
     + <h4 class="goJournal">Go to your journal</h4><p class="cv2-note" style="color: red; font-weight: bold;">Writer
  ~ HIS1006_2_0.html: -1 +1
     - <h4 class="goJournal">Go to your journal</h4><p class="cv2-note" style="color: red; font-weight: bold;">Writer
     + <h4 class="goJournal">Go to your journal</h4><p class="cv2-note" style="color: red; font-weight: bold;">Writer
HIS1006: identical 13 / changed 2
HIS1007: identical 7 / changed 0
  ~ HIS1008_1_0.html: -1 +1
     - </div><p class="cv2-note" style="color: red; font-weight: bold;">Writers Note: please arrange each individuals
     + </div><p class="cv2-note" style="color: red; font-weight: bold;">Writers Note: please arrange each individuals
  ~ HIS1008_2_0.html: -1 +1
     - </div><p class="cv2-note" style="color: red; font-weight: bold;">Writers Note: [source link]<br />please the f
     + </div><p class="cv2-note" style="color: red; font-weight: bold;">Writers Note: [source link]<br />please embed
HIS1008: identical 10 / changed 2
HPFUN101: identical 1 / changed 0
HPFUN102: identical 1 / changed 0
HPFUN103: identical 1 / changed 0
HPFUN201: identical 1 / changed 0
HPFUN202: identical 1 / changed 0
HPFUN203: identical 1 / changed 0
  ~ HPFUN301_0_0.html: -1 +1
     - </div>
     + </div><p class="cv2-note" style="color: red; font-weight: bold;">Writers Note: of images with text description
HPFUN301: identical 0 / changed 1
HPFUN302: identical 1 / changed 0
HPFUN303: identical 1 / changed 0
HPFUN401: identical 1 / changed 0
HPFUN402: identical 1 / changed 0
HPFUN403: identical 1 / changed 0
  ~ HPFUN901_0_0.html: -1 +1
     - </div><p class="cv2-note" style="color: red; font-weight: bold;">Writers Note: click drop x 3 tool</p>
     + </div>
HPFUN901: identical 0 / changed 1
HPFUN902: identical 1 / changed 0
HPFUN903: identical 1 / changed 0
HPRE203: identical 8 / changed 0
MXDB102: identical 12 / changed 0
MXDB201: identical 7 / changed 0
MXDB202: identical 6 / changed 0
MXDB301: identical 8 / changed 0
  ~ MXDB302_4_0.html: -1 +1
     - </div><p class="cv2-note" style="color: red; font-weight: bold;">Writers Note: please position on the right si
     + </div><p class="cv2-note" style="color: red; font-weight: bold;">Writers Note: please position on the right si
MXDB302: identical 9 / changed 1
MXDI101: identical 11 / changed 0
MXDI102: identical 5 / changed 0
MXDI103: identical 10 / changed 0
MXDI201: identical 11 / changed 0
MXDI202: identical 12 / changed 0
MXDI301: identical 5 / changed 0
  ~ MXEO102_0_0.html: -1 +1
     - </div>
     + </div><p class="cv2-note" style="color: red; font-weight: bold;">Writers Note: Please make these Flip cards. T
MXEO102: identical 4 / changed 1
MXEO201: identical 10 / changed 0
MXEO202: identical 9 / changed 0
MXEO301: identical 11 / changed 0
MXEO401: identical 7 / changed 0
MXEX101: identical 8 / changed 0
MXEX201: identical 6 / changed 0
MXEX202: identical 7 / changed 0
MXEX301: identical 8 / changed 0
MXEX302: identical 8 / changed 0
MXEX401: identical 7 / changed 0
MXFL101: identical 12 / changed 0
MXFL102: identical 9 / changed 0
MXFL103: identical 8 / changed 0
MXFL104: identical 6 / changed 0
MXFL201: identical 10 / changed 0
MXFL202: identical 6 / changed 0
MXFL203: identical 12 / changed 0
MXFL204: identical 12 / changed 0
MXFL301: identical 10 / changed 0
MXFL302: identical 10 / changed 0
MXFL401: identical 8 / changed 0
MXFU201: identical 10 / changed 0
MXFU202: identical 11 / changed 0
  ~ MXFU301_5_0.html: -1 +1
     - </div><p class="cv2-note" style="color: red; font-weight: bold;">Writers Note: Carousel – Slide 1: merge video
     + </div><p class="cv2-note" style="color: red; font-weight: bold;">Writers Note: 1: merge video from Activity 2A
MXFU301: identical 11 / changed 1
MXFU302: identical 10 / changed 0
MXFU401: identical 7 / changed 0
MXFU402: identical 8 / changed 0
MXFUN01: identical 19 / changed 0
MXFUN02: identical 1 / changed 0
MXFUN03: identical 1 / changed 0
OSAH301: identical 4 / changed 0
OSAH401: identical 5 / changed 0
OSAH501: identical 6 / changed 0
OSAI101: identical 3 / changed 0
OSAI201: identical 4 / changed 0
OSAI301: identical 4 / changed 0
OSAI401: identical 5 / changed 0
OSAI501: identical 6 / changed 0
OSBY101: identical 4 / changed 0
OSBY201: identical 4 / changed 0
OSBY301: identical 4 / changed 0
OSBY401: identical 5 / changed 0
OSBY501: identical 6 / changed 0
OSGM101: identical 3 / changed 0
OSGM201: identical 4 / changed 0
OSGM301: identical 4 / changed 0
OSGM401: identical 5 / changed 0
OSGM501: identical 6 / changed 0
OSOH101: identical 4 / changed 0
OSOH201: identical 4 / changed 0
OSOH301: identical 4 / changed 0
OSOH401: identical 5 / changed 0
OSOH501: identical 6 / changed 0
OSSC301: identical 4 / changed 0
OSSC401: identical 5 / changed 0

TOTAL: identical 644 / changed 17 / missing 0 over 104 modules
CHANGED: EXIP901/EXIP901_5_0.html EXPFUN02/EXPFUN02_0_0.html EXPFUN03/EXPFUN03_0_0.html EXPFUN04/EXPFUN04_0_0.html EXPFUN05/EXPFUN05_0_0.html EXPFUN06/EXPFUN06_0_0.html HIS1002/HIS1002_3_0.html HIS1005/HIS1005_3_0.html HIS1006/HIS1006_1_0.html HIS1006/HIS1006_2_0.html HIS1008/HIS1008_1_0.html HIS1008/HIS1008_2_0.html HPFUN301/HPFUN301_0_0.html HPFUN901/HPFUN901_0_0.html MXDB302/MXDB302_4_0.html MXEO102/MXEO102_0_0.html MXFU301/MXFU301_5_0.html
