OSSC501: identical 6 / changed 0
OSSM301: identical 5 / changed 0
OSSM401: identical 5 / changed 0
PES1001: identical 10 / changed 0
PES1002: identical 11 / changed 0
PES1003: identical 11 / changed 0
PES1004: identical 11 / changed 0
  ~ PES1005_7_0.html: -2 +2
     - <div class="activity interactive" number="7B">
     - <div class="activity" number="6B">
     + <div class="activity interactive" number="6B">
     + <div class="activity" number="6C">
  ~ PES1005_11_0.html: -1 +1
     - <div class="activity dropbox" number="10B">
     + <div class="activity dropbox" number="10C">
PES1005: identical 10 / changed 2
PES1007: identical 12 / changed 0
PES1008: identical 19 / changed 0
PHE1001: identical 5 / changed 0
PHE1002: identical 4 / changed 0
PHE1003: identical 11 / changed 0
PHE1004: identical 4 / changed 0
PHE1005: identical 6 / changed 0
PHE1006: identical 6 / changed 0
PHE1007: identical 10 / changed 0
PHE1008: identical 6 / changed 0
PNR101: identical 2 / changed 0
PNR102: identical 3 / changed 0
PNR104: identical 3 / changed 0
SCCH301: identical 9 / changed 0
SCFUN01: identical 1 / changed 0
SCPH301: identical 9 / changed 0
SSCI205: identical 10 / changed 0
SSFUN01: identical 1 / changed 0
SSFUN02: identical 1 / changed 0
SSFUN03: identical 1 / changed 0
SSFUN05: identical 1 / changed 0
SSFUN06: identical 1 / changed 0
SSFUN07: identical 5 / changed 0
SSFUN08: identical 1 / changed 0
SSOG101: identical 8 / changed 0
SSOG103: identical 7 / changed 0
SSOG301: identical 8 / changed 0
  ~ TEDC401_2_0.html: -1 +1
     - <div class="activity" number="2E">
     + <div class="activity" number="2F">
  ~ TEDC401_3_0.html: -3 +3
     - <div class="activity" number="3D">
     - <div class="activity" number="3E">
     - <div class="activity interactive" number="3G">
     + <div class="activity" number="3G">
     + <div class="activity" number="3H">
     + <div class="activity interactive" number="3I">
TEDC401: identical 6 / changed 2
  ~ TEDC402_3_0.html: -1 +1
     - <div class="activity interactive" number="3C">
     + <div class="activity interactive" number="2A">
  ~ TEDC402_4_0.html: -2 +2
     - <div class="activity interactive" number="4A">
     - <div class="activity interactive" number="4B">
     + <div class="activity interactive" number="3A">
     + <div class="activity interactive" number="3B">
  ~ TEDC402_6_0.html: -2 +2
     - <div class="activity interactive" number="6B">
     - <div class="activity interactive" number="6E">
     + <div class="activity interactive" number="5A">
     + <div class="activity interactive" number="5C">
  ~ TEDC402_7_0.html: -3 +3
     - <div class="activity interactive" number="7C">
     - <div class="activity" number="6C">
     - <div class="activity interactive" number="6F">
     + <div class="activity interactive" number="6C">
     + <div class="activity" number="6F">
     + <div class="activity interactive" number="6G">
TEDC402: identical 7 / changed 4
TEFUN01: identical 1 / changed 0
TEFUN02: identical 1 / changed 0
TEFUN03: identical 1 / changed 0
TEFUN04: identical 1 / changed 0
TEFUN05: identical 1 / changed 0
TEFUN06: identical 1 / changed 0
TEFUN07: identical 1 / changed 0
TEFUN08: identical 1 / changed 0
TRR102: identical 6 / changed 0
TRR103: identical 4 / changed 0
TRR104: prep refused (no-wt)
TRR105: prep refused (no-wt)
TRR106: identical 2 / changed 0
TRR107: identical 3 / changed 0
TRR108: identical 3 / changed 0
TRR109: identical 6 / changed 0
TRR111: identical 6 / changed 0
TRR112: identical 5 / changed 0
TRR113: identical 5 / changed 0
TRR114: identical 4 / changed 0
TRR115: prep refused (no-wt)
TRR203: identical 4 / changed 0
TRR301: identical 4 / changed 0
TRR304: identical 3 / changed 0
TWHA901: identical 1 / changed 0
TWHA902: identical 1 / changed 0
TWHA903: identical 1 / changed 0
TWHA904: identical 1 / changed 0
TWHA905: identical 1 / changed 0
TWHA906: identical 1 / changed 0
TWHK901: identical 1 / changed 0
TWHK903: identical 1 / changed 0
XDLS501: identical 8 / changed 0
  ~ XDLS502_3_0.html: -1 +1
     - <div class="activity" number="3A">
     + <div class="activity" number="2A">
XDLS502: identical 4 / changed 1
  ~ XDLS901_1_0.html: -2 +2
     - <div class="activity dropbox" number="1A">
     - <div class="activity dropbox" number="1C">
     + <div class="activity dropbox" number="1B">
     + <div class="activity dropbox" number="1E">
XDLS901: identical 4 / changed 1
  ~ XDLS902_4_0.html: -2 +2
     - <div class="clickDropContent activity" number="5C">
     - <div class="clickDropContent activity" number="5F">
     + <div class="clickDropContent activity" number="4C">
     + <div class="clickDropContent activity" number="4F">
  ~ XDLS902_5_0.html: -2 +2
     - <div class="clickDropContent activity" number="1E">
     - <div class="clickDropContent activity" number="1F">
     + <div class="clickDropContent activity" number="5E">
     + <div class="clickDropContent activity" number="5F">
  ~ XDLS902_6_0.html: -2 +2
     - <div class="clickDropContent activity" number="1E">
     - <div class="clickDropContent activity" number="1F">
     + <div class="clickDropContent activity" number="6E">
     + <div class="clickDropContent activity" number="6F">
XDLS902: identical 5 / changed 3
XDLS903: identical 8 / changed 0
  ~ XDLS904_4_0.html: -1 +1
     - <div class="clickDropContent activity" number="5F">
     + <div class="clickDropContent activity" number="4F">
  ~ XDLS904_5_0.html: -1 +1
     - <div class="activity" number="5F">
     + <div class="activity" number="5A">
XDLS904: identical 6 / changed 2
  ~ XDLS905_3_0.html: -2 +2
     - <div class="activity dropbox" number="3A">
     - <div class="clickDropContent activity dropbox" number="3F">
     + <div class="activity dropbox" number="3F">
     + <div class="clickDropContent activity dropbox" number="3G">
XDLS905: identical 7 / changed 1
  ~ XDLS906_5_0.html: -1 +1
     - <div class="activity" number="5B">
     + <div class="activity" number="5C">
XDLS906: identical 7 / changed 1
  ~ XDLS908_3_0.html: -1 +1
     - <div class="activity" number="3G">
     + <div class="activity" number="3C">
  ~ XDLS908_4_0.html: -1 +1
     - <div class="activity" number="3D">
     + <div class="activity" number="4E">
  ~ XDLS908_5_0.html: -2 +2
     - <div class="activity" number="5A">
     - <div class="activity interactive" number="5C">
     + <div class="activity" number="5C">
     + <div class="activity interactive" number="5D">
  ~ XDLS908_6_0.html: -2 +2
     - <div class="activity" number="6A">
     - <div class="activity" number="5B">
     + <div class="activity" number="6B">
     + <div class="activity" number="6C">
  ~ XDLS908_8_0.html: -1 +1
     - <div class="activity" number="4A">
     + <div class="activity" number="8B">
XDLS908: identical 4 / changed 5
  ~ XDLS909_1_0.html: -1 +1
     - <div class="activity" number="1A">
     + <div class="activity" number="1E">
  ~ XDLS909_4_0.html: -2 +2
     - <div class="activity" number="4C">
     - <div class="activity super-content-button" number="4D">
     + <div class="activity" number="4D">
     + <div class="activity super-content-button" number="4E">
XDLS909: identical 3 / changed 2
XDLS911: identical 2 / changed 0
  ~ XDLS912_2_0.html: -1 +1
     - <div class="activity" number="2C">
     + <div class="activity" number="2E">
XDLS912: identical 5 / changed 1
XFUN01: identical 1 / changed 0
  ~ XFUN02_4_0.html: -2 +2
     - <div class="activity" number="3B">
     - <div class="activity interactive" number="3C">
     + <div class="activity" number="3C">
     + <div class="activity interactive" number="3D">
XFUN02: identical 6 / changed 1
  ~ XGF9001_2_0.html: -2 +2
     - <div class="activity" number="2B">
     - <div class="activity interactive" number="2C">
     + <div class="activity" number="2D">
     + <div class="activity interactive" number="2E">
  ~ XGF9001_3_0.html: -4 +4
     - <div class="activity" number="4A">
     - <div class="activity interactive" number="4B">
     - <div class="activity" number="5D">
     - <div class="activity interactive" number="3G">
     + <div class="activity interactive" number="5D">
     + <div class="activity" number="5E">
     + <div class="activity" number="5F">
     + <div class="activity interactive" number="5G">
XGF9001: identical 5 / changed 2
  ~ XGF9002_3_0.html: -1 +1
     - <div class="activity" number="3B">
     + <div class="activity" number="3C">
  ~ XGF9002_5_0.html: -1 +1
     - <div class="activity interactive" number="5A">
     + <div class="activity interactive" number="3C">
  ~ XGF9002_7_0.html: -1 +1
     - <div class="activity" number="3A">
     + <div class="activity" number="7C">
  ~ XGF9002_8_0.html: -1 +1
     - <div class="activity" number="3A">
     + <div class="activity" number="8B">
XGF9002: identical 6 / changed 4
  ~ XGF9003_1_0.html: -1 +1
     - <div class="activity interactive" number="1H">
     + <div class="activity interactive" number="2I">
XGF9003: identical 5 / changed 1
  ~ XGF9004_2_0.html: -3 +3
     - <div class="activity interactive" number="2B">
     - <div class="activity interactive" number="1B">
     - <div class="activity" number="1C">
     + <div class="activity interactive" number="1B">
     + <div class="activity interactive" number="1C">
     + <div class="activity" number="1D">
  ~ XGF9004_4_0.html: -3 +3
     - <div class="activity interactive" number="4B">
     - <div class="activity" number="3B">
     - <div class="activity" number="4E">
     + <div class="activity interactive" number="3B">
     + <div class="activity" number="3D">
     + <div class="activity" number="3E">
  ~ XGF9004_5_0.html: -1 +1
     - <div class="activity interactive" number="5B">
     + <div class="activity interactive" number="4D">
  ~ XGF9004_6_0.html: -2 +2
     - <div class="activity interactive" number="6B">
     - <div class="activity" number="5B">
     + <div class="activity interactive" number="5B">
     + <div class="activity" number="5D">
  ~ XGF9004_8_0.html: -2 +2
     - <div class="activity interactive" number="8B">
     - <div class="activity interactive" number="7B">
     + <div class="activity interactive" number="7B">
     + <div class="activity interactive" number="7D">
  ~ XGF9004_10_0.html: -1 +1
     - <div class="activity interactive" number="10E">
     + <div class="activity interactive" number="4E">
  ~ XGF9004_12_0.html: -4 +4
     - <div class="activity" number="6A">
     - <div class="activity interactive" number="6C">
     - <div class="activity interactive" number="12E">
     - <div class="activity" number="6D">
     + <div class="activity" number="6C">
     + <div class="activity interactive" number="6D">
     + <div class="activity interactive" number="6E">
     + <div class="activity" number="6F">
  ~ XGF9004_13_0.html: -5 +5
     - <div class="activity interactive" number="13B">
     - <div class="activity interactive" number="7B">
     - <div class="activity interactive" number="13D">
     - <div class="activity" number="7C">
     - <div class="activity interactive" number="7D">
     + <div class="activity interactive" number="7B">
     + <div class="activity interactive" number="7C">
     + <div class="activity interactive" number="7D">
     + <div class="activity" number="7E">
     + <div class="activity interactive" number="7F">
  ~ XGF9004_14_0.html: -3 +3
     - <div class="activity" number="1A">
     - <div class="activity" number="1B">
     - <div class="activity" number="1C">
     + <div class="activity" number="14A">
     + <div class="activity" number="14D">
     + <div class="activity" number="14G">
  ~ XGF9004_15_0.html: -3 +3
     - <div class="activity interactive" number="15B">
     - <div class="activity" number="2B">
     - <div class="activity interactive" number="15E">
     + <div class="activity interactive" number="2B">
     + <div class="activity" number="2D">
     + <div class="activity interactive" number="2E">
XGF9004: identical 8 / changed 10
  ~ XGF9006_4_0.html: -1 +1
     - <div class="activity interactive" number="4C">
     + <div class="activity interactive" number="4B">
  ~ XGF9006_6_0.html: -1 +1
     - <div class="activity" number="6C">
     + <div class="activity" number="6D">
XGF9006: identical 6 / changed 2
XLP01: identical 5 / changed 0
XLP02: identical 7 / changed 0
  ~ XLP03_4_0.html: -2 +2
     - <div class="activity interactive" number="4A">
     - <div class="activity" number="3A">
     + <div class="activity interactive" number="3A">
     + <div class="activity" number="3C">
XLP03: identical 5 / changed 1
XLP04: identical 5 / changed 0
XLP05: identical 6 / changed 0
XLP06: identical 3 / changed 0
  ~ XMES101_4_0.html: -1 +1
     - <div class="activity" number="4D">
     + <div class="activity" number="4E">
  ~ XMES101_6_0.html: -1 +1
     - <div class="activity" number="6C">
     + <div class="activity" number="6E">
XMES101: identical 7 / changed 2
XMES102: identical 6 / changed 0
  ~ XMES103_2_0.html: -4 +4
     - <div class="activity interactive" number="2C">
     - <div class="activity" number="2D">
     - <div class="activity dropbox" number="2E">
     - <div class="activity" number="2G">
     + <div class="activity interactive" number="2D">
     + <div class="activity" number="2E">
     + <div class="activity dropbox" number="2G">
     + <div class="activity" number="2H">
XMES103: identical 5 / changed 1
  ~ XMES201_1_0.html: -1 +1
     - <div class="activity dropbox" number="3F">
     + <div class="activity dropbox" number="1F">
XMES201: identical 5 / changed 1
  ~ XMES203_2_0.html: -7 +7
     - <div class="activity" number="2B">
     - <div class="activity interactive" number="2C">
     - <div class="activity dropbox" number="2D">
     - <div class="activity" number="2E">
     - <div class="activity dropbox interactive" number="2F">
     - <div class="activity" number="2G">
     - <div class="activity dropbox interactive" number="2H">
     + <div class="activity" number="2C">
     + <div class="activity interactive" number="2D">
     + <div class="activity dropbox" number="2E">
     + <div class="activity" number="2F">
     + <div class="activity dropbox interactive" number="2G">
     + <div class="activity" number="2H">
     + <div class="activity dropbox interactive" number="2I">
XMES203: identical 5 / changed 1
XTAS101: identical 5 / changed 0
  ~ XTAS102_2_0.html: -1 +1
     - <div class="activity" number="2I">
     + <div class="activity" number="2K">
XTAS102: identical 5 / changed 1
  ~ XTAS103_2_0.html: -1 +1
     - <div class="activity dropbox" number="2C">
     + <div class="activity dropbox" number="2D">
  ~ XTAS103_3_0.html: -1 +1
     - <div class="activity" number="3A">
     + <div class="activity" number="3C">
XTAS103: identical 5 / changed 2
XWHA01: identical 2 / changed 0
XWHA02: identical 6 / changed 0

TOTAL: identical 489 / changed 54 / missing 0 over 104 modules
CHANGED: PES1005/PES1005_7_0.html PES1005/PES1005_11_0.html TEDC401/TEDC401_2_0.html TEDC401/TEDC401_3_0.html TEDC402/TEDC402_3_0.html TEDC402/TEDC402_4_0.html TEDC402/TEDC402_6_0.html TEDC402/TEDC402_7_0.html XDLS502/XDLS502_3_0.html XDLS901/XDLS901_1_0.html XDLS902/XDLS902_4_0.html XDLS902/XDLS902_5_0.html XDLS902/XDLS902_6_0.html XDLS904/XDLS904_4_0.html XDLS904/XDLS904_5_0.html XDLS905/XDLS905_3_0.html XDLS906/XDLS906_5_0.html XDLS908/XDLS908_3_0.html XDLS908/XDLS908_4_0.html XDLS908/XDLS908_5_0.html XDLS908/XDLS908_6_0.html XDLS908/XDLS908_8_0.html XDLS909/XDLS909_1_0.html XDLS909/XDLS909_4_0.html XDLS912/XDLS912_2_0.html XFUN02/XFUN02_4_0.html XGF9001/XGF9001_2_0.html XGF9001/XGF9001_3_0.html XGF9002/XGF9002_3_0.html XGF9002/XGF9002_5_0.html XGF9002/XGF9002_7_0.html XGF9002/XGF9002_8_0.html XGF9003/XGF9003_1_0.html XGF9004/XGF9004_2_0.html XGF9004/XGF9004_4_0.html XGF9004/XGF9004_5_0.html XGF9004/XGF9004_6_0.html XGF9004/XGF9004_8_0.html XGF9004/XGF9004_10_0.html XGF9004/XGF9004_12_0.html XGF9004/XGF9004_13_0.html XGF9004/XGF9004_14_0.html XGF9004/XGF9004_15_0.html XGF9006/XGF9006_4_0.html XGF9006/XGF9006_6_0.html XLP03/XLP03_4_0.html XMES101/XMES101_4_0.html XMES101/XMES101_6_0.html XMES103/XMES103_2_0.html XMES201/XMES201_1_0.html XMES203/XMES203_2_0.html XTAS102/XTAS102_2_0.html XTAS103/XTAS103_2_0.html XTAS103/XTAS103_3_0.html
