OSAI201: identical 3 / changed 1
OSAI301: identical 3 / changed 1
OSAI401: identical 4 / changed 1
OSAI501: identical 5 / changed 1
OSBY101: identical 3 / changed 1
OSGM201: identical 3 / changed 1
PES1002: identical 10 / changed 1
PES1005: identical 11 / changed 1
PES1008: identical 18 / changed 1
PHE1007: identical 7 / changed 3
PHE1008: identical 5 / changed 1
SCCH301: identical 8 / changed 1
SCPH301: identical 6 / changed 3
SSCI205: identical 9 / changed 1
SSFUN02: identical 0 / changed 1
SSFUN05: identical 0 / changed 1
SSOG103: identical 6 / changed 1
TEFUN05: identical 0 / changed 1
TWHA906: identical 0 / changed 1
XDLS502: identical 4 / changed 1
XDLS904: identical 7 / changed 1
XDLS909: identical 4 / changed 1
XDLS912: identical 4 / changed 2
XGF9001: identical 6 / changed 1
XGF9003: identical 5 / changed 1
XGF9004: identical 14 / changed 4
XLP03: identical 5 / changed 1
XLP06: identical 2 / changed 1
XMES101: identical 7 / changed 2
XMES103: identical 4 / changed 2
XTAS101: identical 3 / changed 2
XTAS102: identical 4 / changed 2
XTAS103: identical 6 / changed 1

TOTAL: identical 176 / changed 45 / missing 0 over 33 modules
CHANGED: OSAI201/OSAI201_1_0.html OSAI301/OSAI301_1_0.html OSAI401/OSAI401_1_0.html OSAI501/OSAI501_1_0.html OSBY101/OSBY101_3_0.html OSGM201/OSGM201_3_0.html PES1002/PES1002_10_0.html PES1005/PES1005_10_0.html PES1008/PES1008_15_0.html PHE1007/PHE1007_4_0.html PHE1007/PHE1007_7_0.html PHE1007/PHE1007_9_0.html PHE1008/PHE1008_3_0.html SCCH301/SCCH301_3_0.html SCPH301/SCPH301_5_0.html SCPH301/SCPH301_6_0.html SCPH301/SCPH301_7_0.html SSCI205/SSCI205_6_0.html SSFUN02/SSFUN02_0_0.html SSFUN05/SSFUN05_0_0.html SSOG103/SSOG103_2_0.html TEFUN05/TEFUN05_0_0.html TWHA906/TWHA906_0_0.html XDLS502/XDLS502_4_0.html XDLS904/XDLS904_5_0.html XDLS909/XDLS909_3_0.html XDLS912/XDLS912_2_0.html XDLS912/XDLS912_4_0.html XGF9001/XGF9001_2_0.html XGF9003/XGF9003_1_0.html XGF9004/XGF9004_7_0.html XGF9004/XGF9004_10_0.html XGF9004/XGF9004_14_0.html XGF9004/XGF9004_15_0.html XLP03/XLP03_4_0.html XLP06/XLP06_1_0.html XMES101/XMES101_7_0.html XMES101/XMES101_8_0.html XMES103/XMES103_1_0.html XMES103/XMES103_4_0.html XTAS101/XTAS101_2_0.html XTAS101/XTAS101_3_0.html XTAS102/XTAS102_2_0.html XTAS102/XTAS102_5_0.html XTAS103/XTAS103_2_0.html
