ANZH104: identical 3 / changed 5
ANZH105: identical 6 / changed 2
ANZH203: identical 6 / changed 1
ANZH301: identical 9 / changed 2
ANZH303: identical 6 / changed 1
ANZH304: identical 5 / changed 2
ANZH401: identical 13 / changed 1
ANZH404: identical 6 / changed 1
ARFUN02: identical 0 / changed 1
ARFUN03: identical 0 / changed 1
ARFUN04: identical 0 / changed 1
BLL114: identical 2 / changed 1
BLL120: identical 0 / changed 1
BLL121: identical 2 / changed 1
BLL122: identical 2 / changed 1
BLL124: identical 2 / changed 1
BLL135: identical 2 / changed 1
BLL144: identical 2 / changed 1
BLL146: identical 2 / changed 1
BLL147: identical 2 / changed 1
BLL151: identical 2 / changed 1
BLL152: identical 2 / changed 1
BLL153: identical 1 / changed 2
BLL154: identical 2 / changed 1
BLL155: identical 2 / changed 1
BLL156: identical 2 / changed 1
BLL160: identical 0 / changed 1
BLL163: identical 1 / changed 2
BLL164: identical 2 / changed 1
BLL165: identical 1 / changed 2
BLL167: identical 1 / changed 2
BLL172: identical 2 / changed 1
BLL173: identical 1 / changed 2
BLL175: identical 3 / changed 1
BLL210: identical 0 / changed 1
BLL215: identical 1 / changed 2
BLL241: identical 2 / changed 1

TOTAL: identical 95 / changed 50 / missing 0 over 37 modules
CHANGED: ANZH104/ANZH104_2_0.html ANZH104/ANZH104_3_0.html ANZH104/ANZH104_4_0.html ANZH104/ANZH104_5_0.html ANZH104/ANZH104_6_0.html ANZH105/ANZH105_4_0.html ANZH105/ANZH105_5_0.html ANZH203/ANZH203_4_0.html ANZH301/ANZH301_1_0.html ANZH301/ANZH301_3_0.html ANZH303/ANZH303_3_0.html ANZH304/ANZH304_3_0.html ANZH304/ANZH304_4_0.html ANZH401/ANZH401_6_0.html ANZH404/ANZH404_3_0.html ARFUN02/ARFUN02_0_0.html ARFUN03/ARFUN03_0_0.html ARFUN04/ARFUN04_0_0.html BLL114/BLL114_1_0.html BLL120/BLL120_0_0.html BLL121/BLL121_2_0.html BLL122/BLL122_1_0.html BLL124/BLL124_2_0.html BLL135/BLL135_1_1.html BLL144/BLL144_1_0.html BLL146/BLL146_1_0.html BLL147/BLL147_1_1.html BLL151/BLL151_1_0.html BLL152/BLL152_1_0.html BLL153/BLL153_1_0.html BLL153/BLL153_1_1.html BLL154/BLL154_1_1.html BLL155/BLL155_1_0.html BLL156/BLL156_1_1.html BLL160/BLL160_0_0.html BLL163/BLL163_1_0.html BLL163/BLL163_1_1.html BLL164/BLL164_1_1.html BLL165/BLL165_1_0.html BLL165/BLL165_1_1.html BLL167/BLL167_1_0.html BLL167/BLL167_1_1.html BLL172/BLL172_1_0.html BLL173/BLL173_1_0.html BLL173/BLL173_1_1.html BLL175/BLL175_1_1.html BLL210/BLL210_0_0.html BLL215/BLL215_1_0.html BLL215/BLL215_2_0.html BLL241/BLL241_2_0.html
