[snapshot] running cs (full corpus)
  $ python3 compare_structure.py
[snapshot] running bc (full corpus)
  $ python3 body_compare.py
[snapshot] running skeleton (full corpus)
  $ python3 _skeleton_compare.py --json /mnt/c/Users/Gavin/TeKura/FINAL_MODULE_DATA/CONVERTER_V2/outputs/_fastloop_baseline/skeleton.json
[snapshot] running defect (full corpus)
  $ python3 _structural_defect_audit.py --json /mnt/c/Users/Gavin/TeKura/FINAL_MODULE_DATA/CONVERTER_V2/outputs/_fastloop_baseline/defect.json

[snapshot] baseline complete -> /mnt/c/Users/Gavin/TeKura/FINAL_MODULE_DATA/CONVERTER_V2/outputs/_fastloop_baseline

BASELINE aggregates (paste these into the changelog round):
  skeleton SCAFFOLD mean %                  52.64
  skeleton pages >=50%                       1118
  skeleton pages >=75%                        173
  compare_structure exact chain             11631
  compare_structure EXTRA container           175
  compare_structure missing container         617
  body_compare ANY breakdown                  197
  defect structurally-clean %               98.91
  literal-[tag] leak (occ)                     26
  literal-[tag] leak (pages)                   23
  (context: sk_pages=1956  cs_matched=13695  body_pages=2103  df_total=2103  df_clean=2080)
