  MXFUN01/MXFUN01_6_1.html       | OVER-CAPTURE 44% (human keeps 36 blocks free)
  XDLS909/XDLS909_2_0.html       | OVER-CAPTURE 47% (human keeps 24 blocks free)
  CEDT207/CEDT207_7_0.html       | OVER-CAPTURE 74% (human keeps 20 blocks free)
  ENGR102/ENGR102_5_0.html       | OVER-CAPTURE 42% (human keeps 12 blocks free)
  AGH1007/AGH1007_8_0.html       | OVER-CAPTURE 56% (human keeps 6 blocks free)
  ENGS102/ENGS102_3_0.html       | OVER-CAPTURE 42% (human keeps 6 blocks free)
  AGH1001/AGH1001_5_0.html       | OVER-CAPTURE 45% (human keeps 3 blocks free)
  ENGS401/ENGS401_6_0.html       | OVER-CAPTURE 44% (human keeps 3 blocks free)
  MXEO301/MXEO301_5_0.html       | 1 EMPTY widget(s)
  XGF9004/XGF9004_9_0.html       | 1 EMPTY widget(s)
  XGF9006/XGF9006_2_0.html       | 2 EMPTY widget(s)
  MXEO301/MXEO301_6_0.html       | 1 EMPTY widget(s)
  XGF9004/XGF9004_12_0.html      | 1 EMPTY widget(s)
  HES1006/HES1006_7_0.html       | 4 EMPTY widget(s)
  HIS1005/HIS1005_5_0.html       | 2 EMPTY widget(s)
  AGH1006/AGH1006_7_0.html       | 1 EMPTY widget(s)
  AGH1007/AGH1007_2_0.html       | 1 EMPTY widget(s)
  AGH1007/AGH1007_7_0.html       | 1 EMPTY widget(s)
  CEDT501/CEDT501_7_0.html       | 1 EMPTY widget(s)
  CEDT501/CEDT501_8_0.html       | 1 EMPTY widget(s)
  ENGI405/ENGI405_5_0.html       | 1 EMPTY widget(s)
  ENGR302/ENGR302_4_0.html       | 1 EMPTY widget(s)
  HES1003/HES1003_8_0.html       | 1 EMPTY widget(s)
  HIS1005/HIS1005_9_1.html       | 1 EMPTY widget(s)
  HIS1007/HIS1007_3_1.html       | 1 EMPTY widget(s)
  MXDB302/MXDB302_2_0.html       | 1 EMPTY widget(s)
  MXDB302/MXDB302_9_0.html       | 1 EMPTY widget(s)
  MXFL102/MXFL102_1_0.html       | 1 EMPTY widget(s)
