PNR102: identical 3 / changed 0
TRR104: prep refused (no-wt)
TRR108: identical 3 / changed 0
TRR113: identical 5 / changed 0
TRR301: identical 4 / changed 0
ARFUN03: identical 1 / changed 0
CHFUN04: identical 1 / changed 0
ENFUN01: identical 1 / changed 0
ENFUN05: identical 1 / changed 0
HPFUN101: identical 1 / changed 0
HPFUN202: identical 1 / changed 0
HPFUN303: identical 1 / changed 0
HPFUN901: identical 1 / changed 0
MXFUN02: identical 1 / changed 0
SSFUN02: identical 1 / changed 0
SSFUN08: identical 1 / changed 0
TEFUN04: identical 1 / changed 0
TEFUN08: identical 1 / changed 0
BLL120: identical 1 / changed 0
BLL160: identical 1 / changed 0
BLL230: identical 1 / changed 0
CEDK501: identical 14 / changed 0
CEDR204: identical 1 / changed 0
CEDT104: identical 1 / changed 0
CEDT204: identical 1 / changed 0
CEDT404: identical 1 / changed 0
EXPFUN02: identical 1 / changed 0
EXPFUN06: identical 1 / changed 0
TWHA904: identical 1 / changed 0
TWHK903: identical 1 / changed 0
AGH1001: identical 6 / changed 0
AGH1005: identical 9 / changed 0
AGH1009: identical 10 / changed 0
ANZH203: identical 7 / changed 0
ANZH304: identical 7 / changed 0
ART1003: identical 1 / changed 0
BLL111: identical 3 / changed 0
BLL115: identical 3 / changed 0
BLL122: identical 3 / changed 0
BLL126: identical 3 / changed 0
BLL133: identical 3 / changed 0
BLL137: identical 3 / changed 0
BLL144: identical 3 / changed 0
BLL151: identical 3 / changed 0
BLL155: identical 3 / changed 0
BLL162: identical 3 / changed 0
BLL166: identical 3 / changed 0
BLL173: identical 3 / changed 0
BLL177: identical 3 / changed 0
BLL214: identical 3 / changed 0
BLL221: identical 3 / changed 0
BLL225: identical 3 / changed 0
BLL232: identical 3 / changed 0
BLL236: identical 3 / changed 0
BLL244: identical 3 / changed 0
BLL252: identical 3 / changed 0
BLL263: identical 3 / changed 0
CEDO501: identical 16 / changed 0
CEDW501: identical 13 / changed 0
ENGC101: identical 6 / changed 0
ENGC301: identical 8 / changed 0
ENGI102: identical 7 / changed 0
ENGI203: identical 11 / changed 0
ENGI400: identical 4 / changed 0
ENGJ102: identical 6 / changed 0
ENGJ302: identical 10 / changed 0
ENGR102: identical 7 / changed 0
ENGR302: identical 8 / changed 0
ENGS202: identical 7 / changed 0
ENGS405: identical 1 / changed 0
HES1003: identical 9 / changed 0
HES1007: identical 10 / changed 0
HIS1004: identical 11 / changed 0
HIS1008: identical 12 / changed 0
MXDB202: identical 6 / changed 0
MXDI102: identical 5 / changed 0
MXDI301: identical 5 / changed 0
MXEO301: identical 11 / changed 0
MXEX202: identical 7 / changed 0
MXFL101: identical 12 / changed 0
MXFL201: identical 10 / changed 0
MXFL301: identical 10 / changed 0
MXFU202: identical 11 / changed 0
MXFU402: identical 8 / changed 0
OSAI101: identical 3 / changed 0
OSAI501: identical 6 / changed 0
OSBY401: identical 5 / changed 0
OSGM301: identical 4 / changed 0
OSOH201: identical 4 / changed 0
OSSC301: identical 4 / changed 0
OSSM401: identical 5 / changed 0
PES1004: identical 11 / changed 0
PHE1001: identical 5 / changed 0
PHE1005: identical 6 / changed 0
SCCH301: identical 9 / changed 0
SSOG101: identical 8 / changed 0
TEDC402: identical 11 / changed 0
XDLS904: identical 8 / changed 0
XDLS911: identical 2 / changed 0
XGF9003: identical 6 / changed 0
XLP02: identical 7 / changed 0
XLP06: identical 3 / changed 0
XMES201: identical 6 / changed 0
XTAS103: identical 7 / changed 0

TOTAL: identical 507 / changed 0 / missing 0 over 104 modules
