EXBP901: identical 6 / changed 0
EXIP901: identical 6 / changed 0
EXPFUN02: identical 1 / changed 0
EXPFUN03: identical 1 / changed 0
EXPFUN04: identical 1 / changed 0
EXPFUN05: identical 1 / changed 0
EXPFUN06: identical 1 / changed 0
EXPFUN07: identical 1 / changed 0
HES1003: identical 9 / changed 0
HES1004: identical 5 / changed 0
HES1005: identical 9 / changed 0
HES1006: identical 8 / changed 0
HES1007: identical 10 / changed 0
HIS1001: identical 8 / changed 0
HIS1002: identical 20 / changed 1
HIS1003: identical 11 / changed 0
HIS1004: identical 11 / changed 0
HIS1005: identical 15 / changed 0
HIS1006: identical 14 / changed 1
HIS1007: identical 7 / changed 0
HIS1008: identical 11 / changed 1
HPFUN101: identical 1 / changed 0
HPFUN102: identical 1 / changed 0
HPFUN103: identical 0 / changed 1
HPFUN201: identical 1 / changed 0
HPFUN202: identical 1 / changed 0
HPFUN203: identical 1 / changed 0
HPFUN301: identical 1 / changed 0
HPFUN302: identical 1 / changed 0
HPFUN303: identical 1 / changed 0
HPFUN401: identical 1 / changed 0
HPFUN402: identical 1 / changed 0
HPFUN403: identical 0 / changed 1
HPFUN901: identical 1 / changed 0
HPFUN902: identical 1 / changed 0
HPFUN903: identical 1 / changed 0
HPRE203: identical 2 / changed 6
MXDB102: identical 12 / changed 0
MXDB201: identical 7 / changed 0
MXDB202: identical 6 / changed 0
MXDB301: identical 8 / changed 0
MXDB302: identical 10 / changed 0
MXDI101: identical 11 / changed 0
MXDI102: identical 5 / changed 0
MXDI103: identical 10 / changed 0
MXDI201: identical 11 / changed 0
MXDI202: identical 12 / changed 0
MXDI301: identical 5 / changed 0
MXEO102: identical 5 / changed 0
MXEO201: identical 10 / changed 0
MXEO202: identical 9 / changed 0
MXEO301: identical 11 / changed 0
MXEO401: identical 4 / changed 3
MXEX101: identical 8 / changed 0
MXEX201: identical 5 / changed 1
MXEX202: identical 7 / changed 0
MXEX301: identical 8 / changed 0
MXEX302: identical 5 / changed 3
MXEX401: identical 7 / changed 0
MXFL101: identical 12 / changed 0
MXFL102: identical 9 / changed 0
MXFL103: identical 8 / changed 0
MXFL104: identical 5 / changed 1
MXFL201: identical 10 / changed 0
MXFL202: identical 6 / changed 0
MXFL203: identical 8 / changed 4
MXFL204: identical 12 / changed 0
MXFL301: identical 10 / changed 0
MXFL302: identical 7 / changed 3
MXFL401: identical 8 / changed 0
MXFU201: identical 10 / changed 0
MXFU202: identical 11 / changed 0
MXFU301: identical 10 / changed 2
MXFU302: identical 9 / changed 1
MXFU401: identical 6 / changed 1
MXFU402: identical 3 / changed 5
MXFUN01: identical 15 / changed 4
MXFUN02: identical 0 / changed 1
MXFUN03: identical 0 / changed 1
OSAH301: identical 4 / changed 0
OSAH401: identical 5 / changed 0
OSAH501: identical 5 / changed 1
OSAI101: identical 3 / changed 0
OSAI201: identical 4 / changed 0
OSAI301: identical 3 / changed 1
OSAI401: identical 5 / changed 0
OSAI501: identical 6 / changed 0
OSBY101: identical 4 / changed 0
OSBY201: identical 4 / changed 0
OSBY301: identical 4 / changed 0
OSBY401: identical 5 / changed 0
OSBY501: identical 6 / changed 0
OSGM101: identical 3 / changed 0
OSGM201: identical 4 / changed 0
OSGM301: identical 4 / changed 0
OSGM401: identical 5 / changed 0
OSGM501: identical 6 / changed 0
OSOH101: identical 4 / changed 0
OSOH201: identical 4 / changed 0
OSOH301: identical 3 / changed 1
OSOH401: identical 4 / changed 1
OSOH501: identical 6 / changed 0
OSSC301: identical 4 / changed 0
OSSC401: identical 5 / changed 0

TOTAL: identical 616 / changed 45 / missing 0 over 104 modules
CHANGED: HIS1002/HIS1002_19_0.html HIS1006/HIS1006_6_0.html HIS1008/HIS1008_6_0.html HPFUN103/HPFUN103_0_0.html HPFUN403/HPFUN403_0_0.html HPRE203/HPRE203_2_0.html HPRE203/HPRE203_3_0.html HPRE203/HPRE203_4_0.html HPRE203/HPRE203_5_0.html HPRE203/HPRE203_6_0.html HPRE203/HPRE203_7_0.html MXEO401/MXEO401_1_0.html MXEO401/MXEO401_2_0.html MXEO401/MXEO401_3_0.html MXEX201/MXEX201_1_0.html MXEX302/MXEX302_4_0.html MXEX302/MXEX302_5_0.html MXEX302/MXEX302_6_0.html MXFL104/MXFL104_4_0.html MXFL203/MXFL203_2_0.html MXFL203/MXFL203_3_0.html MXFL203/MXFL203_8_0.html MXFL203/MXFL203_10_0.html MXFL302/MXFL302_6_0.html MXFL302/MXFL302_7_0.html MXFL302/MXFL302_8_0.html MXFU301/MXFU301_9_0.html MXFU301/MXFU301_10_0.html MXFU302/MXFU302_7_0.html MXFU401/MXFU401_5_0.html MXFU402/MXFU402_2_0.html MXFU402/MXFU402_3_0.html MXFU402/MXFU402_4_0.html MXFU402/MXFU402_5_0.html MXFU402/MXFU402_6_0.html MXFUN01/MXFUN01_3_0.html MXFUN01/MXFUN01_5_0.html MXFUN01/MXFUN01_6_2.html MXFUN01/MXFUN01_6_5.html MXFUN02/MXFUN02_0_0.html MXFUN03/MXFUN03_0_0.html OSAH501/OSAH501_3_0.html OSAI301/OSAI301_2_0.html OSOH301/OSOH301_3_0.html OSOH401/OSOH401_3_0.html
