SKELETON STRUCTURAL MATCH — 1956 paired pages (text-immune, 100% of structure)

pairs skipped (parse error): 0
RAW match (full structure, incl. widget internals): mean 37.2%
   ^ low because Phase-1 widgets are by-design PLACEHOLDERS vs the human's built widgets.

SCAFFOLD match (widgets collapsed to one marker — the Phase-1 target: rows/cols/
activities/sections + widget POSITIONS): mean 52.7%  median 53.1%
  pages >=  95% SCAFFOLD match:    2 ( 0.1%)
  pages >=  90% SCAFFOLD match:   15 ( 0.8%)
  pages >=  75% SCAFFOLD match:  173 ( 8.8%)
  pages >=  50% SCAFFOLD match: 1123 (57.4%)
  pages <  50% scaffold match: 833

== per-module mean SCAFFOLD match (worst 25) ==
  MXFUN02     4.8%  (1 pages)
  CEDT104     6.2%  (1 pages)
  MXFUN03     8.2%  (1 pages)
  ARFUN04     8.4%  (1 pages)
  TWHK901     9.3%  (1 pages)
  EXPFUN05    9.6%  (1 pages)
  TWHA905    10.3%  (1 pages)
  CEDW201    14.1%  (1 pages)
  TEFUN03    14.7%  (1 pages)
  EXPFUN03   15.1%  (1 pages)
  CEDT208    15.3%  (1 pages)
  SSFUN01    15.4%  (1 pages)
  ART1005    16.1%  (1 pages)
  TWHA901    17.0%  (1 pages)
  EXPFUN02   18.4%  (1 pages)
  EXPFUN04   19.5%  (1 pages)
  BLL120     21.8%  (1 pages)
  ART1003    22.1%  (1 pages)
  XDLS911    23.6%  (2 pages)
  TWHA902    24.0%  (1 pages)
  SSFUN05    24.0%  (1 pages)
  TWHA903    24.5%  (1 pages)
  TRR304     24.7%  (3 pages)
  HPFUN102   25.3%  (1 pages)
  EXBP901    25.6%  (5 pages)

== worst individual pages by SCAFFOLD match (top 20) ==
  MXFUN01_0_0.html           scaffold   0.7%  (raw    1%)
  BLL240_1_0.html            scaffold   4.5%  (raw    3%)
  BLL144_1_0.html            scaffold   4.6%  (raw    2%)
  MXFUN02_0_0.html           scaffold   4.8%  (raw    4%)
  CEDT104_0_0.html           scaffold   6.2%  (raw    6%)
  CEDT301_6_0.html           scaffold   7.4%  (raw    6%)
  SSFUN07_3_0.html           scaffold   7.8%  (raw    5%)
  MXFUN03_0_0.html           scaffold   8.2%  (raw    5%)
  ARFUN04_0_0.html           scaffold   8.4%  (raw    5%)
  TWHK901_0_0.html           scaffold   9.3%  (raw   11%)
  TRR304_3_0.html            scaffold   9.5%  (raw    9%)
  EXPFUN05_0_0.html          scaffold   9.6%  (raw   11%)
  EXIP901_4_0.html           scaffold  10.3%  (raw    8%)
  TWHA905_0_0.html           scaffold  10.3%  (raw    8%)
  XDLS911_1_0.html           scaffold  11.1%  (raw    6%)
  MXFUN01_6_2.html           scaffold  11.3%  (raw   18%)
  TEDC401_3_0.html           scaffold  11.7%  (raw    6%)
  MXDB301_3_0.html           scaffold  12.1%  (raw    7%)
  ENGJ302_1_0.html           scaffold  12.3%  (raw   11%)
  ENGFUN02_1_0.html          scaffold  13.3%  (raw   10%)

wrote ../../outputs/_r366_sk_final.json
