TRR102: identical 6 / changed 0
TRR106: identical 2 / changed 0
TRR111: identical 6 / changed 0
TRR115: prep refused (no-wt)
ARFUN01: identical 1 / changed 0
ARFUN05: identical 1 / changed 0
CHFUN06: identical 1 / changed 0
ENFUN03: identical 1 / changed 0
ENFUN08: identical 1 / changed 0
HPFUN103: identical 1 / changed 0
HPFUN301: identical 1 / changed 0
HPFUN402: identical 1 / changed 0
HPFUN903: identical 1 / changed 0
SCFUN01: identical 1 / changed 0
SSFUN05: identical 1 / changed 0
TEFUN02: identical 1 / changed 0
TEFUN06: identical 1 / changed 0
XFUN02: identical 7 / changed 0
BLL140: identical 1 / changed 0
BLL210: identical 1 / changed 0
CEDK101: identical 1 / changed 0
CEDO202: identical 1 / changed 0
CEDR302: identical 1 / changed 0
CEDT202: identical 1 / changed 0
CEDT208: identical 1 / changed 0
CEDW201: identical 1 / changed 0
EXPFUN04: identical 1 / changed 0
TWHA902: identical 1 / changed 0
TWHA906: identical 1 / changed 0
XDLS903: identical 8 / changed 0
AGH1003: identical 9 / changed 0
AGH1007: identical 10 / changed 0
ANZH104: identical 8 / changed 0
ANZH301: identical 11 / changed 0
ANZH404: identical 7 / changed 0
ART1005: identical 1 / changed 0
BLL113: identical 3 / changed 0
BLL117: identical 3 / changed 0
BLL124: identical 3 / changed 0
BLL131: identical 3 / changed 0
BLL135: identical 3 / changed 0
BLL142: identical 3 / changed 0
BLL146: identical 3 / changed 0
BLL153: identical 3 / changed 0
BLL157: identical 3 / changed 0
BLL164: identical 3 / changed 0
BLL171: identical 3 / changed 0
BLL175: identical 4 / changed 0
BLL212: identical 3 / changed 0
BLL216: identical 3 / changed 0
BLL223: identical 3 / changed 0
BLL227: identical 3 / changed 0
BLL234: identical 3 / changed 0
BLL241: identical 3 / changed 0
BLL246: identical 3 / changed 0
BLL254: identical 3 / changed 0
CEDO105: identical 6 / changed 0
CEDR501: identical 11 / changed 0
ENG1005: identical 6 / changed 0
ENGC201: identical 7 / changed 0
ENGC401: identical 8 / changed 0
ENGI201: identical 5 / changed 0
ENGI302: identical 7 / changed 0
ENGI405: identical 8 / changed 0
ENGJ202: identical 6 / changed 0
ENGJ403: identical 10 / changed 0
ENGR202: identical 8 / changed 0
ENGS102: identical 7 / changed 0
ENGS302: identical 7 / changed 0
EXIP901: identical 6 / changed 0
HES1005: identical 9 / changed 0
HIS1002: identical 21 / changed 0
HIS1006: identical 15 / changed 0
MXDB102: identical 12 / changed 0
  ~ MXDB302_2_0.html: -4 +4
     - <p>Which Unit?</p>
     - <p>Check your understanding</p>
     - <p>Check your understanding</p>
     - <p>Check your understanding</p>
     + <h3>Which Unit?</h3>
     + <h3>Check your understanding</h3>
     + <h3>Check your understanding</h3>
     + <h3>Check your understanding</h3>
  ~ MXDB302_3_0.html: -1 +1
     - <p>Sort Those Shapes</p>
     + <h3>Sort Those Shapes</h3>
MXDB302: identical 8 / changed 2
MXDI201: identical 11 / changed 0
MXEO201: identical 10 / changed 0
MXEX101: identical 8 / changed 0
MXEX302: identical 8 / changed 0
MXFL103: identical 8 / changed 0
MXFL203: identical 12 / changed 0
MXFL401: identical 8 / changed 0
  ~ MXFU302_9_0.html: -3 +3
     - <p><b>Finding the Gradient of the Line</b></p>
     - <p><b>Finding the Negative Slope of the Line</b></p>
     - <p><b>Matching Line Graphs</b></p>
     + <h3>Finding the Gradient of the Line</h3>
     + <h3>Finding the Negative Slope of the Line</h3>
     + <h3>Matching Line Graphs</h3>
MXFU302: identical 9 / changed 1
OSAH401: identical 5 / changed 0
OSAI301: identical 4 / changed 0
OSBY201: identical 4 / changed 0
OSGM101: identical 3 / changed 0
OSGM501: identical 6 / changed 0
OSOH401: identical 5 / changed 0
OSSC501: identical 6 / changed 0
PES1002: identical 11 / changed 0
PES1007: identical 12 / changed 0
PHE1003: identical 11 / changed 0
PHE1007: identical 10 / changed 0
SSCI205: identical 10 / changed 0
SSOG301: identical 8 / changed 0
XDLS502: identical 5 / changed 0
XDLS906: identical 8 / changed 0
XGF9001: identical 7 / changed 0
XGF9006: identical 8 / changed 0
XLP04: identical 5 / changed 0
XMES102: identical 6 / changed 0
XTAS101: identical 5 / changed 0
XWHA02: identical 6 / changed 0

TOTAL: identical 546 / changed 3 / missing 0 over 104 modules
CHANGED: MXDB302/MXDB302_2_0.html MXDB302/MXDB302_3_0.html MXFU302/MXFU302_9_0.html
