AGH1003: identical 8 / changed 1
AGH1008: identical 9 / changed 1
ANZH304: identical 6 / changed 1
ARFUN02: identical 0 / changed 1
ARFUN04: identical 0 / changed 1
ART1005: identical 0 / changed 1
BLL110: identical 0 / changed 1
BLL111: identical 1 / changed 2
BLL112: identical 1 / changed 2
BLL113: identical 2 / changed 1
BLL114: identical 1 / changed 2
BLL115: identical 1 / changed 2
BLL116: identical 2 / changed 1
BLL117: identical 1 / changed 2
BLL120: identical 0 / changed 1
BLL121: identical 1 / changed 2
BLL122: identical 2 / changed 1
BLL123: identical 2 / changed 1
BLL124: identical 2 / changed 1
BLL125: identical 1 / changed 2
BLL126: identical 1 / changed 2
BLL127: identical 1 / changed 2
BLL130: identical 0 / changed 1
BLL131: identical 1 / changed 2
BLL132: identical 2 / changed 1
BLL133: identical 1 / changed 2
BLL134: identical 2 / changed 1
BLL135: identical 1 / changed 2
BLL136: identical 1 / changed 1
BLL137: identical 1 / changed 2
BLL140: identical 0 / changed 1
BLL141: identical 1 / changed 2
BLL142: identical 1 / changed 2
BLL143: identical 2 / changed 1
BLL144: identical 1 / changed 2
BLL145: identical 2 / changed 1
BLL146: identical 1 / changed 2
BLL147: identical 1 / changed 2
BLL150: identical 0 / changed 1
BLL151: identical 1 / changed 2
BLL152: identical 1 / changed 2
BLL153: identical 1 / changed 2
BLL154: identical 1 / changed 2
BLL155: identical 2 / changed 1
BLL156: identical 1 / changed 2
BLL157: identical 2 / changed 1
BLL160: identical 0 / changed 1
BLL161: identical 2 / changed 1
BLL162: identical 2 / changed 1
BLL163: identical 2 / changed 1
BLL164: identical 2 / changed 1
BLL165: identical 1 / changed 2
BLL166: identical 2 / changed 1
BLL167: identical 1 / changed 2
BLL170: identical 0 / changed 1
BLL171: identical 2 / changed 1

TOTAL: identical 83 / changed 81 / missing 0 over 56 modules
CHANGED: AGH1003/AGH1003_3_0.html AGH1008/AGH1008_3_0.html ANZH304/ANZH304_3_0.html ARFUN02/ARFUN02_0_0.html ARFUN04/ARFUN04_0_0.html ART1005/ART1005_0_0.html BLL110/BLL110_0_0.html BLL111/BLL111_1_0.html BLL111/BLL111_2_0.html BLL112/BLL112_1_0.html BLL112/BLL112_2_0.html BLL113/BLL113_1_0.html BLL114/BLL114_1_0.html BLL114/BLL114_2_0.html BLL115/BLL115_1_0.html BLL115/BLL115_2_0.html BLL116/BLL116_1_0.html BLL117/BLL117_1_0.html BLL117/BLL117_2_0.html BLL120/BLL120_0_0.html BLL121/BLL121_1_0.html BLL121/BLL121_2_0.html BLL122/BLL122_1_0.html BLL123/BLL123_1_0.html BLL124/BLL124_2_0.html BLL125/BLL125_1_0.html BLL125/BLL125_2_0.html BLL126/BLL126_1_0.html BLL126/BLL126_2_0.html BLL127/BLL127_1_0.html BLL127/BLL127_2_0.html BLL130/BLL130_0_0.html BLL131/BLL131_1_0.html BLL131/BLL131_2_0.html BLL132/BLL132_1_0.html BLL133/BLL133_1_0.html BLL133/BLL133_2_0.html BLL134/BLL134_1_0.html BLL135/BLL135_1_0.html BLL135/BLL135_1_1.html BLL136/BLL136_1_0.html BLL137/BLL137_1_0.html BLL137/BLL137_1_1.html BLL140/BLL140_0_0.html BLL141/BLL141_1_0.html BLL141/BLL141_2_0.html BLL142/BLL142_1_0.html BLL142/BLL142_1_1.html BLL143/BLL143_1_1.html BLL144/BLL144_1_0.html BLL144/BLL144_1_1.html BLL145/BLL145_1_0.html BLL146/BLL146_1_0.html BLL146/BLL146_2_0.html BLL147/BLL147_1_0.html BLL147/BLL147_1_1.html BLL150/BLL150_0_0.html BLL151/BLL151_1_0.html BLL151/BLL151_2_0.html BLL152/BLL152_1_0.html BLL152/BLL152_1_1.html BLL153/BLL153_1_0.html BLL153/BLL153_1_1.html BLL154/BLL154_1_0.html BLL154/BLL154_1_1.html BLL155/BLL155_1_0.html BLL156/BLL156_1_0.html BLL156/BLL156_1_1.html BLL157/BLL157_1_0.html BLL160/BLL160_0_0.html BLL161/BLL161_1_0.html BLL162/BLL162_1_0.html BLL163/BLL163_1_0.html BLL164/BLL164_1_1.html BLL165/BLL165_1_0.html BLL165/BLL165_1_1.html BLL166/BLL166_1_1.html BLL167/BLL167_1_0.html BLL167/BLL167_1_1.html BLL170/BLL170_0_0.html BLL171/BLL171_1_0.html
