BLL172: identical 1 / changed 2
BLL173: identical 2 / changed 1
BLL174: identical 1 / changed 2
BLL175: identical 2 / changed 2
BLL176: identical 1 / changed 2
BLL177: identical 1 / changed 2
BLL210: identical 0 / changed 1
BLL211: identical 1 / changed 2
BLL212: identical 2 / changed 1
BLL213: identical 2 / changed 1
BLL215: identical 1 / changed 2
BLL216: identical 1 / changed 2
BLL217: identical 2 / changed 1
BLL220: identical 0 / changed 1
BLL221: identical 1 / changed 2
BLL222: identical 1 / changed 2
BLL223: identical 1 / changed 2
BLL224: identical 2 / changed 1
BLL225: identical 2 / changed 1
BLL226: identical 1 / changed 2
BLL227: identical 2 / changed 1
BLL230: identical 0 / changed 1
BLL231: identical 1 / changed 2
BLL232: identical 1 / changed 2
BLL233: identical 2 / changed 1
BLL234: identical 2 / changed 1
BLL235: identical 2 / changed 1
BLL236: identical 2 / changed 1
BLL237: identical 2 / changed 1
BLL244: identical 1 / changed 2
BLL245: identical 2 / changed 1
BLL246: identical 2 / changed 1
BLL251: identical 2 / changed 1
BLL253: identical 2 / changed 1
BLLR201: identical 7 / changed 1
CEDK501: identical 12 / changed 2
CEDO102: identical 0 / changed 1
CEDO105: identical 1 / changed 5
CEDO502: identical 6 / changed 4
CEDR501: identical 9 / changed 2
CEDT208: identical 0 / changed 1
CEDT301: identical 6 / changed 1
CEDT501: identical 14 / changed 1
CEDW101: identical 0 / changed 1
CEDW501: identical 9 / changed 4
ENFUN01: identical 0 / changed 1
ENFUN02: identical 0 / changed 1
ENFUN03: identical 0 / changed 1
ENFUN04: identical 0 / changed 1
ENFUN05: identical 0 / changed 1
ENFUN07: identical 0 / changed 1
ENFUN08: identical 0 / changed 1
ENFUN09: identical 0 / changed 1
ENGC102: identical 5 / changed 3

TOTAL: identical 117 / changed 83 / missing 0 over 54 modules
CHANGED: BLL172/BLL172_1_0.html BLL172/BLL172_2_0.html BLL173/BLL173_1_1.html BLL174/BLL174_1_0.html BLL174/BLL174_1_1.html BLL175/BLL175_1_0.html BLL175/BLL175_1_1.html BLL176/BLL176_1_0.html BLL176/BLL176_1_1.html BLL177/BLL177_1_0.html BLL177/BLL177_2_0.html BLL210/BLL210_0_0.html BLL211/BLL211_1_0.html BLL211/BLL211_2_0.html BLL212/BLL212_1_0.html BLL213/BLL213_2_0.html BLL215/BLL215_1_0.html BLL215/BLL215_2_0.html BLL216/BLL216_1_0.html BLL216/BLL216_2_0.html BLL217/BLL217_2_0.html BLL220/BLL220_0_0.html BLL221/BLL221_1_0.html BLL221/BLL221_2_0.html BLL222/BLL222_1_0.html BLL222/BLL222_2_0.html BLL223/BLL223_1_0.html BLL223/BLL223_2_0.html BLL224/BLL224_1_0.html BLL225/BLL225_2_0.html BLL226/BLL226_1_0.html BLL226/BLL226_2_0.html BLL227/BLL227_1_0.html BLL230/BLL230_0_0.html BLL231/BLL231_1_0.html BLL231/BLL231_2_0.html BLL232/BLL232_1_0.html BLL232/BLL232_2_0.html BLL233/BLL233_1_0.html BLL234/BLL234_1_0.html BLL235/BLL235_1_0.html BLL236/BLL236_2_0.html BLL237/BLL237_1_0.html BLL244/BLL244_1_0.html BLL244/BLL244_2_0.html BLL245/BLL245_1_0.html BLL246/BLL246_2_0.html BLL251/BLL251_1_0.html BLL253/BLL253_1_0.html BLLR201/BLLR201_2_0.html CEDK501/CEDK501_10_0.html CEDK501/CEDK501_6_1.html CEDO102/CEDO102_0_0.html CEDO105/CEDO105_1_0.html CEDO105/CEDO105_2_0.html CEDO105/CEDO105_3_0.html CEDO105/CEDO105_4_0.html CEDO105/CEDO105_5_0.html CEDO502/CEDO502_1_1.html CEDO502/CEDO502_4_0.html CEDO502/CEDO502_5_0.html CEDO502/CEDO502_7_0.html CEDR501/CEDR501_4_0.html CEDR501/CEDR501_8_0.html CEDT208/CEDT208_0_0.html CEDT301/CEDT301_6_0.html CEDT501/CEDT501_2_0.html CEDW101/CEDW101_0_0.html CEDW501/CEDW501_3_0.html CEDW501/CEDW501_3_1.html CEDW501/CEDW501_5_0.html CEDW501/CEDW501_6_0.html ENFUN01/ENFUN01_0_0.html ENFUN02/ENFUN02_0_0.html ENFUN03/ENFUN03_0_0.html ENFUN04/ENFUN04_0_0.html ENFUN05/ENFUN05_0_0.html ENFUN07/ENFUN07_0_0.html ENFUN08/ENFUN08_0_0.html ENFUN09/ENFUN09_0_0.html ENGC102/ENGC102_1_0.html ENGC102/ENGC102_4_0.html ENGC102/ENGC102_6_0.html
