PNR104: identical 3 / changed 0
TRR105: prep refused (no-wt)
TRR109: identical 6 / changed 0
TRR114: identical 4 / changed 0
TRR304: identical 3 / changed 0
ARFUN04: identical 1 / changed 0
CHFUN05: identical 1 / changed 0
ENFUN02: identical 1 / changed 0
ENFUN07: identical 1 / changed 0
HPFUN102: identical 1 / changed 0
HPFUN203: identical 1 / changed 0
HPFUN401: identical 1 / changed 0
HPFUN902: identical 1 / changed 0
MXFUN03: identical 1 / changed 0
SSFUN03: identical 1 / changed 0
TEFUN01: identical 1 / changed 0
TEFUN05: identical 1 / changed 0
XFUN01: identical 1 / changed 0
BLL130: identical 1 / changed 0
BLL170: identical 1 / changed 0
BLL240: identical 9 / changed 0
CEDO102: identical 1 / changed 0
CEDR301: identical 1 / changed 0
CEDT201: identical 1 / changed 0
CEDT207: identical 8 / changed 0
CEDW101: identical 1 / changed 0
EXPFUN03: identical 1 / changed 0
TWHA901: identical 1 / changed 0
TWHA905: identical 1 / changed 0
XDLS901: identical 5 / changed 0
AGH1002: identical 7 / changed 0
AGH1006: identical 10 / changed 0
ANZH101: identical 4 / changed 0
ANZH205: identical 7 / changed 0
ANZH401: identical 14 / changed 0
ART1004: identical 1 / changed 0
BLL112: identical 3 / changed 0
BLL116: identical 3 / changed 0
BLL123: identical 3 / changed 0
BLL127: identical 3 / changed 0
BLL134: identical 3 / changed 0
BLL141: identical 3 / changed 0
BLL145: identical 3 / changed 0
BLL152: identical 3 / changed 0
BLL156: identical 3 / changed 0
BLL163: identical 3 / changed 0
BLL167: identical 3 / changed 0
BLL174: identical 3 / changed 0
BLL211: identical 3 / changed 0
BLL215: identical 3 / changed 0
BLL222: identical 3 / changed 0
BLL226: identical 3 / changed 0
BLL233: identical 3 / changed 0
BLL237: identical 3 / changed 0
BLL245: identical 3 / changed 0
BLL253: identical 3 / changed 0
BLLR201: identical 8 / changed 0
CEDO502: identical 10 / changed 0
ENG1004: identical 8 / changed 0
ENGC102: identical 8 / changed 0
ENGC302: identical 8 / changed 0
ENGI103: identical 7 / changed 0
ENGI301: identical 6 / changed 0
ENGI401: identical 12 / changed 0
ENGJ201: identical 7 / changed 0
ENGJ402: identical 9 / changed 0
ENGR201: identical 7 / changed 0
ENGS101: identical 6 / changed 0
ENGS301: identical 8 / changed 0
EXBP901: identical 6 / changed 0
HES1004: identical 5 / changed 0
HIS1001: identical 8 / changed 0
HIS1005: identical 15 / changed 0
HPRE203: identical 8 / changed 0
MXDB301: identical 8 / changed 0
MXDI103: identical 10 / changed 0
MXEO102: identical 5 / changed 0
MXEO401: identical 7 / changed 0
MXEX301: identical 8 / changed 0
MXFL102: identical 9 / changed 0
MXFL202: identical 6 / changed 0
MXFL302: identical 10 / changed 0
MXFU301: identical 12 / changed 0
OSAH301: identical 4 / changed 0
OSAI201: identical 4 / changed 0
OSBY101: identical 4 / changed 0
OSBY501: identical 6 / changed 0
OSGM401: identical 5 / changed 0
OSOH301: identical 4 / changed 0
OSSC401: identical 5 / changed 0
PES1001: identical 10 / changed 0
PES1005: identical 12 / changed 0
PHE1002: identical 4 / changed 0
PHE1006: identical 6 / changed 0
SCPH301: identical 9 / changed 0
SSOG103: identical 7 / changed 0
XDLS501: identical 8 / changed 0
XDLS905: identical 8 / changed 0
XDLS912: identical 6 / changed 0
XGF9004: identical 18 / changed 0
XLP03: identical 6 / changed 0
XMES101: identical 9 / changed 0
XMES203: identical 6 / changed 0
XWHA01: identical 2 / changed 0

TOTAL: identical 527 / changed 0 / missing 0 over 104 modules
