re-scoring 65 affected module(s): AGH1001 AGH1003 AGH1004 AGH1005 AGH1006 AGH1009 ANZH103 ANZH203 ANZH304 BLL120 BLL122 BLL125 BLL146 CBI1005 CBI1008 CBI1009 CEDO204 CEDO402 CEDR101 CEDR203 COM1002 ENGI400 ENGI401 ENGI405 ENGJ402 ENGR301 ENGS201 EXBP901 EXIP901 EXPFUN02 EXPFUN05 GEO1006 HES1002 HES1005 HIS1005 HPFUN401 HPFUN901 HPRE203 MXDB302 MXDI201 MXEX401 MXFL203 MXFL204 MXFL302 MXFU201 MXFU202 MXFU301 MXFU302 OSBY301 OSSC401 PES1001 PES1002 PES1005 PHE1001 PHE1005 PHE1006 PHE1007 PHE1008 PWY1002 SSCI104 SSCI205 TEDC402 TWHA901 XGF9004 XLP04
baseline taken: 2026-09-23T06:07:12Z
(unaffected modules unchanged by construction — corpus aggregate moves by exactly the affected-set delta)

  metric                                 baseline        new     delta  verdict
  -----------------------------------------------------------------------------
  skeleton SCAFFOLD mean %                  54.77      54.74     -0.03  REGRESSED
  skeleton pages >=50%                       1542       1542         0  HELD
  skeleton pages >=75%                        261        260        -1  REGRESSED
  compare_structure exact chain             15657      15657         0  HELD
  compare_structure EXTRA container           199        199         0  HELD
  compare_structure missing container         796        796         0  HELD
  body_compare ANY breakdown                  260        260         0  HELD
  defect structurally-clean %               98.31      98.31      0.00  HELD
  literal-[tag] leak (occ)                     75         75         0  HELD
  literal-[tag] leak (pages)                   45         45         0  HELD

  context (no pass/fail): sk_pages: 2476->2477  cs_matched: 18178->18178  body_pages: 2658->2658  df_total: 2658->2658  df_clean: 2613->2613

RESULT: MOVED, ACCEPTED AS NAMED — skeleton SCAFFOLD mean %, skeleton pages >=75%
        Every mover was named on the command line and must be decomposed in the
        round's changelog entry (which page, which mechanism). Recorded in the manifest.
[commit] fast-loop baseline PATCHED (2477 pages) + content manifest refreshed — this is now the shipped state the next inner loop measures against.
[commit] recorded accepted named movement: skeleton SCAFFOLD mean %, skeleton pages >=75%
