[snapshot] running cs (full corpus)
  $ python3 compare_structure.py
[snapshot] running bc (full corpus)
  $ python3 body_compare.py
[snapshot] running skeleton (full corpus)
  $ python3 _skeleton_compare.py --json /mnt/c/Users/Gavin/TeKura/FINAL_MODULE_DATA/CONVERTER_V2/outputs/_fastloop_baseline/skeleton.json
[snapshot] running defect (full corpus)
  $ python3 _structural_defect_audit.py --json /mnt/c/Users/Gavin/TeKura/FINAL_MODULE_DATA/CONVERTER_V2/outputs/_fastloop_baseline/defect.json

[snapshot] baseline complete -> /mnt/c/Users/Gavin/TeKura/FINAL_MODULE_DATA/CONVERTER_V2/outputs/_fastloop_baseline

BASELINE aggregates (paste these into the changelog round):
  skeleton SCAFFOLD mean %                  54.77
  skeleton pages >=50%                       1543
  skeleton pages >=75%                        261
  compare_structure exact chain             15657
  compare_structure EXTRA container           199
  compare_structure missing container         796
  body_compare ANY breakdown                  260
  defect structurally-clean %               98.31
  literal-[tag] leak (occ)                     75
  literal-[tag] leak (pages)                   45
  (context: sk_pages=2476  cs_matched=18178  body_pages=2658  df_total=2658  df_clean=2613)
