re-scoring 31 affected module(s): AGH1001 AGH1003 AGH1004 AGH1005 AGH1006 ANZH104 ANZH105 ANZH304 ART1002 BLL153 BLL223 BLL254 BLL263 CBI1009 CEDT501 COM1002 ENGC403 ENGI303 ENGJ301 FRNO902 GENO901 MXDB202 MXEX302 MXFUN02 MXFUN03 OSSM501 SSFUN05 SSFUN07 TRR111 XDLS908 XGF9004
baseline taken: 2026-09-23T05:25:08Z
(unaffected modules unchanged by construction — corpus aggregate moves by exactly the affected-set delta)

  metric                                 baseline        new     delta  verdict
  -----------------------------------------------------------------------------
  skeleton SCAFFOLD mean %                  54.77      54.77     -0.00  REGRESSED
  skeleton pages >=50%                       1543       1542        -1  REGRESSED
  skeleton pages >=75%                        261        261         0  HELD
  compare_structure exact chain             15657      15657         0  HELD
  compare_structure EXTRA container           199        199         0  HELD
  compare_structure missing container         796        796         0  HELD
  body_compare ANY breakdown                  260        260         0  HELD
  defect structurally-clean %               98.31      98.31      0.00  HELD
  literal-[tag] leak (occ)                     75         75         0  HELD
  literal-[tag] leak (pages)                   45         45         0  HELD

  context (no pass/fail): sk_pages: 2476->2476  cs_matched: 18178->18178  body_pages: 2658->2658  df_total: 2658->2658  df_clean: 2613->2613

RESULT: MOVED, ACCEPTED AS NAMED — skeleton SCAFFOLD mean %, skeleton pages >=50%
        Every mover was named on the command line and must be decomposed in the
        round's changelog entry (which page, which mechanism). Recorded in the manifest.
[commit] fast-loop baseline PATCHED (2476 pages) + content manifest refreshed — this is now the shipped state the next inner loop measures against.
[commit] recorded accepted named movement: skeleton SCAFFOLD mean %, skeleton pages >=50%
