AGH1001: identical 5 / changed 1
AGH1002: identical 7 / changed 0
AGH1003: identical 8 / changed 1
AGH1004: identical 4 / changed 3
AGH1005: identical 6 / changed 3
AGH1006: identical 4 / changed 6
AGH1007: identical 10 / changed 0
AGH1008: identical 10 / changed 0
AGH1009: identical 9 / changed 1
ANZH101: identical 4 / changed 0
ANZH103: identical 2 / changed 0
ANZH104: identical 8 / changed 0
ANZH105: identical 8 / changed 0
ANZH203: identical 6 / changed 1
ANZH205: identical 7 / changed 0
ANZH301: identical 11 / changed 0
ANZH302: identical 11 / changed 0
ANZH303: identical 7 / changed 0
ANZH304: identical 6 / changed 1
ANZH401: identical 14 / changed 0
ANZH404: identical 7 / changed 0
ANZHFUN05: identical 1 / changed 0
ARFUN01: identical 1 / changed 0
ARFUN02: identical 1 / changed 0
ARFUN03: identical 1 / changed 0
ARFUN04: identical 1 / changed 0
ARFUN05: identical 1 / changed 0
ART1002: identical 8 / changed 0
ART1003: identical 1 / changed 0
ART1004: identical 1 / changed 0
ART1005: identical 1 / changed 0
ART1006: identical 6 / changed 0
BLL110: identical 1 / changed 0
BLL111: identical 3 / changed 0
BLL112: identical 3 / changed 0
BLL113: identical 3 / changed 0
BLL114: identical 3 / changed 0
BLL115: identical 3 / changed 0
BLL116: identical 3 / changed 0
BLL117: identical 3 / changed 0
BLL120: identical 1 / changed 0
BLL121: identical 3 / changed 0
BLL122: identical 3 / changed 0
BLL123: identical 3 / changed 0
BLL124: identical 3 / changed 0
BLL125: identical 3 / changed 0
BLL126: identical 3 / changed 0
BLL127: identical 3 / changed 0
BLL130: identical 1 / changed 0
BLL131: identical 3 / changed 0
BLL132: identical 3 / changed 0
BLL133: identical 3 / changed 0
BLL134: identical 3 / changed 0
BLL135: identical 3 / changed 0
BLL136: identical 2 / changed 0
BLL137: identical 3 / changed 0
BLL140: identical 1 / changed 0
BLL141: identical 3 / changed 0
BLL142: identical 3 / changed 0
BLL143: identical 3 / changed 0
BLL144: identical 3 / changed 0
BLL145: identical 3 / changed 0
BLL146: identical 3 / changed 0
BLL147: identical 3 / changed 0
BLL150: identical 1 / changed 0
BLL151: identical 3 / changed 0
BLL152: identical 3 / changed 0
BLL153: identical 3 / changed 0
BLL154: identical 3 / changed 0
BLL155: identical 3 / changed 0
BLL156: identical 3 / changed 0
BLL157: identical 3 / changed 0
BLL160: identical 1 / changed 0
BLL161: identical 3 / changed 0
BLL162: identical 3 / changed 0
BLL163: identical 3 / changed 0
BLL164: identical 3 / changed 0
BLL165: identical 3 / changed 0
BLL166: identical 3 / changed 0
BLL167: identical 3 / changed 0
BLL170: identical 1 / changed 0
BLL171: identical 3 / changed 0
BLL172: identical 3 / changed 0
BLL173: identical 3 / changed 0
BLL174: identical 3 / changed 0
BLL175: identical 4 / changed 0
BLL176: identical 3 / changed 0
BLL177: identical 3 / changed 0
BLL210: identical 1 / changed 0
BLL211: identical 3 / changed 0
BLL212: identical 3 / changed 0
BLL213: identical 3 / changed 0
BLL214: identical 3 / changed 0
BLL215: identical 3 / changed 0
BLL216: identical 3 / changed 0
BLL217: identical 3 / changed 0
BLL220: identical 1 / changed 0
BLL221: identical 3 / changed 0
BLL222: identical 3 / changed 0
BLL223: identical 3 / changed 0
BLL224: identical 3 / changed 0
BLL225: identical 3 / changed 0
BLL226: identical 3 / changed 0
BLL227: identical 3 / changed 0
BLL230: identical 1 / changed 0
BLL231: identical 3 / changed 0
BLL232: identical 3 / changed 0
BLL233: identical 3 / changed 0
BLL234: identical 3 / changed 0
BLL235: identical 3 / changed 0
BLL236: identical 3 / changed 0
BLL237: identical 3 / changed 0
BLL240: identical 1 / changed 0
BLL241: identical 3 / changed 0
BLL242: identical 3 / changed 0
BLL243: identical 3 / changed 0
BLL244: identical 3 / changed 0
BLL245: identical 3 / changed 0
BLL246: identical 3 / changed 0
BLL247: identical 3 / changed 0
BLL250: identical 1 / changed 0
BLL251: identical 3 / changed 0
BLL252: identical 3 / changed 0
BLL253: identical 3 / changed 0
BLL254: identical 3 / changed 0
BLL255: identical 3 / changed 0
BLL256: identical 3 / changed 0
BLL257: identical 3 / changed 0
BLL260: identical 1 / changed 0
BLL261: identical 3 / changed 0
BLL262: identical 3 / changed 0
BLL263: identical 3 / changed 0
BLL264: identical 3 / changed 0
BLL265: identical 4 / changed 0
BLL266: identical 3 / changed 0
BLL270: identical 1 / changed 0
BLL271: identical 3 / changed 0
BLL272: identical 3 / changed 0
BLL273: identical 3 / changed 0
BLL274: identical 3 / changed 0
BLL275: identical 3 / changed 0
BLL276: identical 3 / changed 0
BLLR201: identical 8 / changed 0
BLLR202: identical 12 / changed 0
BLLR203: identical 10 / changed 0
CBI1004: identical 11 / changed 0
CBI1005: identical 10 / changed 1

TOTAL: identical 531 / changed 18 / missing 0 over 147 modules
CHANGED: AGH1001/AGH1001_4_0.html AGH1003/AGH1003_4_0.html AGH1004/AGH1004_1_0.html AGH1004/AGH1004_2_0.html AGH1004/AGH1004_3_0.html AGH1005/AGH1005_3_0.html AGH1005/AGH1005_4_0.html AGH1005/AGH1005_5_0.html AGH1006/AGH1006_1_0.html AGH1006/AGH1006_2_0.html AGH1006/AGH1006_4_0.html AGH1006/AGH1006_5_0.html AGH1006/AGH1006_6_0.html AGH1006/AGH1006_8_0.html AGH1009/AGH1009_2_0.html ANZH203/ANZH203_3_0.html ANZH304/ANZH304_1_0.html CBI1005/CBI1005_2_0.html
