AGH1001: identical 2 / changed 4
AGH1007: identical 9 / changed 1
AGH1008: identical 5 / changed 5
AGH1009: identical 5 / changed 5
ANZH101: identical 2 / changed 2
ANZH104: identical 7 / changed 1
ANZH105: identical 7 / changed 1
ANZH301: identical 2 / changed 9
ANZH302: identical 2 / changed 9
ANZH304: identical 4 / changed 3
ANZH401: identical 13 / changed 1
ANZH404: identical 6 / changed 1
BLL121: identical 2 / changed 1
BLL123: identical 2 / changed 1
BLL136: identical 1 / changed 1
BLL144: identical 2 / changed 1
BLL145: identical 2 / changed 1
BLL147: identical 2 / changed 1
BLL152: identical 1 / changed 2
BLL155: identical 2 / changed 1
BLL157: identical 2 / changed 1
BLL164: identical 2 / changed 1
BLL165: identical 2 / changed 1
BLL221: identical 2 / changed 1
BLL231: identical 2 / changed 1
BLL243: identical 2 / changed 1
BLL244: identical 2 / changed 1
BLL245: identical 2 / changed 1
BLL247: identical 2 / changed 1
BLL253: identical 2 / changed 1
BLL254: identical 2 / changed 1
BLL261: identical 2 / changed 1
BLL262: identical 2 / changed 1
BLL264: identical 2 / changed 1
BLL273: identical 2 / changed 1
BLL274: identical 2 / changed 1
BLL275: identical 2 / changed 1
CBI1008: identical 2 / changed 1
CEDK501: identical 12 / changed 2
CEDO502: identical 9 / changed 1
CEDT301: identical 4 / changed 3
CEDT501: identical 14 / changed 1
CEDW501: identical 12 / changed 1
COM1005: identical 7 / changed 1
COM1006: identical 9 / changed 1
ENGC101: identical 3 / changed 3
ENGC102: identical 7 / changed 1
ENGC201: identical 6 / changed 1
ENGC206: identical 5 / changed 3
ENGC403: identical 15 / changed 1
ENGI201: identical 2 / changed 3
ENGI400: identical 3 / changed 1
ENGI401: identical 10 / changed 2
ENGI405: identical 6 / changed 2
ENGJ102: identical 5 / changed 1
ENGJ201: identical 6 / changed 1
ENGJ402: identical 8 / changed 1
ENGR102: identical 6 / changed 1
ENGR301: identical 8 / changed 1
ENGS102: identical 6 / changed 1
ENGS302: identical 4 / changed 3
ENGS401: identical 6 / changed 1
ENGS404: identical 11 / changed 1
FRFUN06: identical 8 / changed 2
FRFUN07: identical 8 / changed 1
GENO901: identical 19 / changed 4
GEO1006: identical 3 / changed 1
HES1003: identical 8 / changed 1
HIS1002: identical 20 / changed 1
HIS1003: identical 1 / changed 10
HIS1004: identical 1 / changed 10
HIS1005: identical 10 / changed 5
HIS1006: identical 13 / changed 2
HIS1008: identical 10 / changed 2
HPRE203: identical 5 / changed 3
JPN1004: identical 9 / changed 2
MXDB102: identical 8 / changed 4
MXDB201: identical 6 / changed 1
MXDB202: identical 3 / changed 3
MXDI102: identical 4 / changed 1
MXDI103: identical 8 / changed 2
MXDI201: identical 7 / changed 4
MXDI202: identical 7 / changed 5
MXEO301: identical 10 / changed 1
MXEX302: identical 7 / changed 1
MXFL101: identical 5 / changed 7
MXFL102: identical 8 / changed 1
MXFL103: identical 7 / changed 1
MXFL104: identical 3 / changed 3
MXFL201: identical 8 / changed 2
MXFL202: identical 3 / changed 3
MXFL203: identical 3 / changed 9
MXFL204: identical 5 / changed 7
MXFL302: identical 9 / changed 1
MXFL401: identical 5 / changed 3
MXFU201: identical 3 / changed 7
MXFU202: identical 6 / changed 5
MXFU302: identical 7 / changed 3
MXFU401: identical 6 / changed 1
OSAI301: identical 3 / changed 1
OSBY101: identical 3 / changed 1
OSBY201: identical 3 / changed 1
OSBY501: identical 5 / changed 1
OSGM101: identical 2 / changed 1
OSGM201: identical 3 / changed 1
OSGM401: identical 4 / changed 1
OSOH101: identical 3 / changed 1
OSOH201: identical 3 / changed 1
OSOH301: identical 3 / changed 1
PES1005: identical 10 / changed 2
PWY1001: identical 9 / changed 1
SCBI301: identical 7 / changed 2
SCCH301: identical 8 / changed 1
SCES201: identical 3 / changed 2
SSEA203: identical 6 / changed 1
SSFUN07: identical 4 / changed 1
SSOG301: identical 6 / changed 2
TEDC401: identical 7 / changed 1
TEDC402: identical 9 / changed 2
XDLS501: identical 7 / changed 1
XDLS502: identical 4 / changed 1
XDLS901: identical 4 / changed 1
XDLS902: identical 4 / changed 4
XDLS903: identical 7 / changed 1
XDLS904: identical 6 / changed 2
XDLS905: identical 6 / changed 2
XDLS906: identical 7 / changed 1
XDLS908: identical 4 / changed 5
XDLS909: identical 4 / changed 1
XDLS912: identical 5 / changed 1
XFUN02: identical 6 / changed 1
XGF9001: identical 6 / changed 1
XGF9002: identical 6 / changed 4
XGF9003: identical 4 / changed 2
XGF9004: identical 12 / changed 6
XGF9006: identical 5 / changed 3
XMES101: identical 7 / changed 2
XMES201: identical 5 / changed 1
XMES202: identical 6 / changed 1
XMES203: identical 4 / changed 2
XTAS102: identical 5 / changed 1
XTAS103: identical 5 / changed 2

TOTAL: identical 781 / changed 297 / missing 0 over 142 modules
CHANGED: AGH1001/AGH1001_1_0.html AGH1001/AGH1001_2_0.html AGH1001/AGH1001_3_0.html AGH1001/AGH1001_5_0.html AGH1007/AGH1007_4_0.html AGH1008/AGH1008_2_0.html AGH1008/AGH1008_3_0.html AGH1008/AGH1008_4_0.html AGH1008/AGH1008_5_0.html AGH1008/AGH1008_8_0.html AGH1009/AGH1009_3_0.html AGH1009/AGH1009_5_0.html AGH1009/AGH1009_6_0.html AGH1009/AGH1009_7_0.html AGH1009/AGH1009_8_0.html ANZH101/ANZH101_1_0.html ANZH101/ANZH101_3_0.html ANZH104/ANZH104_3_0.html ANZH105/ANZH105_2_0.html ANZH301/ANZH301_1_0.html ANZH301/ANZH301_2_0.html ANZH301/ANZH301_3_0.html ANZH301/ANZH301_4_0.html ANZH301/ANZH301_5_0.html ANZH301/ANZH301_6_0.html ANZH301/ANZH301_7_0.html ANZH301/ANZH301_8_0.html ANZH301/ANZH301_9_0.html ANZH302/ANZH302_1_0.html ANZH302/ANZH302_2_0.html ANZH302/ANZH302_3_0.html ANZH302/ANZH302_4_0.html ANZH302/ANZH302_5_0.html ANZH302/ANZH302_6_0.html ANZH302/ANZH302_7_0.html ANZH302/ANZH302_8_0.html ANZH302/ANZH302_9_0.html ANZH304/ANZH304_1_0.html ANZH304/ANZH304_3_0.html ANZH304/ANZH304_4_0.html ANZH401/ANZH401_3_0.html ANZH404/ANZH404_3_0.html BLL121/BLL121_1_0.html BLL123/BLL123_1_0.html BLL136/BLL136_1_0.html BLL144/BLL144_1_1.html BLL145/BLL145_1_1.html BLL147/BLL147_1_1.html BLL152/BLL152_1_0.html BLL152/BLL152_1_1.html BLL155/BLL155_1_0.html BLL157/BLL157_1_1.html BLL164/BLL164_1_1.html BLL165/BLL165_1_1.html BLL221/BLL221_1_0.html BLL231/BLL231_1_0.html BLL243/BLL243_1_0.html BLL244/BLL244_1_0.html BLL245/BLL245_2_0.html BLL247/BLL247_1_0.html BLL253/BLL253_1_0.html BLL254/BLL254_1_0.html BLL261/BLL261_2_0.html BLL262/BLL262_3_0.html BLL264/BLL264_3_0.html BLL273/BLL273_2_0.html BLL274/BLL274_2_0.html BLL275/BLL275_2_0.html CBI1008/CBI1008_2_0.html CEDK501/CEDK501_3_0.html CEDK501/CEDK501_6_1.html CEDO502/CEDO502_4_0.html CEDT301/CEDT301_2_0.html CEDT301/CEDT301_3_0.html CEDT301/CEDT301_6_0.html CEDT501/CEDT501_6_1.html CEDW501/CEDW501_3_0.html COM1005/COM1005_2_0.html COM1006/COM1006_6_0.html ENGC101/ENGC101_2_0.html ENGC101/ENGC101_3_0.html ENGC101/ENGC101_5_0.html ENGC102/ENGC102_7_0.html ENGC201/ENGC201_5_0.html ENGC206/ENGC206_4_0.html ENGC206/ENGC206_5_0.html ENGC206/ENGC206_6_0.html ENGC403/ENGC403_2_0.html ENGI201/ENGI201_1_0.html ENGI201/ENGI201_2_0.html ENGI201/ENGI201_3_0.html ENGI400/ENGI400_2_0.html ENGI401/ENGI401_6_0.html ENGI401/ENGI401_7_0.html ENGI405/ENGI405_2_0.html ENGI405/ENGI405_4_1.html ENGJ102/ENGJ102_4_0.html ENGJ201/ENGJ201_4_0.html ENGJ402/ENGJ402_2_0.html ENGR102/ENGR102_6_0.html ENGR301/ENGR301_3_0.html ENGS102/ENGS102_6_0.html ENGS302/ENGS302_2_0.html ENGS302/ENGS302_4_0.html ENGS302/ENGS302_6_0.html ENGS401/ENGS401_4_0.html ENGS404/ENGS404_4_0.html FRFUN06/FRFUN06_1_0.html FRFUN06/FRFUN06_2_0.html FRFUN07/FRFUN07_4_0.html GENO901/GENO901_2_0.html GENO901/GENO901_3_4.html GENO901/GENO901_5_1.html GENO901/GENO901_5_2.html GEO1006/GEO1006_3_0.html HES1003/HES1003_2_0.html HIS1002/HIS1002_13_0.html HIS1003/HIS1003_1_0.html HIS1003/HIS1003_2_0.html HIS1003/HIS1003_3_0.html HIS1003/HIS1003_4_0.html HIS1003/HIS1003_5_0.html HIS1003/HIS1003_6_0.html HIS1003/HIS1003_7_0.html HIS1003/HIS1003_8_0.html HIS1003/HIS1003_9_0.html HIS1003/HIS1003_10_0.html HIS1004/HIS1004_1_0.html HIS1004/HIS1004_2_0.html HIS1004/HIS1004_3_0.html HIS1004/HIS1004_4_0.html HIS1004/HIS1004_5_0.html HIS1004/HIS1004_6_0.html HIS1004/HIS1004_7_0.html HIS1004/HIS1004_8_0.html HIS1004/HIS1004_9_0.html HIS1004/HIS1004_10_0.html HIS1005/HIS1005_1_0.html HIS1005/HIS1005_2_0.html HIS1005/HIS1005_4_0.html HIS1005/HIS1005_5_0.html HIS1005/HIS1005_6_1.html HIS1006/HIS1006_1_2.html HIS1006/HIS1006_5_0.html HIS1008/HIS1008_1_2.html HIS1008/HIS1008_5_0.html HPRE203/HPRE203_1_0.html HPRE203/HPRE203_5_0.html HPRE203/HPRE203_6_0.html JPN1004/JPN1004_1_0.html JPN1004/JPN1004_4_0.html MXDB102/MXDB102_2_0.html MXDB102/MXDB102_3_0.html MXDB102/MXDB102_9_0.html MXDB102/MXDB102_10_0.html MXDB201/MXDB201_4_0.html MXDB202/MXDB202_1_0.html MXDB202/MXDB202_2_0.html MXDB202/MXDB202_4_0.html MXDI102/MXDI102_3_0.html MXDI103/MXDI103_6_0.html MXDI103/MXDI103_8_0.html MXDI201/MXDI201_3_0.html MXDI201/MXDI201_5_0.html MXDI201/MXDI201_6_0.html MXDI201/MXDI201_8_0.html MXDI202/MXDI202_2_0.html MXDI202/MXDI202_6_0.html MXDI202/MXDI202_7_0.html MXDI202/MXDI202_8_0.html MXDI202/MXDI202_9_0.html MXEO301/MXEO301_5_0.html MXEX302/MXEX302_1_0.html MXFL101/MXFL101_2_1.html MXFL101/MXFL101_3_0.html MXFL101/MXFL101_3_1.html MXFL101/MXFL101_3_2.html MXFL101/MXFL101_3_3.html MXFL101/MXFL101_3_4.html MXFL101/MXFL101_3_5.html MXFL102/MXFL102_3_0.html MXFL103/MXFL103_1_1.html MXFL104/MXFL104_1_0.html MXFL104/MXFL104_3_0.html MXFL104/MXFL104_4_0.html MXFL201/MXFL201_4_0.html MXFL201/MXFL201_5_0.html MXFL202/MXFL202_1_0.html MXFL202/MXFL202_2_0.html MXFL202/MXFL202_4_0.html MXFL203/MXFL203_2_0.html MXFL203/MXFL203_3_0.html MXFL203/MXFL203_4_0.html MXFL203/MXFL203_5_0.html MXFL203/MXFL203_6_0.html MXFL203/MXFL203_7_0.html MXFL203/MXFL203_8_0.html MXFL203/MXFL203_10_0.html MXFL203/MXFL203_11_0.html MXFL204/MXFL204_2_0.html MXFL204/MXFL204_3_0.html MXFL204/MXFL204_3_1.html MXFL204/MXFL204_5_0.html MXFL204/MXFL204_7_0.html MXFL204/MXFL204_8_0.html MXFL204/MXFL204_9_0.html MXFL302/MXFL302_8_0.html MXFL401/MXFL401_2_0.html MXFL401/MXFL401_4_0.html MXFL401/MXFL401_6_0.html MXFU201/MXFU201_1_0.html MXFU201/MXFU201_2_0.html MXFU201/MXFU201_3_0.html MXFU201/MXFU201_6_0.html MXFU201/MXFU201_7_0.html MXFU201/MXFU201_8_0.html MXFU201/MXFU201_9_0.html MXFU202/MXFU202_2_0.html MXFU202/MXFU202_5_0.html MXFU202/MXFU202_6_0.html MXFU202/MXFU202_8_0.html MXFU202/MXFU202_9_0.html MXFU302/MXFU302_2_0.html MXFU302/MXFU302_6_0.html MXFU302/MXFU302_9_0.html MXFU401/MXFU401_3_0.html OSAI301/OSAI301_3_0.html OSBY101/OSBY101_1_0.html OSBY201/OSBY201_3_0.html OSBY501/OSBY501_5_0.html OSGM101/OSGM101_2_0.html OSGM201/OSGM201_3_0.html OSGM401/OSGM401_4_0.html OSOH101/OSOH101_2_0.html OSOH201/OSOH201_1_0.html OSOH301/OSOH301_2_0.html PES1005/PES1005_7_0.html PES1005/PES1005_11_0.html PWY1001/PWY1001_2_3_0.html SCBI301/SCBI301_6_0.html SCBI301/SCBI301_7_0.html SCCH301/SCCH301_7_0.html SCES201/SCES201_2_0.html SCES201/SCES201_4_0.html SSEA203/SSEA203_1_0.html SSFUN07/SSFUN07_4_0.html SSOG301/SSOG301_4_0.html SSOG301/SSOG301_6_0.html TEDC401/TEDC401_3_0.html TEDC402/TEDC402_5_0.html TEDC402/TEDC402_6_0.html XDLS501/XDLS501_2_0.html XDLS502/XDLS502_3_0.html XDLS901/XDLS901_1_0.html XDLS902/XDLS902_4_0.html XDLS902/XDLS902_5_0.html XDLS902/XDLS902_6_0.html XDLS902/XDLS902_7_0.html XDLS903/XDLS903_1_0.html XDLS904/XDLS904_4_0.html XDLS904/XDLS904_5_0.html XDLS905/XDLS905_3_0.html XDLS905/XDLS905_4_0.html XDLS906/XDLS906_5_0.html XDLS908/XDLS908_3_0.html XDLS908/XDLS908_4_0.html XDLS908/XDLS908_5_0.html XDLS908/XDLS908_6_0.html XDLS908/XDLS908_8_0.html XDLS909/XDLS909_1_0.html XDLS912/XDLS912_2_0.html XFUN02/XFUN02_4_0.html XGF9001/XGF9001_2_0.html XGF9002/XGF9002_3_0.html XGF9002/XGF9002_5_0.html XGF9002/XGF9002_7_0.html XGF9002/XGF9002_8_0.html XGF9003/XGF9003_1_0.html XGF9003/XGF9003_1_3.html XGF9004/XGF9004_4_0.html XGF9004/XGF9004_5_0.html XGF9004/XGF9004_10_0.html XGF9004/XGF9004_12_0.html XGF9004/XGF9004_14_0.html XGF9004/XGF9004_15_0.html XGF9006/XGF9006_2_0.html XGF9006/XGF9006_4_0.html XGF9006/XGF9006_6_0.html XMES101/XMES101_4_0.html XMES101/XMES101_6_0.html XMES201/XMES201_1_0.html XMES202/XMES202_3_0.html XMES203/XMES203_2_0.html XMES203/XMES203_3_0.html XTAS102/XTAS102_2_0.html XTAS103/XTAS103_2_0.html XTAS103/XTAS103_3_0.html
