AGH1006: identical 10 / changed 1
ANZH103: identical 2 / changed 1
ARFUN04: identical 0 / changed 2
BLL147: identical 3 / changed 1
BLL152: identical 3 / changed 1
BLL241: identical 3 / changed 1
BLL242: identical 3 / changed 1
BLL243: identical 3 / changed 1
BLL244: identical 3 / changed 1
BLL245: identical 3 / changed 1
BLL246: identical 2 / changed 2
BLL247: identical 2 / changed 2
BLL252: identical 2 / changed 2
BLL262: identical 3 / changed 1
BLL263: identical 3 / changed 1
BLL270: identical 0 / changed 2
BLL274: identical 2 / changed 2
BLL275: identical 2 / changed 2
BLLR201: identical 7 / changed 2
CBI1005: identical 11 / changed 1
CBI1008: identical 3 / changed 1
CEDK501: identical 10 / changed 5
CEDO204: identical 1 / changed 1
CEDO501: identical 12 / changed 5
CEDO502: identical 9 / changed 2
CEDR401: identical 0 / changed 2
CEDR501: identical 8 / changed 4
CEDT404: identical 1 / changed 1
CEDT501: identical 11 / changed 5
CEDW501: identical 10 / changed 4
CHFUN05: identical 1 / changed 1
CHI1004: identical 9 / changed 2
COM1005: identical 7 / changed 2
ENFUN02: identical 0 / changed 2
ENFUN03: identical 0 / changed 2
ENFUN04: identical 0 / changed 2
ENFUN08: identical 0 / changed 2
ENFUN09: identical 0 / changed 2
ENGC201: identical 6 / changed 2
ENGI303: identical 6 / changed 2
ENGI401: identical 11 / changed 2
ENGJ301: identical 7 / changed 2
ENGJ302: identical 9 / changed 2
ENGR101: identical 7 / changed 2
ENGR102: identical 2 / changed 6
ENGR201: identical 6 / changed 2
ENGR202: identical 7 / changed 2
ENGR302: identical 5 / changed 4
ENGS101: identical 5 / changed 2
ENGS202: identical 6 / changed 2
ENGS301: identical 7 / changed 2
ENGS401: identical 6 / changed 2
FRFUN06: identical 6 / changed 5
FRFUN07: identical 8 / changed 2
FRFUN08: identical 9 / changed 3
FRNO902: identical 7 / changed 3
GENO901: identical 20 / changed 4
GER1002: identical 3 / changed 1
HES1002: identical 6 / changed 2
HIS1002: identical 20 / changed 2
HPFUN103: identical 1 / changed 1
HPRE203: identical 7 / changed 2
HPRE301: identical 12 / changed 2
JPFUN02: identical 1 / changed 1
MXDB202: identical 5 / changed 2
MXDB302: identical 3 / changed 8
MXDI201: identical 10 / changed 2
MXEO301: identical 5 / changed 7
MXEO401: identical 7 / changed 1
MXEX301: identical 7 / changed 2
MXEX302: identical 7 / changed 2
MXEX401: identical 7 / changed 1
MXFL202: identical 6 / changed 1
MXFL203: identical 7 / changed 6
MXFL301: identical 3 / changed 8
MXFL302: identical 4 / changed 7
MXFL401: identical 6 / changed 3
MXFU301: identical 5 / changed 8
MXFU401: identical 7 / changed 1
MXFU402: identical 6 / changed 3
MXFUN02: identical 1 / changed 1
MXFUN03: identical 0 / changed 2
MXS1004: identical 5 / changed 5
OSAH501: identical 4 / changed 3
OSAI501: identical 5 / changed 2
OSBY101: identical 4 / changed 1
OSBY401: identical 5 / changed 1
OSBY501: identical 3 / changed 4
OSGM501: identical 5 / changed 2
OSOH501: identical 5 / changed 2
PES1002: identical 9 / changed 3
PES1005: identical 12 / changed 1
PES1008: identical 19 / changed 1
PHE1007: identical 7 / changed 4
PHE1008: identical 5 / changed 2
SCCH301: identical 8 / changed 2
SCES201: identical 3 / changed 3
SSFUN03: identical 1 / changed 1
SSFUN07: identical 4 / changed 2
SSOG301: identical 8 / changed 1
TEDC402: identical 11 / changed 1
TEFUN01: identical 0 / changed 2
TEFUN03: identical 0 / changed 2
TEFUN04: identical 0 / changed 2
TEFUN05: identical 0 / changed 2
TWHA902: identical 0 / changed 2
TWHA903: identical 1 / changed 1
TWHA904: identical 1 / changed 1
TWHA905: identical 1 / changed 1
TWHA906: identical 1 / changed 1
TWHR905: identical 1 / changed 1
TWHR907: identical 1 / changed 1
WJFUN109: identical 1 / changed 1
WJFUN205: identical 0 / changed 2
WJFUN212: identical 0 / changed 2
XGF9002: identical 10 / changed 1
XGF9003: identical 6 / changed 1
XGF9004: identical 18 / changed 1

TOTAL: identical 599 / changed 265 / missing 0 over 118 modules
CHANGED: AGH1006/AGH1006_2_0.html ANZH103/ANZH103_1_0.html ARFUN04/ARFUN04_0_0.html ARFUN04/ARFUN04_interactives.txt BLL147/BLL147_1_0.html BLL152/BLL152_1_0.html BLL241/BLL241_2_0.html BLL242/BLL242_1_0.html BLL243/BLL243_1_1.html BLL244/BLL244_2_0.html BLL245/BLL245_2_0.html BLL246/BLL246_2_0.html BLL246/BLL246_interactives.txt BLL247/BLL247_2_0.html BLL247/BLL247_interactives.txt BLL252/BLL252_1_0.html BLL252/BLL252_interactives.txt BLL262/BLL262_3_0.html BLL263/BLL263_3_0.html BLL270/BLL270_0_0.html BLL270/BLL270_interactives.txt BLL274/BLL274_2_0.html BLL274/BLL274_interactives.txt BLL275/BLL275_1_0.html BLL275/BLL275_interactives.txt BLLR201/BLLR201_2_0.html BLLR201/BLLR201_interactives.txt CBI1005/CBI1005_1_0.html CBI1008/CBI1008_1_0.html CEDK501/CEDK501_2_0.html CEDK501/CEDK501_3_1.html CEDK501/CEDK501_7_0.html CEDK501/CEDK501_6_1.html CEDK501/CEDK501_interactives.txt CEDO204/CEDO204_interactives.txt CEDO501/CEDO501_1_0.html CEDO501/CEDO501_2_1.html CEDO501/CEDO501_2_2.html CEDO501/CEDO501_5_1.html CEDO501/CEDO501_interactives.txt CEDO502/CEDO502_3_0.html CEDO502/CEDO502_interactives.txt CEDR401/CEDR401_0_0.html CEDR401/CEDR401_interactives.txt CEDR501/CEDR501_1_0.html CEDR501/CEDR501_4_0.html CEDR501/CEDR501_5_0.html CEDR501/CEDR501_interactives.txt CEDT404/CEDT404_0_0.html CEDT501/CEDT501_1_1.html CEDT501/CEDT501_5_1.html CEDT501/CEDT501_6_0.html CEDT501/CEDT501_13_0.html CEDT501/CEDT501_interactives.txt CEDW501/CEDW501_3_0.html CEDW501/CEDW501_5_0.html CEDW501/CEDW501_7_2.html CEDW501/CEDW501_interactives.txt CHFUN05/CHFUN05_0_0.html CHI1004/CHI1004_0_0.html CHI1004/CHI1004_interactives.txt COM1005/COM1005_3_0.html COM1005/COM1005_8_0.html ENFUN02/ENFUN02_0_0.html ENFUN02/ENFUN02_interactives.txt ENFUN03/ENFUN03_0_0.html ENFUN03/ENFUN03_interactives.txt ENFUN04/ENFUN04_0_0.html ENFUN04/ENFUN04_interactives.txt ENFUN08/ENFUN08_0_0.html ENFUN08/ENFUN08_interactives.txt ENFUN09/ENFUN09_0_0.html ENFUN09/ENFUN09_interactives.txt ENGC201/ENGC201_5_0.html ENGC201/ENGC201_interactives.txt ENGI303/ENGI303_2_0.html ENGI303/ENGI303_interactives.txt ENGI401/ENGI401_2_0.html ENGI401/ENGI401_interactives.txt ENGJ301/ENGJ301_7_0.html ENGJ301/ENGJ301_interactives.txt ENGJ302/ENGJ302_5_0.html ENGJ302/ENGJ302_interactives.txt ENGR101/ENGR101_5_0.html ENGR101/ENGR101_interactives.txt ENGR102/ENGR102_2_0.html ENGR102/ENGR102_3_0.html ENGR102/ENGR102_4_0.html ENGR102/ENGR102_5_0.html ENGR102/ENGR102_6_0.html ENGR102/ENGR102_interactives.txt ENGR201/ENGR201_2_0.html ENGR201/ENGR201_6_0.html ENGR202/ENGR202_5_0.html ENGR202/ENGR202_interactives.txt ENGR302/ENGR302_2_0.html ENGR302/ENGR302_3_0.html ENGR302/ENGR302_5_0.html ENGR302/ENGR302_interactives.txt ENGS101/ENGS101_2_0.html ENGS101/ENGS101_interactives.txt ENGS202/ENGS202_2_0.html ENGS202/ENGS202_interactives.txt ENGS301/ENGS301_5_0.html ENGS301/ENGS301_interactives.txt ENGS401/ENGS401_5_0.html ENGS401/ENGS401_interactives.txt FRFUN06/FRFUN06_0_0.html FRFUN06/FRFUN06_1_0.html FRFUN06/FRFUN06_4_0.html FRFUN06/FRFUN06_6_0.html FRFUN06/FRFUN06_interactives.txt FRFUN07/FRFUN07_2_0.html FRFUN07/FRFUN07_interactives.txt FRFUN08/FRFUN08_2_0.html FRFUN08/FRFUN08_3_0.html FRFUN08/FRFUN08_interactives.txt FRNO902/FRNO902_4_0.html FRNO902/FRNO902_5_0.html FRNO902/FRNO902_6_0.html GENO901/GENO901_4_0.html GENO901/GENO901_5_1.html GENO901/GENO901_5_2.html GENO901/GENO901_interactives.txt GER1002/GER1002_2_0.html HES1002/HES1002_1_0.html HES1002/HES1002_interactives.txt HIS1002/HIS1002_5_0.html HIS1002/HIS1002_interactives.txt HPFUN103/HPFUN103_0_0.html HPRE203/HPRE203_1_0.html HPRE203/HPRE203_5_0.html HPRE301/HPRE301_3_0.html HPRE301/HPRE301_interactives.txt JPFUN02/JPFUN02_interactives.txt MXDB202/MXDB202_3_0.html MXDB202/MXDB202_4_0.html MXDB302/MXDB302_1_0.html MXDB302/MXDB302_2_0.html MXDB302/MXDB302_4_0.html MXDB302/MXDB302_5_0.html MXDB302/MXDB302_6_0.html MXDB302/MXDB302_8_0.html MXDB302/MXDB302_9_0.html MXDB302/MXDB302_interactives.txt MXDI201/MXDI201_6_0.html MXDI201/MXDI201_interactives.txt MXEO301/MXEO301_1_0.html MXEO301/MXEO301_2_0.html MXEO301/MXEO301_3_0.html MXEO301/MXEO301_4_0.html MXEO301/MXEO301_5_0.html MXEO301/MXEO301_7_0.html MXEO301/MXEO301_interactives.txt MXEO401/MXEO401_1_0.html MXEX301/MXEX301_2_0.html MXEX301/MXEX301_6_0.html MXEX302/MXEX302_1_0.html MXEX302/MXEX302_interactives.txt MXEX401/MXEX401_5_0.html MXFL202/MXFL202_4_0.html MXFL203/MXFL203_1_0.html MXFL203/MXFL203_2_0.html MXFL203/MXFL203_4_0.html MXFL203/MXFL203_7_0.html MXFL203/MXFL203_11_0.html MXFL203/MXFL203_interactives.txt MXFL301/MXFL301_1_0.html MXFL301/MXFL301_2_0.html MXFL301/MXFL301_3_0.html MXFL301/MXFL301_4_0.html MXFL301/MXFL301_6_0.html MXFL301/MXFL301_7_0.html MXFL301/MXFL301_8_0.html MXFL301/MXFL301_interactives.txt MXFL302/MXFL302_1_0.html MXFL302/MXFL302_2_0.html MXFL302/MXFL302_3_0.html MXFL302/MXFL302_4_0.html MXFL302/MXFL302_5_0.html MXFL302/MXFL302_6_0.html MXFL302/MXFL302_7_0.html MXFL401/MXFL401_4_0.html MXFL401/MXFL401_5_0.html MXFL401/MXFL401_6_0.html MXFU301/MXFU301_1_0.html MXFU301/MXFU301_2_0.html MXFU301/MXFU301_3_0.html MXFU301/MXFU301_6_0.html MXFU301/MXFU301_7_0.html MXFU301/MXFU301_8_0.html MXFU301/MXFU301_9_0.html MXFU301/MXFU301_10_0.html MXFU401/MXFU401_3_0.html MXFU402/MXFU402_4_0.html MXFU402/MXFU402_5_0.html MXFU402/MXFU402_6_0.html MXFUN02/MXFUN02_0_0.html MXFUN03/MXFUN03_0_0.html MXFUN03/MXFUN03_interactives.txt MXS1004/MXS1004_3_0.html MXS1004/MXS1004_6_0.html MXS1004/MXS1004_7_0.html MXS1004/MXS1004_8_0.html MXS1004/MXS1004_interactives.txt OSAH501/OSAH501_1_0.html OSAH501/OSAH501_4_0.html OSAH501/OSAH501_interactives.txt OSAI501/OSAI501_3_0.html OSAI501/OSAI501_interactives.txt OSBY101/OSBY101_2_0.html OSBY401/OSBY401_interactives.txt OSBY501/OSBY501_3_0.html OSBY501/OSBY501_4_0.html OSBY501/OSBY501_5_0.html OSBY501/OSBY501_interactives.txt OSGM501/OSGM501_2_0.html OSGM501/OSGM501_interactives.txt OSOH501/OSOH501_3_0.html OSOH501/OSOH501_interactives.txt PES1002/PES1002_3_0.html PES1002/PES1002_7_0.html PES1002/PES1002_10_0.html PES1005/PES1005_5_0.html PES1008/PES1008_11_0.html PHE1007/PHE1007_1_0.html PHE1007/PHE1007_2_0.html PHE1007/PHE1007_7_0.html PHE1007/PHE1007_9_0.html PHE1008/PHE1008_3_0.html PHE1008/PHE1008_4_0.html SCCH301/SCCH301_7_0.html SCCH301/SCCH301_interactives.txt SCES201/SCES201_2_0.html SCES201/SCES201_3_0.html SCES201/SCES201_interactives.txt SSFUN03/SSFUN03_interactives.txt SSFUN07/SSFUN07_3_0.html SSFUN07/SSFUN07_interactives.txt SSOG301/SSOG301_8_0.html TEDC402/TEDC402_7_0.html TEFUN01/TEFUN01_0_0.html TEFUN01/TEFUN01_interactives.txt TEFUN03/TEFUN03_0_0.html TEFUN03/TEFUN03_interactives.txt TEFUN04/TEFUN04_0_0.html TEFUN04/TEFUN04_interactives.txt TEFUN05/TEFUN05_0_0.html TEFUN05/TEFUN05_interactives.txt TWHA902/TWHA902_0_0.html TWHA902/TWHA902_interactives.txt TWHA903/TWHA903_0_0.html TWHA904/TWHA904_0_0.html TWHA905/TWHA905_0_0.html TWHA906/TWHA906_0_0.html TWHR905/TWHR905_0_0.html TWHR907/TWHR907_0_0.html WJFUN109/WJFUN109_0_0.html WJFUN205/WJFUN205_0_0.html WJFUN205/WJFUN205_interactives.txt WJFUN212/WJFUN212_0_0.html WJFUN212/WJFUN212_interactives.txt XGF9002/XGF9002_8_0.html XGF9003/XGF9003_1_0.html XGF9004/XGF9004_5_0.html
