ENGC206  ENGC206_5_0.html     <-> ENGC206_3_0.html              62.3 ->  39.0  (-23.3)
MXFL203  MXFL203_2_0.html     <-> MXFL203_2.0.html              75.5 ->  60.2  (-15.3)
XTAS102  XTAS102_2_0.html     <-> XTAS102.02.html               60.7 ->  46.4  (-14.3)
ENGJ102  ENGJ102_4_0.html     <-> ENGJ102_4.0.html              64.1 ->  51.6  (-12.5)
ENGS401  ENGS401_4_0.html     <-> ENGS401_4.0.html              66.1 ->  56.0  (-10.1)
HIS1005  HIS1005_2_0.html     <-> HIS1005-2.0.html              37.3 ->  29.8  (-7.5)
ANZH302  ANZH302_4_0.html     <-> ANZH302_4_0.html              47.5 ->  40.4  (-7.1)
MXFU202  MXFU202_8_0.html     <-> MXFU202_8.0.html              44.4 ->  37.5  (-6.9)
BLL231   BLL231_1_0.html      <-> BLL231-1.0.html               73.5 ->  66.7  (-6.8)
MXDI202  MXDI202_8_0.html     <-> MXDI202_7.0.html              55.1 ->  48.8  (-6.3)
HES1003  HES1003_2_0.html     <-> HES1003_2.0.html              63.7 ->  57.5  (-6.2)
HIS1004  HIS1004_9_0.html     <-> HIS1004_9.0.html              50.7 ->  44.5  (-6.2)
MXFL204  MXFL204_7_0.html     <-> MXFL204_7.0.html              40.0 ->  34.0  (-6.0)
XGF9006  XGF9006_4_0.html     <-> XGF9006-04.0.html             31.2 ->  25.6  (-5.6)
ANZH104  ANZH104_3_0.html     <-> ANZH104_03.0.html             76.7 ->  71.2  (-5.5)
ANZH304  ANZH304_4_0.html     <-> ANZH304_0.4.html              60.3 ->  54.8  (-5.5)
MXFL104  MXFL104_1_0.html     <-> MXFL104_1.0.html              36.2 ->  31.3  (-4.9)
MXFL204  MXFL204_9_0.html     <-> MXFL204_9.0.html              58.3 ->  53.8  (-4.5)
HIS1004  HIS1004_5_0.html     <-> HIS1004_5.0.html              48.0 ->  43.5  (-4.4)
BLL244   BLL244_1_0.html      <-> BLL244-1.0.html               65.2 ->  60.8  (-4.4)
MXFL203  MXFL203_8_0.html     <-> MXFL203_8.0.html              53.4 ->  49.0  (-4.4)
ANZH301  ANZH301_3_0.html     <-> ANZH301_3.0.html              49.2 ->  45.1  (-4.1)
SSEA203  SSEA203_1_0.html     <-> SSEA203-1.0.html              72.7 ->  68.6  (-4.1)
MXFL201  MXFL201_5_0.html     <-> MXFL201_5.0.html              44.0 ->  40.0  (-4.0)
AGH1008  AGH1008_5_0.html     <-> AGH1008.05.html               56.2 ->  52.2  (-3.9)
ANZH304  ANZH304_3_0.html     <-> ANZH304_0.3.html              57.0 ->  53.2  (-3.8)
ANZH304  ANZH304_1_0.html     <-> ANZH304_0.1.html              47.6 ->  43.9  (-3.8)
BLL136   BLL136_1_0.html      <-> BLL136-03.html                64.8 ->  61.1  (-3.7)
PES1005  PES1005_11_0.html    <-> PES1005_10.0.html             60.6 ->  57.1  (-3.4)
PES1005  PES1005_7_0.html     <-> PES1005_6.0.html              78.5 ->  75.4  (-3.1)
HIS1004  HIS1004_8_0.html     <-> HIS1004_8.0.html              43.9 ->  40.9  (-3.0)
TEDC402  TEDC402_6_0.html     <-> TEDC402-5.0.html              39.2 ->  36.2  (-3.0)
CEDT301  CEDT301_2_0.html     <-> CEDT301_1.0.html              67.1 ->  64.3  (-2.9)
MXFL203  MXFL203_4_0.html     <-> MXFL203_4.0.html              61.3 ->  58.5  (-2.8)
HIS1005  HIS1005_5_0.html     <-> HIS1005-5.0.html              57.0 ->  54.3  (-2.7)
HIS1003  HIS1003_1_0.html     <-> HIS1003_1.0.html              49.2 ->  46.8  (-2.4)
ENGC206  ENGC206_4_0.html     <-> ENGC206_2_0.html              56.6 ->  54.3  (-2.3)
MXFU201  MXFU201_7_0.html     <-> MXFU201_7.0.html              56.4 ->  54.1  (-2.3)
MXFL203  MXFL203_5_0.html     <-> MXFL203_5.0.html              55.9 ->  53.8  (-2.2)
ENGC206  ENGC206_6_0.html     <-> ENGC206_4_0.html              63.0 ->  61.3  (-1.7)
MXFL401  MXFL401_2_0.html     <-> MXFL401_02.html               16.9 ->  15.2  (-1.7)
BLL253   BLL253_1_0.html      <-> BLL253_0_1.html               59.7 ->  58.0  (-1.7)
CEDW501  CEDW501_3_0.html     <-> CEDW501_3.0.html              55.3 ->  53.6  (-1.7)
MXDI202  MXDI202_9_0.html     <-> MXDI202_8.0 proof 1.html      69.7 ->  68.0  (-1.7)
MXFL202  MXFL202_2_0.html     <-> MXFL202_2.0.html              40.6 ->  39.0  (-1.6)
OSBY201  OSBY201_3_0.html     <-> OSBY201-03.html               40.4 ->  39.0  (-1.4)
ANZH301  ANZH301_5_0.html     <-> ANZH301_5.0.html              67.1 ->  65.7  (-1.4)
SCBI301  SCBI301_6_0.html     <-> SCBI301_6_0.html              69.7 ->  68.4  (-1.3)
ENGS302  ENGS302_2_0.html     <-> ENGS302_2.0.html              65.8 ->  64.6  (-1.3)
CEDT301  CEDT301_3_0.html     <-> CEDT301_2.0.html              59.4 ->  58.2  (-1.2)
HIS1008  HIS1008_1_2.html     <-> HIS1008-1.1.html              68.3 ->  67.1  (-1.2)
ANZH301  ANZH301_6_0.html     <-> ANZH301_6.0.html              56.4 ->  55.2  (-1.1)
MXFL201  MXFL201_4_0.html     <-> MXFL201_4.0.html              38.1 ->  37.1  (-1.0)
BLL247   BLL247_1_0.html      <-> BLL247_1_0.html               57.6 ->  56.6  (-1.0)
XGF9002  XGF9002_5_0.html     <-> XGF9002_5_0.html              52.7 ->  51.7  (-1.0)
HPRE203  HPRE203_6_0.html     <-> HPRE203_6_0.html              76.2 ->  75.2  (-1.0)
BLL273   BLL273_2_0.html      <-> BLL273_2_0.html               51.9 ->  51.0  (-1.0)
XDLS908  XDLS908_6_0.html     <-> XDLS908_6.1.html              53.2 ->  52.3  (-0.9)
XMES203  XMES203_2_0.html     <-> XMES203_2_0.html              65.7 ->  64.8  (-0.9)
BLL254   BLL254_1_0.html      <-> BLL254_1.0.html               51.3 ->  50.4  (-0.8)
ENGS302  ENGS302_4_0.html     <-> ENGS302_4.0.html              42.6 ->  41.8  (-0.8)
SCBI301  SCBI301_7_0.html     <-> SCBI301_7_0.html              72.0 ->  71.2  (-0.8)
HIS1002  HIS1002_13_0.html    <-> HIS1002-7.0.html              35.3 ->  34.5  (-0.8)
HIS1004  HIS1004_2_0.html     <-> HIS1004_2.0.html              40.8 ->  40.0  (-0.8)
MXFL202  MXFL202_1_0.html     <-> MXFL202_1.0.html              33.1 ->  32.5  (-0.7)
GENO901  GENO901_2_0.html     <-> GENO901_0_2.html              51.1 ->  50.5  (-0.6)
JPN1004  JPN1004_1_0.html     <-> JPN1004_1_0.html              33.2 ->  32.7  (-0.6)
MXFU201  MXFU201_1_0.html     <-> MXFU201_1.0.html              38.3 ->  37.7  (-0.6)
MXDI202  MXDI202_2_0.html     <-> MXDI202_2.0.html              43.9 ->  43.3  (-0.6)
ENGS302  ENGS302_6_0.html     <-> ENGS302_6.0.html              38.7 ->  38.2  (-0.5)
OSOH201  OSOH201_1_0.html     <-> OSOH201_1.0.html              41.2 ->  40.7  (-0.5)
TEDC402  TEDC402_5_0.html     <-> TEDC402-4.0.html              32.4 ->  32.1  (-0.4)
AGH1008  AGH1008_4_0.html     <-> AGH1008.04.html               51.5 ->  52.1  (+0.6)
HIS1005  HIS1005_4_0.html     <-> HIS1005-4.0.html              47.4 ->  48.0  (+0.7)
MXFL104  MXFL104_4_0.html     <-> MXFL104_4.0.html              44.9 ->  45.5  (+0.7)
XDLS904  XDLS904_5_0.html     <-> XDLS904_05.0.html             39.5 ->  40.1  (+0.7)
MXFL203  MXFL203_3_0.html     <-> MXFL203_3.0.html              42.8 ->  43.4  (+0.7)
ENGC101  ENGC101_5_0.html     <-> ENGC101_5.0.html              55.1 ->  55.8  (+0.7)
XFUN02   XFUN02_4_0.html      <-> XFUN02.03.html                58.5 ->  59.3  (+0.7)
XGF9004  XGF9004_4_0.html     <-> XGF9004-04.0.html             36.5 ->  37.3  (+0.8)
ENGI405  ENGI405_2_0.html     <-> ENGI405_2.0.html              57.7 ->  58.6  (+0.8)
AGH1009  AGH1009_7_0.html     <-> AGH1009.07.html               64.1 ->  64.9  (+0.9)
BLL262   BLL262_3_0.html      <-> BLL262_2_0.html               27.8 ->  28.7  (+0.9)
XTAS103  XTAS103_2_0.html     <-> XTAS103.02.0.html             71.1 ->  71.9  (+0.9)
MXDI201  MXDI201_3_0.html     <-> MXDI201_3.0.html              68.2 ->  69.1  (+0.9)
XGF9002  XGF9002_8_0.html     <-> XGF9002_8_0.html              58.7 ->  59.6  (+0.9)
SCES201  SCES201_2_0.html     <-> SCES201_2_0.html              68.8 ->  69.7  (+0.9)
OSAI301  OSAI301_3_0.html     <-> OSAI301-03.html               54.6 ->  55.6  (+1.0)
OSGM401  OSGM401_4_0.html     <-> OSGM401-04.html               84.3 ->  85.3  (+1.0)
AGH1009  AGH1009_5_0.html     <-> AGH1009.05.html               71.8 ->  72.8  (+1.0)
MXFU201  MXFU201_3_0.html     <-> MXFU201_3.0.html              61.4 ->  62.4  (+1.1)
BLL145   BLL145_1_1.html      <-> BLL145-2.0.html               58.8 ->  59.9  (+1.1)
HIS1003  HIS1003_5_0.html     <-> HIS1003_5.0.html              59.4 ->  60.6  (+1.1)
MXFL401  MXFL401_4_0.html     <-> MXFL401_04.html               36.9 ->  38.1  (+1.2)
AGH1007  AGH1007_4_0.html     <-> AGH1007.04.html               78.7 ->  80.0  (+1.3)
ENGR102  ENGR102_6_0.html     <-> ENGR102_05.0.html             50.2 ->  51.5  (+1.3)
ENGC101  ENGC101_3_0.html     <-> ENGC101_3.0.html              61.1 ->  62.5  (+1.5)
ENGJ201  ENGJ201_4_0.html     <-> ENGJ201_4.0.html              60.3 ->  61.8  (+1.5)
MXFU201  MXFU201_2_0.html     <-> MXFU201_2.0.html              37.9 ->  39.5  (+1.5)
MXDB102  MXDB102_3_0.html     <-> MXDB102_3.0.html              70.6 ->  72.5  (+2.0)
MXFU201  MXFU201_6_0.html     <-> MXFU201_6.1.html              45.1 ->  47.2  (+2.1)
MXDB102  MXDB102_2_0.html     <-> MXDB102_2.0.html              83.0 ->  85.1  (+2.1)
MXDB202  MXDB202_4_0.html     <-> MXDB202_4.0.html              39.5 ->  41.8  (+2.3)
OSBY501  OSBY501_5_0.html     <-> OSBY501-05.html               55.8 ->  58.2  (+2.4)
XDLS905  XDLS905_3_0.html     <-> XDLS905.03.html               68.0 ->  70.5  (+2.5)
ENGC101  ENGC101_2_0.html     <-> ENGC101_2.0.html              63.2 ->  65.8  (+2.6)
ANZH302  ANZH302_3_0.html     <-> ANZH302_3_0.html              24.2 ->  27.0  (+2.8)
MXDB202  MXDB202_1_0.html     <-> MXDB202_1.0.html              41.1 ->  43.9  (+2.8)
MXFL202  MXFL202_4_0.html     <-> MXFL202_5.0.html              36.1 ->  39.0  (+2.9)
HIS1008  HIS1008_5_0.html     <-> HIS1008-4.0.html              72.7 ->  75.9  (+3.1)
AGH1008  AGH1008_2_0.html     <-> AGH1008.02.html               67.1 ->  71.0  (+3.9)
XGF9003  XGF9003_1_0.html     <-> XGF9003-02.0.html             36.3 ->  40.2  (+3.9)
HIS1003  HIS1003_4_0.html     <-> HIS1003_4.0.html              40.0 ->  43.9  (+3.9)
MXDI103  MXDI103_6_0.html     <-> MXDI103_6.0.html              43.9 ->  48.0  (+4.1)
MXDI201  MXDI201_6_0.html     <-> MXDI201_6.0.html              42.6 ->  46.9  (+4.3)
HPRE203  HPRE203_5_0.html     <-> HPRE203_5_0.html              51.1 ->  56.7  (+5.6)
MXEO301  MXEO301_5_0.html     <-> MXEO301_5.0.html              43.5 ->  49.2  (+5.6)
ANZH302  ANZH302_9_0.html     <-> ANZH302_9_0.html              40.4 ->  47.1  (+6.7)
XMES101  XMES101_6_0.html     <-> XMES101.06.html               54.5 ->  63.4  (+8.9)
FRFUN07  FRFUN07_4_0.html     <-> FRFUN07_4_0_Novice.html       39.3 ->  48.2  (+9.0)
MXFU401  MXFU401_3_0.html     <-> MXFU401_3.0.html              35.1 ->  44.4  (+9.3)
MXFU202  MXFU202_9_0.html     <-> MXFU202_9.0.html              28.6 ->  40.1  (+11.5)
OSOH301  OSOH301_2_0.html     <-> OSOH301.0.2.html              57.7 ->  76.9  (+19.2)
movers 123: 51 up / 72 down, pp-sum -109.3  ->  corpus mean ≈ -0.0441pp over 2476 pairs
>=50 -5   >=75 +0
