PWY1007: identical 10 / changed 0
PWY1008: identical 11 / changed 0
PWY1009: identical 10 / changed 0
PWYWHA1: identical 2 / changed 0
SCBI301: identical 10 / changed 0
SCCH301: identical 8 / changed 2
SCES201: identical 3 / changed 3
SCFUN01: identical 2 / changed 0
SCPH301: identical 10 / changed 0
SPA1004: identical 4 / changed 0
SSCI104: identical 8 / changed 0
SSCI205: identical 11 / changed 0
SSEA203: identical 8 / changed 0
SSFUN01: identical 2 / changed 0
SSFUN02: identical 2 / changed 0
SSFUN03: identical 1 / changed 1
SSFUN05: identical 2 / changed 0
SSFUN06: identical 2 / changed 0
SSFUN07: identical 4 / changed 2
SSFUN08: identical 2 / changed 0
SSOG101: identical 9 / changed 0
SSOG103: identical 8 / changed 0
SSOG105: identical 9 / changed 0
SSOG301: identical 8 / changed 1
TEDC401: identical 9 / changed 0
TEDC402: identical 11 / changed 1
TEFUN01: identical 0 / changed 2
TEFUN02: identical 2 / changed 0
TEFUN03: identical 0 / changed 2
TEFUN04: identical 0 / changed 2
TEFUN05: identical 0 / changed 2
TEFUN06: identical 2 / changed 0
TEFUN07: identical 2 / changed 0
TEFUN08: identical 2 / changed 0
TRR102: identical 7 / changed 0
TRR103: identical 5 / changed 0
TRR104: prep refused (no-wt)
TRR105: prep refused (no-wt)
TRR106: identical 3 / changed 0
TRR107: identical 4 / changed 0
TRR108: identical 4 / changed 0
TRR109: identical 7 / changed 0
TRR110: identical 7 / changed 0
TRR111: identical 7 / changed 0
TRR112: identical 6 / changed 0
TRR113: identical 6 / changed 0
TRR114: identical 5 / changed 0
TRR115: prep refused (no-wt)
TRR116: identical 6 / changed 0
TRR203: identical 5 / changed 0
TRR301: identical 5 / changed 0
TRR304: identical 4 / changed 0
TWHA901: identical 2 / changed 0
TWHA902: identical 0 / changed 2
TWHA903: identical 1 / changed 1
TWHA904: identical 1 / changed 1
TWHA905: identical 1 / changed 1
TWHA906: identical 1 / changed 1
TWHK901: identical 2 / changed 0
TWHK902: identical 2 / changed 0
TWHK903: identical 2 / changed 0
TWHK907: identical 2 / changed 0
TWHR905: identical 1 / changed 1
TWHR907: identical 1 / changed 1
TWHT903: identical 2 / changed 0
WJFUN105: identical 2 / changed 0
WJFUN106: identical 2 / changed 0
WJFUN107: identical 2 / changed 0
WJFUN108: identical 2 / changed 0
WJFUN109: identical 1 / changed 1
WJFUN110: identical 2 / changed 0
WJFUN112: identical 2 / changed 0
WJFUN113: identical 2 / changed 0
WJFUN115: identical 2 / changed 0
WJFUN116: identical 2 / changed 0
WJFUN205: identical 0 / changed 2
WJFUN206: identical 2 / changed 0
WJFUN208: identical 2 / changed 0
WJFUN210: identical 2 / changed 0
WJFUN211: identical 2 / changed 0
WJFUN212: identical 0 / changed 2
WJFUN304: identical 2 / changed 0
WJFUN305: identical 2 / changed 0
WJFUN306: identical 2 / changed 0
WJFUN307: identical 2 / changed 0
WJFUN308: identical 2 / changed 0
XDLS501: identical 9 / changed 0
XDLS502: identical 6 / changed 0
XDLS901: identical 6 / changed 0
XDLS902: identical 9 / changed 0
XDLS903: identical 9 / changed 0
XDLS904: identical 9 / changed 0
XDLS905: identical 9 / changed 0
XDLS906: identical 9 / changed 0
XDLS908: identical 10 / changed 0
XDLS909: identical 6 / changed 0
XDLS911: identical 3 / changed 0
XDLS912: identical 7 / changed 0
XFUN01: identical 2 / changed 0
XFUN02: identical 8 / changed 0
XGF9001: identical 8 / changed 0
XGF9002: identical 10 / changed 1
XGF9003: identical 6 / changed 1
XGF9004: identical 18 / changed 1
XGF9006: identical 9 / changed 0
XLP01: identical 6 / changed 0
XLP02: identical 8 / changed 0
XLP03: identical 7 / changed 0
XLP04: identical 6 / changed 0
XLP05: identical 7 / changed 0
XLP06: identical 4 / changed 0
XMES101: identical 10 / changed 0
XMES102: identical 7 / changed 0
XMES103: identical 7 / changed 0
XMES201: identical 7 / changed 0
XMES202: identical 8 / changed 0
XMES203: identical 7 / changed 0
XOTPB08: identical 3 / changed 0
XOTPB09: identical 3 / changed 0
XOTPB10: identical 3 / changed 0
XOTPB11: identical 3 / changed 0
XOTPB12: identical 3 / changed 0
XOTPB13: identical 3 / changed 0
XOTPG01: identical 3 / changed 0
XOTPG03: identical 3 / changed 0
XOTPG04: identical 3 / changed 0
XOTPG05: identical 3 / changed 0
XOTPG06: identical 3 / changed 0
XOTPO01: identical 3 / changed 0
XTAS101: identical 6 / changed 0
XTAS102: identical 7 / changed 0
XTAS103: identical 8 / changed 0
XWHA01: identical 3 / changed 0
XWHA02: identical 7 / changed 0

TOTAL: identical 614 / changed 34 / missing 0 over 134 modules
CHANGED: SCCH301/SCCH301_7_0.html SCCH301/SCCH301_interactives.txt SCES201/SCES201_2_0.html SCES201/SCES201_3_0.html SCES201/SCES201_interactives.txt SSFUN03/SSFUN03_interactives.txt SSFUN07/SSFUN07_3_0.html SSFUN07/SSFUN07_interactives.txt SSOG301/SSOG301_8_0.html TEDC402/TEDC402_7_0.html TEFUN01/TEFUN01_0_0.html TEFUN01/TEFUN01_interactives.txt TEFUN03/TEFUN03_0_0.html TEFUN03/TEFUN03_interactives.txt TEFUN04/TEFUN04_0_0.html TEFUN04/TEFUN04_interactives.txt TEFUN05/TEFUN05_0_0.html TEFUN05/TEFUN05_interactives.txt TWHA902/TWHA902_0_0.html TWHA902/TWHA902_interactives.txt TWHA903/TWHA903_0_0.html TWHA904/TWHA904_0_0.html TWHA905/TWHA905_0_0.html TWHA906/TWHA906_0_0.html TWHR905/TWHR905_0_0.html TWHR907/TWHR907_0_0.html WJFUN109/WJFUN109_0_0.html WJFUN205/WJFUN205_0_0.html WJFUN205/WJFUN205_interactives.txt WJFUN212/WJFUN212_0_0.html WJFUN212/WJFUN212_interactives.txt XGF9002/XGF9002_8_0.html XGF9003/XGF9003_1_0.html XGF9004/XGF9004_5_0.html
