re-scoring 17 affected module(s): ARFUN04 BLL127 BLL240 BLL271 CEDK501 CEDT207 CEDT301 ENGC206 ENGI201 ENGS404 GER1002 MXFUN01 OSAI101 OSGM101 TEFUN01 TEFUN07 TWHK903
baseline taken: 2026-09-23T02:33:40Z
(unaffected modules unchanged by construction — corpus aggregate moves by exactly the affected-set delta)

  metric                                 baseline        new     delta  verdict
  -----------------------------------------------------------------------------
  skeleton SCAFFOLD mean %                  54.61      54.74     +0.14  IMPROVED
  skeleton pages >=50%                       1549       1543        -6  REGRESSED
  skeleton pages >=75%                        256        256         0  HELD
  compare_structure exact chain             15576      15657       +81  IMPROVED
  compare_structure EXTRA container           195        199        +4  REGRESSED
  compare_structure missing container         794        796        +2  REGRESSED
  body_compare ANY breakdown                  264        260        -4  IMPROVED
  defect structurally-clean %               98.33      98.31     -0.02  REGRESSED
  literal-[tag] leak (occ)                     75         75         0  HELD
  literal-[tag] leak (pages)                   45         45         0  HELD

  context (no pass/fail): sk_pages: 2491->2470  cs_matched: 18092->18178  body_pages: 2691->2658  df_total: 2691->2658  df_clean: 2646->2613

RESULT: MOVED, ACCEPTED AS NAMED — skeleton pages >=50%, compare_structure EXTRA container, compare_structure missing container, defect structurally-clean %
        Every mover was named on the command line and must be decomposed in the
        round's changelog entry (which page, which mechanism). Recorded in the manifest.
[commit] fast-loop baseline PATCHED (2470 pages) + content manifest refreshed — this is now the shipped state the next inner loop measures against.
[commit] recorded accepted named movement: skeleton pages >=50%, compare_structure EXTRA container, compare_structure missing container, defect structurally-clean %
