GER1002: identical 3 / changed 0
GEWHA: identical 1 / changed 0
HES1002: identical 7 / changed 0
HES1003: identical 8 / changed 1
HES1004: identical 5 / changed 0
HES1005: identical 9 / changed 0
HES1006: identical 8 / changed 0
HES1007: identical 10 / changed 0
HIS1001: identical 8 / changed 0
HIS1002: identical 20 / changed 1
HIS1003: identical 1 / changed 10
HIS1004: identical 1 / changed 10
HIS1005: identical 10 / changed 5
HIS1006: identical 13 / changed 2
HIS1007: identical 7 / changed 0
HIS1008: identical 10 / changed 2
HPFUN101: identical 1 / changed 0
HPFUN102: identical 1 / changed 0
HPFUN103: identical 1 / changed 0
HPFUN201: identical 1 / changed 0
HPFUN202: identical 1 / changed 0
HPFUN203: identical 1 / changed 0
HPFUN301: identical 1 / changed 0
HPFUN302: identical 1 / changed 0
HPFUN303: identical 1 / changed 0
HPFUN401: identical 1 / changed 0
HPFUN402: identical 1 / changed 0
HPFUN403: identical 1 / changed 0
HPFUN901: identical 1 / changed 0
HPFUN902: identical 1 / changed 0
HPFUN903: identical 1 / changed 0
HPRE203: identical 5 / changed 3
HPRE301: identical 13 / changed 0
JPFUN01: identical 1 / changed 0
JPFUN02: identical 1 / changed 0
JPN1004: identical 9 / changed 2
MUS1004: identical 11 / changed 0
MUS1006: identical 4 / changed 0
MXDB102: identical 8 / changed 4
MXDB201: identical 6 / changed 1
MXDB202: identical 3 / changed 3
MXDB301: identical 8 / changed 0
MXDB302: identical 10 / changed 0
MXDI101: identical 11 / changed 0
MXDI102: identical 4 / changed 1
MXDI103: identical 8 / changed 2
MXDI201: identical 7 / changed 4
MXDI202: identical 7 / changed 5
MXDI301: identical 5 / changed 0
MXEO102: identical 5 / changed 0
MXEO201: identical 10 / changed 0
MXEO202: identical 9 / changed 0
MXEO301: identical 10 / changed 1
MXEO401: identical 7 / changed 0
MXEX101: identical 7 / changed 0
MXEX201: identical 6 / changed 0
MXEX202: identical 7 / changed 0
MXEX301: identical 8 / changed 0
MXEX302: identical 7 / changed 1
MXEX401: identical 7 / changed 0
MXFL101: identical 5 / changed 7
MXFL102: identical 8 / changed 1
MXFL103: identical 7 / changed 1
MXFL104: identical 3 / changed 3
MXFL201: identical 8 / changed 2
MXFL202: identical 3 / changed 3
MXFL203: identical 3 / changed 9
MXFL204: identical 5 / changed 7
MXFL301: identical 10 / changed 0
MXFL302: identical 9 / changed 1
MXFL401: identical 5 / changed 3
MXFU201: identical 3 / changed 7
MXFU202: identical 6 / changed 5
MXFU301: identical 12 / changed 0
MXFU302: identical 7 / changed 3
MXFU401: identical 6 / changed 1
MXFU402: identical 8 / changed 0
MXFUN01: identical 1 / changed 0
MXFUN02: identical 1 / changed 0
MXFUN03: identical 1 / changed 0
MXS1004: identical 9 / changed 0
OSAH301: identical 4 / changed 0
OSAH401: identical 5 / changed 0
OSAH501: identical 6 / changed 0
OSAI101: identical 3 / changed 0
OSAI201: identical 4 / changed 0
OSAI301: identical 3 / changed 1
OSAI401: identical 5 / changed 0
OSAI501: identical 6 / changed 0
OSBY101: identical 3 / changed 1
OSBY201: identical 3 / changed 1
OSBY301: identical 4 / changed 0
OSBY401: identical 5 / changed 0
OSBY501: identical 5 / changed 1
OSGM101: identical 2 / changed 1
OSGM201: identical 3 / changed 1
OSGM301: identical 4 / changed 0
OSGM401: identical 4 / changed 1
OSGM501: identical 6 / changed 0
OSOH101: identical 3 / changed 1
OSOH201: identical 3 / changed 1
OSOH301: identical 3 / changed 1
OSOH401: identical 5 / changed 0
OSOH501: identical 6 / changed 0
OSSC301: identical 4 / changed 0
OSSC401: identical 5 / changed 0
OSSC501: identical 6 / changed 0
OSSM301: identical 5 / changed 0
OSSM401: identical 5 / changed 0
OSSM501: identical 6 / changed 0
PES1001: identical 10 / changed 0
PES1002: identical 11 / changed 0
PES1003: identical 11 / changed 0
PES1004: identical 11 / changed 0
PES1005: identical 10 / changed 2
PES1007: identical 12 / changed 0
PES1008: identical 19 / changed 0
PHE1001: identical 5 / changed 0
PHE1002: identical 4 / changed 0
PHE1003: identical 11 / changed 0
PHE1004: identical 4 / changed 0
PHE1005: identical 6 / changed 0
PHE1006: identical 6 / changed 0
PHE1007: identical 10 / changed 0
PHE1008: identical 6 / changed 0
PMT101: identical 4 / changed 0
PNR101: identical 2 / changed 0
PNR102: identical 3 / changed 0
PNR104: identical 3 / changed 0
PNR107: identical 3 / changed 0
PWY1001: identical 9 / changed 1
PWY1002: identical 10 / changed 0

TOTAL: identical 756 / changed 124 / missing 0 over 132 modules
CHANGED: HES1003/HES1003_2_0.html HIS1002/HIS1002_13_0.html HIS1003/HIS1003_1_0.html HIS1003/HIS1003_2_0.html HIS1003/HIS1003_3_0.html HIS1003/HIS1003_4_0.html HIS1003/HIS1003_5_0.html HIS1003/HIS1003_6_0.html HIS1003/HIS1003_7_0.html HIS1003/HIS1003_8_0.html HIS1003/HIS1003_9_0.html HIS1003/HIS1003_10_0.html HIS1004/HIS1004_1_0.html HIS1004/HIS1004_2_0.html HIS1004/HIS1004_3_0.html HIS1004/HIS1004_4_0.html HIS1004/HIS1004_5_0.html HIS1004/HIS1004_6_0.html HIS1004/HIS1004_7_0.html HIS1004/HIS1004_8_0.html HIS1004/HIS1004_9_0.html HIS1004/HIS1004_10_0.html HIS1005/HIS1005_1_0.html HIS1005/HIS1005_2_0.html HIS1005/HIS1005_4_0.html HIS1005/HIS1005_5_0.html HIS1005/HIS1005_6_1.html HIS1006/HIS1006_1_2.html HIS1006/HIS1006_5_0.html HIS1008/HIS1008_1_2.html HIS1008/HIS1008_5_0.html HPRE203/HPRE203_1_0.html HPRE203/HPRE203_5_0.html HPRE203/HPRE203_6_0.html JPN1004/JPN1004_1_0.html JPN1004/JPN1004_4_0.html MXDB102/MXDB102_2_0.html MXDB102/MXDB102_3_0.html MXDB102/MXDB102_9_0.html MXDB102/MXDB102_10_0.html MXDB201/MXDB201_4_0.html MXDB202/MXDB202_1_0.html MXDB202/MXDB202_2_0.html MXDB202/MXDB202_4_0.html MXDI102/MXDI102_3_0.html MXDI103/MXDI103_6_0.html MXDI103/MXDI103_8_0.html MXDI201/MXDI201_3_0.html MXDI201/MXDI201_5_0.html MXDI201/MXDI201_6_0.html MXDI201/MXDI201_8_0.html MXDI202/MXDI202_2_0.html MXDI202/MXDI202_6_0.html MXDI202/MXDI202_7_0.html MXDI202/MXDI202_8_0.html MXDI202/MXDI202_9_0.html MXEO301/MXEO301_5_0.html MXEX302/MXEX302_1_0.html MXFL101/MXFL101_2_1.html MXFL101/MXFL101_3_0.html MXFL101/MXFL101_3_1.html MXFL101/MXFL101_3_2.html MXFL101/MXFL101_3_3.html MXFL101/MXFL101_3_4.html MXFL101/MXFL101_3_5.html MXFL102/MXFL102_3_0.html MXFL103/MXFL103_1_1.html MXFL104/MXFL104_1_0.html MXFL104/MXFL104_3_0.html MXFL104/MXFL104_4_0.html MXFL201/MXFL201_4_0.html MXFL201/MXFL201_5_0.html MXFL202/MXFL202_1_0.html MXFL202/MXFL202_2_0.html MXFL202/MXFL202_4_0.html MXFL203/MXFL203_2_0.html MXFL203/MXFL203_3_0.html MXFL203/MXFL203_4_0.html MXFL203/MXFL203_5_0.html MXFL203/MXFL203_6_0.html MXFL203/MXFL203_7_0.html MXFL203/MXFL203_8_0.html MXFL203/MXFL203_10_0.html MXFL203/MXFL203_11_0.html MXFL204/MXFL204_2_0.html MXFL204/MXFL204_3_0.html MXFL204/MXFL204_3_1.html MXFL204/MXFL204_5_0.html MXFL204/MXFL204_7_0.html MXFL204/MXFL204_8_0.html MXFL204/MXFL204_9_0.html MXFL302/MXFL302_8_0.html MXFL401/MXFL401_2_0.html MXFL401/MXFL401_4_0.html MXFL401/MXFL401_6_0.html MXFU201/MXFU201_1_0.html MXFU201/MXFU201_2_0.html MXFU201/MXFU201_3_0.html MXFU201/MXFU201_6_0.html MXFU201/MXFU201_7_0.html MXFU201/MXFU201_8_0.html MXFU201/MXFU201_9_0.html MXFU202/MXFU202_2_0.html MXFU202/MXFU202_5_0.html MXFU202/MXFU202_6_0.html MXFU202/MXFU202_8_0.html MXFU202/MXFU202_9_0.html MXFU302/MXFU302_2_0.html MXFU302/MXFU302_6_0.html MXFU302/MXFU302_9_0.html MXFU401/MXFU401_3_0.html OSAI301/OSAI301_3_0.html OSBY101/OSBY101_1_0.html OSBY201/OSBY201_3_0.html OSBY501/OSBY501_5_0.html OSGM101/OSGM101_2_0.html OSGM201/OSGM201_3_0.html OSGM401/OSGM401_4_0.html OSOH101/OSOH101_2_0.html OSOH201/OSOH201_1_0.html OSOH301/OSOH301_2_0.html PES1005/PES1005_7_0.html PES1005/PES1005_11_0.html PWY1001/PWY1001_2_3_0.html
