AGH1001: identical 2 / changed 4
AGH1002: identical 7 / changed 0
AGH1003: identical 9 / changed 0
AGH1004: identical 7 / changed 0
AGH1005: identical 9 / changed 0
AGH1006: identical 10 / changed 0
AGH1007: identical 9 / changed 1
AGH1008: identical 5 / changed 5
AGH1009: identical 5 / changed 5
ANZH101: identical 2 / changed 2
ANZH103: identical 2 / changed 0
ANZH104: identical 7 / changed 1
ANZH105: identical 7 / changed 1
ANZH203: identical 7 / changed 0
ANZH205: identical 7 / changed 0
ANZH301: identical 2 / changed 9
ANZH302: identical 2 / changed 9
ANZH303: identical 7 / changed 0
ANZH304: identical 4 / changed 3
ANZH401: identical 13 / changed 1
ANZH404: identical 6 / changed 1
ANZHFUN05: identical 1 / changed 0
ARFUN01: identical 1 / changed 0
ARFUN02: identical 1 / changed 0
ARFUN03: identical 1 / changed 0
ARFUN04: identical 1 / changed 0
ARFUN05: identical 1 / changed 0
ART1002: identical 8 / changed 0
ART1003: identical 1 / changed 0
ART1004: identical 1 / changed 0
ART1005: identical 1 / changed 0
ART1006: identical 6 / changed 0
BLL110: identical 1 / changed 0
BLL111: identical 3 / changed 0
BLL112: identical 3 / changed 0
BLL113: identical 3 / changed 0
BLL114: identical 3 / changed 0
BLL115: identical 3 / changed 0
BLL116: identical 3 / changed 0
BLL117: identical 3 / changed 0
BLL120: identical 1 / changed 0
BLL121: identical 2 / changed 1
BLL122: identical 3 / changed 0
BLL123: identical 2 / changed 1
BLL124: identical 3 / changed 0
BLL125: identical 3 / changed 0
BLL126: identical 3 / changed 0
BLL127: identical 3 / changed 0
BLL130: identical 1 / changed 0
BLL131: identical 3 / changed 0
BLL132: identical 3 / changed 0
BLL133: identical 3 / changed 0
BLL134: identical 3 / changed 0
BLL135: identical 3 / changed 0
BLL136: identical 1 / changed 1
BLL137: identical 3 / changed 0
BLL140: identical 1 / changed 0
BLL141: identical 3 / changed 0
BLL142: identical 3 / changed 0
BLL143: identical 3 / changed 0
BLL144: identical 2 / changed 1
BLL145: identical 2 / changed 1
BLL146: identical 3 / changed 0
BLL147: identical 2 / changed 1
BLL150: identical 1 / changed 0
BLL151: identical 3 / changed 0
BLL152: identical 1 / changed 2
BLL153: identical 3 / changed 0
BLL154: identical 3 / changed 0
BLL155: identical 2 / changed 1
BLL156: identical 3 / changed 0
BLL157: identical 2 / changed 1
BLL160: identical 1 / changed 0
BLL161: identical 3 / changed 0
BLL162: identical 3 / changed 0
BLL163: identical 3 / changed 0
BLL164: identical 2 / changed 1
BLL165: identical 2 / changed 1
BLL166: identical 3 / changed 0
BLL167: identical 3 / changed 0
BLL170: identical 1 / changed 0
BLL171: identical 3 / changed 0
BLL172: identical 3 / changed 0
BLL173: identical 3 / changed 0
BLL174: identical 3 / changed 0
BLL175: identical 4 / changed 0
BLL176: identical 3 / changed 0
BLL177: identical 3 / changed 0
BLL210: identical 1 / changed 0
BLL211: identical 3 / changed 0
BLL212: identical 3 / changed 0
BLL213: identical 3 / changed 0
BLL214: identical 3 / changed 0
BLL215: identical 3 / changed 0
BLL216: identical 3 / changed 0
BLL217: identical 3 / changed 0
BLL220: identical 1 / changed 0
BLL221: identical 2 / changed 1
BLL222: identical 3 / changed 0
BLL223: identical 3 / changed 0
BLL224: identical 3 / changed 0
BLL225: identical 3 / changed 0
BLL226: identical 3 / changed 0
BLL227: identical 3 / changed 0
BLL230: identical 1 / changed 0
BLL231: identical 2 / changed 1
BLL232: identical 3 / changed 0
BLL233: identical 3 / changed 0
BLL234: identical 3 / changed 0
BLL235: identical 3 / changed 0
BLL236: identical 3 / changed 0
BLL237: identical 3 / changed 0
BLL240: identical 1 / changed 0
BLL241: identical 3 / changed 0
BLL242: identical 3 / changed 0
BLL243: identical 2 / changed 1
BLL244: identical 2 / changed 1
BLL245: identical 2 / changed 1
BLL246: identical 3 / changed 0
BLL247: identical 2 / changed 1
BLL250: identical 1 / changed 0
BLL251: identical 3 / changed 0
BLL252: identical 3 / changed 0
BLL253: identical 2 / changed 1
BLL254: identical 2 / changed 1
BLL255: identical 3 / changed 0
BLL256: identical 3 / changed 0
BLL257: identical 3 / changed 0
BLL260: identical 1 / changed 0
BLL261: identical 2 / changed 1
BLL262: identical 2 / changed 1
BLL263: identical 3 / changed 0
BLL264: identical 2 / changed 1
BLL265: identical 4 / changed 0
BLL266: identical 3 / changed 0
BLL270: identical 1 / changed 0
BLL271: identical 3 / changed 0
BLL272: identical 3 / changed 0
BLL273: identical 2 / changed 1
BLL274: identical 2 / changed 1
BLL275: identical 2 / changed 1
BLL276: identical 3 / changed 0
BLLR201: identical 8 / changed 0
BLLR202: identical 12 / changed 0
BLLR203: identical 10 / changed 0
CBI1004: identical 11 / changed 0
CBI1005: identical 11 / changed 0

TOTAL: identical 481 / changed 68 / missing 0 over 147 modules
CHANGED: AGH1001/AGH1001_1_0.html AGH1001/AGH1001_2_0.html AGH1001/AGH1001_3_0.html AGH1001/AGH1001_5_0.html AGH1007/AGH1007_4_0.html AGH1008/AGH1008_2_0.html AGH1008/AGH1008_3_0.html AGH1008/AGH1008_4_0.html AGH1008/AGH1008_5_0.html AGH1008/AGH1008_8_0.html AGH1009/AGH1009_3_0.html AGH1009/AGH1009_5_0.html AGH1009/AGH1009_6_0.html AGH1009/AGH1009_7_0.html AGH1009/AGH1009_8_0.html ANZH101/ANZH101_1_0.html ANZH101/ANZH101_3_0.html ANZH104/ANZH104_3_0.html ANZH105/ANZH105_2_0.html ANZH301/ANZH301_1_0.html ANZH301/ANZH301_2_0.html ANZH301/ANZH301_3_0.html ANZH301/ANZH301_4_0.html ANZH301/ANZH301_5_0.html ANZH301/ANZH301_6_0.html ANZH301/ANZH301_7_0.html ANZH301/ANZH301_8_0.html ANZH301/ANZH301_9_0.html ANZH302/ANZH302_1_0.html ANZH302/ANZH302_2_0.html ANZH302/ANZH302_3_0.html ANZH302/ANZH302_4_0.html ANZH302/ANZH302_5_0.html ANZH302/ANZH302_6_0.html ANZH302/ANZH302_7_0.html ANZH302/ANZH302_8_0.html ANZH302/ANZH302_9_0.html ANZH304/ANZH304_1_0.html ANZH304/ANZH304_3_0.html ANZH304/ANZH304_4_0.html ANZH401/ANZH401_3_0.html ANZH404/ANZH404_3_0.html BLL121/BLL121_1_0.html BLL123/BLL123_1_0.html BLL136/BLL136_1_0.html BLL144/BLL144_1_1.html BLL145/BLL145_1_1.html BLL147/BLL147_1_1.html BLL152/BLL152_1_0.html BLL152/BLL152_1_1.html BLL155/BLL155_1_0.html BLL157/BLL157_1_1.html BLL164/BLL164_1_1.html BLL165/BLL165_1_1.html BLL221/BLL221_1_0.html BLL231/BLL231_1_0.html BLL243/BLL243_1_0.html BLL244/BLL244_1_0.html BLL245/BLL245_2_0.html BLL247/BLL247_1_0.html BLL253/BLL253_1_0.html BLL254/BLL254_1_0.html BLL261/BLL261_2_0.html BLL262/BLL262_3_0.html BLL264/BLL264_3_0.html BLL273/BLL273_2_0.html BLL274/BLL274_2_0.html BLL275/BLL275_2_0.html
