MXFL202  MXFL202_6_0.html     <-> MXFL202_6.0.html              50.5 ->  42.4  (-8.1)
MXFL202  MXFL202_2_0.html     <-> MXFL202_2.0.html              45.5 ->  40.6  (-4.8)
MXFL202  MXFL202_7_0.html     <-> MXFL202_7.0.html              29.3 ->  24.6  (-4.7)
MXFL202  MXFL202_1_0.html     <-> MXFL202_1.0.html              37.8 ->  33.1  (-4.6)
MXFL202  MXFL202_4_0.html     <-> MXFL202_5.0.html              39.7 ->  36.1  (-3.6)
MXFL101  MXFL101_3_4.html     <-> MXFL101_8.0.html              43.1 ->  43.1  (+0.0)
MXFL101  MXFL101_2_0.html     <-> MXFL101_2.0.html              41.4 ->  41.6  (+0.2)
MXFL101  MXFL101_3_7.html     <-> MXFL101_11.0.html             40.3 ->  40.7  (+0.4)
MXFL101  MXFL101_3_1.html     <-> MXFL101_5.0.html              37.9 ->  38.5  (+0.6)
MXFL101  MXFL101_3_2.html     <-> MXFL101_6.0.html              37.6 ->  38.2  (+0.6)
MXFL101  MXFL101_2_1.html     <-> MXFL101_3.0.html              36.9 ->  37.5  (+0.6)
XLP05    XLP05_2_0.html       <-> XLP05.01.html                 56.8 ->  58.1  (+1.3)
XLP05    XLP05_3_0.html       <-> XLP05.02.html                 52.2 ->  53.6  (+1.4)
XLP05    XLP05_5_0.html       <-> XLP05.04.html                 43.9 ->  45.9  (+2.0)
MXFL101  MXFL101_1_0.html     <-> MXFL101_1.0.html              24.9 ->  27.0  (+2.1)
SSOG103  SSOG103_3_0.html     <-> SSOG103_3.0.html              46.2 ->  49.4  (+3.1)
SSOG103  SSOG103_2_0.html     <-> SSOG103_2.0.html              58.6 ->  62.4  (+3.7)
SSOG103  SSOG103_1_0.html     <-> SSOG103_1.0.html              41.9 ->  46.9  (+5.0)
ANZH203  ANZH203_3_0.html     <-> ANZH203_4.0.html              65.3 ->  70.3  (+5.0)
ANZH203  ANZH203_2_0.html     <-> ANZH203_3.0.html              53.0 ->  58.7  (+5.7)
ANZH203  ANZH203_4_0.html     <-> ANZH203_5.0.html              56.1 ->  62.4  (+6.3)
SSOG103  SSOG103_4_0.html     <-> SSOG103_4.0.html              23.4 ->  30.8  (+7.4)
ANZH203  ANZH203_1_0.html     <-> ANZH203_1.0.html              41.4 ->  49.1  (+7.7)
ANZH203  ANZH203_6_0.html     <-> ANZH203_7.0.html              23.4 ->  33.5  (+10.2)
MXDB201  MXDB201_5_0.html     <-> MXDB201_5.0.html              38.0 ->  49.6  (+11.6)
MXDB201  MXDB201_3_0.html     <-> MXDB201_3.0.html              33.2 ->  45.0  (+11.8)
MXDB201  MXDB201_4_0.html     <-> MXDB201_4.0.html              42.4 ->  54.8  (+12.4)
ENGJ101  ENGJ101_1_0.html     <-> ENGJ101_1.0.html              56.8 ->  69.7  (+12.9)
MXDB201  MXDB201_1_0.html     <-> MXDB201_1.0.html              36.4 ->  50.5  (+14.1)
ENGJ101  ENGJ101_3_0.html     <-> ENGJ101_3.0.html              61.4 ->  75.6  (+14.1)
MXDB201  MXDB201_2_0.html     <-> MXDB201_2.0.html              50.3 ->  65.6  (+15.3)
ENGJ101  ENGJ101_4_0.html     <-> ENGJ101_4.0.html              64.1 ->  80.3  (+16.2)
ENGJ101  ENGJ101_2_0.html     <-> ENGJ101_2.0.html              52.7 ->  70.3  (+17.6)
MXDB201  MXDB201_6_0.html     <-> MXDB201_6.0.html              36.4 ->  56.4  (+20.0)
movers 34: 29 up / 5 down, pp-sum +183.6  ->  corpus mean ≈ +0.0743pp over 2470 pairs
>=50 +2   >=75 +2
