AGH1001: identical 5 / changed 1
AGH1003: identical 8 / changed 1
AGH1004: identical 4 / changed 3
AGH1005: identical 6 / changed 3
AGH1006: identical 4 / changed 6
AGH1009: identical 9 / changed 1
ANZH203: identical 6 / changed 1
ANZH304: identical 6 / changed 1
CBI1005: identical 10 / changed 1
CBI1008: identical 1 / changed 2
CBI1009: identical 2 / changed 2
CEDO204: identical 0 / changed 1
CEDO402: identical 0 / changed 1
CEDR101: identical 0 / changed 1
CEDR203: identical 0 / changed 1
COM1002: identical 8 / changed 1
ENGI400: identical 2 / changed 2
ENGI401: identical 10 / changed 2
ENGI405: identical 7 / changed 1
ENGJ402: identical 8 / changed 1
ENGR301: identical 8 / changed 1
ENGS201: identical 8 / changed 1
EXBP901: identical 1 / changed 5
EXIP901: identical 2 / changed 4
EXPFUN02: identical 0 / changed 1
EXPFUN05: identical 0 / changed 1
GEO1006: identical 3 / changed 1
HES1002: identical 2 / changed 5
HES1005: identical 2 / changed 7
HIS1005: identical 14 / changed 1
HPRE203: identical 5 / changed 3
MXDB302: identical 4 / changed 6
MXDI201: identical 3 / changed 8
MXEX401: identical 6 / changed 1
MXFL203: identical 3 / changed 9
MXFL204: identical 11 / changed 1
MXFL302: identical 9 / changed 1
MXFU201: identical 3 / changed 7
MXFU202: identical 4 / changed 7
MXFU301: identical 11 / changed 1
MXFU302: identical 8 / changed 2
PES1001: identical 6 / changed 4
PES1002: identical 10 / changed 1
PES1005: identical 11 / changed 1
PHE1001: identical 2 / changed 3
PHE1005: identical 4 / changed 2
PHE1006: identical 3 / changed 3
PHE1007: identical 9 / changed 1
PHE1008: identical 1 / changed 5
PWY1002: identical 9 / changed 1
SSCI104: identical 6 / changed 1
TEDC402: identical 10 / changed 1
XGF9004: identical 14 / changed 4

TOTAL: identical 288 / changed 133 / missing 0 over 53 modules
CHANGED: AGH1001/AGH1001_4_0.html AGH1003/AGH1003_4_0.html AGH1004/AGH1004_1_0.html AGH1004/AGH1004_2_0.html AGH1004/AGH1004_3_0.html AGH1005/AGH1005_3_0.html AGH1005/AGH1005_4_0.html AGH1005/AGH1005_5_0.html AGH1006/AGH1006_1_0.html AGH1006/AGH1006_2_0.html AGH1006/AGH1006_4_0.html AGH1006/AGH1006_5_0.html AGH1006/AGH1006_6_0.html AGH1006/AGH1006_8_0.html AGH1009/AGH1009_2_0.html ANZH203/ANZH203_3_0.html ANZH304/ANZH304_1_0.html CBI1005/CBI1005_2_0.html CBI1008/CBI1008_1_0.html CBI1008/CBI1008_2_0.html CBI1009/CBI1009_2_0.html CBI1009/CBI1009_3_0.html CEDO204/CEDO204_0_0.html CEDO402/CEDO402_0_0.html CEDR101/CEDR101_0_0.html CEDR203/CEDR203_0_0.html COM1002/COM1002_6_0.html ENGI400/ENGI400_2_0.html ENGI400/ENGI400_3_0.html ENGI401/ENGI401_7_0.html ENGI401/ENGI401_8_0.html ENGI405/ENGI405_5_0.html ENGJ402/ENGJ402_3_0.html ENGR301/ENGR301_7_0.html ENGS201/ENGS201_3_0.html EXBP901/EXBP901_1_0.html EXBP901/EXBP901_2_0.html EXBP901/EXBP901_3_0.html EXBP901/EXBP901_4_0.html EXBP901/EXBP901_5_0.html EXIP901/EXIP901_1_0.html EXIP901/EXIP901_2_0.html EXIP901/EXIP901_4_0.html EXIP901/EXIP901_5_0.html EXPFUN02/EXPFUN02_0_0.html EXPFUN05/EXPFUN05_0_0.html GEO1006/GEO1006_3_0.html HES1002/HES1002_1_0.html HES1002/HES1002_2_0.html HES1002/HES1002_4_0.html HES1002/HES1002_5_0.html HES1002/HES1002_6_0.html HES1005/HES1005_1_0.html HES1005/HES1005_2_0.html HES1005/HES1005_3_0.html HES1005/HES1005_5_0.html HES1005/HES1005_6_0.html HES1005/HES1005_7_0.html HES1005/HES1005_8_0.html HIS1005/HIS1005_9_1.html HPRE203/HPRE203_3_0.html HPRE203/HPRE203_4_0.html HPRE203/HPRE203_5_0.html MXDB302/MXDB302_2_0.html MXDB302/MXDB302_3_0.html MXDB302/MXDB302_4_0.html MXDB302/MXDB302_5_0.html MXDB302/MXDB302_7_0.html MXDB302/MXDB302_8_0.html MXDI201/MXDI201_2_0.html MXDI201/MXDI201_3_0.html MXDI201/MXDI201_4_0.html MXDI201/MXDI201_5_0.html MXDI201/MXDI201_6_0.html MXDI201/MXDI201_7_0.html MXDI201/MXDI201_8_0.html MXDI201/MXDI201_9_0.html MXEX401/MXEX401_6_0.html MXFL203/MXFL203_1_0.html MXFL203/MXFL203_2_0.html MXFL203/MXFL203_3_0.html MXFL203/MXFL203_4_0.html MXFL203/MXFL203_6_0.html MXFL203/MXFL203_8_0.html MXFL203/MXFL203_9_0.html MXFL203/MXFL203_10_0.html MXFL203/MXFL203_11_0.html MXFL204/MXFL204_3_0.html MXFL302/MXFL302_3_0.html MXFU201/MXFU201_1_0.html MXFU201/MXFU201_2_0.html MXFU201/MXFU201_3_0.html MXFU201/MXFU201_4_0.html MXFU201/MXFU201_5_0.html MXFU201/MXFU201_8_0.html MXFU201/MXFU201_9_0.html MXFU202/MXFU202_1_0.html MXFU202/MXFU202_2_0.html MXFU202/MXFU202_3_0.html MXFU202/MXFU202_4_0.html MXFU202/MXFU202_5_0.html MXFU202/MXFU202_6_0.html MXFU202/MXFU202_8_0.html MXFU301/MXFU301_3_0.html MXFU302/MXFU302_1_0.html MXFU302/MXFU302_9_0.html PES1001/PES1001_1_0.html PES1001/PES1001_5_0.html PES1001/PES1001_7_0.html PES1001/PES1001_10_0.html PES1002/PES1002_10_0.html PES1005/PES1005_11_0.html PHE1001/PHE1001_2_0.html PHE1001/PHE1001_3_0.html PHE1001/PHE1001_4_0.html PHE1005/PHE1005_3_0.html PHE1005/PHE1005_5_0.html PHE1006/PHE1006_2_0.html PHE1006/PHE1006_3_0.html PHE1006/PHE1006_5_0.html PHE1007/PHE1007_9_0.html PHE1008/PHE1008_1_0.html PHE1008/PHE1008_2_0.html PHE1008/PHE1008_3_0.html PHE1008/PHE1008_4_0.html PHE1008/PHE1008_5_0.html PWY1002/PWY1002_2_2_0.html SSCI104/SSCI104_3_0.html TEDC402/TEDC402_6_0.html XGF9004/XGF9004_14_0.html XGF9004/XGF9004_15_0.html XGF9004/XGF9004_16_0.html XGF9004/XGF9004_17_0.html
