CBI1008: identical 3 / changed 1
CBI1009: identical 5 / changed 0
CEDK101: identical 2 / changed 0
CEDK102: identical 2 / changed 0
CEDK401: identical 2 / changed 0
CEDK501: identical 10 / changed 5
CEDO102: identical 2 / changed 0
CEDO105: identical 7 / changed 0
CEDO201: identical 2 / changed 0
CEDO202: identical 2 / changed 0
CEDO204: identical 1 / changed 1
CEDO301: identical 7 / changed 0
CEDO402: identical 2 / changed 0
CEDO501: identical 12 / changed 5
CEDO502: identical 9 / changed 2
CEDR101: identical 2 / changed 0
CEDR201: identical 2 / changed 0
CEDR203: identical 2 / changed 0
CEDR204: identical 2 / changed 0
CEDR301: identical 2 / changed 0
CEDR302: identical 2 / changed 0
CEDR401: identical 0 / changed 2
CEDR501: identical 8 / changed 4
CEDT101: identical 2 / changed 0
CEDT102: identical 2 / changed 0
CEDT104: identical 2 / changed 0
CEDT201: identical 2 / changed 0
CEDT202: identical 2 / changed 0
CEDT203: identical 2 / changed 0
CEDT204: identical 2 / changed 0
CEDT207: identical 2 / changed 0
CEDT208: identical 2 / changed 0
CEDT301: identical 8 / changed 0
CEDT404: identical 1 / changed 1
CEDT501: identical 11 / changed 5
CEDW101: identical 2 / changed 0
CEDW201: identical 2 / changed 0
CEDW303: identical 2 / changed 0
CEDW501: identical 10 / changed 4
CHFUN01: identical 2 / changed 0
CHFUN04: identical 2 / changed 0
CHFUN05: identical 1 / changed 1
CHFUN06: identical 2 / changed 0
CHFUN07: identical 2 / changed 0
CHFUN08: identical 2 / changed 0
CHI1003: identical 10 / changed 0
CHI1004: identical 9 / changed 2
CHI1005: identical 9 / changed 0
CHWHA: identical 2 / changed 0
COM1002: identical 10 / changed 0
COM1005: identical 7 / changed 2
COM1006: identical 11 / changed 0
DAN1003: identical 11 / changed 0
DAN1004: identical 5 / changed 0
DAN1006: identical 5 / changed 0
DTC1004: identical 9 / changed 0
DTC1005: identical 22 / changed 0
ENFUN01: identical 2 / changed 0
ENFUN02: identical 0 / changed 2
ENFUN03: identical 0 / changed 2
ENFUN04: identical 0 / changed 2
ENFUN05: identical 2 / changed 0
ENFUN07: identical 2 / changed 0
ENFUN08: identical 0 / changed 2
ENFUN09: identical 0 / changed 2
ENG1004: identical 9 / changed 0
ENG1005: identical 7 / changed 0
ENG1007: identical 2 / changed 0
ENGC101: identical 7 / changed 0
ENGC102: identical 9 / changed 0
ENGC201: identical 6 / changed 2
ENGC202: identical 10 / changed 0
ENGC204: identical 8 / changed 0
ENGC206: identical 9 / changed 0
ENGC301: identical 9 / changed 0
ENGC302: identical 9 / changed 0
ENGC401: identical 9 / changed 0
ENGC403: identical 17 / changed 0
ENGFUN02: identical 6 / changed 0
ENGI101: identical 5 / changed 0
ENGI102: identical 8 / changed 0
ENGI103: identical 8 / changed 0
ENGI201: identical 6 / changed 0
ENGI202: identical 8 / changed 0
ENGI203: identical 12 / changed 0
ENGI301: identical 7 / changed 0
ENGI302: identical 8 / changed 0
ENGI303: identical 6 / changed 2
ENGI400: identical 5 / changed 0
ENGI401: identical 11 / changed 2
ENGI405: identical 9 / changed 0
ENGJ101: identical 6 / changed 0
ENGJ102: identical 7 / changed 0
ENGJ201: identical 8 / changed 0
ENGJ202: identical 7 / changed 0
ENGJ301: identical 7 / changed 2
ENGJ302: identical 9 / changed 2
ENGJ402: identical 10 / changed 0
ENGJ403: identical 11 / changed 0
ENGR101: identical 7 / changed 2
ENGR102: identical 2 / changed 6
ENGR201: identical 6 / changed 2
ENGR202: identical 7 / changed 2
ENGR301: identical 10 / changed 0
ENGR302: identical 5 / changed 4
ENGS101: identical 5 / changed 2
ENGS102: identical 8 / changed 0
ENGS201: identical 10 / changed 0
ENGS202: identical 6 / changed 2
ENGS301: identical 7 / changed 2
ENGS302: identical 8 / changed 0
ENGS401: identical 6 / changed 2
ENGS404: identical 13 / changed 0
ENGS405: identical 2 / changed 0
ENO2060: identical 7 / changed 0
EXBP901: identical 7 / changed 0
EXIP901: identical 7 / changed 0
EXPFUN02: identical 2 / changed 0
EXPFUN03: identical 2 / changed 0
EXPFUN04: identical 2 / changed 0
EXPFUN05: identical 2 / changed 0
EXPFUN06: identical 2 / changed 0
EXPFUN07: identical 2 / changed 0
FRFUN06: identical 6 / changed 5
FRFUN07: identical 8 / changed 2
FRFUN08: identical 9 / changed 3
FRNO901: identical 10 / changed 0
FRNO902: identical 7 / changed 3
GENO901: identical 20 / changed 4
GEO1004: identical 4 / changed 0
GEO1005: identical 8 / changed 0
GEO1006: identical 5 / changed 0

TOTAL: identical 756 / changed 96 / missing 0 over 132 modules
CHANGED: CBI1008/CBI1008_1_0.html CEDK501/CEDK501_2_0.html CEDK501/CEDK501_3_1.html CEDK501/CEDK501_7_0.html CEDK501/CEDK501_6_1.html CEDK501/CEDK501_interactives.txt CEDO204/CEDO204_interactives.txt CEDO501/CEDO501_1_0.html CEDO501/CEDO501_2_1.html CEDO501/CEDO501_2_2.html CEDO501/CEDO501_5_1.html CEDO501/CEDO501_interactives.txt CEDO502/CEDO502_3_0.html CEDO502/CEDO502_interactives.txt CEDR401/CEDR401_0_0.html CEDR401/CEDR401_interactives.txt CEDR501/CEDR501_1_0.html CEDR501/CEDR501_4_0.html CEDR501/CEDR501_5_0.html CEDR501/CEDR501_interactives.txt CEDT404/CEDT404_0_0.html CEDT501/CEDT501_1_1.html CEDT501/CEDT501_5_1.html CEDT501/CEDT501_6_0.html CEDT501/CEDT501_13_0.html CEDT501/CEDT501_interactives.txt CEDW501/CEDW501_3_0.html CEDW501/CEDW501_5_0.html CEDW501/CEDW501_7_2.html CEDW501/CEDW501_interactives.txt CHFUN05/CHFUN05_0_0.html CHI1004/CHI1004_0_0.html CHI1004/CHI1004_interactives.txt COM1005/COM1005_3_0.html COM1005/COM1005_8_0.html ENFUN02/ENFUN02_0_0.html ENFUN02/ENFUN02_interactives.txt ENFUN03/ENFUN03_0_0.html ENFUN03/ENFUN03_interactives.txt ENFUN04/ENFUN04_0_0.html ENFUN04/ENFUN04_interactives.txt ENFUN08/ENFUN08_0_0.html ENFUN08/ENFUN08_interactives.txt ENFUN09/ENFUN09_0_0.html ENFUN09/ENFUN09_interactives.txt ENGC201/ENGC201_5_0.html ENGC201/ENGC201_interactives.txt ENGI303/ENGI303_2_0.html ENGI303/ENGI303_interactives.txt ENGI401/ENGI401_2_0.html ENGI401/ENGI401_interactives.txt ENGJ301/ENGJ301_7_0.html ENGJ301/ENGJ301_interactives.txt ENGJ302/ENGJ302_5_0.html ENGJ302/ENGJ302_interactives.txt ENGR101/ENGR101_5_0.html ENGR101/ENGR101_interactives.txt ENGR102/ENGR102_2_0.html ENGR102/ENGR102_3_0.html ENGR102/ENGR102_4_0.html ENGR102/ENGR102_5_0.html ENGR102/ENGR102_6_0.html ENGR102/ENGR102_interactives.txt ENGR201/ENGR201_2_0.html ENGR201/ENGR201_6_0.html ENGR202/ENGR202_5_0.html ENGR202/ENGR202_interactives.txt ENGR302/ENGR302_2_0.html ENGR302/ENGR302_3_0.html ENGR302/ENGR302_5_0.html ENGR302/ENGR302_interactives.txt ENGS101/ENGS101_2_0.html ENGS101/ENGS101_interactives.txt ENGS202/ENGS202_2_0.html ENGS202/ENGS202_interactives.txt ENGS301/ENGS301_5_0.html ENGS301/ENGS301_interactives.txt ENGS401/ENGS401_5_0.html ENGS401/ENGS401_interactives.txt FRFUN06/FRFUN06_0_0.html FRFUN06/FRFUN06_1_0.html FRFUN06/FRFUN06_4_0.html FRFUN06/FRFUN06_6_0.html FRFUN06/FRFUN06_interactives.txt FRFUN07/FRFUN07_2_0.html FRFUN07/FRFUN07_interactives.txt FRFUN08/FRFUN08_2_0.html FRFUN08/FRFUN08_3_0.html FRFUN08/FRFUN08_interactives.txt FRNO902/FRNO902_4_0.html FRNO902/FRNO902_5_0.html FRNO902/FRNO902_6_0.html GENO901/GENO901_4_0.html GENO901/GENO901_5_1.html GENO901/GENO901_5_2.html GENO901/GENO901_interactives.txt
