re-scoring 19 affected module(s): AGH1006 BLL112 BLL117 BLL146 BLL170 BLL244 CEDO201 CEDT208 CEDT501 ENGJ202 FRFUN08 HIS1006 MXDB302 MXEO301 MXFL301 MXFL302 PHE1005 PHE1007 WJFUN305
baseline taken: 2026-09-23T14:09:56Z
(unaffected modules unchanged by construction — corpus aggregate moves by exactly the affected-set delta)

  metric                                 baseline        new     delta  verdict
  -----------------------------------------------------------------------------
  skeleton SCAFFOLD mean %                  54.74      54.74     -0.00  REGRESSED
  skeleton pages >=50%                       1542       1542         0  HELD
  skeleton pages >=75%                        260        260         0  HELD
  compare_structure exact chain             15657      15657         0  HELD
  compare_structure EXTRA container           199        199         0  HELD
  compare_structure missing container         796        796         0  HELD
  body_compare ANY breakdown                  260        260         0  HELD
  defect structurally-clean %               98.31      98.31      0.00  HELD
  literal-[tag] leak (occ)                     75         75         0  HELD
  literal-[tag] leak (pages)                   45         45         0  HELD

  context (no pass/fail): sk_pages: 2477->2477  cs_matched: 18178->18178  body_pages: 2658->2658  df_total: 2658->2658  df_clean: 2613->2613

RESULT: MOVED, ACCEPTED AS NAMED — skeleton SCAFFOLD mean %
        Every mover was named on the command line and must be decomposed in the
        round's changelog entry (which page, which mechanism). Recorded in the manifest.
[commit] fast-loop baseline PATCHED (2477 pages) + content manifest refreshed — this is now the shipped state the next inner loop measures against.
[commit] recorded accepted named movement: skeleton SCAFFOLD mean %
