======================================================================
 SCOPED SHIP — affected=../../outputs/_affected_r456.txt (22 modules), toggle=MIDLESSON_OFF
======================================================================
[0] toggle-exists invariant (MIDLESSON_OFF)
    OK — MIDLESSON_OFF found in app/js (the last-shipped corpus == this toggle OFF).

[1] content-hash 0-stale (mtime false-alarm defeated)
[content-manifest] content-hash 0-stale vs _content_manifest.txt
  affected set: 22 module(s) (must be freshly regenerated)
  unaffected  : 520 module(s) (must be byte-identical to the manifest; mtime IGNORED)
  OK — 0 truly stale. 22 affected regenerated; the untouched corpus is byte-identical to the manifest (mtime false-alarm defeated).

[2] containment — actually-changed modules must be a subset of the affected set
    OK — 22 changed module(s) are a subset of 22 affected (the true set ⊆ the detector set).

[3] completeness spot-check (a mis-specified P is caught here)
[spotcheck] verifying 12 non-affected modules regenerated WITH the fix ON
  OK — all 12 sampled non-affected modules are BYTE-IDENTICAL under the fix (P's no-op claim holds on the sample).

[4] exact gate proof (decomposition vs the last-ship baseline)
re-scoring 34 affected module(s): ANZH105 ANZH205 ANZHFUN05 CBI1008 CBI1009 CEDK501 CEDO502 CEDT101 CEDT501 CHFUN08 COM1002 COM1005 DAN1004 DAN1006 ENFUN09 GEO1004 GEO1006 HES1002 HES1003 HIS1001 HPRE203 MXDB301 MXDI301 MXEX301 MXFL202 MXFU302 MXS1004 PES1001 PHE1003 PHE1007 PHE1008 SSOG301 XGF9001 XOTPG03
baseline taken: 2026-09-23T21:06:29Z
(unaffected modules unchanged by construction — corpus aggregate moves by exactly the affected-set delta)

  metric                                 baseline        new     delta  verdict
  -----------------------------------------------------------------------------
  skeleton SCAFFOLD mean %                  54.77      54.87     +0.10  IMPROVED
  skeleton pages >=50%                       1549       1575       +26  IMPROVED
  skeleton pages >=75%                        265        270        +5  IMPROVED
  compare_structure exact chain             15855      16024      +169  IMPROVED
  compare_structure EXTRA container           199        199         0  HELD
  compare_structure missing container         840        840         0  HELD
  body_compare ANY breakdown                  238        239        +1  REGRESSED
  defect structurally-clean %               98.31      98.30     -0.01  REGRESSED
  literal-[tag] leak (occ)                     75         75         0  HELD
  literal-[tag] leak (pages)                   45         46        +1  REGRESSED

  context (no pass/fail): sk_pages: 2487->2520  cs_matched: 18463->18636  body_pages: 2668->2709  df_total: 2668->2709  df_clean: 2623->2663

RESULT: FAIL — REGRESSED: body_compare ANY breakdown, defect structurally-clean %, literal-[tag] leak (pages)
        (inner-loop only — investigate before the ship checkpoint; toggle the fix OFF and re-run to isolate.)

[5] baseline NOT refreshed (no --commit). To make this the new shipped state, re-run with --commit.

[6] periodic full-ship backstop cadence
[ledger] last full ship: round 452 (2026-09-23T17:19:38Z); scoped ships since: 3 (cadence 8, hard 16)
  OK — a full-ship backstop is not yet due (5 scoped ship(s) of headroom).

SCOPED SHIP: FAILED — see the log above.
