TRR102   TRR102_4_0.html      <-> TRR102_4.0.html               33.3 ->  21.4  (-11.9)
TRR102   TRR102_2_0.html      <-> TRR102_2.0.html               45.5 ->  39.4  (-6.1)
TRR116   TRR116_5_0.html      <-> TRR116_5_0.html               29.6 ->  26.5  (-3.1)
TRR103   TRR103_1_0.html      <-> TRR103_1.0.html               37.2 ->  36.1  (-1.1)
TRR116   TRR116_8_0.html      <-> TRR116_8_0.html               30.1 ->  29.1  (-1.1)
TRR102   TRR102_5_0.html      <-> TRR102_5.0.html               33.3 ->  33.8  (+0.4)
TRR116   TRR116_6_0.html      <-> TRR116_6_0.html               33.7 ->  34.4  (+0.6)
TRR103   TRR103_3_0.html      <-> TRR103_3.0.html               39.9 ->  40.8  (+0.9)
TRR102   TRR102_1_0.html      <-> TRR102_1.0.html               39.1 ->  40.1  (+1.0)
TRR116   TRR116_4_0.html      <-> TRR116_4_0.html               18.5 ->  25.8  (+7.3)
TRR102   TRR102_3_0.html      <-> TRR102_3.0.html               47.4 ->  56.2  (+8.8)
TRR106   TRR106_1_0.html      <-> TRR106_1.0.html               30.8 ->  39.6  (+8.8)
TRR116   TRR116_3_0.html      <-> TRR116_3_0.html               42.9 ->  53.4  (+10.5)
TRR103   TRR103_2_0.html      <-> TRR103_2.0.html               30.3 ->  41.2  (+10.9)
TRR106   TRR106_2_0.html      <-> TRR106_2.0.html               19.7 ->  31.0  (+11.2)
TRR116   TRR116_7_0.html      <-> TRR116_7_0.html               34.3 ->  48.3  (+14.0)
TRR116   TRR116_9_0.html      <-> TRR116_9_0.html               35.3 ->  52.8  (+17.6)
TRR116   TRR116_1_0.html      <-> TRR116_1_0.html               29.6 ->  56.1  (+26.5)
TRR116   TRR116_2_0.html      <-> TRR116_2_0.html               29.5 ->  56.2  (+26.7)
movers 19: 14 up / 5 down, pp-sum +121.9  ->  corpus mean ≈ +0.0490pp over 2487 pairs
>=50 +5   >=75 +0
