re-scoring 15 affected module(s): ANZH203 ANZH301 CEDO201 ENGC301 ENGJ101 HIS1002 HIS1003 MXEO401 MXFU402 OSGM501 PES1008 SSFUN08 TWHA905 WJFUN113 XOTPO01
baseline taken: 2026-09-23T21:44:26Z
(unaffected modules unchanged by construction — corpus aggregate moves by exactly the affected-set delta)

  metric                                 baseline        new     delta  verdict
  -----------------------------------------------------------------------------
  skeleton SCAFFOLD mean %                  54.87      54.90     +0.03  IMPROVED
  skeleton pages >=50%                       1575       1577        +2  IMPROVED
  skeleton pages >=75%                        270        270         0  HELD
  compare_structure exact chain             16024      16045       +21  IMPROVED
  compare_structure EXTRA container           199        199         0  HELD
  compare_structure missing container         840        847        +7  REGRESSED
  body_compare ANY breakdown                  239        240        +1  REGRESSED
  defect structurally-clean %               98.30      98.29     -0.01  REGRESSED
  literal-[tag] leak (occ)                     75         75         0  HELD
  literal-[tag] leak (pages)                   46         46         0  HELD

  context (no pass/fail): sk_pages: 2520->2519  cs_matched: 18636->18664  body_pages: 2709->2692  df_total: 2709->2692  df_clean: 2663->2646

RESULT: MOVED, ACCEPTED AS NAMED — compare_structure missing container, body_compare ANY breakdown, defect structurally-clean %
        Every mover was named on the command line and must be decomposed in the
        round's changelog entry (which page, which mechanism). Recorded in the manifest.
[commit] fast-loop baseline PATCHED (2519 pages) + content manifest refreshed — this is now the shipped state the next inner loop measures against.
[commit] recorded accepted named movement: compare_structure missing container, body_compare ANY breakdown, defect structurally-clean %
