EXISTING pairs (same gold page both sides): 58; SCAFFOLD sum 2181.0 -> 2233.3 (+52.4pp-sum)
   TRR107_2.0.html            TRR107_2_0.html   40.9 -> TRR107_2_0.html   17.9 (-23.0)   RAW  33.6 ->  13.8
   TRR107_1.0.html            TRR107_0_0.html   39.1 -> TRR107_1_0.html   18.4 (-20.7)   RAW  22.9 ->  18.3
   TRR116_5_0.html            TRR116_0_0.html   12.1 -> TRR116_5_0.html   11.3 (-0.8)   RAW   6.1 ->   8.1
   TRR114_1.0.html            TRR114_1_0.html   33.5 -> TRR114_1_0.html   33.4 (-0.0)   RAW  29.3 ->  29.5
   TRR113_1.0.html            TRR113_0_0.html   32.0 -> TRR113_1_0.html   33.3 (+1.3)   RAW  15.4 ->  19.1
   TRR112_1.0.html            TRR112_0_0.html   30.1 -> TRR112_1_0.html   32.4 (+2.4)   RAW  15.0 ->  19.5
   TRR110_0_0_Introduction.html TRR110_0_0.html   74.3 -> TRR110_0_0.html   78.3 (+4.0)   RAW  33.8 ->  51.9
   TRR108_0.0.html            TRR108_0_0.html   45.8 -> TRR108_0_0.html   50.9 (+5.1)   RAW  17.8 ->  51.8
   TRR109_0.0.html            TRR109_0_0.html   55.4 -> TRR109_0_0.html   62.7 (+7.3)   RAW  30.6 ->  52.3
   TRR103_0.0.html            TRR103_0_0.html   61.3 -> TRR103_0_0.html   70.9 (+9.6)   RAW  25.4 ->  41.3
   TRR114_0.0.html            TRR114_0_0.html   44.4 -> TRR114_0_0.html   58.3 (+13.9)   RAW  22.1 ->  43.4
   TRR106_0.0.html            TRR106_0_0.html   62.3 -> TRR106_0_0.html   76.2 (+13.9)   RAW  26.3 ->  43.4
   TRR111_0.0.html            TRR111_0_0.html   67.6 -> TRR111_0_0.html   86.4 (+18.7)   RAW  30.5 ->  59.6
   TRR102_0.0.html            TRR102_0_0.html   69.1 -> TRR102_0_0.html   89.9 (+20.8)   RAW  21.9 ->  51.2
NEW pairs (paired only after r453): 10, mean 39.4
   TRR106_1.0.html            TRR106_1_0.html   29.9
   TRR107_0.0.html            TRR107_0_0.html   63.0
   TRR112_0.0.html            TRR112_0_0.html   41.2
   TRR113_0.0.html            TRR113_0_0.html   72.7
   TRR116_0_0.html            TRR116_0_0.html   83.3
   TRR116_1_0.html            TRR116_1_0.html   18.7
   TRR116_2_0.html            TRR116_2_0.html   15.4
   TRR116_3_0.html            TRR116_3_0.html   25.3
   TRR116_4_0.html            TRR116_4_0.html   16.4
   TRR304_2.0.html            TRR304_1_0.html   28.4
LOST pairs: 0 []

skeleton on the PRE-EXISTING population (2477 pairs): 54.7484 -> 54.7695 (+0.0211pp)
skeleton on the WHOLE population (2487 pairs): 54.7484 -> 54.7079 (-0.0405pp)
