re-scoring 32 affected module(s): ARFUN05 BLL213 BLL220 BLL271 EXPFUN05 HES1005 MXEX202 PHE1002 PMT101 PNR101 PNR102 PNR104 PNR107 TRR102 TRR103 TRR106 TRR107 TRR108 TRR109 TRR110 TRR111 TRR112 TRR113 TRR114 TRR116 TRR203 TRR301 TRR304 TWHR905 WJFUN112 XDLS906 XMES202
baseline taken: 2026-09-23T17:22:41Z
(unaffected modules unchanged by construction — corpus aggregate moves by exactly the affected-set delta)

  metric                                 baseline        new     delta  verdict
  -----------------------------------------------------------------------------
  skeleton SCAFFOLD mean %                  54.75      54.71     -0.04  REGRESSED
  skeleton pages >=50%                       1544       1549        +5  IMPROVED
  skeleton pages >=75%                        260        265        +5  IMPROVED
  compare_structure exact chain             15657      15855      +198  IMPROVED
  compare_structure EXTRA container           199        199         0  HELD
  compare_structure missing container         796        840       +44  REGRESSED
  body_compare ANY breakdown                  237        238        +1  REGRESSED
  defect structurally-clean %               98.31      98.31     +0.01  IMPROVED
  literal-[tag] leak (occ)                     75         75         0  HELD
  literal-[tag] leak (pages)                   45         45         0  HELD

  context (no pass/fail): sk_pages: 2477->2487  cs_matched: 18178->18463  body_pages: 2658->2668  df_total: 2658->2668  df_clean: 2613->2623

RESULT: MOVED, ACCEPTED AS NAMED — skeleton SCAFFOLD mean %, compare_structure missing container, body_compare ANY breakdown
        Every mover was named on the command line and must be decomposed in the
        round's changelog entry (which page, which mechanism). Recorded in the manifest.
[commit] fast-loop baseline PATCHED (2487 pages) + content manifest refreshed — this is now the shipped state the next inner loop measures against.
[commit] recorded accepted named movement: skeleton SCAFFOLD mean %, compare_structure missing container, body_compare ANY breakdown
