[04:29:27] run_all_gates.sh
  rc=0
13:— selftest: DETECTION (an injected divergence must be flagged) —
16:  ✓ dynamic differ SEES a real option divergence (imageMode P vs D)
17:RESULT: PASS (entry parity holds)
23:pairs skipped (parse error): 0
87:STRUCTURALLY CLEAN pages (zero structural defects): 2613/2658 = 98.3%
91:  A_literal_tag_leak                         75 occ |   45 pages
94:  GENO901     16  {'A_literal_tag_leak': 16}
95:  DTC1005     14  {'A_literal_tag_leak': 14}
96:  PWY1009      4  {'A_literal_tag_leak': 4}
97:  MUS1004      4  {'A_literal_tag_leak': 4}
98:  XGF9004      2  {'A_literal_tag_leak': 2}
99:  TRR116       2  {'A_literal_tag_leak': 2}
100:  MXS1004      2  {'A_literal_tag_leak': 2}
101:  MXFU302      2  {'A_literal_tag_leak': 2}
102:  HIS1005      2  {'A_literal_tag_leak': 2}
103:  ENGI102      2  {'A_literal_tag_leak': 2}
104:  ENFUN09      2  {'A_literal_tag_leak': 2}
105:  CBI1008      2  {'A_literal_tag_leak': 2}
106:  BLL260       2  {'A_literal_tag_leak': 2}
107:  TRR304       1  {'A_literal_tag_leak': 1}
108:  TRR106       1  {'A_literal_tag_leak': 1}
109:  TRR102       1  {'A_literal_tag_leak': 1}
110:  TEFUN07      1  {'A_literal_tag_leak': 1}
111:  SSFUN05      1  {'A_literal_tag_leak': 1}
112:  MXFUN01      1  {'A_literal_tag_leak': 1}
113:  MXEO301      1  {'A_literal_tag_leak': 1}
114:  MXDI201      1  {'A_literal_tag_leak': 1}
115:  JPN1004      1  {'A_literal_tag_leak': 1}
116:  HIS1006      1  {'A_literal_tag_leak': 1}
117:  HIS1002      1  {'A_literal_tag_leak': 1}
[04:33:36] skeleton state (--json) + delta vs r451
  rc=0
OLD pairs 2477  SCAFFOLD 54.7407%  RAW 38.644%  >=50 1542  >=75 260  >=90 23
NEW pairs 2477  SCAFFOLD 54.7484%  RAW 38.649%  >=50 1544  >=75 260  >=90 23
delta SCAFFOLD +0.0077pp  RAW +0.005pp  >=50 +2  >=75 +0  >=90 +0
movers 40 (up 35 / down 5), pp-sum +19.1
movers outside the affected set: 0 []
new-only pages: 0  gone pages: 0
  HIS1005    HIS1005_9_1.html           48.3 ->   55.8  (+7.5)
  HIS1007    HIS1007_3_1.html           49.8 ->   51.9  (+2.1)
  ENGS405    ENGS405_0_0.html           69.8 ->   71.0  (+1.1)
  BLL133     BLL133_2_0.html            62.1 ->   62.8  (+0.7)
  HIS1005    HIS1005_10_0.html          68.0 ->   68.7  (+0.7)
  HIS1005    HIS1005_8_0.html           63.1 ->   63.7  (+0.6)
  HIS1007    HIS1007_4_0.html           63.4 ->   64.0  (+0.6)
  HIS1007    HIS1007_2_0.html           59.9 ->   60.5  (+0.6)
  MUS1006    MUS1006_3_0.html           30.4 ->   30.9  (+0.6)
  CEDO501    CEDO501_5_1.html           40.7 ->   41.1  (+0.4)
  HIS1005    HIS1005_9_0.html           56.7 ->   57.1  (+0.4)
  ENGC206    ENGC206_1_0.html           63.2 ->   63.6  (+0.4)
  WJFUN307   WJFUN307_0_0.html          59.2 ->   59.6  (+0.4)
  HIS1007    HIS1007_3_0.html           51.7 ->   52.1  (+0.4)
[04:35:03] gatecheck: cs bc FIRST (never trust a cached row), then skeleton defect
  rc=2
  rc=2
[04:35:09] ship ledger check
[ledger] last full ship: round 444 (2026-09-23T05:22:27Z); scoped ships since: 7 (cadence 8, hard 16)
  OK — a full-ship backstop is not yet due (1 scoped ship(s) of headroom).
  (the scoped ship already patched the fast-loop baseline and refreshed the content manifest)
[04:35:09] selftests
  rc=0  PASS/GREEN lines: 50  FAIL lines: 0
[04:36:24] feature index
  rc=0
SELFTEST build_feature_index: GREEN
[04:36:39] DIFF MINER (§1d — after every regeneration)
  miner rc=0
pairs 2477 / modules 533 / parse errors 0 / diff lines 277989 / classes 9296 (CANDIDATE 195, below floor 8798) in 91.4 s
wrote /mnt/c/Users/Gavin/TeKura/FINAL_MODULE_DATA/CONVERTER_V2/outputs/_diff_miner.json
wrote /mnt/c/Users/Gavin/TeKura/FINAL_MODULE_DATA/DIFF_QUEUE.md
[04:38:16] POSTSHIP_DONE
