[03:54:23] run_all_gates.sh
  rc=0
13:— selftest: DETECTION (an injected divergence must be flagged) —
16:  ✓ dynamic differ SEES a real option divergence (imageMode P vs D)
17:RESULT: PASS (entry parity holds)
23:pairs skipped (parse error): 0
87:STRUCTURALLY CLEAN pages (zero structural defects): 2613/2658 = 98.3%
91:  A_literal_tag_leak                         75 occ |   45 pages
94:  GENO901     16  {'A_literal_tag_leak': 16}
95:  DTC1005     14  {'A_literal_tag_leak': 14}
96:  PWY1009      4  {'A_literal_tag_leak': 4}
97:  MUS1004      4  {'A_literal_tag_leak': 4}
98:  XGF9004      2  {'A_literal_tag_leak': 2}
99:  TRR116       2  {'A_literal_tag_leak': 2}
100:  MXS1004      2  {'A_literal_tag_leak': 2}
101:  MXFU302      2  {'A_literal_tag_leak': 2}
102:  HIS1005      2  {'A_literal_tag_leak': 2}
103:  ENGI102      2  {'A_literal_tag_leak': 2}
104:  ENFUN09      2  {'A_literal_tag_leak': 2}
105:  CBI1008      2  {'A_literal_tag_leak': 2}
106:  BLL260       2  {'A_literal_tag_leak': 2}
107:  TRR304       1  {'A_literal_tag_leak': 1}
108:  TRR106       1  {'A_literal_tag_leak': 1}
109:  TRR102       1  {'A_literal_tag_leak': 1}
110:  TEFUN07      1  {'A_literal_tag_leak': 1}
111:  SSFUN05      1  {'A_literal_tag_leak': 1}
112:  MXFUN01      1  {'A_literal_tag_leak': 1}
113:  MXEO301      1  {'A_literal_tag_leak': 1}
114:  MXDI201      1  {'A_literal_tag_leak': 1}
115:  JPN1004      1  {'A_literal_tag_leak': 1}
116:  HIS1006      1  {'A_literal_tag_leak': 1}
117:  HIS1002      1  {'A_literal_tag_leak': 1}
[03:58:33] skeleton state (--json) + delta vs r449 (= r450, output-inert)
  rc=0
OLD pairs 2477  SCAFFOLD 54.7407%  RAW 38.695%  >=50 1542  >=75 260  >=90 23
NEW pairs 2477  SCAFFOLD 54.7407%  RAW 38.644%  >=50 1542  >=75 260  >=90 23
delta SCAFFOLD +0.0000pp  RAW -0.051pp  >=50 +0  >=75 +0  >=90 +0
movers 0 (up 0 / down 0), pp-sum +0.0
movers outside the affected set: 0 []
new-only pages: 0  gone pages: 0
[04:00:00] gatecheck: cs bc FIRST (never trust a cached row), then skeleton defect
  rc=2
  rc=2
[04:00:06] ship ledger check
[ledger] last full ship: round 444 (2026-09-23T05:22:27Z); scoped ships since: 6 (cadence 8, hard 16)
  OK — a full-ship backstop is not yet due (2 scoped ship(s) of headroom).
  (the scoped ship already patched the fast-loop baseline and refreshed the content manifest)
[04:00:06] selftests
  rc=0  PASS/GREEN lines: 50  FAIL lines: 0
[04:01:22] feature index
  rc=0
SELFTEST build_feature_index: GREEN
[04:01:37] DIFF MINER (§1d — after every regeneration)
  miner rc=0
pairs 2477 / modules 533 / parse errors 0 / diff lines 278074 / classes 9310 (CANDIDATE 195, below floor 8813) in 90.1 s
wrote /mnt/c/Users/Gavin/TeKura/FINAL_MODULE_DATA/CONVERTER_V2/outputs/_diff_miner.json
wrote /mnt/c/Users/Gavin/TeKura/FINAL_MODULE_DATA/DIFF_QUEUE.md
[04:03:13] POSTSHIP_DONE
