[snapshot] running cs (full corpus)
  $ python3 compare_structure.py
[snapshot] running bc (full corpus)
  $ python3 body_compare.py
[snapshot] running skeleton (full corpus)
  $ python3 _skeleton_compare.py --json /mnt/c/Users/Gavin/TeKura/FINAL_MODULE_DATA/CONVERTER_V2/outputs/_fastloop_baseline/skeleton.json
[snapshot] running defect (full corpus)
  $ python3 _structural_defect_audit.py --json /mnt/c/Users/Gavin/TeKura/FINAL_MODULE_DATA/CONVERTER_V2/outputs/_fastloop_baseline/defect.json

[snapshot] baseline complete -> /mnt/c/Users/Gavin/TeKura/FINAL_MODULE_DATA/CONVERTER_V2/outputs/_fastloop_baseline

BASELINE aggregates (paste these into the changelog round):
  skeleton SCAFFOLD mean %                  54.94
  skeleton pages >=50%                       1581
  skeleton pages >=75%                        275
  compare_structure exact chain             16719
  compare_structure EXTRA container           208
  compare_structure missing container         896
  body_compare ANY breakdown                  239
  defect structurally-clean %               98.28
  literal-[tag] leak (occ)                     75
  literal-[tag] leak (pages)                   46
  (context: sk_pages=2524  cs_matched=19467  body_pages=2667  df_total=2667  df_clean=2621)
