[snapshot] running cs (full corpus)
  $ python3 compare_structure.py
[snapshot] running bc (full corpus)
  $ python3 body_compare.py
[snapshot] running skeleton (full corpus)
  $ python3 _skeleton_compare.py --json /mnt/c/Users/Gavin/TeKura/FINAL_MODULE_DATA/CONVERTER_V2/outputs/_fastloop_baseline/skeleton.json
[snapshot] running defect (full corpus)
  $ python3 _structural_defect_audit.py --json /mnt/c/Users/Gavin/TeKura/FINAL_MODULE_DATA/CONVERTER_V2/outputs/_fastloop_baseline/defect.json

[snapshot] baseline complete -> /mnt/c/Users/Gavin/TeKura/FINAL_MODULE_DATA/CONVERTER_V2/outputs/_fastloop_baseline

BASELINE aggregates (paste these into the changelog round):
  skeleton SCAFFOLD mean %                  55.25
  skeleton pages >=50%                       1575
  skeleton pages >=75%                        275
  compare_structure exact chain             16709
  compare_structure EXTRA container           208
  compare_structure missing container         896
  body_compare ANY breakdown                  238
  defect structurally-clean %               98.29
  literal-[tag] leak (occ)                     74
  literal-[tag] leak (pages)                   45
  (context: sk_pages=2487  cs_matched=19457  body_pages=2629  df_total=2629  df_clean=2584)
