PMT101: identical 4 / changed 1
PNR101: identical 1 / changed 2
PNR102: identical 3 / changed 1
PNR104: identical 3 / changed 1
PNR107: identical 3 / changed 1
TRR102: identical 6 / changed 1
TRR103: identical 4 / changed 1
TRR106: identical 3 / changed 1
TRR107: identical 4 / changed 1
TRR108: identical 3 / changed 1
TRR109: identical 6 / changed 1
TRR110: identical 6 / changed 1
TRR111: identical 6 / changed 1
TRR112: identical 6 / changed 1
TRR113: identical 6 / changed 1
TRR114: identical 4 / changed 1
TRR115: identical 4 / changed 1
TRR116: identical 10 / changed 1
TRR203: identical 4 / changed 1
TRR301: identical 4 / changed 1
TRR304: identical 4 / changed 1

TOTAL: identical 94 / changed 22 / missing 0 over 21 modules
CHANGED: PMT101/PMT101_1_0.html PNR101/PNR101_0_0.html PNR101/PNR101_1_0.html PNR102/PNR102_1_0.html PNR104/PNR104_0_0.html PNR107/PNR107_0_0.html TRR102/TRR102_1_0.html TRR103/TRR103_1_0.html TRR106/TRR106_1_0.html TRR107/TRR107_0_0.html TRR108/TRR108_0_0.html TRR109/TRR109_1_0.html TRR110/TRR110_1_0.html TRR111/TRR111_1_0.html TRR112/TRR112_1_0.html TRR113/TRR113_1_0.html TRR114/TRR114_0_0.html TRR115/TRR115_0_0.html TRR116/TRR116_1_0.html TRR203/TRR203_0_0.html TRR301/TRR301_0_0.html TRR304/TRR304_1_0.html
