======================================================================
 SCOPED SHIP — affected=../../outputs/_affected_r479.txt (21 modules), toggle=PROVERBBOX_OFF
======================================================================
[0] toggle-exists invariant (PROVERBBOX_OFF)
    OK — PROVERBBOX_OFF found in app/js (the last-shipped corpus == this toggle OFF).

[1] content-hash 0-stale (mtime false-alarm defeated)
[content-manifest] content-hash 0-stale vs _content_manifest.txt
  affected set: 21 module(s) (must be freshly regenerated)
  unaffected  : 522 module(s) (must be byte-identical to the manifest; mtime IGNORED)
  OK — 0 truly stale. 21 affected regenerated; the untouched corpus is byte-identical to the manifest (mtime false-alarm defeated).

[2] containment — actually-changed modules must be a subset of the affected set
    OK — 21 changed module(s) are a subset of 21 affected (the true set ⊆ the detector set).

[3] completeness spot-check (a mis-specified P is caught here)
[spotcheck] verifying 12 non-affected modules regenerated WITH the fix ON
  OK — all 12 sampled non-affected modules are BYTE-IDENTICAL under the fix (P's no-op claim holds on the sample).

[4] exact gate proof (decomposition vs the last-ship baseline)
re-scoring 33 affected module(s): BLL136 BLL210 CEDT102 HPFUN201 HPFUN901 OSBY301 PMT101 PNR101 PNR102 PNR104 PNR107 TRR102 TRR103 TRR106 TRR107 TRR108 TRR109 TRR110 TRR111 TRR112 TRR113 TRR114 TRR115 TRR116 TRR203 TRR301 TRR304 TWHA902 TWHA905 WJFUN307 XGF9001 XLP04 XOTPB11
baseline taken: 2026-09-24T11:47:23Z
(unaffected modules unchanged by construction — corpus aggregate moves by exactly the affected-set delta)

  metric                                 baseline        new     delta  verdict
  -----------------------------------------------------------------------------
  skeleton SCAFFOLD mean %                  55.23      55.25     +0.01  IMPROVED
  skeleton pages >=50%                       1577       1576        -1  REGRESSED
  skeleton pages >=75%                        275        275         0  HELD
  compare_structure exact chain             16759      16771       +12  IMPROVED
  compare_structure EXTRA container           208        208         0  HELD
  compare_structure missing container         903        872       -31  IMPROVED
  body_compare ANY breakdown                  238        238         0  HELD
  defect structurally-clean %               98.25      98.25      0.00  HELD
  literal-[tag] leak (occ)                     75         75         0  HELD
  literal-[tag] leak (pages)                   46         46         0  HELD

  context (no pass/fail): sk_pages: 2491->2491  cs_matched: 19532->19533  body_pages: 2633->2633  df_total: 2633->2633  df_clean: 2587->2587

RESULT: FAIL — REGRESSED: skeleton pages >=50%
        (inner-loop only — investigate before the ship checkpoint; toggle the fix OFF and re-run to isolate.)

[6] periodic full-ship backstop cadence
[ledger] last full ship: round 474 (2026-09-24T08:36:59Z); scoped ships since: 5 (cadence 8, hard 16)
  OK — a full-ship backstop is not yet due (3 scoped ship(s) of headroom).

SCOPED SHIP: FAILED — see the log above.
