PWY1007: identical 8 / changed 2
PWY1008: identical 10 / changed 1
PWY1009: identical 9 / changed 1
PWYWHA1: identical 1 / changed 1
SCBI301: identical 8 / changed 2
SCCH301: identical 7 / changed 3
SCES201: identical 6 / changed 0
SCFUN01: identical 1 / changed 1
SCPH301: identical 10 / changed 0
SPA1004: identical 4 / changed 0
SSCI104: identical 4 / changed 4
SSCI205: identical 10 / changed 1
SSEA203: identical 7 / changed 1
SSFUN01: identical 2 / changed 0
SSFUN02: identical 2 / changed 0
SSFUN03: identical 1 / changed 1
SSFUN05: identical 2 / changed 0
SSFUN06: identical 2 / changed 0
SSFUN07: identical 6 / changed 0
SSFUN08: identical 2 / changed 0
SSOG101: identical 9 / changed 0
SSOG103: identical 6 / changed 2
SSOG105: identical 7 / changed 2
SSOG301: identical 10 / changed 0
TEDC401: identical 3 / changed 6
TEDC402: identical 3 / changed 8
TEFUN01: identical 2 / changed 0
TEFUN02: identical 1 / changed 1
TEFUN03: identical 1 / changed 1
TEFUN04: identical 1 / changed 1
TEFUN05: identical 1 / changed 1
TEFUN06: identical 1 / changed 1
TEFUN07: identical 1 / changed 1
TEFUN08: identical 1 / changed 1
TRR102: identical 7 / changed 0
TRR103: identical 5 / changed 0
TRR104: prep refused (no-wt)
TRR105: prep refused (no-wt)
TRR106: identical 4 / changed 0
TRR107: identical 5 / changed 0
TRR108: identical 4 / changed 0
TRR109: identical 7 / changed 0
TRR110: identical 7 / changed 0
TRR111: identical 7 / changed 0
TRR112: identical 7 / changed 0
TRR113: identical 7 / changed 0
TRR114: identical 5 / changed 0
TRR115: identical 5 / changed 0
TRR116: identical 11 / changed 0
TRR203: identical 5 / changed 0
TRR301: identical 5 / changed 0
TRR304: identical 5 / changed 0
TWHA901: identical 2 / changed 0
TWHA902: identical 2 / changed 0
TWHA903: identical 2 / changed 0
TWHA904: identical 2 / changed 0
TWHA905: identical 2 / changed 0
TWHA906: identical 2 / changed 0
TWHK901: identical 2 / changed 0
TWHK902: identical 2 / changed 0
TWHK903: identical 2 / changed 0
TWHK907: identical 1 / changed 1
TWHR905: identical 2 / changed 0
TWHR907: identical 2 / changed 0
TWHT903: identical 2 / changed 0
WJFUN105: identical 2 / changed 0
WJFUN106: identical 2 / changed 0
WJFUN107: identical 2 / changed 0
WJFUN108: identical 2 / changed 0
WJFUN109: identical 2 / changed 0
WJFUN110: identical 2 / changed 0
WJFUN112: identical 2 / changed 0
WJFUN113: identical 2 / changed 0
WJFUN115: identical 2 / changed 0
WJFUN116: identical 1 / changed 1
WJFUN205: identical 2 / changed 0
WJFUN206: identical 2 / changed 0
WJFUN208: identical 2 / changed 0
WJFUN210: identical 2 / changed 0
WJFUN211: identical 2 / changed 0
WJFUN212: identical 2 / changed 0
WJFUN304: identical 2 / changed 0
WJFUN305: identical 2 / changed 0
WJFUN306: identical 2 / changed 0
WJFUN307: identical 2 / changed 0
WJFUN308: identical 2 / changed 0
XDLS501: identical 8 / changed 0
XDLS502: identical 5 / changed 1
XDLS901: identical 2 / changed 4
XDLS902: identical 8 / changed 1
XDLS903: identical 9 / changed 0
XDLS904: identical 9 / changed 0
XDLS905: identical 8 / changed 1
XDLS906: identical 8 / changed 1
XDLS908: identical 9 / changed 1
XDLS909: identical 6 / changed 0
XDLS911: identical 3 / changed 0
XDLS912: identical 6 / changed 1
XFUN01: identical 2 / changed 0
XFUN02: identical 7 / changed 0
XGF9001: identical 9 / changed 2
XGF9002: identical 11 / changed 0
XGF9003: identical 5 / changed 2
XGF9004: identical 15 / changed 4
XGF9006: identical 4 / changed 5
XLP01: identical 6 / changed 0
XLP02: identical 8 / changed 0
XLP03: identical 7 / changed 0
XLP04: identical 6 / changed 0
XLP05: identical 6 / changed 1
XLP06: identical 4 / changed 0
XMES101: identical 10 / changed 0
XMES102: identical 7 / changed 0
XMES103: identical 7 / changed 0
XMES201: identical 7 / changed 0
XMES202: identical 8 / changed 0
XMES203: identical 7 / changed 0
XOTPB08: identical 3 / changed 0
XOTPB09: identical 3 / changed 0
XOTPB10: identical 3 / changed 0
XOTPB11: identical 3 / changed 0
XOTPB12: identical 3 / changed 0
XOTPB13: identical 3 / changed 0
XOTPG01: identical 3 / changed 0
XOTPG03: identical 3 / changed 0
XOTPG04: identical 3 / changed 0
XOTPG05: identical 3 / changed 0
XOTPG06: identical 3 / changed 0
XOTPO01: identical 3 / changed 0
XTAS101: identical 6 / changed 0
XTAS102: identical 7 / changed 0
XTAS103: identical 7 / changed 1
XWHA01: identical 3 / changed 0
XWHA02: identical 7 / changed 0

TOTAL: identical 594 / changed 70 / missing 0 over 134 modules
CHANGED: PWY1007/PWY1007_1_0.html PWY1007/PWY1007_3_0.html PWY1008/PWY1008_1_3_0.html PWY1009/PWY1009_2_2_0.html PWYWHA1/PWYWHA1_0_0.html SCBI301/SCBI301_5_0.html SCBI301/SCBI301_7_0.html SCCH301/SCCH301_3_0.html SCCH301/SCCH301_5_0.html SCCH301/SCCH301_6_0.html SCFUN01/SCFUN01_0_0.html SSCI104/SSCI104_1_0.html SSCI104/SSCI104_3_0.html SSCI104/SSCI104_4_0.html SSCI104/SSCI104_5_0.html SSCI205/SSCI205_8_0.html SSEA203/SSEA203_1_0.html SSFUN03/SSFUN03_0_0.html SSOG103/SSOG103_2_0.html SSOG103/SSOG103_4_0.html SSOG105/SSOG105_1_0.html SSOG105/SSOG105_6_0.html TEDC401/TEDC401_1_0.html TEDC401/TEDC401_2_0.html TEDC401/TEDC401_3_0.html TEDC401/TEDC401_4_0.html TEDC401/TEDC401_5_0.html TEDC401/TEDC401_6_0.html TEDC402/TEDC402_1_0.html TEDC402/TEDC402_2_0.html TEDC402/TEDC402_3_0.html TEDC402/TEDC402_4_0.html TEDC402/TEDC402_5_0.html TEDC402/TEDC402_6_0.html TEDC402/TEDC402_7_0.html TEDC402/TEDC402_8_0.html TEFUN02/TEFUN02_0_0.html TEFUN03/TEFUN03_0_0.html TEFUN04/TEFUN04_0_0.html TEFUN05/TEFUN05_0_0.html TEFUN06/TEFUN06_0_0.html TEFUN07/TEFUN07_0_0.html TEFUN08/TEFUN08_0_0.html TWHK907/TWHK907_0_0.html WJFUN116/WJFUN116_0_0.html XDLS502/XDLS502_2_0.html XDLS901/XDLS901_1_0.html XDLS901/XDLS901_2_0.html XDLS901/XDLS901_3_0.html XDLS901/XDLS901_4_0.html XDLS902/XDLS902_3_0.html XDLS905/XDLS905_2_0.html XDLS906/XDLS906_2_0.html XDLS908/XDLS908_3_0.html XDLS912/XDLS912_2_0.html XGF9001/XGF9001_0_0.html XGF9001/XGF9001_3_0.html XGF9003/XGF9003_0_0.html XGF9003/XGF9003_1_0.html XGF9004/XGF9004_3_0.html XGF9004/XGF9004_7_0.html XGF9004/XGF9004_10_0.html XGF9004/XGF9004_17_0.html XGF9006/XGF9006_1_0.html XGF9006/XGF9006_3_0.html XGF9006/XGF9006_5_0.html XGF9006/XGF9006_6_0.html XGF9006/XGF9006_7_0.html XLP05/XLP05_4_0.html XTAS103/XTAS103_2_0.html
