lossy -> still lossy: 22 bundles / 6 modules
   BLL120 p0.0 #8 modal  lost 2 -> 2  L4. earn letter “k” with *Alphablocks Magic Words |* CBeebies || **K letter craft for preschool/kindergarten | learning ABC for kids | 
   BLL120 p0.0 #14 modal  lost 2 -> 2  **Phonics – Digraph 'ck'** || digraph ck – duck – clock – sock.
   BLL120 p0.0 #19 modal  lost 2 -> 2  **letter E craft | alphabet craft ideas | Elephant craft with letter E
   BLL120 p0.0 #24 modal  lost 2 -> 2  Learn letter “h” with *Alphablocks Magic Words* | CBeebies || Easy Letter H Craft -- Preschool Alphabet Resource/Animal Craft | Easy
   BLL120 p0.0 #30 modal  lost 2 -> 2  Learn letter “r” with Alphablocks Magic Words | CBeebies || **Easy Letter R Craft -- Preschool Alphabet Resource**
   BLL120 p0.0 #35 modal  lost 2 -> 2  Learn letter “m” with Alphablocks Magic Words | CBeebies || Easy Letter M Craft -- Preschool Alphabet Resource/Animal Craft | Easy
   BLLR201 p1.0 #2 modal  lost 1 -> 1  Link to the type of poster I'm after
   CEDR203 p0.0 #3 modal  lost 1 -> 1  Kids Restore the Kepler grew from a concern that the native birds were
   CEDR203 p0.0 #10 modal  lost 1 -> 1  Kids Greening Taupō is learning through nature. The organisation provi
   CEDR203 p0.0 #17 modal  lost 1 -> 1  In 2019, the Rakiura eco-leaders were asked to write about their lives
   ENGI103 p2.0 #4 modal  lost 1 -> 1  This story shows how proud the boys are of their culture, and how hard
   MXEO301 p1.0 #1 modal  lost 1 -> 1  Congratulations, brave adventurer! By accepting this challenge, you ha
   MXFL101 p1.0 #2 modal  lost 1 -> 1  Go to journal
   MXFL101 p2.0 #5 modal  lost 1 -> 1  Go to journal
   MXFL101 p2.1 #7 modal  lost 1 -> 1  Go to journal
   MXFL101 p3.0 #9 modal  lost 1 -> 1  Go to journal
   MXFL101 p3.1 #11 modal  lost 1 -> 1  Go to journal
   MXFL101 p3.2 #13 modal  lost 1 -> 1  Go to journal
   MXFL101 p3.3 #15 modal  lost 2 -> 2  Go to journal || I Can Show the Number 7 in Many Ways | Number Recognition | Jack Hartm
   MXFL101 p3.4 #18 modal  lost 1 -> 1  Go to journal
   MXFL101 p3.5 #21 modal  lost 3 -> 3  Go to journal
   MXFL101 p3.6 #24 modal  lost 3 -> 3  Go to journal
built -> BOX (lossy before): 15 bundles / 11 modules
   BLL210 p0.0 #14 modal  lost 1 -> -  Watch these videos to learn more about how the ‘e’ at the end of the w
   BLL240 p0.0 #11 modal  lost 4 -> -  Find things in your home or neighbourhood that have the trigraph ‘tch’ || Watch the video and make your own scratch art picture. || Watch the videos and make your own egg hatch.
   BLL240 p0.0 #26 modal  lost 4 -> -  Find things in your home or neighbourhood that have the trigraph ‘ear’ || We all wear clothes when we go outside. Draw your favourite things to  || Watch the video and make your own artwork from pieces of paper you tea
   BLL240 p0.0 #35 modal  lost 5 -> -  Go hunting online or in magazines for pictures of things with ‘eer’ in || Find things in your house and neighbourhood that have the ‘eer’ sound  || Watch the videos below and choose if you would like to learn how to dr
   CEDK102 p0.0 #14 modal  lost 7 -> -  How to change your MTK profile picture || 1. Click on **your name** in the top right corner of your My Te Kura h || 1. Click on **Profile**.
   CEDR203 p0.0 #22 modal  lost 18 -> -  Persuasive writing is a way of using your words to convince others to  || making you want to read the poster and take action || posters that not only raise awareness about environmental issues but a
   CEDR203 p0.0 #27 modal  lost 1 -> -  The aim of this project is to bring the native species and environment
   ENGJ101 p1.0 #2 modal  lost 3 -> -  Draw your own dragon and describe what special features or characteris || Design and/or build a dragon trap. Think about how you would lure the  || Read or listen to the story *Dragons! Dragons! Dragons!*
   ENGJ101 p2.0 #6 modal  lost 3 -> -  Create your own puppet show featuring a taniwha. Watch this puppet sho || Create your own taniwha using shapes. You can either print out this re || Learn this Taniwha song.
   HIS1005 p3.0 #11 modal  lost 6 -> -  Vincent O’Malley suggests that tribal politics played a greater role t || Source: ‘First Official Execution in New Zealand,’ *NZ HIstory,* updat || Referring to sources three and four in Activity 3C AND the sources fiv
   HPRE301 p10.0 #52 modal  lost 2 -> -  Reflect on this lesson and explain why having agreements or treaties i || What protective behaviours did you agree to when signing up to Te Kura
   MXEO301 p7.0 #66 modal  lost 2 -> -  Tino pai rawa atu || , brave adventurer! By mastering compass points, grid references, and 
   MXFL401 p4.0 #4 modal  lost 4 -> -  KiwiSaver is an investment savings scheme for New Zealanders. The gove || That’s right! – you get $521.43 FREE every year from the government, i || The catch is, you must be 18 to get the government contribution and th
   OSOH401 p3.0 #23 modal  lost 1 -> -  Ākonga 13-15 Years Old Online User Agreement.docx then complete the ac
   OSSM401 p3.0 #11 modal  lost 1 -> -  If you know the real story of *Alice in Wonderland*, there are three k
built -> BOX (lossless before): 2 bundles / 2 modules
   BLLR201 p5.0 #39 modal  lost 0 -> -  
   OSOH201 p3.0 #25 modal  lost 0 -> -  
lossy -> lossless build: 4 bundles / 4 modules
   CEDT102 p0.0 #8 modal  lost 9 -> 0  Draw a picture of YOU and Gerald happily dancing or doing something fu || Create some puppets for each of the different characters in the story. || Next, create your own story where some of the animals can’t do somethi
   OSOH101 p2.0 #8 modal  lost 1 -> 0  Click the hints to remind yourself of what you agree to as a responsib
   PWY1009 p2.2.0 #12 modal  lost 8 -> 0  Ask someone who is not making the job offer to help you understand the || This could be: || Agree, sign and keep a copy
   TEFUN03 p0.0 #19 modal  lost 17 -> 0  Instead of using a search engine, like Google and Bing, you can use AI || AI is a tool that needs to be used the right way. You wouldn’t use a h || Remember AI can confidently lie and hallucinate. Instead of asking AI 
