ENFUN05: built 13 card-texts [exact 2, copy-edit 1, gold-subst 0, defect 10] 10 unmatched (baseline)
   unmatched (overlap 0.04): Link for image (these were made by me in Canva)
   unmatched (overlap 0.00): Flip
   unmatched (overlap 0.09): Sarah is a talented singer she has won many awards for her performances
   unmatched (overlap 0.09): Sarah is a talented singer; she has won many awards for her performances.
   unmatched (overlap 0.08): My best friend who lives next door is coming over for a sleepover tonight
   unmatched (overlap 0.08): My best friend (who lives next door) is coming over for a sleepover tonight.
   unmatched (overlap 0.13): The soccer teams coach gave them a pep talk before the game
   unmatched (overlap 0.13): The soccer team's coach gave them a pep talk before the game.
   unmatched (overlap 0.05): Theres one thing you should always remember be kind to others
   unmatched (overlap 0.04): There's one thing you should always remember: be kind to others.
ENFUN07: built 8 card-texts [exact 8, copy-edit 0, gold-subst 0, defect 0] all matched ✓
ENFUN08: built 15 card-texts [exact 7, copy-edit 0, gold-subst 0, defect 8] 8 unmatched (baseline)
   unmatched (overlap 0.22): He is like a shining star.
   unmatched (overlap 0.25): He is a shining star.
   unmatched (overlap 0.15): The classroom was as loud as a zoo.
   unmatched (overlap 0.17): The classroom was a loud zoo.
   unmatched (overlap 0.07): Her words were like daggers.
   unmatched (overlap 0.08): Her words were daggers.
   unmatched (overlap 0.57): Eating ice cream is a treat.
   unmatched (overlap 0.19): Can you resist the taste of their favourite ice cream flavour?
ENFUN09: built 13 card-texts [exact 11, copy-edit 0, gold-subst 0, defect 2] 2 unmatched (baseline)
   unmatched (overlap 0.10): Images like these (these ones are made by me in Canva)
   unmatched (overlap 0.00): Caption Text
ENGC101: built 0 card-texts [exact 0, copy-edit 0, gold-subst 0, defect 0] no builds
🟠 [ModuleResolver] Multiple module-code candidates found (ENGC201, EN000) — using ENGC201 from filename "ENGC201 Writers Template + Media List.docx".
ENGC201: built 6 card-texts [exact 6, copy-edit 0, gold-subst 0, defect 0] all matched ✓
🟠 [ModuleResolver] Multiple module-code candidates found (ENGC204, ENWO307) — using ENGC204 from filename "ENGC204 Writers Template.docx".
🟢 [DocxExtractor] Single-cell page-layout table dissolved into 1 stacked blocks (a one-cell table holding an [Activity] is a box the writer drew, not widget data; round 313).
ENGC204: built 0 card-texts [exact 0, copy-edit 0, gold-subst 0, defect 0] no builds
🟠 [ModuleResolver] Multiple module-code candidates found (ENGC206, ENO304) — using ENGC206 from filename "ENGC206 Writers Template.docx".
ENGC206: built 20 card-texts [exact 12, copy-edit 2, gold-subst 6, defect 0] all matched ✓
🟠 [ModuleResolver] Multiple module-code candidates found (ENGC301, EN000) — using ENGC301 from filename "ENGC301 Writers Template + Media List.docx".
ENGC301: built 5 card-texts [exact 3, copy-edit 0, gold-subst 2, defect 0] all matched ✓
🟠 [ModuleResolver] Multiple module-code candidates found (ENGC401, EN000) — using ENGC401 from filename "ENGC401 Writers Template + Media List.docx".
ENGC401: built 0 card-texts [exact 0, copy-edit 0, gold-subst 0, defect 0] no builds
ENGI102: built 28 card-texts — human file has NO flipCard → DIVERGENCE (developer omitted/restructured), not a defect
ENGI202: built 22 card-texts [exact 5, copy-edit 0, gold-subst 12, defect 5] 5 unmatched (baseline)
   unmatched (overlap 0.14): Waka Waka/canoes have been important to Māori for centuries and were used for transportation, fishing, exploration, and 
   unmatched (overlap 0.18): Trees and forests Trees hold special importance to Māori as they teach kaitiakitanga; respect for nature and the environ
   unmatched (overlap 0.13): Birds Birds are seen as messengers or guides between the physical and spiritual world. They are also symbols of kaitiaki
   unmatched (overlap 0.11): Insects Insects signify the importance of nature and how all living things are connected. They are symbols of the import
   unmatched (overlap 0.33): Kaitiakitanga (gGuardianship)
🟠 [ModuleResolver] Multiple module-code candidates found (ENGI203, EN000) — using ENGI203 from filename "ENGI203 Writers Template + Media List.docx".
ENGI203: built 3 card-texts [exact 3, copy-edit 0, gold-subst 0, defect 0] all matched ✓
🟠 [ModuleResolver] Multiple module-code candidates found (ENGI302, EN000) — using ENGI302 from filename "ENGI302 Writers Template + Media List.docx".
ENGI302: built 6 card-texts [exact 6, copy-edit 0, gold-subst 0, defect 0] all matched ✓
🟠 [ModuleResolver] Multiple module-code candidates found (ENGI303, EN000) — using ENGI303 from filename "ENGI303 Writers Template + Media List.docx".
ENGI303: built 4 card-texts [exact 0, copy-edit 4, gold-subst 0, defect 0] all matched ✓
ENGI405: built 8 card-texts [exact 4, copy-edit 0, gold-subst 4, defect 0] all matched ✓
ENGJ101: built 10 card-texts [exact 10, copy-edit 0, gold-subst 0, defect 0] all matched ✓
ENGJ102: built 0 card-texts [exact 0, copy-edit 0, gold-subst 0, defect 0] no builds
🟠 [ModuleResolver] Multiple module-code candidates found (ENGJ202, EN000) — using ENGJ202 from filename "ENGJ202 Writers Template + Media List.docx".
ENGJ202: built 5 card-texts [exact 5, copy-edit 0, gold-subst 0, defect 0] all matched ✓
🟠 [ModuleResolver] Multiple module-code candidates found (ENGJ301, EN000) — using ENGJ301 from filename "ENGJ301 Writers Template + Media List.docx".
ENGJ301: built 0 card-texts [exact 0, copy-edit 0, gold-subst 0, defect 0] no builds
ENGJ302: built 18 card-texts [exact 12, copy-edit 6, gold-subst 0, defect 0] all matched ✓
ENGJ402: built 6 card-texts [exact 3, copy-edit 1, gold-subst 2, defect 0] all matched ✓
🟠 [ModuleResolver] Multiple module-code candidates found (ENGJ403, ENO500) — using ENGJ403 from filename "ENGJ403 Writers Template.docx".
🟢 [ModuleResolver] ENGJ403 is not in the registry members — inherited from its level ENGJ4 (sibling rule).
ENGJ403: built 0 card-texts [exact 0, copy-edit 0, gold-subst 0, defect 0] no builds
ENGR102: built 36 card-texts [exact 10, copy-edit 0, gold-subst 26, defect 0] all matched ✓
🟠 [ModuleResolver] Multiple module-code candidates found (ENGR201, EN000) — using ENGR201 from filename "ENGR201 Writers Template + Media List.docx".
ENGR201: built 6 card-texts [exact 6, copy-edit 0, gold-subst 0, defect 0] all matched ✓
ENGR202: built 10 card-texts [exact 0, copy-edit 7, gold-subst 0, defect 3] 3 unmatched (baseline)
   unmatched (overlap 0.18): Orange Attention getting Energy Warmth Naivety Superficial
   unmatched (overlap 0.50): Pink Love Kindness Playfulness Childish
   unmatched (overlap 0.57): Blue Safety Calm Reliable Sadness Melancholy
🟠 [ModuleResolver] Multiple module-code candidates found (ENGR301, EN000) — using ENGR301 from filename "ENGR301 Writers Template + Media List.docx".
ENGR301: built 12 card-texts [exact 12, copy-edit 0, gold-subst 0, defect 0] all matched ✓
ENGR302: built 5 card-texts [exact 5, copy-edit 0, gold-subst 0, defect 0] all matched ✓
ENGS101: built 42 card-texts [exact 24, copy-edit 1, gold-subst 0, defect 17] 17 unmatched (baseline)
   unmatched (overlap 0.20): They love the rain Raincoat
   unmatched (overlap 0.00): F unny cartoon smiling monster character.
   unmatched (overlap 0.00): Cartoon angry gremlin.
   unmatched (overlap 0.00): Cute monster.
   unmatched (overlap 0.05): Funny cartoon furry monster character
   unmatched (overlap 0.11): Funny Blue Monster Head with Long Arms
   unmatched (overlap 0.00): Happy cool cartoon fat monster.
   unmatched (overlap 0.06): Monster girl funny
   unmatched (overlap 0.11): Funny yellow monster with tongue hanging out.
   unmatched (overlap 0.23): Dad donate heart to a child. Adopted girl with father. Asking for Help
   unmatched (overlap 0.14): Happy Family Characters Laughing. Father, Mother, Grandfather and Children Telling Funny Stories Sharing Ideas
   unmatched (overlap 0.50): Little girl listening Listening Carefully
   unmatched (overlap 0.33): Girl artist with paints and brush Trying New Things
   unmatched (overlap 0.10): Boy jumping over skipping rope, cartoon character. Practicing Skills
   unmatched (overlap 0.20): Vector illustration of mind map, arrow, brain, brainstorm, Using Pictures
   unmatched (overlap 0.30): Boys and girls standing and sitting around desk Learning with others
   unmatched (overlap 0.46): Huinga ako: Come along to your local huinga ako. You can learn with others who are also at Te Kura. Group activities : J
🟠 [ModuleResolver] Multiple module-code candidates found (ENGS102, EN000) — using ENGS102 from filename "ENGS102 Writers Template + Media List.docx".
ENGS102: built 12 card-texts [exact 7, copy-edit 0, gold-subst 0, defect 5] 5 unmatched (baseline)
   unmatched (overlap 0.24): Trees in a meadow https://www.youtube.com/watch?v=VVLf5t8ToRA (same video as L1) (3:30)
   unmatched (overlap 0.25): Little Blue Duck https://www.youtube.com/watch?v=4Ywv4d3h5N8 (1.03)
   unmatched (overlap 0.08): Dog https://www.youtube.com/watch?v=2E72TZy0LNo (screen cap at 0.29)
   unmatched (overlap 0.06): Weta https://www.youtube.com/watch?v=4Ywv4d3h5N8 (Snip from book) or video at 1:00)
   unmatched (overlap 0.10): Pavlova https://www.youtube.com/watch?v=4Ywv4d3h5N8 (6:00)
🟠 [ModuleResolver] Multiple module-code candidates found (ENGS201, EN000) — using ENGS201 from filename "ENGS201 Writers Template + Media List.docx".
ENGS201: built 3 card-texts [exact 2, copy-edit 1, gold-subst 0, defect 0] all matched ✓
🟠 [ModuleResolver] Multiple module-code candidates found (ENGS202, EN000) — using ENGS202 from filename "ENGS202 Writers Template + Media List.docx".
ENGS202: built 22 card-texts [exact 13, copy-edit 0, gold-subst 0, defect 9] 9 unmatched (baseline)
   unmatched (overlap 0.00): Front
   unmatched (overlap 0.05): Back
   unmatched (overlap 0.00): Front
   unmatched (overlap 0.05): Back
   unmatched (overlap 0.11): Or any image you can get copyright clearance – I can go and take a photo
   unmatched (overlap 0.10): Landmark creation
   unmatched (overlap 0.04): Time travel
   unmatched (overlap 0.00): Fantasy world
   unmatched (overlap 0.00): Personal discovery
🟠 [ModuleResolver] Multiple module-code candidates found (ENGS301, EN000) — using ENGS301 from filename "ENGS301 Writers Template + Media List.docx".
ENGS301: built 12 card-texts [exact 5, copy-edit 0, gold-subst 6, defect 1] 1 unmatched (baseline)
   unmatched (overlap 0.00): Kowhai
ENGS302: built 0 card-texts [exact 0, copy-edit 0, gold-subst 0, defect 0] no builds
🟠 [ModuleResolver] Multiple module-code candidates found (ENGS401, EN000) — using ENGS401 from filename "ENGS401 Writers Template + Media List.docx".
ENGS401: built 0 card-texts [exact 0, copy-edit 0, gold-subst 0, defect 0] no builds
ENO2060: built 0 card-texts [exact 0, copy-edit 0, gold-subst 0, defect 0] no builds
🟠 [DocxExtractor] No [TITLE BAR]/[Fundamental content] opener — content started at the first structural tag instead; check the first page for stray front-matter.
EXPFUN06: built 18 card-texts [exact 0, copy-edit 0, gold-subst 0, defect 18] 18 unmatched (baseline)
   unmatched (overlap 0.00): Whakawhanaungatanga (Relationships)
   unmatched (overlap 0.19): Is about the relationships that help guide you through your project. You might reflect on the question 'How am I collabo
   unmatched (overlap 0.00): Whakamana (Agency)
   unmatched (overlap 0.16): Is about determining your own learning path and managing yourself to carry out your project to the best of your ability.
   unmatched (overlap 0.00): Kotahitanga (Wellbeing)
   unmatched (overlap 0.13): Is about ensuring balance and holistic wellbeing as you carry out your project. You might reflect on the question, 'how 
   unmatched (overlap 0.00): Māramatonutanga (Rigour)
   unmatched (overlap 0.19): Is about being rigorous in the pursuit of sense making and seeking to achieve your learning goals. You might reflect on 
   unmatched (overlap 0.00): Whaitake (Relevance)
   unmatched (overlap 0.19): Is about ensuring that your learning is relevant to your project, and to you and your future pathways. You might reflect
   unmatched (overlap 0.20): Reflect on purpose
   unmatched (overlap 0.13): Questions that support this form of reflection could include: How does what I am learning help me to answer my key quest
   unmatched (overlap 0.20): Reflect on content
   unmatched (overlap 0.11): Questions that support this form of reflection could include: What have I learned? How and why has my understanding chan
   unmatched (overlap 0.20): Reflect on process
   unmatched (overlap 0.13): Questions that support this form of reflection could include: What strategies did I try, and how well did they work? Wha
   unmatched (overlap 0.13): Reflect on yourself as a learner
   unmatched (overlap 0.17): Questions that support this form of reflection could include: What strengths am I applying to this project? What strengt
🟠 [ModuleResolver] FRFUN06: no registry entry and no majority ruleset found — using global defaults. Check the code, or add the series to the registry.
FRFUN06: built 10 card-texts [exact 3, copy-edit 1, gold-subst 0, defect 6] 6 unmatched (baseline)
   unmatched (overlap 0.00): Front : image
   unmatched (overlap 0.17): Flipped : word and clickable audio gare
   unmatched (overlap 0.00): Front : image
   unmatched (overlap 0.17): Flipped : word and clickable audio gomme
   unmatched (overlap 0.50): Front caption : Deux hommes
   unmatched (overlap 0.50): Front caption : Trois amis
🟠 [ModuleResolver] FRFUN07: no registry entry and no majority ruleset found — using global defaults. Check the code, or add the series to the registry.
FRFUN07: built 6 card-texts [exact 3, copy-edit 1, gold-subst 0, defect 2] 2 unmatched (baseline)
   unmatched (overlap 0.15): Flipside says "bookshop" not library Bookstore Full Of Books Makes For Better Everyday Life Stock Photo - Download Image
   unmatched (overlap 0.10): Flipside says " currently" NOT actually Never Dont Be Late On Business Meeting Worried Businessman Looking At His Watch 
🟠 [ModuleResolver] FRFUN08: no registry entry and no majority ruleset found — using global defaults. Check the code, or add the series to the registry.
FRFUN08: built 0 card-texts [exact 0, copy-edit 0, gold-subst 0, defect 0] no builds
🟠 [ModuleResolver] Multiple module-code candidates found (FRNO901, FRO101) — using FRNO901 from filename "FRNO901 Writers Template.docx".
FRNO901: built 0 card-texts [exact 0, copy-edit 0, gold-subst 0, defect 0] no builds
FRNO902: built 8 card-texts [exact 8, copy-edit 0, gold-subst 0, defect 0] all matched ✓
GENO901: built 0 card-texts [exact 0, copy-edit 0, gold-subst 0, defect 0] no builds
🟠 [ModuleResolver] Multiple module-code candidates found (GER1002, GER1000) — using GER1002 from filename "GER1002 Writers Template + Media List.docx".
GER1002: built 0 card-texts [exact 0, copy-edit 0, gold-subst 0, defect 0] no builds
🟠 [ModuleResolver] Multiple module-code candidates found (HES1002, PEO1042) — using HES1002 from filename "HES1002 Writers Template + Media List.docx".
HES1002: built 0 card-texts [exact 0, copy-edit 0, gold-subst 0, defect 0] no builds
HES1005: built 0 card-texts [exact 0, copy-edit 0, gold-subst 0, defect 0] no builds
HES1006: built 0 card-texts [exact 0, copy-edit 0, gold-subst 0, defect 0] no builds
🟠 [ModuleResolver] Multiple module-code candidates found (HPFUN101, HPFUN01) — using HPFUN101 from filename "HPFUN101 Writers Template.docx".
HPFUN101: built 12 card-texts [exact 12, copy-edit 0, gold-subst 0, defect 0] all matched ✓
HPFUN102: built 0 card-texts [exact 0, copy-edit 0, gold-subst 0, defect 0] no builds
HPFUN201: built 1 card-texts [exact 0, copy-edit 0, gold-subst 0, defect 1] 1 unmatched (baseline)
   unmatched (overlap 0.26): Your heart What you care about—like your family, pets, or helping others. What you think about, what you wonder, and wha
HPFUN301: built 0 card-texts [exact 0, copy-edit 0, gold-subst 0, defect 0] no builds
🟠 [ModuleResolver] HPRE203: no registry entry and no majority ruleset found — using global defaults. Check the code, or add the series to the registry.
HPRE203: built 20 card-texts [exact 17, copy-edit 3, gold-subst 0, defect 0] all matched ✓
🟠 [ModuleResolver] HPRE301: no registry entry and no majority ruleset found — using global defaults. Check the code, or add the series to the registry.
HPRE301: built 12 card-texts [exact 11, copy-edit 1, gold-subst 0, defect 0] all matched ✓
🟠 [ModuleResolver] Multiple module-code candidates found (JPN1004, JAP1000) — using JPN1004 from filename "JPN1004 Writers Template + Media List.docx".
JPN1004: built 0 card-texts [exact 0, copy-edit 0, gold-subst 0, defect 0] no builds
MXDB202: built 0 card-texts [exact 0, copy-edit 0, gold-subst 0, defect 0] no builds
🟠 [ModuleResolver] Multiple module-code candidates found (MXDB302, MXO421) — using MXDB302 from filename "MXDB302 Writers Template + Media List.docx".
MXDB302: built 14 card-texts [exact 2, copy-edit 8, gold-subst 0, defect 4] 4 unmatched (baseline)
   unmatched (overlap 0.00): 1m = 100cm
   unmatched (overlap 0.00): 1m = 1000mm
   unmatched (overlap 0.00): 1000m = 1km
   unmatched (overlap 0.00): 1cm = 10mm
MXDI103: built 16 card-texts — human file has NO flipCard → DIVERGENCE (developer omitted/restructured), not a defect
MXEO102: built 14 card-texts [exact 12, copy-edit 0, gold-subst 0, defect 2] 2 unmatched (baseline)
   unmatched (overlap 0.25): Kōwhaiwhai
   unmatched (overlap 0.00): Meaning
MXEO201: built 0 card-texts [exact 0, copy-edit 0, gold-subst 0, defect 0] no builds
🟠 [ModuleResolver] Multiple module-code candidates found (MXEO301, MXO332) — using MXEO301 from filename "MXEO301 Writers Template + Media List.docx".
MXEO301: built 0 card-texts [exact 0, copy-edit 0, gold-subst 0, defect 0] no builds

TOTAL 481: exact 249, copy-edit 37, gold-subst 58, defect 93, divergence 44.
RESULT: divergence 44 ✗ — a built card has no human flipCard counterpart; investigate before ship.
