re-scoring 25 affected module(s): BLL114 BLL173 BLL232 BLL273 CHFUN08 ENFUN08 ENGJ301 ENO2060 HES1004 HES1007 HIS1003 HIS1004 HPFUN403 MXFL203 MXFU201 MXFU202 PES1003 PNR107 PWYWHA1 TEDC402 TRR102 TWHK901 WJFUN205 XDLS912 XTAS101
baseline taken: 2026-09-24T10:34:21Z
(unaffected modules unchanged by construction — corpus aggregate moves by exactly the affected-set delta)

  metric                                 baseline        new     delta  verdict
  -----------------------------------------------------------------------------
  skeleton SCAFFOLD mean %                  55.24      55.23     -0.00  REGRESSED
  skeleton pages >=50%                       1577       1577         0  HELD
  skeleton pages >=75%                        275        275         0  HELD
  compare_structure exact chain             16759      16759         0  HELD
  compare_structure EXTRA container           208        208         0  HELD
  compare_structure missing container         903        903         0  HELD
  body_compare ANY breakdown                  238        238         0  HELD
  defect structurally-clean %               98.25      98.25      0.00  HELD
  literal-[tag] leak (occ)                     75         75         0  HELD
  literal-[tag] leak (pages)                   46         46         0  HELD

  context (no pass/fail): sk_pages: 2491->2491  cs_matched: 19532->19532  body_pages: 2633->2633  df_total: 2633->2633  df_clean: 2587->2587

RESULT: MOVED, ACCEPTED AS NAMED — skeleton SCAFFOLD mean %
        Every mover was named on the command line and must be decomposed in the
        round's changelog entry (which page, which mechanism). Recorded in the manifest.
[commit] fast-loop baseline PATCHED (2491 pages) + content manifest refreshed — this is now the shipped state the next inner loop measures against.
[commit] recorded accepted named movement: skeleton SCAFFOLD mean %
