[03:12:26] run_all_gates.sh
  rc=0
13:— selftest: DETECTION (an injected divergence must be flagged) —
16:  ✓ dynamic differ SEES a real option divergence (imageMode P vs D)
17:RESULT: PASS (entry parity holds)
23:pairs skipped (parse error): 0
87:STRUCTURALLY CLEAN pages (zero structural defects): 2587/2633 = 98.3%
91:  A_literal_tag_leak                         75 occ |   46 pages
94:  GENO901     16  {'A_literal_tag_leak': 16}
95:  DTC1005     14  {'A_literal_tag_leak': 14}
96:  PWY1009      4  {'A_literal_tag_leak': 4}
97:  MUS1004      4  {'A_literal_tag_leak': 4}
98:  XGF9004      2  {'A_literal_tag_leak': 2}
99:  TRR116       2  {'A_literal_tag_leak': 2}
100:  MXS1004      2  {'A_literal_tag_leak': 2}
101:  MXFU302      2  {'A_literal_tag_leak': 2}
102:  HIS1005      2  {'A_literal_tag_leak': 2}
103:  ENGI102      2  {'A_literal_tag_leak': 2}
104:  ENFUN09      2  {'A_literal_tag_leak': 2}
105:  CBI1008      2  {'A_literal_tag_leak': 2}
106:  BLL260       2  {'A_literal_tag_leak': 2}
107:  TRR304       1  {'A_literal_tag_leak': 1}
108:  TRR115       1  {'A_literal_tag_leak': 1}
109:  TRR106       1  {'A_literal_tag_leak': 1}
110:  TRR102       1  {'A_literal_tag_leak': 1}
111:  TEFUN07      1  {'A_literal_tag_leak': 1}
112:  SSFUN05      1  {'A_literal_tag_leak': 1}
113:  MXFUN01      1  {'A_literal_tag_leak': 1}
114:  MXEO301      1  {'A_literal_tag_leak': 1}
115:  MXDI201      1  {'A_literal_tag_leak': 1}
116:  HIS1006      1  {'A_literal_tag_leak': 1}
117:  HIS1002      1  {'A_literal_tag_leak': 1}
[03:16:20] skeleton state (--json) + delta vs r484
  rc=0
OLD pairs 2491  SCAFFOLD 55.3280%  RAW 39.224%  >=50 1582  >=75 275  >=90 25
NEW pairs 2491  SCAFFOLD 55.3463%  RAW 39.231%  >=50 1582  >=75 277  >=90 26
delta SCAFFOLD +0.0184pp  RAW +0.007pp  >=50 +0  >=75 +2  >=90 +1
movers 7 (up 7 / down 0), pp-sum +45.7
movers outside the affected set: 0 []
new-only pages: 0  gone pages: 0
  GEO1004    GEO1004_0_0.html           70.4 ->   80.0  (+9.6)
  OSSC301    OSSC301_0_0.html           88.9 ->   96.9  (+8.0)
  OSSM301    OSSM301_0_0.html           81.2 ->   88.6  (+7.4)
  XMES203    XMES203_0_0.html           72.0 ->   78.9  (+6.9)
  OSBY301    OSBY301_0_0.html           58.2 ->   65.0  (+6.8)
  XDLS901    XDLS901_0_0.html           37.0 ->   43.0  (+6.1)
  TWHK901    TWHK901_0_0.html           25.6 ->   26.6  (+0.9)
[03:17:41] gatecheck: cs bc FIRST (never trust a cached row), then skeleton defect
  rc=2
  rc=2
[03:17:47] ship ledger check
[ledger] last full ship: round 482 (2026-09-24T14:17:19Z); scoped ships since: 3 (cadence 8, hard 16)
  OK — a full-ship backstop is not yet due (5 scoped ship(s) of headroom).
  (the scoped ship already patched the fast-loop baseline and refreshed the content manifest)
[03:17:47] selftests
  rc=0  PASS/GREEN lines: 50  FAIL lines: 0
[03:18:59] feature index
  rc=0
SELFTEST build_feature_index: GREEN
[03:19:12] DIFF MINER (§1d — after every regeneration)
  miner rc=0
pairs 2491 / modules 530 / parse errors 0 / diff lines 275500 / classes 9352 (CANDIDATE 195, below floor 8858) in 85.2 s
wrote /mnt/c/Users/Gavin/TeKura/FINAL_MODULE_DATA/CONVERTER_V2/outputs/_diff_miner.json
wrote /mnt/c/Users/Gavin/TeKura/FINAL_MODULE_DATA/DIFF_QUEUE.md
[03:20:43] POSTSHIP_DONE
