AGH1001: identical 7 / changed 0
AGH1002: identical 8 / changed 0
AGH1003: identical 10 / changed 0
AGH1004: identical 8 / changed 0
AGH1005: identical 10 / changed 0
AGH1006: identical 11 / changed 0
AGH1007: identical 11 / changed 0
AGH1008: identical 11 / changed 0
AGH1009: identical 11 / changed 0
ANZH101: identical 5 / changed 0
ANZH103: identical 3 / changed 0
ANZH104: identical 9 / changed 0
ANZH105: identical 10 / changed 0
ANZH203: identical 8 / changed 0
ANZH205: identical 9 / changed 0
ANZH301: identical 12 / changed 0
ANZH302: identical 12 / changed 0
ANZH303: identical 8 / changed 0
ANZH304: identical 8 / changed 0
ANZH401: identical 15 / changed 0
ANZH404: identical 8 / changed 0
ANZHFUN05: identical 2 / changed 0
ARFUN01: identical 2 / changed 0
ARFUN02: identical 2 / changed 0
ARFUN03: identical 2 / changed 0
ARFUN04: identical 2 / changed 0
ARFUN05: identical 2 / changed 0
ART1002: identical 9 / changed 0
ART1003: identical 2 / changed 0
ART1004: identical 2 / changed 0
ART1005: identical 2 / changed 0
ART1006: identical 6 / changed 0
BLL110: identical 2 / changed 0
BLL111: identical 4 / changed 0
BLL112: identical 3 / changed 1
BLL113: identical 4 / changed 0
BLL114: identical 4 / changed 0
BLL115: identical 4 / changed 0
BLL116: identical 4 / changed 0
BLL117: identical 4 / changed 0
BLL120: identical 2 / changed 0
BLL121: identical 4 / changed 0
BLL122: identical 4 / changed 0
BLL123: identical 4 / changed 0
BLL124: identical 4 / changed 0
BLL125: identical 3 / changed 1
BLL126: identical 4 / changed 0
BLL127: identical 4 / changed 0
BLL130: identical 1 / changed 1
BLL131: identical 4 / changed 0
BLL132: identical 4 / changed 0
BLL133: identical 4 / changed 0
BLL134: identical 4 / changed 0
BLL135: identical 4 / changed 0
BLL136: identical 3 / changed 0
BLL137: identical 4 / changed 0
BLL140: identical 2 / changed 0
BLL141: identical 4 / changed 0
BLL142: identical 4 / changed 0
BLL143: identical 4 / changed 0
BLL144: identical 4 / changed 0
BLL145: identical 4 / changed 0
BLL146: identical 3 / changed 1
BLL147: identical 3 / changed 1
BLL150: identical 2 / changed 0
BLL151: identical 4 / changed 0
BLL152: identical 4 / changed 0
BLL153: identical 4 / changed 0
BLL154: identical 4 / changed 0
BLL155: identical 4 / changed 0
BLL156: identical 4 / changed 0
BLL157: identical 3 / changed 1
BLL160: identical 2 / changed 0
BLL161: identical 3 / changed 1
BLL162: identical 4 / changed 0
BLL163: identical 4 / changed 0
BLL164: identical 4 / changed 0
BLL165: identical 4 / changed 0
BLL166: identical 4 / changed 0
BLL167: identical 4 / changed 0
BLL170: identical 2 / changed 0
BLL171: identical 4 / changed 0
BLL172: identical 4 / changed 0
BLL173: identical 4 / changed 0
BLL174: identical 4 / changed 0
BLL175: identical 5 / changed 0
BLL176: identical 4 / changed 0
BLL177: identical 4 / changed 0
BLL210: identical 1 / changed 1
BLL211: identical 4 / changed 0
BLL212: identical 4 / changed 0
BLL213: identical 4 / changed 0
BLL214: identical 4 / changed 0
BLL215: identical 3 / changed 1
BLL216: identical 3 / changed 1
BLL217: identical 4 / changed 0
BLL220: identical 1 / changed 1
BLL221: identical 4 / changed 0
BLL222: identical 4 / changed 0
BLL223: identical 4 / changed 0
BLL224: identical 3 / changed 1
BLL225: identical 4 / changed 0
BLL226: identical 4 / changed 0
BLL227: identical 3 / changed 1
BLL230: identical 1 / changed 1
BLL231: identical 3 / changed 1
BLL232: identical 4 / changed 0
BLL233: identical 3 / changed 1
BLL234: identical 4 / changed 0
BLL235: identical 4 / changed 0
BLL236: identical 4 / changed 0
BLL237: identical 4 / changed 0
BLL240: identical 2 / changed 0
BLL241: identical 4 / changed 0
BLL242: identical 4 / changed 0
BLL243: identical 4 / changed 0
BLL244: identical 3 / changed 1
BLL245: identical 4 / changed 0
BLL246: identical 4 / changed 0
BLL247: identical 4 / changed 0
BLL250: identical 2 / changed 0
BLL251: identical 4 / changed 0
BLL252: identical 4 / changed 0
BLL253: identical 3 / changed 1
BLL254: identical 4 / changed 0
BLL255: identical 4 / changed 0
BLL256: identical 4 / changed 0
BLL257: identical 4 / changed 0
BLL260: identical 2 / changed 0
BLL261: identical 4 / changed 0
BLL262: identical 4 / changed 0
BLL263: identical 4 / changed 0
BLL264: identical 3 / changed 1
BLL265: identical 5 / changed 0
BLL266: identical 3 / changed 1
BLL270: identical 2 / changed 0
BLL271: identical 4 / changed 0
BLL272: identical 4 / changed 0
BLL273: identical 4 / changed 0
BLL274: identical 4 / changed 0
BLL275: identical 4 / changed 0
BLL276: identical 4 / changed 0
BLLR201: identical 8 / changed 0
BLLR202: identical 6 / changed 2
BLLR203: identical 8 / changed 0
CBI1004: identical 12 / changed 0
CBI1005: identical 12 / changed 0

TOTAL: identical 666 / changed 22 / missing 0 over 147 modules
CHANGED: BLL112/BLL112_1_0.html BLL125/BLL125_1_0.html BLL130/BLL130_0_0.html BLL146/BLL146_1_0.html BLL147/BLL147_1_0.html BLL157/BLL157_1_1.html BLL161/BLL161_1_1.html BLL210/BLL210_0_0.html BLL215/BLL215_1_0.html BLL216/BLL216_1_0.html BLL220/BLL220_0_0.html BLL224/BLL224_2_0.html BLL227/BLL227_2_0.html BLL230/BLL230_0_0.html BLL231/BLL231_1_0.html BLL233/BLL233_1_0.html BLL244/BLL244_1_0.html BLL253/BLL253_1_0.html BLL264/BLL264_3_0.html BLL266/BLL266_1_0.html BLLR202/BLLR202_1_0.html BLLR202/BLLR202_4_0.html
