changed (OFF): 0 pages / 0 modules — 
changed (ON): 18 pages / 7 modules — TRR107 TRR108 TRR114 TRR115 TRR203 TRR301 TRR304 

## TRR107: pairs 4 -> 4
   TRR107_0.0.html          OLD TRR107_0_0.html     65.9  NEW TRR107_0_0.html     65.9 (raw  49.1)
   TRR107_1.0.html          OLD TRR107_1_0.html     18.4  NEW TRR107_1_0.html     18.4 (raw  18.3)
   TRR107_2.0.html          OLD TRR107_2_0.html     17.9  NEW TRR107_2_0.html     17.9 (raw  13.8)
   TRR107_3.0.html          OLD TRR107_3_0.html     40.5  NEW TRR107_3_0.html     40.5 (raw  31.1)
   module sum 142.7 over 4 -> 142.7 over 4  (mean 35.7 -> 35.7)

## TRR108: pairs 3 -> 3
   TRR108_0.0.html          OLD TRR108_0_0.html     49.5  NEW TRR108_0_0.html     49.5 (raw  51.5)
   TRR108_1.0.html          OLD TRR108_1_0.html     44.6  NEW TRR108_1_0.html     48.0 (raw  34.6)
   TRR108_2.0.html          OLD TRR108_2_0.html     34.0  NEW TRR108_2_0.html     35.1 (raw  28.9)
   module sum 128.1 over 3 -> 132.5 over 3  (mean 42.7 -> 44.2)

## TRR114: pairs 4 -> 4
   TRR114_0.0.html          OLD TRR114_0_0.html     63.0  NEW TRR114_0_0.html     63.0 (raw  44.4)
   TRR114_1.0.html          OLD TRR114_1_0.html     33.4  NEW TRR114_1_0.html     34.0 (raw  30.0)
   TRR114_2.0.html          OLD TRR114_2_0.html     39.9  NEW TRR114_2_0.html     41.8 (raw  27.7)
   TRR114_3.0.html          OLD TRR114_3_0.html     23.3  NEW TRR114_3_0.html     18.9 (raw  15.2)
   module sum 159.6 over 4 -> 157.7 over 4  (mean 39.9 -> 39.4)

## TRR115: pairs 4 -> 4
   TRR115_0.0.html          OLD TRR115_0_0.html     56.2  NEW TRR115_0_0.html     56.2 (raw  49.7)
   TRR115_1.0.html          OLD TRR115_1_0.html     23.7  NEW TRR115_1_0.html     23.7 (raw  20.1)
   TRR115_2.0.html          OLD TRR115_2_0.html     18.6  NEW TRR115_2_0.html     18.6 (raw  17.6)
   TRR115_3.0.html          OLD TRR115_3_0.html     21.2  NEW TRR115_3_0.html     21.2 (raw  15.2)
   module sum 119.8 over 4 -> 119.8 over 4  (mean 30.0 -> 30.0)

## TRR203: pairs 4 -> 4
   TRR203_0.0.html          OLD TRR203_0_0.html     60.0  NEW TRR203_0_0.html     60.0 (raw  26.6)
   TRR203_1.0.html          OLD TRR203_1_0.html     32.6  NEW TRR203_1_0.html     33.3 (raw  23.1)
   TRR203_2.0.html          OLD TRR203_3_0.html     34.3  NEW TRR203_3_0.html     35.1 (raw  29.4)
   TRR203_3.0.html          OLD TRR203_2_0.html     36.5  NEW TRR203_2_0.html     37.3 (raw  32.1)
   module sum 163.4 over 4 -> 165.8 over 4  (mean 40.8 -> 41.5)

## TRR301: pairs 4 -> 4
   TRR301_0.0.html          OLD TRR301_0_0.html     58.9  NEW TRR301_0_0.html     58.9 (raw  18.5)
   TRR301_1.0.html          OLD TRR301_1_0.html     25.9  NEW TRR301_1_0.html     25.9 (raw   8.4)
   TRR301_2.0.html          OLD TRR301_2_0.html     24.2  NEW TRR301_2_0.html     24.2 (raw   8.3)
   TRR301_3.0.html          OLD TRR301_3_0.html     35.9  NEW TRR301_3_0.html     36.9 (raw  19.4)
   module sum 144.9 over 4 -> 145.9 over 4  (mean 36.2 -> 36.5)

## TRR304: pairs 4 -> 4
   TRR304_0.0.html          OLD TRR304_0_0.html     47.6  NEW TRR304_0_0.html     47.6 (raw  54.1)
   TRR304_2.0.html          OLD TRR304_1_0.html     28.6  NEW TRR304_1_0.html     28.2 (raw  25.6)
   TRR304_3.0.html          OLD TRR304_2_0.html     17.1  NEW TRR304_2_0.html     17.1 (raw  15.7)
   TRR304_4.0.html          OLD TRR304_3_0.html      9.5  NEW TRR304_3_0.html     10.0 (raw  10.0)
   module sum 102.7 over 4 -> 102.9 over 4  (mean 25.7 -> 25.7)

changed modules: pairs 27 -> 27; pp-sum 961.3 -> 967.4 (+6.1)
corpus: 55.3255 % @ 2491 -> ≈ 55.3279 % @ 2491  (+0.0024pp);  >=50 +0, >=75 +0
