
## ANZH401: pairs 13 -> 13
   ANZH401_0.0.html         OLD ANZH401_0_0.html    63.8  NEW ANZH401_0_0.html    63.8 (raw  51.2)
   ANZH401_1.0.html         OLD ANZH401_1_0.html    23.6  NEW ANZH401_1_0.html    23.6 (raw  17.2)
   ANZH401_10.0.html        OLD ANZH401_10_0.html   28.4  NEW ANZH401_10_0.html   28.4 (raw  22.7)
   ANZH401_11.0.html        OLD ANZH401_11_0.html   22.5  NEW ANZH401_11_0.html   23.3 (raw  19.8)
   ANZH401_12.0.html        OLD ANZH401_13_0.html   26.8  NEW ANZH401_13_0.html   26.8 (raw  17.6)
   ANZH401_2.0.html         OLD ANZH401_2_0.html    23.5  NEW ANZH401_2_0.html    23.5 (raw  19.0)
   ANZH401_3.0.html         OLD ANZH401_3_0.html    30.7  NEW ANZH401_3_0.html    30.7 (raw  22.3)
   ANZH401_4.0.html         OLD ANZH401_4_0.html    28.6  NEW ANZH401_4_0.html    28.6 (raw  23.7)
   ANZH401_5.0.html         OLD ANZH401_5_0.html    27.9  NEW ANZH401_5_0.html    27.9 (raw  21.4)
   ANZH401_6.0.html         OLD ANZH401_6_0.html    34.5  NEW ANZH401_6_0.html    34.5 (raw  25.4)
   ANZH401_7.0.html         OLD ANZH401_7_0.html    28.7  NEW ANZH401_7_0.html    28.7 (raw  21.7)
   ANZH401_8.0.html         OLD ANZH401_8_0.html    27.6  NEW ANZH401_8_0.html    27.6 (raw  22.0)
   ANZH401_9.0.html         OLD ANZH401_9_0.html    26.9  NEW ANZH401_9_0.html    26.9 (raw  22.2)
   module sum 393.4 over 13 -> 394.2 over 13  (mean 30.3 -> 30.3)

## ARFUN01: pairs 1 -> 1
   ARFUN01.html             OLD ARFUN01_0_0.html    46.6  NEW ARFUN01_0_0.html    45.6 (raw  35.3)
   module sum 46.6 over 1 -> 45.6 over 1  (mean 46.6 -> 45.6)

## ARFUN02: pairs 1 -> 1
   ARFUN02.html             OLD ARFUN02_0_0.html    23.1  NEW ARFUN02_0_0.html    23.1 (raw  15.0)
   module sum 23.1 over 1 -> 23.1 over 1  (mean 23.1 -> 23.1)

## ARFUN03: pairs 1 -> 1
   ARFUN03.html             OLD ARFUN03_0_0.html    52.2  NEW ARFUN03_0_0.html    53.2 (raw  40.7)
   module sum 52.2 over 1 -> 53.2 over 1  (mean 52.2 -> 53.2)

## CEDO202: pairs 1 -> 1
   CEDO202_0.0.html         OLD CEDO202_0_0.html    45.8  NEW CEDO202_0_0.html    45.9 (raw  38.1)
   module sum 45.8 over 1 -> 45.9 over 1  (mean 45.8 -> 45.9)

## DAN1004: pairs 9 -> 9
   DAN1004_0_0.html         OLD DAN1004_0_0.html    75.0  NEW DAN1004_0_0.html    75.0 (raw  60.2)
   DAN1004_1_0.html         OLD DAN1004_1_0.html    48.4  NEW DAN1004_1_0.html    48.4 (raw  29.5)
   DAN1004_2_0.html         OLD DAN1004_2_0.html    56.7  NEW DAN1004_2_0.html    56.7 (raw  56.7)
   DAN1004_3_0.html         OLD DAN1004_3_0.html    70.3  NEW DAN1004_3_0.html    70.3 (raw  70.3)
   DAN1004_4_0.html         OLD DAN1004_4_0.html    64.7  NEW DAN1004_4_0.html    64.7 (raw  64.7)
   DAN1004_5_0.html         OLD DAN1004_5_0.html    59.4  NEW DAN1004_5_0.html    59.4 (raw  59.4)
   DAN1004_6_0.html         OLD DAN1004_6_0.html    63.9  NEW DAN1004_6_0.html    63.9 (raw  63.9)
   DAN1004_7_0.html         OLD DAN1004_7_0.html    59.7  NEW DAN1004_7_0.html    59.7 (raw  55.6)
   DAN1004_8_0.html         OLD DAN1004_9_0.html    57.1  NEW DAN1004_9_0.html    57.1 (raw  35.0)
   module sum 555.1 over 9 -> 555.1 over 9  (mean 61.7 -> 61.7)

## HIS1001: pairs 8 -> 8
   HIS1001-0.0.html         OLD HIS1001_0_0.html    52.3  NEW HIS1001_0_0.html    52.3 (raw  31.1)
   HIS1001-10.0.html        OLD HIS1001_10_0.html   26.7  NEW HIS1001_10_0.html   25.7 (raw  17.5)
   HIS1001-3.0.html         OLD HIS1001_3_0.html    29.1  NEW HIS1001_3_0.html    29.1 (raw  19.6)
   HIS1001-4.0.html         OLD HIS1001_4_0.html    32.3  NEW HIS1001_4_0.html    32.3 (raw  21.1)
   HIS1001-5.0.html         OLD HIS1001_5_0.html    34.3  NEW HIS1001_5_0.html    34.3 (raw  27.9)
   HIS1001-7.0 .html        OLD HIS1001_7_0.html    41.8  NEW HIS1001_7_0.html    41.8 (raw  35.7)
   HIS1001-8.0.html         OLD HIS1001_8_0.html    29.2  NEW HIS1001_8_0.html    29.0 (raw  28.6)
   HIS1001-9.0.html         OLD HIS1001_9_0.html    28.3  NEW HIS1001_9_0.html    28.3 (raw  21.7)
   module sum 273.9 over 8 -> 272.8 over 8  (mean 34.2 -> 34.1)

## HIS1002: pairs 11 -> 11
   HIS1002-0.0.html         OLD HIS1002_0_0.html    56.0  NEW HIS1002_0_0.html    56.0 (raw  32.0)
   HIS1002-1.0.html         OLD HIS1002_1_0.html    61.3  NEW HIS1002_1_0.html    61.3 (raw  48.7)
   HIS1002-10.0.html        OLD HIS1002_10_0.html   15.8  NEW HIS1002_10_0.html   15.8 (raw  12.0)
   HIS1002-2.0.html         OLD HIS1002_2_0.html    32.9  NEW HIS1002_2_0.html    32.4 (raw  22.5)
   HIS1002-3.0.html         OLD HIS1002_3_0.html    60.0  NEW HIS1002_3_0.html    60.0 (raw  34.5)
   HIS1002-4.0.html         OLD HIS1002_4_0.html    46.0  NEW HIS1002_4_0.html    46.0 (raw  35.2)
   HIS1002-5.0.html         OLD HIS1002_5_0.html    54.1  NEW HIS1002_5_0.html    54.0 (raw  47.0)
   HIS1002-6.0.html         OLD HIS1002_6_0.html    45.8  NEW HIS1002_6_0.html    46.1 (raw  38.6)
   HIS1002-7.0.html         OLD HIS1002_7_0.html    34.7  NEW HIS1002_7_0.html    38.0 (raw  30.1)
   HIS1002-8.0.html         OLD HIS1002_8_0.html    69.4  NEW HIS1002_8_0.html    69.4 (raw  46.3)
   HIS1002-9.0.html         OLD HIS1002_9_0.html    50.3  NEW HIS1002_9_0.html    51.3 (raw  30.7)
   module sum 526.3 over 11 -> 530.3 over 11  (mean 47.8 -> 48.2)

## HIS1005: pairs 15 -> 15
   HIS1005-0.0.html         OLD HIS1005_0_0.html    40.4  NEW HIS1005_0_0.html    39.6 (raw  35.3)
   HIS1005-1.0.html         OLD HIS1005_1_0.html    46.6  NEW HIS1005_1_0.html    51.5 (raw  44.5)
   HIS1005-10.0.html        OLD HIS1005_10_0.html   68.7  NEW HIS1005_10_0.html   68.7 (raw  68.7)
   HIS1005-10.1.html        OLD HIS1005_10_1.html   72.4  NEW HIS1005_10_1.html   72.4 (raw  50.9)
   HIS1005-2.0.html         OLD HIS1005_2_0.html    29.8  NEW HIS1005_2_0.html    30.2 (raw  18.8)
   HIS1005-3.0.html         OLD HIS1005_3_0.html    53.3  NEW HIS1005_3_0.html    55.1 (raw  41.4)
   HIS1005-4.0.html         OLD HIS1005_4_0.html    48.3  NEW HIS1005_4_0.html    50.2 (raw  41.5)
   HIS1005-5.0.html         OLD HIS1005_5_0.html    54.3  NEW HIS1005_5_0.html    53.7 (raw  46.2)
   HIS1005-5.1.html         OLD HIS1005_5_1.html    66.7  NEW HIS1005_5_1.html    66.7 (raw  47.5)
   HIS1005-6.0.html         OLD HIS1005_6_0.html    63.9  NEW HIS1005_6_0.html    65.3 (raw  65.3)
   HIS1005-6.1.html         OLD HIS1005_6_1.html    56.9  NEW HIS1005_6_1.html    57.5 (raw  42.3)
   HIS1005-7.0.html         OLD HIS1005_7_0.html    58.7  NEW HIS1005_7_0.html    60.4 (raw  49.3)
   HIS1005-8.0.html         OLD HIS1005_8_0.html    63.7  NEW HIS1005_8_0.html    63.7 (raw  61.9)
   HIS1005-9.0.html         OLD HIS1005_9_0.html    57.1  NEW HIS1005_9_0.html    57.1 (raw  57.1)
   HIS1005-9.1.html         OLD HIS1005_9_1.html    55.8  NEW HIS1005_9_1.html    55.8 (raw  49.0)
   module sum 836.8 over 15 -> 847.8 over 15  (mean 55.8 -> 56.5)

## HIS1006: pairs 5 -> 5
   HIS1006-0.0.html         OLD HIS1006_0_0.html    40.9  NEW HIS1006_0_0.html    40.9 (raw  33.1)
   HIS1006-1.0.html         OLD HIS1006_8_0.html    71.8  NEW HIS1006_8_0.html    73.5 (raw  73.5)
   HIS1006-2.0.html         OLD HIS1006_9_0.html    45.9  NEW HIS1006_9_0.html    45.9 (raw  38.6)
   HIS1006-3.0.html         OLD HIS1006_10_0.html   57.0  NEW HIS1006_10_0.html   57.0 (raw  45.3)
   HIS1006-4.0.html         OLD HIS1006_11_0.html   44.3  NEW HIS1006_11_0.html   43.3 (raw  35.7)
   module sum 259.8 over 5 -> 260.7 over 5  (mean 52.0 -> 52.1)

## HIS1007: pairs 7 -> 7
   HIS1007-0.0.html         OLD HIS1007_0_0.html    63.0  NEW HIS1007_0_0.html    63.0 (raw  67.7)
   HIS1007-1.0.html         OLD HIS1007_1_0.html    46.9  NEW HIS1007_1_0.html    48.6 (raw  39.3)
   HIS1007-2.0.html         OLD HIS1007_2_0.html    60.5  NEW HIS1007_2_0.html    60.5 (raw  55.7)
   HIS1007-3.0.html         OLD HIS1007_3_0.html    52.1  NEW HIS1007_3_0.html    52.1 (raw  52.1)
   HIS1007-3.1.html         OLD HIS1007_3_1.html    51.9  NEW HIS1007_3_1.html    51.9 (raw  45.3)
   HIS1007-4.0.html         OLD HIS1007_4_0.html    64.0  NEW HIS1007_4_0.html    64.0 (raw  64.0)
   HIS1007-4.1.html         OLD HIS1007_4_1.html    70.0  NEW HIS1007_4_1.html    70.0 (raw  57.7)
   module sum 408.3 over 7 -> 410.1 over 7  (mean 58.3 -> 58.6)

## HIS1008: pairs 10 -> 10
   HIS1008-0.0.html         OLD HIS1008_0_0.html    41.4  NEW HIS1008_0_0.html    41.4 (raw  34.0)
   HIS1008-1.0.html         OLD HIS1008_1_0.html    63.5  NEW HIS1008_1_0.html    63.5 (raw  59.2)
   HIS1008-1.1.html         OLD HIS1008_1_2.html    67.1  NEW HIS1008_1_2.html    67.1 (raw  63.3)
   HIS1008-2.0.html         OLD HIS1008_2_0.html    66.9  NEW HIS1008_2_0.html    66.9 (raw  52.0)
   HIS1008-2.1.html         OLD HIS1008_2_1.html    59.7  NEW HIS1008_2_1.html    59.7 (raw  54.0)
   HIS1008-3.0.html         OLD HIS1008_3_0.html    61.0  NEW HIS1008_3_0.html    61.0 (raw  53.8)
   HIS1008-3.1.html         OLD HIS1008_3_1.html    59.2  NEW HIS1008_3_1.html    64.0 (raw  52.1)
   HIS1008-4.0.html         OLD HIS1008_5_0.html    74.9  NEW HIS1008_5_0.html    74.9 (raw  73.8)
   HIS1008-5.0.html         OLD HIS1008_6_0.html    54.9  NEW HIS1008_6_0.html    54.9 (raw  32.5)
   HIS1008-6.0.html         OLD HIS1008_7_0.html    57.9  NEW HIS1008_7_0.html    58.4 (raw  42.5)
   module sum 606.5 over 10 -> 611.8 over 10  (mean 60.7 -> 61.2)

changed modules: pairs 82 -> 82; pp-sum 4027.8 -> 4050.6 (+22.8)
corpus: 55.3485 % @ 2491 -> ≈ 55.3576 % @ 2491  (+0.0091pp);  >=50 +2, >=75 +0
