changed (OFF): 0 pages / 0 modules — 
changed (ON): 14 pages / 3 modules — TRR103 TRR106 TRR116 

## TRR103: pairs 4 -> 4
   TRR103_0.0.html          OLD TRR103_0_0.html     70.9  NEW TRR103_0_0.html     70.9 (raw  41.3)
   TRR103_1.0.html          OLD TRR103_1_0.html     39.0  NEW TRR103_1_0.html     32.9 (raw  21.0)
   TRR103_2.0.html          OLD TRR103_2_0.html     30.3  NEW TRR103_2_0.html     53.9 (raw  36.5)
   TRR103_3.0.html          OLD TRR103_3_0.html     39.7  NEW TRR103_3_0.html     32.9 (raw  27.8)
   module sum 179.9 over 4 -> 190.6 over 4  (mean 45.0 -> 47.6)

## TRR106: pairs 3 -> 3
   TRR106_0.0.html          OLD TRR106_0_0.html     76.2  NEW TRR106_0_0.html     76.2 (raw  43.4)
   TRR106_1.0.html          OLD TRR106_1_0.html     33.3  NEW TRR106_1_0.html     38.2 (raw  17.0)
   TRR106_2.0.html          OLD TRR106_2_0.html     19.7  NEW TRR106_2_0.html     41.8 (raw  24.6)
   module sum 129.3 over 3 -> 156.2 over 3  (mean 43.1 -> 52.1)

## TRR116: pairs 10 -> 10
   TRR116_0_0.html          OLD TRR116_0_0.html     83.3  NEW TRR116_0_0.html     83.3 (raw  49.5)
   TRR116_1_0.html          OLD TRR116_1_0.html     31.8  NEW TRR116_1_0.html     51.6 (raw  42.9)
   TRR116_2_0.html          OLD TRR116_2_0.html     29.5  NEW TRR116_2_0.html     53.1 (raw  36.1)
   TRR116_3_0.html          OLD TRR116_3_0.html     42.9  NEW TRR116_3_0.html     60.8 (raw  37.2)
   TRR116_4_0.html          OLD TRR116_4_0.html     18.5  NEW TRR116_4_0.html     33.4 (raw   9.9)
   TRR116_5_0.html          OLD TRR116_5_0.html     29.6  NEW TRR116_5_0.html     22.0 (raw  14.9)
   TRR116_6_0.html          OLD TRR116_6_0.html     33.7  NEW TRR116_6_0.html     47.6 (raw  30.9)
   TRR116_7_0.html          OLD TRR116_7_0.html     34.3  NEW TRR116_7_0.html     51.8 (raw  30.7)
   TRR116_8_0.html          OLD TRR116_8_0.html     30.1  NEW TRR116_8_0.html     43.2 (raw  31.2)
   TRR116_9_0.html          OLD TRR116_9_0.html     35.3  NEW TRR116_9_0.html     59.2 (raw  35.5)
   module sum 369.0 over 10 -> 506.1 over 10  (mean 36.9 -> 50.6)

changed modules: pairs 17 -> 17; pp-sum 678.2 -> 853.0 (+174.8)
corpus: 55.2477 % @ 2491 -> ≈ 55.3179 % @ 2491  (+0.0702pp);  >=50 +6, >=75 +0
