re-scoring 28 affected module(s): BLL133 CBI1004 CEDR401 DTC1005 ENGI102 ENGJ402 ENGJ403 ENGS101 ENGS202 ENGS301 EXBP901 HIS1007 HIS1008 HPFUN903 MXEO301 MXFL101 OSAH401 OSAI301 OSAI401 OSAI501 PES1005 SSCI104 TEDC402 TWHA906 XDLS904 XDLS905 XDLS906 XOTPG01
baseline taken: 2026-09-24T15:12:09Z
(unaffected modules unchanged by construction — corpus aggregate moves by exactly the affected-set delta)

  metric                                 baseline        new     delta  verdict
  -----------------------------------------------------------------------------
  skeleton SCAFFOLD mean %                  55.35      55.35     +0.00  IMPROVED
  skeleton pages >=50%                       1582       1582         0  HELD
  skeleton pages >=75%                        277        277         0  HELD
  compare_structure exact chain             16691      16701       +10  IMPROVED
  compare_structure EXTRA container           208        198       -10  IMPROVED
  compare_structure missing container         872        878        +6  REGRESSED
  body_compare ANY breakdown                  238        238         0  HELD
  defect structurally-clean %               98.25      98.25      0.00  HELD
  literal-[tag] leak (occ)                     75         75         0  HELD
  literal-[tag] leak (pages)                   46         46         0  HELD

  context (no pass/fail): sk_pages: 2491->2491  cs_matched: 19453->19459  body_pages: 2633->2633  df_total: 2633->2633  df_clean: 2587->2587

RESULT: MOVED, ACCEPTED AS NAMED — compare_structure missing container
        Every mover was named on the command line and must be decomposed in the
        round's changelog entry (which page, which mechanism). Recorded in the manifest.
[commit] fast-loop baseline PATCHED (2491 pages) + content manifest refreshed — this is now the shipped state the next inner loop measures against.
[commit] recorded accepted named movement: compare_structure missing container
