======================================================================
 SCOPED SHIP — affected=../../outputs/_affected_r486.txt (16 modules), toggle=QUOTEFORM_OFF
======================================================================
[0] toggle-exists invariant (QUOTEFORM_OFF)
    OK — QUOTEFORM_OFF found in app/js (the last-shipped corpus == this toggle OFF).

[1] content-hash 0-stale (mtime false-alarm defeated)
[content-manifest] content-hash 0-stale vs _content_manifest.txt
  affected set: 16 module(s) (must be freshly regenerated)
  unaffected  : 527 module(s) (must be byte-identical to the manifest; mtime IGNORED)
  OK — 0 truly stale. 16 affected regenerated; the untouched corpus is byte-identical to the manifest (mtime false-alarm defeated).

[2] containment — actually-changed modules must be a subset of the affected set
    OK — 16 changed module(s) are a subset of 16 affected (the true set ⊆ the detector set).

[3] completeness spot-check (a mis-specified P is caught here)
[spotcheck] verifying 12 non-affected modules regenerated WITH the fix ON
  OK — all 12 sampled non-affected modules are BYTE-IDENTICAL under the fix (P's no-op claim holds on the sample).

[4] exact gate proof (decomposition vs the last-ship baseline)
re-scoring 28 affected module(s): BLL133 CBI1004 CEDR401 DTC1005 ENGI102 ENGJ402 ENGJ403 ENGS101 ENGS202 ENGS301 EXBP901 HIS1007 HIS1008 HPFUN903 MXEO301 MXFL101 OSAH401 OSAI301 OSAI401 OSAI501 PES1005 SSCI104 TEDC402 TWHA906 XDLS904 XDLS905 XDLS906 XOTPG01
baseline taken: 2026-09-24T15:12:09Z
(unaffected modules unchanged by construction — corpus aggregate moves by exactly the affected-set delta)

  metric                                 baseline        new     delta  verdict
  -----------------------------------------------------------------------------
  skeleton SCAFFOLD mean %                  55.35      55.35     +0.00  IMPROVED
  skeleton pages >=50%                       1582       1582         0  HELD
  skeleton pages >=75%                        277        277         0  HELD
  compare_structure exact chain             16691      16701       +10  IMPROVED
  compare_structure EXTRA container           208        198       -10  IMPROVED
  compare_structure missing container         872        878        +6  REGRESSED
  body_compare ANY breakdown                  238        238         0  HELD
  defect structurally-clean %               98.25      98.25      0.00  HELD
  literal-[tag] leak (occ)                     75         75         0  HELD
  literal-[tag] leak (pages)                   46         46         0  HELD

  context (no pass/fail): sk_pages: 2491->2491  cs_matched: 19453->19459  body_pages: 2633->2633  df_total: 2633->2633  df_clean: 2587->2587

RESULT: FAIL — REGRESSED: compare_structure missing container
        (inner-loop only — investigate before the ship checkpoint; toggle the fix OFF and re-run to isolate.)

[6] periodic full-ship backstop cadence
[ledger] last full ship: round 482 (2026-09-24T14:17:19Z); scoped ships since: 4 (cadence 8, hard 16)
  OK — a full-ship backstop is not yet due (4 scoped ship(s) of headroom).

SCOPED SHIP: FAILED — see the log above.
