[02:34:32] run_all_gates.sh
  rc=0
13:— selftest: DETECTION (an injected divergence must be flagged) —
16:  ✓ dynamic differ SEES a real option divergence (imageMode P vs D)
17:RESULT: PASS (entry parity holds)
23:pairs skipped (parse error): 0
87:STRUCTURALLY CLEAN pages (zero structural defects): 2587/2633 = 98.3%
91:  A_literal_tag_leak                         75 occ |   46 pages
94:  GENO901     16  {'A_literal_tag_leak': 16}
95:  DTC1005     14  {'A_literal_tag_leak': 14}
96:  PWY1009      4  {'A_literal_tag_leak': 4}
97:  MUS1004      4  {'A_literal_tag_leak': 4}
98:  XGF9004      2  {'A_literal_tag_leak': 2}
99:  TRR116       2  {'A_literal_tag_leak': 2}
100:  MXS1004      2  {'A_literal_tag_leak': 2}
101:  MXFU302      2  {'A_literal_tag_leak': 2}
102:  HIS1005      2  {'A_literal_tag_leak': 2}
103:  ENGI102      2  {'A_literal_tag_leak': 2}
104:  ENFUN09      2  {'A_literal_tag_leak': 2}
105:  CBI1008      2  {'A_literal_tag_leak': 2}
106:  BLL260       2  {'A_literal_tag_leak': 2}
107:  TRR304       1  {'A_literal_tag_leak': 1}
108:  TRR115       1  {'A_literal_tag_leak': 1}
109:  TRR106       1  {'A_literal_tag_leak': 1}
110:  TRR102       1  {'A_literal_tag_leak': 1}
111:  TEFUN07      1  {'A_literal_tag_leak': 1}
112:  SSFUN05      1  {'A_literal_tag_leak': 1}
113:  MXFUN01      1  {'A_literal_tag_leak': 1}
114:  MXEO301      1  {'A_literal_tag_leak': 1}
115:  MXDI201      1  {'A_literal_tag_leak': 1}
116:  HIS1006      1  {'A_literal_tag_leak': 1}
117:  HIS1002      1  {'A_literal_tag_leak': 1}
[02:38:30] skeleton state (--json) + delta vs r482
  rc=0
OLD pairs 2491  SCAFFOLD 55.3280%  RAW 39.237%  >=50 1582  >=75 275  >=90 25
NEW pairs 2491  SCAFFOLD 55.3280%  RAW 39.224%  >=50 1582  >=75 275  >=90 25
delta SCAFFOLD +0.0000pp  RAW -0.013pp  >=50 +0  >=75 +0  >=90 +0
movers 0 (up 0 / down 0), pp-sum +0.0
movers outside the affected set: 0 []
new-only pages: 0  gone pages: 0
[02:39:51] gatecheck: cs bc FIRST (never trust a cached row), then skeleton defect
  rc=2
  rc=2
[02:39:57] ship ledger check
[ledger] last full ship: round 482 (2026-09-24T14:17:19Z); scoped ships since: 1 (cadence 8, hard 16)
  OK — a full-ship backstop is not yet due (7 scoped ship(s) of headroom).
  (the scoped ship already patched the fast-loop baseline and refreshed the content manifest)
[02:39:57] selftests
  rc=0  PASS/GREEN lines: 50  FAIL lines: 0
[02:41:10] feature index
  rc=0
SELFTEST build_feature_index: GREEN
[02:41:24] DIFF MINER (§1d — after every regeneration)
  miner rc=0
pairs 2491 / modules 530 / parse errors 0 / diff lines 275507 / classes 9352 (CANDIDATE 195, below floor 8858) in 89.5 s
wrote /mnt/c/Users/Gavin/TeKura/FINAL_MODULE_DATA/CONVERTER_V2/outputs/_diff_miner.json
wrote /mnt/c/Users/Gavin/TeKura/FINAL_MODULE_DATA/DIFF_QUEUE.md
[02:42:59] POSTSHIP_DONE
