
## BLL113: pairs 3 -> 3
   BLL113-01.html           OLD BLL113_0_0.html     57.7  NEW BLL113_0_0.html     57.7 (raw  49.6)
   BLL113-02.html           OLD BLL113_1_0.html     26.8  NEW BLL113_1_0.html     26.8 (raw  19.6)
   BLL113-03.html           OLD BLL113_2_0.html     75.5  NEW BLL113_2_0.html     75.5 (raw  45.8)
   module sum 159.9 over 3 -> 159.9 over 3  (mean 53.3 -> 53.3)

## BLL116: pairs 3 -> 3
   BLL116-01.html           OLD BLL116_0_0.html     63.5  NEW BLL116_0_0.html     63.5 (raw  54.4)
   BLL116-02.html           OLD BLL116_1_0.html     59.8  NEW BLL116_1_0.html     59.8 (raw  29.0)
   BLL116-03.html           OLD BLL116_2_0.html     80.3  NEW BLL116_2_0.html     80.3 (raw  52.4)
   module sum 203.5 over 3 -> 203.5 over 3  (mean 67.8 -> 67.8)

## BLL123: pairs 3 -> 3
   BLL123-01.html           OLD BLL123_0_0.html     63.5  NEW BLL123_0_0.html     63.5 (raw  57.9)
   BLL123-02.html           OLD BLL123_1_0.html     41.4  NEW BLL123_1_0.html     41.4 (raw  23.2)
   BLL123-03.html           OLD BLL123_2_0.html     62.2  NEW BLL123_2_0.html     62.2 (raw  34.9)
   module sum 167.1 over 3 -> 167.1 over 3  (mean 55.7 -> 55.7)

## BLL124: pairs 3 -> 3
   BLL124-01.html           OLD BLL124_0_0.html     46.3  NEW BLL124_0_0.html     46.3 (raw  40.8)
   BLL124-02.html           OLD BLL124_1_0.html     40.4  NEW BLL124_1_0.html     40.4 (raw  23.6)
   BLL124-03.html           OLD BLL124_2_0.html     32.3  NEW BLL124_2_0.html     32.3 (raw  18.1)
   module sum 119.0 over 3 -> 119.0 over 3  (mean 39.7 -> 39.7)

## BLL126: pairs 3 -> 3
   BLL126-01.html           OLD BLL126_0_0.html     75.4  NEW BLL126_0_0.html     75.4 (raw  66.7)
   BLL126-02.html           OLD BLL126_1_0.html     80.6  NEW BLL126_1_0.html     80.6 (raw  64.8)
   BLL126-03.html           OLD BLL126_2_0.html     61.0  NEW BLL126_2_0.html     61.0 (raw  35.9)
   module sum 216.9 over 3 -> 216.9 over 3  (mean 72.3 -> 72.3)

## BLL142: pairs 3 -> 3
   BLL142-0.0.html          OLD BLL142_0_0.html     68.9  NEW BLL142_0_0.html     68.9 (raw  60.7)
   BLL142-1.0.html          OLD BLL142_1_0.html     87.5  NEW BLL142_1_0.html     87.5 (raw  61.3)
   BLL142-2.0.html          OLD BLL142_1_1.html     62.8  NEW BLL142_1_1.html     62.8 (raw  33.5)
   module sum 219.2 over 3 -> 219.2 over 3  (mean 73.1 -> 73.1)

## BLL143: pairs 3 -> 3
   BLL143-0.0.html          OLD BLL143_0_0.html     71.7  NEW BLL143_0_0.html     71.7 (raw  62.3)
   BLL143-1.0.html          OLD BLL143_1_0.html     75.9  NEW BLL143_1_0.html     75.9 (raw  26.9)
   BLL143-2.0.html          OLD BLL143_1_1.html     40.5  NEW BLL143_1_1.html     43.2 (raw  22.3)
   module sum 188.1 over 3 -> 190.8 over 3  (mean 62.7 -> 63.6)

## BLL144: pairs 3 -> 3
   BLL144-0.0.html          OLD BLL144_0_0.html     70.6  NEW BLL144_0_0.html     70.6 (raw  60.4)
   BLL144-1.0.html          OLD BLL144_1_0.html     58.9  NEW BLL144_1_0.html     58.9 (raw  23.6)
   BLL144-2.0.html          OLD BLL144_1_1.html     64.0  NEW BLL144_1_1.html     64.8 (raw  44.4)
   module sum 193.4 over 3 -> 194.3 over 3  (mean 64.5 -> 64.8)

## BLL145: pairs 3 -> 3
   BLL145-0.0.html          OLD BLL145_0_0.html     75.8  NEW BLL145_0_0.html     75.8 (raw  66.7)
   BLL145-1.0.html          OLD BLL145_1_0.html     51.4  NEW BLL145_1_0.html     51.4 (raw  26.1)
   BLL145-2.0.html          OLD BLL145_1_1.html     59.9  NEW BLL145_1_1.html     59.7 (raw  33.7)
   module sum 187.0 over 3 -> 186.8 over 3  (mean 62.3 -> 62.3)

## BLL147: pairs 3 -> 3
   BLL147-0.0.html          OLD BLL147_0_0.html     78.5  NEW BLL147_0_0.html     78.5 (raw  71.3)
   BLL147-1.0.html          OLD BLL147_1_0.html     77.6  NEW BLL147_1_0.html     77.6 (raw  43.1)
   BLL147-2.0.html          OLD BLL147_1_1.html     60.6  NEW BLL147_1_1.html     60.6 (raw  37.5)
   module sum 216.6 over 3 -> 216.6 over 3  (mean 72.2 -> 72.2)

## BLL152: pairs 3 -> 3
   BLL152-0.0.html          OLD BLL152_0_0.html     68.9  NEW BLL152_0_0.html     68.9 (raw  63.6)
   BLL152-1.0.html          OLD BLL152_1_0.html     33.1  NEW BLL152_1_0.html     33.1 (raw  15.8)
   BLL152-2.0.html          OLD BLL152_1_1.html     59.9  NEW BLL152_1_1.html     59.9 (raw  24.8)
   module sum 161.8 over 3 -> 161.8 over 3  (mean 53.9 -> 53.9)

## BLL153: pairs 3 -> 3
   BLL153-01.html           OLD BLL153_0_0.html     77.0  NEW BLL153_0_0.html     77.0 (raw  70.7)
   BLL153-1.0.html          OLD BLL153_1_0.html     62.7  NEW BLL153_1_0.html     62.7 (raw  34.8)
   BLL153-2.0.html          OLD BLL153_1_1.html     58.1  NEW BLL153_1_1.html     58.1 (raw  24.9)
   module sum 197.9 over 3 -> 197.9 over 3  (mean 66.0 -> 66.0)

## BLL154: pairs 3 -> 3
   BLL154-0.0.html          OLD BLL154_0_0.html     60.2  NEW BLL154_0_0.html     60.2 (raw  54.4)
   BLL154-1.0.html          OLD BLL154_1_0.html     66.7  NEW BLL154_1_0.html     66.7 (raw  19.1)
   BLL154-2.0.html          OLD BLL154_1_1.html     77.1  NEW BLL154_1_1.html     77.1 (raw  36.1)
   module sum 203.9 over 3 -> 203.9 over 3  (mean 68.0 -> 68.0)

## BLL155: pairs 1 -> 1
   BLL155-acks.html         OLD BLL155_0_0.html      0.0  NEW BLL155_0_0.html      0.0 (raw   0.0)
   module sum 0.0 over 1 -> 0.0 over 1  (mean 0.0 -> 0.0)

## BLL156: pairs 3 -> 3
   BLL156-0.0.html          OLD BLL156_0_0.html     68.3  NEW BLL156_0_0.html     68.3 (raw  60.9)
   BLL156-1.0.html          OLD BLL156_1_0.html     67.2  NEW BLL156_1_0.html     67.2 (raw  30.4)
   BLL156-2.0.html          OLD BLL156_1_1.html     59.4  NEW BLL156_1_1.html     59.4 (raw  41.4)
   module sum 194.8 over 3 -> 194.8 over 3  (mean 64.9 -> 64.9)

## BLL161: pairs 3 -> 3
   BLL161-0.0.html          OLD BLL161_0_0.html     66.7  NEW BLL161_0_0.html     66.7 (raw  56.6)
   BLL161-1.0.html          OLD BLL161_1_0.html     49.0  NEW BLL161_1_0.html     49.0 (raw  29.8)
   BLL161-2.0.html          OLD BLL161_1_1.html     70.0  NEW BLL161_1_1.html     70.8 (raw  48.8)
   module sum 185.6 over 3 -> 186.5 over 3  (mean 61.9 -> 62.2)

## BLL162: pairs 3 -> 3
   BLL162-0.0.html          OLD BLL162_0_0.html     65.0  NEW BLL162_0_0.html     65.0 (raw  55.7)
   BLL162-1.0.html          OLD BLL162_1_0.html     70.2  NEW BLL162_1_0.html     70.2 (raw  43.9)
   BLL162-2.0.html          OLD BLL162_1_1.html     51.5  NEW BLL162_1_1.html     52.4 (raw  30.7)
   module sum 186.7 over 3 -> 187.6 over 3  (mean 62.2 -> 62.5)

## BLL163: pairs 3 -> 3
   BLL163_0.0.html          OLD BLL163_0_0.html     75.0  NEW BLL163_0_0.html     75.0 (raw  67.7)
   BLL163_1.0.html          OLD BLL163_1_0.html     61.8  NEW BLL163_1_0.html     61.8 (raw  29.9)
   BLL163_2.0.html          OLD BLL163_1_1.html     69.0  NEW BLL163_1_1.html     69.0 (raw  40.7)
   module sum 205.8 over 3 -> 205.8 over 3  (mean 68.6 -> 68.6)

## BLL164: pairs 3 -> 3
   BLL164-0.0.html          OLD BLL164_0_0.html     68.9  NEW BLL164_0_0.html     68.9 (raw  61.8)
   BLL164-1.0.html          OLD BLL164_1_0.html     63.2  NEW BLL164_1_0.html     63.2 (raw  46.4)
   BLL164-2.0.html          OLD BLL164_1_1.html     61.9  NEW BLL164_1_1.html     61.9 (raw  29.5)
   module sum 194.0 over 3 -> 194.0 over 3  (mean 64.7 -> 64.7)

## BLL165: pairs 3 -> 3
   BLL165-0.0.html          OLD BLL165_0_0.html     66.7  NEW BLL165_0_0.html     66.7 (raw  61.2)
   BLL165-1.0.html          OLD BLL165_1_0.html     60.1  NEW BLL165_1_0.html     60.1 (raw  28.2)
   BLL165-2.0.html          OLD BLL165_1_1.html     39.2  NEW BLL165_1_1.html     39.2 (raw  21.5)
   module sum 166.0 over 3 -> 166.0 over 3  (mean 55.3 -> 55.3)

## BLL166: pairs 3 -> 3
   BLL166-0.0.html          OLD BLL166_0_0.html     67.8  NEW BLL166_0_0.html     67.8 (raw  59.7)
   BLL166-1.0.html          OLD BLL166_1_0.html     80.3  NEW BLL166_1_0.html     80.3 (raw  53.2)
   BLL166-2.0.html          OLD BLL166_1_1.html     67.9  NEW BLL166_1_1.html     68.7 (raw  34.9)
   module sum 216.0 over 3 -> 216.8 over 3  (mean 72.0 -> 72.3)

## BLL173: pairs 3 -> 3
   BLL173-00.html           OLD BLL173_0_0.html     67.2  NEW BLL173_0_0.html     67.2 (raw  61.8)
   BLL173-01.html           OLD BLL173_1_0.html     52.9  NEW BLL173_1_0.html     52.9 (raw  32.0)
   BLL173-02.html           OLD BLL173_1_1.html     78.1  NEW BLL173_1_1.html     78.1 (raw  39.6)
   module sum 198.3 over 3 -> 198.3 over 3  (mean 66.1 -> 66.1)

## BLL174: pairs 3 -> 3
   BLL174-00.html           OLD BLL174_0_0.html     69.4  NEW BLL174_0_0.html     69.4 (raw  64.1)
   BLL174-01.html           OLD BLL174_1_0.html     74.6  NEW BLL174_1_0.html     74.6 (raw  43.0)
   BLL174-02.html           OLD BLL174_1_1.html     80.6  NEW BLL174_1_1.html     80.6 (raw  33.2)
   module sum 224.7 over 3 -> 224.7 over 3  (mean 74.9 -> 74.9)

## BLL175: pairs 3 -> 3
   BLL175-00.html           OLD BLL175_0_0.html     68.9  NEW BLL175_0_0.html     68.9 (raw  61.8)
   BLL175-01.html           OLD BLL175_1_0.html     67.2  NEW BLL175_1_0.html     67.2 (raw  26.2)
   BLL175-02.html           OLD BLL175_1_1.html     64.9  NEW BLL175_1_1.html     63.2 (raw  30.2)
   module sum 201.0 over 3 -> 199.3 over 3  (mean 67.0 -> 66.4)

## BLL176: pairs 3 -> 3
   BLL176-0.0.html          OLD BLL176_0_0.html     68.9  NEW BLL176_0_0.html     68.9 (raw  63.6)
   BLL176-1.0.html          OLD BLL176_1_0.html     77.9  NEW BLL176_1_0.html     77.9 (raw  41.4)
   BLL176-2.0.html          OLD BLL176_1_1.html     68.4  NEW BLL176_1_1.html     71.7 (raw  42.0)
   module sum 215.1 over 3 -> 218.4 over 3  (mean 71.7 -> 72.8)

## BLL211: pairs 3 -> 3
   BLL211-0.0.html          OLD BLL211_0_0.html     71.1  NEW BLL211_0_0.html     71.1 (raw  61.9)
   BLL211-1.0.html          OLD BLL211_1_0.html     94.6  NEW BLL211_1_0.html     94.6 (raw  63.8)
   BLL211-2.0.html          OLD BLL211_2_0.html     63.5  NEW BLL211_2_0.html     63.5 (raw  31.3)
   module sum 229.1 over 3 -> 229.1 over 3  (mean 76.4 -> 76.4)

## BLL212: pairs 3 -> 3
   BLL212-0.0.html          OLD BLL212_0_0.html     70.5  NEW BLL212_0_0.html     70.5 (raw  63.7)
   BLL212-1.0.html          OLD BLL212_1_0.html     80.3  NEW BLL212_1_0.html     80.3 (raw  52.2)
   BLL212-2.0.html          OLD BLL212_2_0.html     75.6  NEW BLL212_2_0.html     75.6 (raw  49.3)
   module sum 226.3 over 3 -> 226.3 over 3  (mean 75.4 -> 75.4)

## BLL213: pairs 3 -> 3
   BLL213-0.0.html          OLD BLL213_0_0.html     66.1  NEW BLL213_0_0.html     66.1 (raw  59.0)
   BLL213-1.0.html          OLD BLL213_1_0.html     86.1  NEW BLL213_1_0.html     86.1 (raw  56.1)
   BLL213-2.0.html          OLD BLL213_2_0.html     37.9  NEW BLL213_2_0.html     37.9 (raw  12.1)
   module sum 190.1 over 3 -> 190.1 over 3  (mean 63.4 -> 63.4)

## BLL214: pairs 3 -> 3
   BLL214-0.0.html          OLD BLL214_0_0.html     69.9  NEW BLL214_0_0.html     69.9 (raw  63.2)
   BLL214-1.0.html          OLD BLL214_1_0.html     45.4  NEW BLL214_1_0.html     45.4 (raw  32.5)
   BLL214-2.0.html          OLD BLL214_2_0.html     74.0  NEW BLL214_2_0.html     74.0 (raw  48.6)
   module sum 189.3 over 3 -> 189.3 over 3  (mean 63.1 -> 63.1)

## BLL222: pairs 3 -> 3
   BLL222-0.0.html          OLD BLL222_0_0.html     71.1  NEW BLL222_0_0.html     71.1 (raw  62.3)
   BLL222-1.0.html          OLD BLL222_1_0.html     50.7  NEW BLL222_1_0.html     50.7 (raw  39.8)
   BLL222-2.0.html          OLD BLL222_2_0.html     60.0  NEW BLL222_2_0.html     60.0 (raw  29.1)
   module sum 181.8 over 3 -> 181.8 over 3  (mean 60.6 -> 60.6)

## BLL223: pairs 3 -> 3
   BLL223-0.0.html          OLD BLL223_0_0.html     72.9  NEW BLL223_0_0.html     72.9 (raw  62.8)
   BLL223-1.0.html          OLD BLL223_1_0.html     75.0  NEW BLL223_1_0.html     75.0 (raw  23.4)
   BLL223-2.0.html          OLD BLL223_2_0.html     54.2  NEW BLL223_2_0.html     53.8 (raw  33.7)
   module sum 202.1 over 3 -> 201.7 over 3  (mean 67.4 -> 67.2)

## BLL224: pairs 3 -> 3
   BLL224-0.0.html          OLD BLL224_0_0.html     72.6  NEW BLL224_0_0.html     72.6 (raw  64.7)
   BLL224-1.0.html          OLD BLL224_1_0.html     48.7  NEW BLL224_1_0.html     48.7 (raw  49.8)
   BLL224-2.0.html          OLD BLL224_2_0.html     75.4  NEW BLL224_2_0.html     75.4 (raw  43.8)
   module sum 196.6 over 3 -> 196.6 over 3  (mean 65.5 -> 65.5)

## BLL225: pairs 3 -> 3
   BLL225-0.0.html          OLD BLL225_0_0.html     71.1  NEW BLL225_0_0.html     71.1 (raw  61.0)
   BLL225-1.0.html          OLD BLL225_1_0.html     76.1  NEW BLL225_1_0.html     76.1 (raw  42.9)
   BLL225-2.0.html          OLD BLL225_2_0.html     77.6  NEW BLL225_2_0.html     77.6 (raw  51.1)
   module sum 224.8 over 3 -> 224.8 over 3  (mean 74.9 -> 74.9)

changed modules: pairs 97 -> 97; pp-sum 6262.6 -> 6269.7 (+7.1)
corpus: 55.3576 % @ 2491 -> ≈ 55.3605 % @ 2491  (+0.0029pp);  >=50 +0, >=75 +0
