[01:05:21] run_all_gates.sh
  rc=0
13:— selftest: DETECTION (an injected divergence must be flagged) —
16:  ✓ dynamic differ SEES a real option divergence (imageMode P vs D)
17:RESULT: PASS (entry parity holds)
23:pairs skipped (parse error): 0
87:STRUCTURALLY CLEAN pages (zero structural defects): 2587/2633 = 98.3%
91:  A_literal_tag_leak                         75 occ |   46 pages
94:  GENO901     16  {'A_literal_tag_leak': 16}
95:  DTC1005     14  {'A_literal_tag_leak': 14}
96:  PWY1009      4  {'A_literal_tag_leak': 4}
97:  MUS1004      4  {'A_literal_tag_leak': 4}
98:  XGF9004      2  {'A_literal_tag_leak': 2}
99:  TRR116       2  {'A_literal_tag_leak': 2}
100:  MXS1004      2  {'A_literal_tag_leak': 2}
101:  MXFU302      2  {'A_literal_tag_leak': 2}
102:  HIS1005      2  {'A_literal_tag_leak': 2}
103:  ENGI102      2  {'A_literal_tag_leak': 2}
104:  ENFUN09      2  {'A_literal_tag_leak': 2}
105:  CBI1008      2  {'A_literal_tag_leak': 2}
106:  BLL260       2  {'A_literal_tag_leak': 2}
107:  TRR304       1  {'A_literal_tag_leak': 1}
108:  TRR115       1  {'A_literal_tag_leak': 1}
109:  TRR106       1  {'A_literal_tag_leak': 1}
110:  TRR102       1  {'A_literal_tag_leak': 1}
111:  TEFUN07      1  {'A_literal_tag_leak': 1}
112:  SSFUN05      1  {'A_literal_tag_leak': 1}
113:  MXFUN01      1  {'A_literal_tag_leak': 1}
114:  MXEO301      1  {'A_literal_tag_leak': 1}
115:  MXDI201      1  {'A_literal_tag_leak': 1}
116:  HIS1006      1  {'A_literal_tag_leak': 1}
117:  HIS1002      1  {'A_literal_tag_leak': 1}
[01:09:18] skeleton state (--json) + delta vs r479
  rc=0
OLD pairs 2491  SCAFFOLD 55.2477%  RAW 39.200%  >=50 1576  >=75 275  >=90 25
NEW pairs 2491  SCAFFOLD 55.3088%  RAW 39.240%  >=50 1580  >=75 275  >=90 25
delta SCAFFOLD +0.0611pp  RAW +0.040pp  >=50 +4  >=75 +0  >=90 +0
movers 14 (up 12 / down 2), pp-sum +152.2
movers outside the affected set: 0 []
new-only pages: 0  gone pages: 0
  TRR116     TRR116_1_0.html            31.8 ->   58.3  (+26.5)
  TRR106     TRR106_2_0.html            19.7 ->   44.4  (+24.7)
  TRR116     TRR116_2_0.html            29.5 ->   53.8  (+24.3)
  TRR116     TRR116_9_0.html            35.3 ->   54.2  (+19.0)
  TRR116     TRR116_7_0.html            34.3 ->   47.8  (+13.5)
  TRR116     TRR116_3_0.html            42.9 ->   54.0  (+11.1)
  TRR103     TRR103_2_0.html            30.3 ->   40.7  (+10.4)
  TRR106     TRR106_1_0.html            33.3 ->   41.6  (+8.3)
  TRR116     TRR116_4_0.html            18.5 ->   26.0  (+7.5)
  TRR116     TRR116_6_0.html            33.7 ->   41.2  (+7.4)
  TRR116     TRR116_8_0.html            30.1 ->   32.6  (+2.5)
  TRR103     TRR103_3_0.html            39.7 ->   40.5  (+0.9)
  TRR103     TRR103_1_0.html            39.0 ->   38.4  (-0.7)
  TRR116     TRR116_5_0.html            29.6 ->   26.5  (-3.2)
[01:10:40] gatecheck: cs bc FIRST (never trust a cached row), then skeleton defect
  rc=2
  rc=2
[01:10:46] ship ledger check
[ledger] last full ship: round 474 (2026-09-24T08:36:59Z); scoped ships since: 6 (cadence 8, hard 16)
  OK — a full-ship backstop is not yet due (2 scoped ship(s) of headroom).
  (the scoped ship already patched the fast-loop baseline and refreshed the content manifest)
[01:10:46] selftests
  rc=0  PASS/GREEN lines: 50  FAIL lines: 0
[01:11:59] feature index
  rc=0
SELFTEST build_feature_index: GREEN
[01:12:13] DIFF MINER (§1d — after every regeneration)
  miner rc=0
pairs 2491 / modules 530 / parse errors 0 / diff lines 275837 / classes 9353 (CANDIDATE 195, below floor 8859) in 88.0 s
wrote /mnt/c/Users/Gavin/TeKura/FINAL_MODULE_DATA/CONVERTER_V2/outputs/_diff_miner.json
wrote /mnt/c/Users/Gavin/TeKura/FINAL_MODULE_DATA/DIFF_QUEUE.md
[01:13:46] POSTSHIP_DONE
