BLL113: built 2 carousel(s), 4 video slides  ✓ all slide ids match the human
BLL116: built 3 carousel(s), 6 video slides  ✗ 3 slide id(s) NOT in the human carousels
BLL123: built 1 carousel(s), 0 video slides  ✓ all slide ids match the human
BLL124: built 1 carousel(s), 0 video slides  ✓ all slide ids match the human
BLL126: built 2 carousel(s), 4 video slides  ✓ all slide ids match the human
BLL142: built 1 carousel(s), 0 video slides  ✓ all slide ids match the human
BLL143: built 2 carousel(s), 0 video slides  ✓ all slide ids match the human
BLL144: built 3 carousel(s), 3 video slides  ✗ 1 slide id(s) NOT in the human carousels
BLL145: built 1 carousel(s), 0 video slides  ✓ all slide ids match the human
BLL147: built 1 carousel(s), 0 video slides  ✓ all slide ids match the human
BLL152: built 1 carousel(s), 0 video slides  ✓ all slide ids match the human
BLL153: built 1 carousel(s), 0 video slides  ✓ all slide ids match the human
BLL154: built 1 carousel(s), 0 video slides  ✓ all slide ids match the human
BLL155: built 2 carousel(s), 4 video slides  ✗ 4 slide id(s) NOT in the human carousels
BLL156: built 2 carousel(s), 3 video slides  ✓ all slide ids match the human
BLL161: built 2 carousel(s), 2 video slides  ✓ all slide ids match the human
BLL162: built 3 carousel(s), 3 video slides  ✓ all slide ids match the human
BLL163: built 1 carousel(s), 0 video slides  ✓ all slide ids match the human
BLL164: built 1 carousel(s), 0 video slides  ✓ all slide ids match the human
BLL165: built 1 carousel(s), 0 video slides  ✓ all slide ids match the human
BLL166: built 3 carousel(s), 2 video slides  ✓ all slide ids match the human
BLL173: built 1 carousel(s), 0 video slides  ✓ all slide ids match the human
BLL174: built 1 carousel(s), 0 video slides  ✓ all slide ids match the human
BLL175: built 2 carousel(s), 0 video slides  ✓ all slide ids match the human
BLL176: built 2 carousel(s), 0 video slides  ✓ all slide ids match the human
BLL211: built 2 carousel(s), 3 video slides  ✓ all slide ids match the human
🟠 [ModuleResolver] Multiple module-code candidates found (BLL212, BLL182) — using BLL212 from filename "BLL212 Writers Template + Media List.docx".
BLL212: built 2 carousel(s), 0 video slides  ✓ all slide ids match the human
🟠 [ModuleResolver] Multiple module-code candidates found (BLL213, BLL183) — using BLL213 from filename "BLL213 Writers Template + Media List.docx".
BLL213: built 2 carousel(s), 0 video slides  ✓ all slide ids match the human
🟠 [ModuleResolver] Multiple module-code candidates found (BLL214, BLL184) — using BLL214 from filename "BLL214 Writers Template + Media List.docx".
BLL214: built 2 carousel(s), 0 video slides  ✓ all slide ids match the human
BLL222: built 3 carousel(s), 6 video slides  ✓ all slide ids match the human
BLL223: built 3 carousel(s), 4 video slides  ✓ all slide ids match the human
BLL224: built 3 carousel(s), 8 video slides  ✓ all slide ids match the human
BLL225: built 1 carousel(s), 0 video slides  ✓ all slide ids match the human

TOTAL: 59 carousels built across 33 modules, 52 video slides; 8 mismatched slide ids.
RESULT: mismatches present ✗
