BLL112: identical 3 / changed 1
BLL125: identical 3 / changed 1
BLL130: identical 1 / changed 1
BLL146: identical 3 / changed 1
BLL147: identical 3 / changed 1
BLL157: identical 3 / changed 1
BLL161: identical 3 / changed 1
BLL210: identical 1 / changed 1
BLL215: identical 3 / changed 1
BLL216: identical 3 / changed 1
BLL220: identical 1 / changed 1
BLL224: identical 3 / changed 1
BLL227: identical 3 / changed 1
BLL230: identical 1 / changed 1
BLL231: identical 3 / changed 1
BLL233: identical 3 / changed 1
BLL244: identical 3 / changed 1
BLL253: identical 3 / changed 1
BLL264: identical 3 / changed 1
BLL266: identical 3 / changed 1
BLLR202: identical 6 / changed 2
CEDR203: identical 1 / changed 1
ENGC102: identical 8 / changed 1
ENGC202: identical 9 / changed 1
ENGC204: identical 7 / changed 1
ENGI103: identical 6 / changed 2
ENGI203: identical 9 / changed 3
ENGJ102: identical 6 / changed 1
ENGJ202: identical 6 / changed 1
ENGR201: identical 7 / changed 1
ENGS102: identical 7 / changed 1
ENGS201: identical 8 / changed 2
MXDI101: identical 10 / changed 1
MXEO201: identical 9 / changed 1
MXFL103: identical 8 / changed 1
OSGM101: identical 3 / changed 1
WJFUN116: identical 1 / changed 1
WJFUN205: identical 1 / changed 1

TOTAL: identical 164 / changed 43 / missing 0 over 38 modules
CHANGED: BLL112/BLL112_1_0.html BLL125/BLL125_1_0.html BLL130/BLL130_0_0.html BLL146/BLL146_1_0.html BLL147/BLL147_1_0.html BLL157/BLL157_1_1.html BLL161/BLL161_1_1.html BLL210/BLL210_0_0.html BLL215/BLL215_1_0.html BLL216/BLL216_1_0.html BLL220/BLL220_0_0.html BLL224/BLL224_2_0.html BLL227/BLL227_2_0.html BLL230/BLL230_0_0.html BLL231/BLL231_1_0.html BLL233/BLL233_1_0.html BLL244/BLL244_1_0.html BLL253/BLL253_1_0.html BLL264/BLL264_3_0.html BLL266/BLL266_1_0.html BLLR202/BLLR202_1_0.html BLLR202/BLLR202_4_0.html CEDR203/CEDR203_0_0.html ENGC102/ENGC102_2_0.html ENGC202/ENGC202_1_0.html ENGC204/ENGC204_2_0.html ENGI103/ENGI103_2_0.html ENGI103/ENGI103_6_0.html ENGI203/ENGI203_4_0.html ENGI203/ENGI203_6_0.html ENGI203/ENGI203_10_0.html ENGJ102/ENGJ102_4_0.html ENGJ202/ENGJ202_3_0.html ENGR201/ENGR201_2_0.html ENGS102/ENGS102_5_0.html ENGS201/ENGS201_3_0.html ENGS201/ENGS201_4_0.html MXDI101/MXDI101_8_0.html MXEO201/MXEO201_5_0.html MXFL103/MXFL103_1_1.html OSGM101/OSGM101_2_0.html WJFUN116/WJFUN116_0_0.html WJFUN205/WJFUN205_0_0.html
