CEDT501/CEDT501_2_0.html: gold 163 lines | position-free overlap OLD(r493) 124 / 144  NEW(r494) 127 / 153  (Δ +3) 
XMES103/XMES103_4_0.html: gold 153 lines | position-free overlap OLD(r493) 98 / 110  NEW(r494) 99 / 111  (Δ +1) 
MXFU402/MXFU402_3_0.html: gold 344 lines | position-free overlap OLD(r493) 165 / 196  NEW(r494) 167 / 199  (Δ +2) 
ENGI301/ENGI301_2_0.html: gold 83 lines | position-free overlap OLD(r493) 30 / 32  NEW(r494) 37 / 39  (Δ +7) 
ENFUN04/ENFUN04_0_0.html: gold 418 lines | position-free overlap OLD(r493) 349 / 485  NEW(r494) 349 / 493  (Δ +0) 
AGH1009/AGH1009_3_0.html: gold 82 lines | position-free overlap OLD(r493) 72 / 140  NEW(r494) 72 / 142  (Δ +0) 
FRNO901/FRNO901_3_0.html: gold 134 lines | position-free overlap OLD(r493) 91 / 110  NEW(r494) 92 / 112  (Δ +1) 
ENGR201/ENGR201_4_0.html: gold 164 lines | position-free overlap OLD(r493) 103 / 118  NEW(r494) 103 / 120  (Δ +0) 
XTAS102/XTAS102_4_0.html: gold 241 lines | position-free overlap OLD(r493) 127 / 137  NEW(r494) 131 / 145  (Δ +4) 
XLP01/XLP01_2_0.html: gold 96 lines | position-free overlap OLD(r493) 82 / 189  NEW(r494) 82 / 192  (Δ +0) 
CEDR501/CEDR501_2_0.html: gold 174 lines | position-free overlap OLD(r493) 100 / 136  NEW(r494) 101 / 146  (Δ +1) 
XLP01/XLP01_1_0.html: gold 146 lines | position-free overlap OLD(r493) 107 / 169  NEW(r494) 107 / 174  (Δ +0) 
XTAS101/XTAS101_2_0.html: gold 172 lines | position-free overlap OLD(r493) 117 / 179  NEW(r494) 119 / 184  (Δ +2) 
XMES103/XMES103_3_0.html: gold 196 lines | position-free overlap OLD(r493) 116 / 130  NEW(r494) 131 / 155  (Δ +15) 
CEDO502/CEDO502_1_1.html: gold 295 lines | position-free overlap OLD(r493) 199 / 237  NEW(r494) 206 / 255  (Δ +7) 
BLL157/BLL157_1_1.html: gold 92 lines | position-free overlap OLD(r493) 68 / 84  NEW(r494) 68 / 84  (Δ +0) 
XTAS103/XTAS103_4_0.html: gold 328 lines | position-free overlap OLD(r493) 226 / 285  NEW(r494) 229 / 296  (Δ +3) 
BLL127/BLL127_2_0.html: gold 106 lines | position-free overlap OLD(r493) 73 / 82  NEW(r494) 73 / 82  (Δ +0) 
BLL117/BLL117_2_0.html: gold 89 lines | position-free overlap OLD(r493) 73 / 83  NEW(r494) 74 / 83  (Δ +1) 
XMES103/XMES103_2_0.html: gold 200 lines | position-free overlap OLD(r493) 107 / 128  NEW(r494) 114 / 138  (Δ +7) 
FRFUN06/FRFUN06_5_0.html: gold 383 lines | position-free overlap OLD(r493) 79 / 126  NEW(r494) 80 / 144  (Δ +1) 
XFUN02/XFUN02_3_0.html: gold 213 lines | position-free overlap OLD(r493) 100 / 110  NEW(r494) 114 / 175  (Δ +14) 
XMES202/XMES202_2_0.html: gold 456 lines | position-free overlap OLD(r493) 190 / 199  NEW(r494) 192 / 201  (Δ +2) 
ENGJ201/ENGJ201_5_0.html: gold 73 lines | position-free overlap OLD(r493) 45 / 50  NEW(r494) 52 / 65  (Δ +7) 
