re-scoring 50 affected module(s): AGH1002 AGH1003 AGH1004 AGH1009 BLL117 BLL127 BLL137 BLL157 BLLR201 CEDO502 CEDR501 CEDT501 CEDW501 CHFUN05 COM1002 ENFUN01 ENFUN04 ENGC403 ENGI102 ENGI301 ENGJ201 ENGR201 EXBP901 EXPFUN05 FRFUN06 FRNO901 GER1002 HIS1008 MXEO401 MXFU402 OSGM501 TEDC401 WJFUN208 XDLS912 XFUN02 XGF9004 XLP01 XLP02 XLP03 XLP04 XMES101 XMES103 XMES201 XMES202 XMES203 XOTPB10 XOTPG01 XTAS101 XTAS102 XTAS103
baseline taken: 2026-09-24T23:54:17Z
(unaffected modules unchanged by construction — corpus aggregate moves by exactly the affected-set delta)

  metric                                 baseline        new     delta  verdict
  -----------------------------------------------------------------------------
  skeleton SCAFFOLD mean %                  55.39      55.41     +0.02  IMPROVED
  skeleton pages >=50%                       1586       1587        +1  IMPROVED
  skeleton pages >=75%                        277        277         0  HELD
  compare_structure exact chain             16708      16744       +36  IMPROVED
  compare_structure EXTRA container           198        198         0  HELD
  compare_structure missing container         879        888        +9  REGRESSED
  body_compare ANY breakdown                  238        236        -2  IMPROVED
  defect structurally-clean %               98.25      98.25      0.00  HELD
  literal-[tag] leak (occ)                     75         75         0  HELD
  literal-[tag] leak (pages)                   46         46         0  HELD

  context (no pass/fail): sk_pages: 2491->2491  cs_matched: 19467->19518  body_pages: 2633->2633  df_total: 2633->2633  df_clean: 2587->2587

RESULT: MOVED, ACCEPTED AS NAMED — compare_structure missing container
        Every mover was named on the command line and must be decomposed in the
        round's changelog entry (which page, which mechanism). Recorded in the manifest.
[commit] fast-loop baseline PATCHED (2491 pages) + content manifest refreshed — this is now the shipped state the next inner loop measures against.
[commit] recorded accepted named movement: compare_structure missing container
