[11:54:26] run_all_gates.sh
  rc=0
13:— selftest: DETECTION (an injected divergence must be flagged) —
16:  ✓ dynamic differ SEES a real option divergence (imageMode P vs D)
17:RESULT: PASS (entry parity holds)
23:pairs skipped (parse error): 0
87:STRUCTURALLY CLEAN pages (zero structural defects): 2587/2633 = 98.3%
91:  A_literal_tag_leak                         75 occ |   46 pages
94:  GENO901     16  {'A_literal_tag_leak': 16}
95:  DTC1005     14  {'A_literal_tag_leak': 14}
96:  PWY1009      4  {'A_literal_tag_leak': 4}
97:  MUS1004      4  {'A_literal_tag_leak': 4}
98:  XGF9004      2  {'A_literal_tag_leak': 2}
99:  TRR116       2  {'A_literal_tag_leak': 2}
100:  MXS1004      2  {'A_literal_tag_leak': 2}
101:  MXFU302      2  {'A_literal_tag_leak': 2}
102:  HIS1005      2  {'A_literal_tag_leak': 2}
103:  ENGI102      2  {'A_literal_tag_leak': 2}
104:  ENFUN09      2  {'A_literal_tag_leak': 2}
105:  CBI1008      2  {'A_literal_tag_leak': 2}
106:  BLL260       2  {'A_literal_tag_leak': 2}
107:  TRR304       1  {'A_literal_tag_leak': 1}
108:  TRR115       1  {'A_literal_tag_leak': 1}
109:  TRR106       1  {'A_literal_tag_leak': 1}
110:  TRR102       1  {'A_literal_tag_leak': 1}
111:  TEFUN07      1  {'A_literal_tag_leak': 1}
112:  SSFUN05      1  {'A_literal_tag_leak': 1}
113:  MXFUN01      1  {'A_literal_tag_leak': 1}
114:  MXEO301      1  {'A_literal_tag_leak': 1}
115:  MXDI201      1  {'A_literal_tag_leak': 1}
116:  HIS1006      1  {'A_literal_tag_leak': 1}
117:  HIS1002      1  {'A_literal_tag_leak': 1}
[11:58:01] skeleton state (--json) + delta vs r492
  rc=0
OLD pairs 2491  SCAFFOLD 55.3852%  RAW 39.340%  >=50 1586  >=75 277  >=90 26
NEW pairs 2491  SCAFFOLD 55.3885%  RAW 39.342%  >=50 1586  >=75 277  >=90 26
delta SCAFFOLD +0.0032pp  RAW +0.003pp  >=50 +0  >=75 +0  >=90 +0
movers 13 (up 11 / down 2), pp-sum +8.0
movers outside the affected set: 0 []
new-only pages: 0  gone pages: 0
  BLL254     BLL254_2_0.html            35.6 ->   37.8  (+2.1)
  BLL273     BLL273_2_0.html            51.0 ->   52.8  (+1.9)
  BLL272     BLL272_2_0.html            59.0 ->   60.5  (+1.5)
  BLL256     BLL256_2_0.html            53.7 ->   55.2  (+1.4)
  BLL220     BLL220_0_0.html            59.3 ->   59.7  (+0.4)
  BLL140     BLL140_0_0.html            58.1 ->   58.4  (+0.3)
  BLL230     BLL230_0_0.html            50.4 ->   50.7  (+0.3)
  BLL240     BLL240_0_0.html            58.4 ->   58.7  (+0.3)
  BLL130     BLL130_0_0.html            46.4 ->   46.7  (+0.3)
  BLL170     BLL170_0_0.html            60.7 ->   60.9  (+0.2)
  BLL210     BLL210_0_0.html            61.0 ->   61.1  (+0.2)
  BLL160     BLL160_0_0.html            32.7 ->   32.7  (-0.1)
  BLL243     BLL243_1_1.html            64.0 ->   63.3  (-0.7)
[11:59:18] gatecheck: cs bc FIRST (never trust a cached row), then skeleton defect
  rc=2
  rc=2
[11:59:23] ship ledger check
[ledger] last full ship: round 490 (2026-09-24T20:25:08Z); scoped ships since: 3 (cadence 8, hard 16)
  OK — a full-ship backstop is not yet due (5 scoped ship(s) of headroom).
[11:59:23] selftests
  rc=0  PASS/GREEN lines: 50  FAIL lines: 0
[12:00:34] feature index
  rc=0
SELFTEST build_feature_index: GREEN
[12:00:45] DIFF MINER (§1d — after every regeneration)
  miner rc=0
pairs 2491 / modules 530 / parse errors 0 / diff lines 275077 / classes 9368 (CANDIDATE 194, below floor 8876) in 81.9 s
wrote /mnt/c/Users/Gavin/TeKura/FINAL_MODULE_DATA/CONVERTER_V2/outputs/_diff_miner.json
wrote /mnt/c/Users/Gavin/TeKura/FINAL_MODULE_DATA/DIFF_QUEUE.md
[12:02:12] POSTSHIP_DONE
