CBI1008: identical 6 / changed 0
CBI1009: identical 5 / changed 0
CEDK101: identical 2 / changed 0
CEDK102: identical 2 / changed 0
CEDK401: identical 2 / changed 0
CEDK501: identical 15 / changed 0
CEDO102: identical 2 / changed 0
CEDO105: identical 7 / changed 0
CEDO201: identical 2 / changed 0
CEDO202: identical 2 / changed 0
CEDO204: identical 2 / changed 0
CEDO301: identical 7 / changed 0
CEDO402: identical 2 / changed 0
CEDO501: identical 17 / changed 0
CEDO502: identical 11 / changed 0
CEDR101: identical 2 / changed 0
CEDR201: identical 2 / changed 0
CEDR203: identical 2 / changed 0
CEDR204: identical 2 / changed 0
CEDR301: identical 2 / changed 0
CEDR302: identical 2 / changed 0
CEDR401: identical 2 / changed 0
CEDR501: identical 12 / changed 0
CEDT101: identical 2 / changed 0
CEDT102: identical 2 / changed 0
CEDT104: identical 2 / changed 0
CEDT201: identical 2 / changed 0
CEDT202: identical 2 / changed 0
CEDT203: identical 2 / changed 0
CEDT204: identical 2 / changed 0
CEDT207: identical 2 / changed 0
CEDT208: identical 2 / changed 0
CEDT301: identical 8 / changed 0
CEDT404: identical 2 / changed 0
CEDT501: identical 16 / changed 0
CEDW101: identical 2 / changed 0
CEDW201: identical 2 / changed 0
CEDW303: identical 2 / changed 0
CEDW501: identical 13 / changed 1
CHFUN01: identical 2 / changed 0
CHFUN04: identical 2 / changed 0
CHFUN05: identical 2 / changed 0
CHFUN06: identical 2 / changed 0
CHFUN07: identical 2 / changed 0
CHFUN08: identical 2 / changed 0
CHI1003: identical 10 / changed 0
CHI1004: identical 11 / changed 0
CHI1005: identical 9 / changed 0
CHWHA: identical 2 / changed 0
COM1002: identical 10 / changed 0
COM1005: identical 10 / changed 0
COM1006: identical 10 / changed 0
DAN1003: identical 9 / changed 1
DAN1004: identical 10 / changed 0
DAN1006: identical 11 / changed 1
DTC1004: identical 9 / changed 0
DTC1005: identical 22 / changed 0
ENFUN01: identical 2 / changed 0
ENFUN02: identical 2 / changed 0
ENFUN03: identical 2 / changed 0
ENFUN04: identical 2 / changed 0
ENFUN05: identical 1 / changed 1
ENFUN07: identical 2 / changed 0
ENFUN08: identical 2 / changed 0
ENFUN09: identical 2 / changed 0
ENG1004: identical 9 / changed 0
ENG1005: identical 7 / changed 0
ENG1007: identical 2 / changed 0
ENGC101: identical 7 / changed 0
ENGC102: identical 9 / changed 0
ENGC201: identical 8 / changed 0
ENGC202: identical 10 / changed 0
ENGC204: identical 8 / changed 0
ENGC206: identical 9 / changed 0
ENGC301: identical 9 / changed 0
ENGC302: identical 9 / changed 0
ENGC401: identical 9 / changed 0
ENGC403: identical 17 / changed 0
ENGFUN02: identical 6 / changed 0
ENGI101: identical 5 / changed 0
ENGI102: identical 8 / changed 0
ENGI103: identical 8 / changed 0
ENGI201: identical 6 / changed 0
ENGI202: identical 8 / changed 0
ENGI203: identical 12 / changed 0
ENGI301: identical 7 / changed 0
ENGI302: identical 7 / changed 1
ENGI303: identical 8 / changed 0
ENGI400: identical 5 / changed 0
ENGI401: identical 13 / changed 0
ENGI405: identical 8 / changed 1
ENGJ101: identical 6 / changed 0
ENGJ102: identical 7 / changed 0
ENGJ201: identical 8 / changed 0
ENGJ202: identical 7 / changed 0
ENGJ301: identical 9 / changed 0
ENGJ302: identical 11 / changed 0
ENGJ402: identical 10 / changed 0
ENGJ403: identical 11 / changed 0
ENGR101: identical 9 / changed 0
ENGR102: identical 7 / changed 0
ENGR201: identical 8 / changed 0
ENGR202: identical 9 / changed 0
ENGR301: identical 10 / changed 0
ENGR302: identical 9 / changed 0
ENGS101: identical 7 / changed 0
ENGS102: identical 8 / changed 0
ENGS201: identical 10 / changed 0
ENGS202: identical 8 / changed 0
ENGS301: identical 9 / changed 0
ENGS302: identical 8 / changed 0
ENGS401: identical 7 / changed 1
ENGS404: identical 13 / changed 0
ENGS405: identical 2 / changed 0
ENO2060: identical 7 / changed 0
EXBP901: identical 7 / changed 0
EXIP901: identical 7 / changed 0
EXPFUN02: identical 2 / changed 0
EXPFUN03: identical 2 / changed 0
EXPFUN04: identical 2 / changed 0
EXPFUN05: identical 2 / changed 0
EXPFUN06: identical 2 / changed 0
EXPFUN07: identical 2 / changed 0
FRFUN06: identical 11 / changed 0
FRFUN07: identical 10 / changed 0
FRFUN08: identical 12 / changed 0
FRNO901: identical 10 / changed 0
FRNO902: identical 9 / changed 1
GENO901: identical 22 / changed 2
GEO1004: identical 4 / changed 0
GEO1005: identical 8 / changed 0
GEO1006: identical 7 / changed 0

TOTAL: identical 856 / changed 10 / missing 0 over 132 modules
CHANGED: CEDW501/CEDW501_2_0.html DAN1003/DAN1003_0_0.html DAN1006/DAN1006_2_0.html ENFUN05/ENFUN05_0_0.html ENGI302/ENGI302_2_0.html ENGI405/ENGI405_1_0.html ENGS401/ENGS401_5_0.html FRNO902/FRNO902_5_0.html GENO901/GENO901_3_0.html GENO901/GENO901_7_0.html
