======================================================================
 SCOPED SHIP — affected=../../outputs/_affected_r493.txt (13 modules), toggle=DROPBOXEND_OFF
======================================================================
[0] toggle-exists invariant (DROPBOXEND_OFF)
    OK — DROPBOXEND_OFF found in app/js (the last-shipped corpus == this toggle OFF).

[1] content-hash 0-stale (mtime false-alarm defeated)
[content-manifest] content-hash 0-stale vs _content_manifest.txt
  affected set: 13 module(s) (must be freshly regenerated)
  unaffected  : 530 module(s) (must be byte-identical to the manifest; mtime IGNORED)
  OK — 0 truly stale. 13 affected regenerated; the untouched corpus is byte-identical to the manifest (mtime false-alarm defeated).

[2] containment — actually-changed modules must be a subset of the affected set
    OK — 13 changed module(s) are a subset of 13 affected (the true set ⊆ the detector set).

[3] completeness spot-check (a mis-specified P is caught here)
[spotcheck] verifying 12 non-affected modules regenerated WITH the fix ON
  OK — all 12 sampled non-affected modules are BYTE-IDENTICAL under the fix (P's no-op claim holds on the sample).

[4] exact gate proof (decomposition vs the last-ship baseline)
re-scoring 25 affected module(s): ANZH301 ANZH404 ARFUN03 BLL130 BLL140 BLL160 BLL170 BLL210 BLL220 BLL230 BLL240 BLL243 BLL254 BLL256 BLL272 BLL273 CEDR203 CEDT208 FRNO901 HPFUN202 MXDB202 MXDI101 MXEO202 PWY1008 XLP03
baseline taken: 2026-09-24T23:23:21Z
(unaffected modules unchanged by construction — corpus aggregate moves by exactly the affected-set delta)

  metric                                 baseline        new     delta  verdict
  -----------------------------------------------------------------------------
  skeleton SCAFFOLD mean %                  55.39      55.39     +0.00  IMPROVED
  skeleton pages >=50%                       1586       1586         0  HELD
  skeleton pages >=75%                        277        277         0  HELD
  compare_structure exact chain             16700      16708        +8  IMPROVED
  compare_structure EXTRA container           198        198         0  HELD
  compare_structure missing container         878        879        +1  REGRESSED
  body_compare ANY breakdown                  238        238         0  HELD
  defect structurally-clean %               98.25      98.25      0.00  HELD
  literal-[tag] leak (occ)                     75         75         0  HELD
  literal-[tag] leak (pages)                   46         46         0  HELD

  context (no pass/fail): sk_pages: 2491->2491  cs_matched: 19458->19467  body_pages: 2633->2633  df_total: 2633->2633  df_clean: 2587->2587

RESULT: FAIL — REGRESSED: compare_structure missing container
        (inner-loop only — investigate before the ship checkpoint; toggle the fix OFF and re-run to isolate.)

[6] periodic full-ship backstop cadence
[ledger] last full ship: round 490 (2026-09-24T20:25:08Z); scoped ships since: 3 (cadence 8, hard 16)
  OK — a full-ship backstop is not yet due (5 scoped ship(s) of headroom).

SCOPED SHIP: FAILED — see the log above.
