re-scoring 25 affected module(s): ANZH301 ANZH404 ARFUN03 BLL130 BLL140 BLL160 BLL170 BLL210 BLL220 BLL230 BLL240 BLL243 BLL254 BLL256 BLL272 BLL273 CEDR203 CEDT208 FRNO901 HPFUN202 MXDB202 MXDI101 MXEO202 PWY1008 XLP03
baseline taken: 2026-09-24T23:23:21Z
(unaffected modules unchanged by construction — corpus aggregate moves by exactly the affected-set delta)

  metric                                 baseline        new     delta  verdict
  -----------------------------------------------------------------------------
  skeleton SCAFFOLD mean %                  55.39      55.39     +0.00  IMPROVED
  skeleton pages >=50%                       1586       1586         0  HELD
  skeleton pages >=75%                        277        277         0  HELD
  compare_structure exact chain             16700      16708        +8  IMPROVED
  compare_structure EXTRA container           198        198         0  HELD
  compare_structure missing container         878        879        +1  REGRESSED
  body_compare ANY breakdown                  238        238         0  HELD
  defect structurally-clean %               98.25      98.25      0.00  HELD
  literal-[tag] leak (occ)                     75         75         0  HELD
  literal-[tag] leak (pages)                   46         46         0  HELD

  context (no pass/fail): sk_pages: 2491->2491  cs_matched: 19458->19467  body_pages: 2633->2633  df_total: 2633->2633  df_clean: 2587->2587

RESULT: MOVED, ACCEPTED AS NAMED — compare_structure missing container
        Every mover was named on the command line and must be decomposed in the
        round's changelog entry (which page, which mechanism). Recorded in the manifest.
[commit] fast-loop baseline PATCHED (2491 pages) + content manifest refreshed — this is now the shipped state the next inner loop measures against.
[commit] recorded accepted named movement: compare_structure missing container
