GER1002: identical 4 / changed 0
GEWHA: identical 2 / changed 0
HES1002: identical 9 / changed 0
HES1003: identical 11 / changed 0
HES1004: identical 6 / changed 0
HES1005: identical 10 / changed 0
HES1006: identical 8 / changed 0
HES1007: identical 11 / changed 0
HIS1001: identical 9 / changed 0
HIS1002: identical 12 / changed 0
HIS1003: identical 12 / changed 0
HIS1004: identical 12 / changed 0
HIS1005: identical 16 / changed 0
HIS1006: identical 16 / changed 0
HIS1007: identical 8 / changed 0
HIS1008: identical 13 / changed 0
HPFUN101: identical 2 / changed 0
HPFUN102: identical 2 / changed 0
HPFUN103: identical 2 / changed 0
HPFUN201: identical 2 / changed 0
HPFUN202: identical 2 / changed 0
HPFUN203: identical 0 / changed 2
HPFUN301: identical 2 / changed 0
HPFUN302: identical 2 / changed 0
HPFUN303: identical 2 / changed 0
HPFUN401: identical 2 / changed 0
HPFUN402: identical 2 / changed 0
HPFUN403: identical 2 / changed 0
HPFUN901: identical 2 / changed 0
HPFUN902: identical 2 / changed 0
HPFUN903: identical 2 / changed 0
HPRE203: identical 9 / changed 0
HPRE301: identical 14 / changed 0
JPFUN01: identical 2 / changed 0
JPFUN02: identical 2 / changed 0
JPN1004: identical 12 / changed 0
MUS1004: identical 11 / changed 0
MUS1006: identical 5 / changed 0
MXDB102: identical 13 / changed 0
MXDB201: identical 8 / changed 0
MXDB202: identical 7 / changed 0
MXDB301: identical 10 / changed 0
MXDB302: identical 1 / changed 10
MXDI101: identical 11 / changed 0
MXDI102: identical 6 / changed 0
MXDI103: identical 11 / changed 0
MXDI201: identical 2 / changed 10
MXDI202: identical 5 / changed 8
MXDI301: identical 10 / changed 0
MXEO102: identical 6 / changed 0
MXEO201: identical 4 / changed 6
MXEO202: identical 10 / changed 0
MXEO301: identical 7 / changed 5
MXEO401: identical 8 / changed 0
MXEX101: identical 8 / changed 0
MXEX201: identical 7 / changed 0
MXEX202: identical 8 / changed 0
MXEX301: identical 10 / changed 0
MXEX302: identical 6 / changed 3
MXEX401: identical 8 / changed 0
MXFL101: identical 13 / changed 0
MXFL102: identical 10 / changed 0
MXFL103: identical 9 / changed 0
MXFL104: identical 7 / changed 0
MXFL201: identical 11 / changed 0
MXFL202: identical 8 / changed 0
MXFL203: identical 6 / changed 7
MXFL204: identical 7 / changed 6
MXFL301: identical 11 / changed 0
MXFL302: identical 11 / changed 0
MXFL401: identical 9 / changed 0
MXFU201: identical 1 / changed 10
MXFU202: identical 5 / changed 7
MXFU301: identical 13 / changed 0
MXFU302: identical 13 / changed 0
MXFU401: identical 8 / changed 0
MXFU402: identical 7 / changed 2
MXFUN01: identical 0 / changed 2
MXFUN02: identical 0 / changed 2
MXFUN03: identical 0 / changed 2
MXS1004: identical 11 / changed 0
OSAH301: identical 5 / changed 0
OSAH401: identical 4 / changed 2
OSAH501: identical 7 / changed 0
OSAI101: identical 4 / changed 0
OSAI201: identical 5 / changed 0
OSAI301: identical 5 / changed 0
OSAI401: identical 6 / changed 0
OSAI501: identical 7 / changed 0
OSBY101: identical 5 / changed 0
OSBY201: identical 5 / changed 0
OSBY301: identical 5 / changed 0
OSBY401: identical 6 / changed 0
OSBY501: identical 7 / changed 0
OSGM101: identical 4 / changed 0
OSGM201: identical 5 / changed 0
OSGM301: identical 5 / changed 0
OSGM401: identical 6 / changed 0
OSGM501: identical 7 / changed 0
OSOH101: identical 5 / changed 0
OSOH201: identical 5 / changed 0
OSOH301: identical 5 / changed 0
OSOH401: identical 6 / changed 0
OSOH501: identical 7 / changed 0
OSSC301: identical 5 / changed 0
OSSC401: identical 6 / changed 0
OSSC501: identical 7 / changed 0
OSSM301: identical 6 / changed 0
OSSM401: identical 6 / changed 0
OSSM501: identical 7 / changed 0
PES1001: identical 12 / changed 0
PES1002: identical 12 / changed 0
PES1003: identical 12 / changed 0
PES1004: identical 12 / changed 0
PES1005: identical 12 / changed 0
PES1007: identical 13 / changed 0
PES1008: identical 12 / changed 0
PHE1001: identical 6 / changed 0
PHE1002: identical 5 / changed 0
PHE1003: identical 13 / changed 0
PHE1004: identical 5 / changed 0
PHE1005: identical 7 / changed 0
PHE1006: identical 7 / changed 0
PHE1007: identical 12 / changed 0
PHE1008: identical 7 / changed 0
PMT101: identical 5 / changed 0
PNR101: identical 3 / changed 0
PNR102: identical 4 / changed 0
PNR104: identical 4 / changed 0
PNR107: identical 4 / changed 0
PWY1001: identical 9 / changed 2
PWY1002: identical 11 / changed 0

TOTAL: identical 918 / changed 86 / missing 0 over 132 modules
CHANGED: HPFUN203/HPFUN203_0_0.html HPFUN203/HPFUN203_interactives.txt MXDB302/MXDB302_1_0.html MXDB302/MXDB302_2_0.html MXDB302/MXDB302_3_0.html MXDB302/MXDB302_4_0.html MXDB302/MXDB302_5_0.html MXDB302/MXDB302_6_0.html MXDB302/MXDB302_7_0.html MXDB302/MXDB302_8_0.html MXDB302/MXDB302_9_0.html MXDB302/MXDB302_interactives.txt MXDI201/MXDI201_2_0.html MXDI201/MXDI201_3_0.html MXDI201/MXDI201_4_0.html MXDI201/MXDI201_5_0.html MXDI201/MXDI201_6_0.html MXDI201/MXDI201_7_0.html MXDI201/MXDI201_8_0.html MXDI201/MXDI201_9_0.html MXDI201/MXDI201_10_0.html MXDI201/MXDI201_interactives.txt MXDI202/MXDI202_4_0.html MXDI202/MXDI202_6_0.html MXDI202/MXDI202_7_0.html MXDI202/MXDI202_8_0.html MXDI202/MXDI202_9_0.html MXDI202/MXDI202_10_0.html MXDI202/MXDI202_11_0.html MXDI202/MXDI202_interactives.txt MXEO201/MXEO201_1_0.html MXEO201/MXEO201_3_0.html MXEO201/MXEO201_4_0.html MXEO201/MXEO201_5_0.html MXEO201/MXEO201_7_0.html MXEO201/MXEO201_interactives.txt MXEO301/MXEO301_5_0.html MXEO301/MXEO301_5_1_0.html MXEO301/MXEO301_6_0.html MXEO301/MXEO301_7_0.html MXEO301/MXEO301_interactives.txt MXEX302/MXEX302_1_0.html MXEX302/MXEX302_5_0.html MXEX302/MXEX302_interactives.txt MXFL203/MXFL203_6_0.html MXFL203/MXFL203_7_0.html MXFL203/MXFL203_8_0.html MXFL203/MXFL203_9_0.html MXFL203/MXFL203_10_0.html MXFL203/MXFL203_11_0.html MXFL203/MXFL203_interactives.txt MXFL204/MXFL204_3_0.html MXFL204/MXFL204_3_1.html MXFL204/MXFL204_5_0.html MXFL204/MXFL204_7_0.html MXFL204/MXFL204_8_0.html MXFL204/MXFL204_interactives.txt MXFU201/MXFU201_1_0.html MXFU201/MXFU201_2_0.html MXFU201/MXFU201_3_0.html MXFU201/MXFU201_4_0.html MXFU201/MXFU201_5_0.html MXFU201/MXFU201_6_0.html MXFU201/MXFU201_7_0.html MXFU201/MXFU201_8_0.html MXFU201/MXFU201_9_0.html MXFU201/MXFU201_interactives.txt MXFU202/MXFU202_5_0.html MXFU202/MXFU202_6_0.html MXFU202/MXFU202_7_0.html MXFU202/MXFU202_8_0.html MXFU202/MXFU202_9_0.html MXFU202/MXFU202_10_0.html MXFU202/MXFU202_interactives.txt MXFU402/MXFU402_5_0.html MXFU402/MXFU402_interactives.txt MXFUN01/MXFUN01_0_0.html MXFUN01/MXFUN01_interactives.txt MXFUN02/MXFUN02_0_0.html MXFUN02/MXFUN02_interactives.txt MXFUN03/MXFUN03_0_0.html MXFUN03/MXFUN03_interactives.txt OSAH401/OSAH401_4_0.html OSAH401/OSAH401_interactives.txt PWY1001/PWY1001_1_3_0.html PWY1001/PWY1001_interactives.txt
