EXIP901: identical 7 / changed 0
FRFUN06: identical 11 / changed 0
FRFUN07: identical 10 / changed 0
FRFUN08: identical 12 / changed 0
FRNO901: identical 10 / changed 0
FRNO902: identical 10 / changed 0
GENO901: identical 24 / changed 0
GEO1004: identical 4 / changed 0
GER1002: identical 4 / changed 0
GEWHA: identical 2 / changed 0
HES1002: identical 9 / changed 0
HES1006: identical 8 / changed 0
HIS1002: identical 12 / changed 0
HIS1006: identical 16 / changed 0
HIS1008: identical 13 / changed 0
HPFUN103: identical 0 / changed 2
HPFUN403: identical 0 / changed 2
HPRE203: identical 7 / changed 2
HPRE301: identical 14 / changed 0
JPN1004: identical 12 / changed 0
MUS1006: identical 5 / changed 0
MXDB102: identical 13 / changed 0
MXDB202: identical 7 / changed 0
MXDB302: identical 11 / changed 0
MXDI103: identical 11 / changed 0
MXEO301: identical 12 / changed 0
MXEX202: identical 8 / changed 0
MXFL202: identical 8 / changed 0
MXFL301: identical 11 / changed 0
MXFL302: identical 11 / changed 0
MXFU301: identical 13 / changed 0
MXFU402: identical 9 / changed 0
MXS1004: identical 11 / changed 0
OSAH301: identical 5 / changed 0
OSAH401: identical 6 / changed 0
OSAH501: identical 7 / changed 0
OSAI101: identical 4 / changed 0
OSAI201: identical 5 / changed 0
OSAI301: identical 5 / changed 0
OSAI401: identical 6 / changed 0
OSAI501: identical 7 / changed 0
OSGM201: identical 5 / changed 0
OSGM301: identical 5 / changed 0
OSGM501: identical 7 / changed 0
OSOH101: identical 5 / changed 0
OSOH401: identical 6 / changed 0
OSSC301: identical 5 / changed 0
OSSC401: identical 6 / changed 0
OSSM301: identical 6 / changed 0
OSSM401: identical 6 / changed 0
PES1002: identical 12 / changed 0
PES1005: identical 12 / changed 0
PES1008: identical 12 / changed 0
PHE1001: identical 6 / changed 0
PHE1003: identical 13 / changed 0
PHE1005: identical 7 / changed 0
PHE1007: identical 12 / changed 0
PHE1008: identical 7 / changed 0
PMT101: identical 5 / changed 0
PNR101: identical 3 / changed 0
PNR102: identical 4 / changed 0
PNR104: identical 4 / changed 0
PNR107: identical 4 / changed 0
PWY1001: identical 11 / changed 0
PWY1002: identical 11 / changed 0

TOTAL: identical 534 / changed 6 / missing 0 over 65 modules
CHANGED: HPFUN103/HPFUN103_0_0.html HPFUN103/HPFUN103_interactives.txt HPFUN403/HPFUN403_0_0.html HPFUN403/HPFUN403_interactives.txt HPRE203/HPRE203_1_0.html HPRE203/HPRE203_interactives.txt
