AGH1001: identical 3 / changed 4
ANZH203: identical 6 / changed 2
ANZH301: identical 1 / changed 11
ANZH302: identical 1 / changed 11
ANZH303: identical 4 / changed 4
ANZH304: identical 2 / changed 6
ANZH401: identical 8 / changed 7
ANZH404: identical 6 / changed 2
EXBP901: identical 5 / changed 2
HIS1003: identical 1 / changed 11
HIS1004: identical 0 / changed 12
HIS1005: identical 6 / changed 10
HPFUN101: identical 0 / changed 2
HPFUN102: identical 0 / changed 2
HPFUN103: identical 0 / changed 2
HPFUN201: identical 0 / changed 2
HPFUN202: identical 0 / changed 2
HPFUN203: identical 0 / changed 2
HPFUN301: identical 0 / changed 2
HPFUN302: identical 0 / changed 2
HPFUN303: identical 0 / changed 2
HPFUN401: identical 0 / changed 2
HPFUN402: identical 0 / changed 2
HPFUN403: identical 0 / changed 2
HPFUN901: identical 0 / changed 2
HPFUN903: identical 0 / changed 2
HPRE203: identical 7 / changed 2
MXDB301: identical 7 / changed 3
MXDI201: identical 3 / changed 9
MXDI202: identical 2 / changed 11
MXFL104: identical 4 / changed 3
MXFL201: identical 5 / changed 6
MXFL203: identical 1 / changed 12
MXFL204: identical 3 / changed 10
MXFU201: identical 2 / changed 9
MXFU202: identical 1 / changed 11
SSEA203: identical 5 / changed 3
SSFUN05: identical 0 / changed 2
SSFUN06: identical 0 / changed 2
SSFUN08: identical 0 / changed 2
TRR109: identical 1 / changed 6
TRR111: identical 3 / changed 4
TRR113: identical 2 / changed 5
TWHA906: identical 0 / changed 2
TWHK907: identical 0 / changed 2

TOTAL: identical 89 / changed 214 / missing 0 over 45 modules
CHANGED: AGH1001/AGH1001_3_0.html AGH1001/AGH1001_4_0.html AGH1001/AGH1001_5_0.html AGH1001/AGH1001_interactives.txt ANZH203/ANZH203_4_0.html ANZH203/ANZH203_interactives.txt ANZH301/ANZH301_1_0.html ANZH301/ANZH301_2_0.html ANZH301/ANZH301_3_0.html ANZH301/ANZH301_4_0.html ANZH301/ANZH301_5_0.html ANZH301/ANZH301_6_0.html ANZH301/ANZH301_7_0.html ANZH301/ANZH301_8_0.html ANZH301/ANZH301_9_0.html ANZH301/ANZH301_10_0.html ANZH301/ANZH301_interactives.txt ANZH302/ANZH302_1_0.html ANZH302/ANZH302_2_0.html ANZH302/ANZH302_3_0.html ANZH302/ANZH302_4_0.html ANZH302/ANZH302_5_0.html ANZH302/ANZH302_6_0.html ANZH302/ANZH302_7_0.html ANZH302/ANZH302_8_0.html ANZH302/ANZH302_9_0.html ANZH302/ANZH302_10_0.html ANZH302/ANZH302_interactives.txt ANZH303/ANZH303_3_0.html ANZH303/ANZH303_5_0.html ANZH303/ANZH303_6_0.html ANZH303/ANZH303_interactives.txt ANZH304/ANZH304_1_0.html ANZH304/ANZH304_2_0.html ANZH304/ANZH304_3_0.html ANZH304/ANZH304_4_0.html ANZH304/ANZH304_6_0.html ANZH304/ANZH304_interactives.txt ANZH401/ANZH401_1_0.html ANZH401/ANZH401_3_0.html ANZH401/ANZH401_5_0.html ANZH401/ANZH401_6_0.html ANZH401/ANZH401_7_0.html ANZH401/ANZH401_13_0.html ANZH401/ANZH401_interactives.txt ANZH404/ANZH404_3_0.html ANZH404/ANZH404_interactives.txt EXBP901/EXBP901_4_0.html EXBP901/EXBP901_interactives.txt HIS1003/HIS1003_1_0.html HIS1003/HIS1003_2_0.html HIS1003/HIS1003_3_0.html HIS1003/HIS1003_4_0.html HIS1003/HIS1003_5_0.html HIS1003/HIS1003_6_0.html HIS1003/HIS1003_7_0.html HIS1003/HIS1003_8_0.html HIS1003/HIS1003_9_0.html HIS1003/HIS1003_10_0.html HIS1003/HIS1003_interactives.txt HIS1004/HIS1004_0_0.html HIS1004/HIS1004_1_0.html HIS1004/HIS1004_2_0.html HIS1004/HIS1004_3_0.html HIS1004/HIS1004_4_0.html HIS1004/HIS1004_5_0.html HIS1004/HIS1004_6_0.html HIS1004/HIS1004_7_0.html HIS1004/HIS1004_8_0.html HIS1004/HIS1004_9_0.html HIS1004/HIS1004_10_0.html HIS1004/HIS1004_interactives.txt HIS1005/HIS1005_1_0.html HIS1005/HIS1005_2_0.html HIS1005/HIS1005_3_0.html HIS1005/HIS1005_4_0.html HIS1005/HIS1005_5_0.html HIS1005/HIS1005_5_1.html HIS1005/HIS1005_6_1.html HIS1005/HIS1005_7_0.html HIS1005/HIS1005_9_1.html HIS1005/HIS1005_interactives.txt HPFUN101/HPFUN101_0_0.html HPFUN101/HPFUN101_interactives.txt HPFUN102/HPFUN102_0_0.html HPFUN102/HPFUN102_interactives.txt HPFUN103/HPFUN103_0_0.html HPFUN103/HPFUN103_interactives.txt HPFUN201/HPFUN201_0_0.html HPFUN201/HPFUN201_interactives.txt HPFUN202/HPFUN202_0_0.html HPFUN202/HPFUN202_interactives.txt HPFUN203/HPFUN203_0_0.html HPFUN203/HPFUN203_interactives.txt HPFUN301/HPFUN301_0_0.html HPFUN301/HPFUN301_interactives.txt HPFUN302/HPFUN302_0_0.html HPFUN302/HPFUN302_interactives.txt HPFUN303/HPFUN303_0_0.html HPFUN303/HPFUN303_interactives.txt HPFUN401/HPFUN401_0_0.html HPFUN401/HPFUN401_interactives.txt HPFUN402/HPFUN402_0_0.html HPFUN402/HPFUN402_interactives.txt HPFUN403/HPFUN403_0_0.html HPFUN403/HPFUN403_interactives.txt HPFUN901/HPFUN901_0_0.html HPFUN901/HPFUN901_interactives.txt HPFUN903/HPFUN903_0_0.html HPFUN903/HPFUN903_interactives.txt HPRE203/HPRE203_1_0.html HPRE203/HPRE203_interactives.txt MXDB301/MXDB301_1_0.html MXDB301/MXDB301_2_0.html MXDB301/MXDB301_interactives.txt MXDI201/MXDI201_1_0.html MXDI201/MXDI201_3_0.html MXDI201/MXDI201_5_0.html MXDI201/MXDI201_6_0.html MXDI201/MXDI201_7_0.html MXDI201/MXDI201_8_0.html MXDI201/MXDI201_9_0.html MXDI201/MXDI201_10_0.html MXDI201/MXDI201_interactives.txt MXDI202/MXDI202_1_0.html MXDI202/MXDI202_2_0.html MXDI202/MXDI202_3_0.html MXDI202/MXDI202_4_0.html MXDI202/MXDI202_6_0.html MXDI202/MXDI202_7_0.html MXDI202/MXDI202_8_0.html MXDI202/MXDI202_9_0.html MXDI202/MXDI202_10_0.html MXDI202/MXDI202_11_0.html MXDI202/MXDI202_interactives.txt MXFL104/MXFL104_1_0.html MXFL104/MXFL104_4_0.html MXFL104/MXFL104_interactives.txt MXFL201/MXFL201_4_0.html MXFL201/MXFL201_5_0.html MXFL201/MXFL201_6_0.html MXFL201/MXFL201_7_0.html MXFL201/MXFL201_8_0.html MXFL201/MXFL201_interactives.txt MXFL203/MXFL203_1_0.html MXFL203/MXFL203_2_0.html MXFL203/MXFL203_3_0.html MXFL203/MXFL203_4_0.html MXFL203/MXFL203_5_0.html MXFL203/MXFL203_6_0.html MXFL203/MXFL203_7_0.html MXFL203/MXFL203_8_0.html MXFL203/MXFL203_9_0.html MXFL203/MXFL203_10_0.html MXFL203/MXFL203_11_0.html MXFL203/MXFL203_interactives.txt MXFL204/MXFL204_1_0.html MXFL204/MXFL204_2_0.html MXFL204/MXFL204_3_0.html MXFL204/MXFL204_3_1.html MXFL204/MXFL204_5_0.html MXFL204/MXFL204_5_1.html MXFL204/MXFL204_7_0.html MXFL204/MXFL204_8_0.html MXFL204/MXFL204_9_0.html MXFL204/MXFL204_interactives.txt MXFU201/MXFU201_1_0.html MXFU201/MXFU201_2_0.html MXFU201/MXFU201_3_0.html MXFU201/MXFU201_4_0.html MXFU201/MXFU201_6_0.html MXFU201/MXFU201_7_0.html MXFU201/MXFU201_8_0.html MXFU201/MXFU201_9_0.html MXFU201/MXFU201_interactives.txt MXFU202/MXFU202_1_0.html MXFU202/MXFU202_2_0.html MXFU202/MXFU202_3_0.html MXFU202/MXFU202_4_0.html MXFU202/MXFU202_5_0.html MXFU202/MXFU202_6_0.html MXFU202/MXFU202_7_0.html MXFU202/MXFU202_8_0.html MXFU202/MXFU202_9_0.html MXFU202/MXFU202_10_0.html MXFU202/MXFU202_interactives.txt SSEA203/SSEA203_1_0.html SSEA203/SSEA203_5_0.html SSEA203/SSEA203_interactives.txt SSFUN05/SSFUN05_0_0.html SSFUN05/SSFUN05_interactives.txt SSFUN06/SSFUN06_0_0.html SSFUN06/SSFUN06_interactives.txt SSFUN08/SSFUN08_0_0.html SSFUN08/SSFUN08_interactives.txt TRR109/TRR109_1_0.html TRR109/TRR109_2_0.html TRR109/TRR109_3_0.html TRR109/TRR109_4_0.html TRR109/TRR109_5_0.html TRR109/TRR109_interactives.txt TRR111/TRR111_1_0.html TRR111/TRR111_2_0.html TRR111/TRR111_3_0.html TRR111/TRR111_interactives.txt TRR113/TRR113_2_0.html TRR113/TRR113_3_0.html TRR113/TRR113_4_0.html TRR113/TRR113_5_0.html TRR113/TRR113_interactives.txt TWHA906/TWHA906_0_0.html TWHA906/TWHA906_interactives.txt TWHK907/TWHK907_0_0.html TWHK907/TWHK907_interactives.txt
