PWY1007: identical 10 / changed 0
PWY1008: identical 11 / changed 0
PWY1009: identical 10 / changed 0
PWYWHA1: identical 2 / changed 0
SCBI301: identical 10 / changed 0
SCCH301: identical 10 / changed 0
SCES201: identical 6 / changed 0
SCPH301: identical 10 / changed 0
SSCI104: identical 8 / changed 0
SSCI205: identical 11 / changed 0
SSEA203: identical 8 / changed 0
SSOG103: identical 8 / changed 0
SSOG105: identical 9 / changed 0
SSOG301: identical 10 / changed 0
TEDC401: identical 9 / changed 0
TEDC402: identical 11 / changed 0
TEFUN05: identical 2 / changed 0
TEFUN06: identical 2 / changed 0
TEFUN08: identical 2 / changed 0
TRR102: identical 7 / changed 0
TRR103: identical 5 / changed 0
TRR106: identical 4 / changed 0
TRR107: identical 5 / changed 0
TRR108: identical 4 / changed 0
TRR109: identical 7 / changed 0
TRR110: identical 7 / changed 0
TRR111: identical 7 / changed 0
TRR112: identical 7 / changed 0
TRR113: identical 7 / changed 0
TRR114: identical 5 / changed 0
TRR116: identical 11 / changed 0
TRR203: identical 5 / changed 0
TRR301: identical 5 / changed 0
TRR304: identical 5 / changed 0
TWHA902: identical 2 / changed 0
TWHK902: identical 2 / changed 0
TWHK903: identical 2 / changed 0
TWHR907: identical 2 / changed 0
TWHT903: identical 2 / changed 0
WJFUN108: identical 2 / changed 0
WJFUN113: identical 2 / changed 0
WJFUN205: identical 2 / changed 0
WJFUN208: identical 2 / changed 0
WJFUN211: identical 2 / changed 0
WJFUN305: identical 2 / changed 0
WJFUN306: identical 2 / changed 0
WJFUN307: identical 2 / changed 0
WJFUN308: identical 2 / changed 0
XDLS501: identical 8 / changed 0
XDLS901: identical 6 / changed 0
XDLS912: identical 7 / changed 0
XGF9001: identical 11 / changed 0
XGF9003: identical 7 / changed 0
XGF9004: identical 19 / changed 0
XLP01: identical 6 / changed 0
XLP02: identical 8 / changed 0
XLP04: identical 6 / changed 0
XMES101: identical 10 / changed 0
XMES103: identical 7 / changed 0
XMES201: identical 7 / changed 0
XMES202: identical 8 / changed 0
XMES203: identical 7 / changed 0
XTAS101: identical 6 / changed 0
XTAS102: identical 7 / changed 0
XTAS103: identical 8 / changed 0

TOTAL: identical 406 / changed 0 / missing 0 over 65 modules
