======================================================================
 SCOPED SHIP — affected=../../outputs/_affected_r512.txt (10 modules), toggle=IQEMBED_OFF
======================================================================
[0] toggle-exists invariant (IQEMBED_OFF)
    OK — IQEMBED_OFF found in app/js (the last-shipped corpus == this toggle OFF).

[1] content-hash 0-stale (mtime false-alarm defeated)
[content-manifest] content-hash 0-stale vs _content_manifest.txt
  affected set: 10 module(s) (must be freshly regenerated)
  unaffected  : 533 module(s) (must be byte-identical to the manifest; mtime IGNORED)
  OK — 0 truly stale. 10 affected regenerated; the untouched corpus is byte-identical to the manifest (mtime false-alarm defeated).

[2] containment — actually-changed modules must be a subset of the affected set
    OK — 10 changed module(s) are a subset of 10 affected (the true set ⊆ the detector set).

[3] completeness spot-check (a mis-specified P is caught here)
[spotcheck] verifying 12 non-affected modules regenerated WITH the fix ON
  OK — all 12 sampled non-affected modules are BYTE-IDENTICAL under the fix (P's no-op claim holds on the sample).

[4] exact gate proof (decomposition vs the last-ship baseline)
re-scoring 22 affected module(s): AGH1007 ANZH104 BLL165 BLL211 CEDO102 ENGJ302 ENGR101 ENGR102 FRFUN08 HPFUN302 OSBY501 TRR102 TRR109 TRR110 TRR111 TRR112 TRR113 TRR116 TRR301 WJFUN210 XDLS911 XOTPB09
baseline taken: 2026-09-25T13:09:32Z
(unaffected modules unchanged by construction — corpus aggregate moves by exactly the affected-set delta)

  metric                                 baseline        new     delta  verdict
  -----------------------------------------------------------------------------
  skeleton SCAFFOLD mean %                  55.70      55.67     -0.03  REGRESSED
  skeleton pages >=50%                       1609       1604        -5  REGRESSED
  skeleton pages >=75%                        280        280         0  HELD
  compare_structure exact chain             16768      16686       -82  REGRESSED
  compare_structure EXTRA container           204        204         0  HELD
  compare_structure missing container         887        886        -1  IMPROVED
  body_compare ANY breakdown                  233        233         0  HELD
  defect structurally-clean %               98.40      98.40      0.00  HELD
  literal-[tag] leak (occ)                     52         52         0  HELD
  literal-[tag] leak (pages)                   42         42         0  HELD

  context (no pass/fail): sk_pages: 2486->2486  cs_matched: 19548->19465  body_pages: 2627->2627  df_total: 2627->2627  df_clean: 2585->2585

RESULT: FAIL — REGRESSED: skeleton SCAFFOLD mean %, skeleton pages >=50%, compare_structure exact chain
        (inner-loop only — investigate before the ship checkpoint; toggle the fix OFF and re-run to isolate.)

[5] baseline NOT refreshed (no --commit). To make this the new shipped state, re-run with --commit.

[6] periodic full-ship backstop cadence
[ledger] last full ship: round 505 (2026-09-25T08:13:51Z); scoped ships since: 7 (cadence 8, hard 16)
  OK — a full-ship backstop is not yet due (1 scoped ship(s) of headroom).

SCOPED SHIP: FAILED — see the log above.
