AGH1003: identical 10 / changed 0
AGH1005: identical 10 / changed 0
AGH1006: identical 11 / changed 0
ANZH101: identical 5 / changed 0
ANZH103: identical 3 / changed 0
ANZH105: identical 10 / changed 0
ANZHFUN05: identical 2 / changed 0
ARFUN01: identical 2 / changed 0
ART1004: identical 2 / changed 0
BLL123: identical 4 / changed 0
BLL124: identical 4 / changed 0
BLL141: identical 4 / changed 0
BLL142: identical 4 / changed 0
BLL143: identical 4 / changed 0
BLL144: identical 4 / changed 0
BLL145: identical 4 / changed 0
BLL146: identical 4 / changed 0
BLL147: identical 4 / changed 0
BLL151: identical 4 / changed 0
BLL152: identical 4 / changed 0
BLL153: identical 4 / changed 0
BLL154: identical 4 / changed 0
BLL155: identical 4 / changed 0
BLL156: identical 4 / changed 0
BLL161: identical 4 / changed 0
BLL163: identical 4 / changed 0
BLL164: identical 4 / changed 0
BLL165: identical 4 / changed 0
BLL171: identical 4 / changed 0
BLL173: identical 4 / changed 0
BLL174: identical 4 / changed 0
BLL175: identical 5 / changed 0
BLL176: identical 4 / changed 0
BLL212: identical 4 / changed 0
BLL213: identical 4 / changed 0
BLL214: identical 4 / changed 0
BLL221: identical 4 / changed 0
BLL224: identical 4 / changed 0
BLL231: identical 4 / changed 0
BLL232: identical 4 / changed 0
BLL237: identical 4 / changed 0
BLL242: identical 4 / changed 0
BLL245: identical 4 / changed 0
BLL261: identical 4 / changed 0
BLL262: identical 4 / changed 0
BLL263: identical 4 / changed 0
BLL264: identical 4 / changed 0
BLL265: identical 5 / changed 0
BLL266: identical 4 / changed 0
BLL273: identical 4 / changed 0
BLL275: identical 4 / changed 0
BLLR201: identical 8 / changed 0
BLLR202: identical 8 / changed 0
CBI1004: identical 12 / changed 0
CBI1005: identical 12 / changed 0
CEDK401: identical 2 / changed 0
CEDK501: identical 15 / changed 0
CEDO202: identical 2 / changed 0
CEDO204: identical 2 / changed 0
CEDO501: identical 17 / changed 0
CEDR101: identical 2 / changed 0
CEDR201: identical 2 / changed 0
CEDR301: identical 2 / changed 0
CEDR302: identical 2 / changed 0
CEDR401: identical 2 / changed 0
CEDT101: identical 2 / changed 0
CEDT102: identical 2 / changed 0
CEDT104: identical 2 / changed 0
CEDT201: identical 2 / changed 0
CEDT202: identical 2 / changed 0

TOTAL: identical 323 / changed 0 / missing 0 over 70 modules
