======================================================================
 SCOPED SHIP — affected=../../outputs/_affected_r519.txt (8 modules), toggle=DDFIB_OFF
======================================================================
[0] toggle-exists invariant (DDFIB_OFF)
    OK — DDFIB_OFF found in app/js (the last-shipped corpus == this toggle OFF).

[1] content-hash 0-stale (mtime false-alarm defeated)
[content-manifest] content-hash 0-stale vs _content_manifest.txt
  affected set: 8 module(s) (must be freshly regenerated)
  unaffected  : 535 module(s) (must be byte-identical to the manifest; mtime IGNORED)
  OK — 0 truly stale. 8 affected regenerated; the untouched corpus is byte-identical to the manifest (mtime false-alarm defeated).

[2] containment — actually-changed modules must be a subset of the affected set
    OK — 8 changed module(s) are a subset of 8 affected (the true set ⊆ the detector set).

[3] completeness spot-check (a mis-specified P is caught here)
[spotcheck] verifying 12 non-affected modules regenerated WITH the fix ON
  OK — all 12 sampled non-affected modules are BYTE-IDENTICAL under the fix (P's no-op claim holds on the sample).

[4] exact gate proof (decomposition vs the last-ship baseline)
re-scoring 20 affected module(s): BLL154 BLL177 BLL212 BLL221 BLL235 BLL237 BLL241 BLLR201 CEDT207 CEDW101 CHFUN05 ENGI301 MUS1006 MXEO301 MXFL201 MXFL301 MXFL401 MXFU401 OSSC501 XOTPB13
baseline taken: 2026-09-25T16:09:20Z
(unaffected modules unchanged by construction — corpus aggregate moves by exactly the affected-set delta)

  metric                                 baseline        new     delta  verdict
  -----------------------------------------------------------------------------
  skeleton SCAFFOLD mean %                  55.75      55.75     -0.00  REGRESSED
  skeleton pages >=50%                       1612       1612         0  HELD
  skeleton pages >=75%                        285        285         0  HELD
  compare_structure exact chain             16769      16769         0  HELD
  compare_structure EXTRA container           204        204         0  HELD
  compare_structure missing container         886        886         0  HELD
  body_compare ANY breakdown                  235        235         0  HELD
  defect structurally-clean %               98.40      98.40      0.00  HELD
  literal-[tag] leak (occ)                     52         52         0  HELD
  literal-[tag] leak (pages)                   42         42         0  HELD

  context (no pass/fail): sk_pages: 2486->2486  cs_matched: 19548->19548  body_pages: 2627->2627  df_total: 2627->2627  df_clean: 2585->2585

RESULT: FAIL — REGRESSED: skeleton SCAFFOLD mean %
        (inner-loop only — investigate before the ship checkpoint; toggle the fix OFF and re-run to isolate.)

[5] baseline NOT refreshed (no --commit). To make this the new shipped state, re-run with --commit.

[6] periodic full-ship backstop cadence
[ledger] last full ship: round 513 (2026-09-25T14:26:16Z); scoped ships since: 5 (cadence 8, hard 16)
  OK — a full-ship backstop is not yet due (3 scoped ship(s) of headroom).

SCOPED SHIP: FAILED — see the log above.
