CEDT203: identical 2 / changed 0
CEDT204: identical 2 / changed 0
CEDT404: identical 2 / changed 0
CEDT501: identical 16 / changed 0
CEDW303: identical 2 / changed 0
CEDW501: identical 14 / changed 0
CHFUN01: identical 2 / changed 0
CHFUN04: identical 2 / changed 0
CHFUN05: identical 2 / changed 0
CHI1003: identical 10 / changed 0
CHI1004: identical 11 / changed 0
CHI1005: identical 9 / changed 0
CHWHA: identical 2 / changed 0
COM1002: identical 10 / changed 0
COM1005: identical 10 / changed 0
DAN1004: identical 10 / changed 0
DTC1004: identical 9 / changed 0
DTC1005: identical 22 / changed 0
ENFUN01: identical 2 / changed 0
ENFUN02: identical 2 / changed 0
ENFUN03: identical 2 / changed 0
ENFUN04: identical 2 / changed 0
ENFUN05: identical 2 / changed 0
ENFUN07: identical 2 / changed 0
ENFUN08: identical 2 / changed 0
ENFUN09: identical 2 / changed 0
ENG1004: identical 9 / changed 0
ENG1005: identical 7 / changed 0
ENGC101: identical 7 / changed 0
ENGC201: identical 8 / changed 0
ENGC202: identical 10 / changed 0
ENGC204: identical 8 / changed 0
ENGC302: identical 9 / changed 0
ENGC401: identical 9 / changed 0
ENGC403: identical 17 / changed 0
ENGI101: identical 5 / changed 0
ENGI102: identical 8 / changed 0
ENGI103: identical 8 / changed 0
ENGI202: identical 8 / changed 0
ENGI301: identical 7 / changed 0
ENGI302: identical 8 / changed 0
ENGI303: identical 8 / changed 0
ENGI400: identical 5 / changed 0
ENGI401: identical 13 / changed 0
ENGI405: identical 9 / changed 0
ENGJ202: identical 7 / changed 0
ENGJ301: identical 9 / changed 0
ENGJ302: identical 11 / changed 0
ENGJ403: identical 11 / changed 0
ENGR101: identical 9 / changed 0
ENGR201: identical 8 / changed 0
ENGR202: identical 9 / changed 0
ENGR301: identical 10 / changed 0
ENGR302: identical 9 / changed 0
ENGS101: identical 7 / changed 0
ENGS102: identical 8 / changed 0
ENGS201: identical 10 / changed 0
ENGS202: identical 8 / changed 0
ENGS301: identical 9 / changed 0
ENGS302: identical 8 / changed 0
ENGS401: identical 8 / changed 0
ENGS404: identical 13 / changed 0
ENO2060: identical 7 / changed 0
EXBP901: identical 5 / changed 2

TOTAL: identical 482 / changed 2 / missing 0 over 64 modules
CHANGED: EXBP901/EXBP901_4_0.html EXBP901/EXBP901_interactives.txt
