CEDR203_0_0.html              32.63 ->  28.01  (-4.62)
HES1003_0_0.html              81.48 ->  77.19  (-4.29)
ENGC201_0_0.html              35.20 ->  31.50  (-3.70)
ENGI202_0_0.html              51.57 ->  48.15  (-3.42)
MXFL204_0_0.html              73.33 ->  70.97  (-2.37)
FRNO901_0_0.html              80.28 ->  78.08  (-2.20)
GENO901_0_0.html              74.51 ->  72.90  (-1.61)
DAN1003_0_0.html              49.67 ->  48.10  (-1.57)
XDLS901_0_0.html              43.01 ->  41.67  (-1.34)
XDLS502_0_0.html              72.29 ->  71.43  (-0.86)
XWHA02_5_0.html               30.38 ->  29.63  (-0.75)
XWHA02_0_0.html               31.82 ->  31.11  (-0.71)
ENGS404_0_0.html              61.68 ->  61.11  (-0.57)
ENGI405_0_0.html              70.30 ->  69.88  (-0.42)
TWHK903_0_0.html              40.56 ->  40.14  (-0.42)
CEDT101_0_0.html              55.10 ->  54.72  (-0.38)
MXDI201_0_0.html              73.33 ->  73.02  (-0.32)
TWHR905_0_0.html              51.22 ->  50.91  (-0.31)
JPN1004_10_0.html             30.85 ->  30.62  (-0.22)
XDLS502_4_0.html              43.75 ->  43.56  (-0.19)
CEDR204_0_0.html              37.62 ->  37.49  (-0.13)
CEDK401_0_0.html              35.19 ->  35.06  (-0.12)
TWHA901_0_0.html              18.61 ->  18.89  (+0.27)
XDLS901_4_0.html              38.85 ->  39.13  (+0.28)
BLL271_2_0.html               31.69 ->  32.26  (+0.56)
TWHA904_0_0.html              43.23 ->  43.87  (+0.64)
XGF9004_1_0.html              47.30 ->  48.00  (+0.70)
CEDT301_0_0.html              45.19 ->  46.02  (+0.83)
PHE1007_0_0.html              67.65 ->  68.49  (+0.85)
MXFU402_0_0.html              62.69 ->  63.77  (+1.08)
ENGC101_0_0.html              54.70 ->  55.93  (+1.23)
TWHA903_0_0.html              20.53 ->  21.88  (+1.35)
XWHA01_0_0.html               32.86 ->  34.25  (+1.39)
TWHR907_0_0.html              41.51 ->  43.27  (+1.76)
HIS1002_10_0.html             15.77 ->  17.78  (+2.00)
XTAS103_0_0.html              51.39 ->  53.42  (+2.04)
XGF9006_0_0.html              49.25 ->  51.47  (+2.22)
ENGC201_6_0.html              52.91 ->  55.50  (+2.59)
PWYWHA1_0_0.html              13.76 ->  16.36  (+2.60)
ENGS405_0_0.html              70.97 ->  73.60  (+2.63)
ENGC403_0_0.html              71.94 ->  75.71  (+3.77)
DAN1004_0_0.html              75.00 ->  78.87  (+3.87)
XLP04_0_0.html                57.14 ->  61.16  (+4.01)
ANZH303_0_0.html              72.13 ->  76.19  (+4.06)
XMES101_0_0.html              64.10 ->  68.35  (+4.25)
XTAS102_0_0.html              37.76 ->  42.76  (+5.00)
PHE1005_0_0.html              80.00 ->  85.71  (+5.71)
AGH1002_1_0.html              44.78 ->  50.75  (+5.97)
PWY1001_0_0.html              39.13 ->  46.32  (+7.19)
XMES103_0_0.html              51.16 ->  59.09  (+7.93)
XMES102_0_0.html              54.32 ->  62.92  (+8.60)
CBI1004_0_0.html              70.77 ->  80.00  (+9.23)
pages moved 52: 30 up / 22 down; sum +64.09pp; mean delta over 2486 pairs +0.0258pp
