AGH1001: identical 7 / changed 0
AGH1002: identical 8 / changed 0
AGH1003: identical 10 / changed 0
AGH1004: identical 8 / changed 0
AGH1005: identical 10 / changed 0
AGH1006: identical 11 / changed 0
AGH1007: identical 11 / changed 0
AGH1008: identical 11 / changed 0
AGH1009: identical 11 / changed 0
ANZH101: identical 5 / changed 0
ANZH103: identical 3 / changed 0
ANZH104: identical 9 / changed 0
ANZH105: identical 10 / changed 0
ANZH203: identical 8 / changed 0
ANZH205: identical 9 / changed 0
ANZH301: identical 12 / changed 0
ANZH302: identical 12 / changed 0
ANZH303: identical 8 / changed 0
ANZH304: identical 8 / changed 0
ANZH401: identical 15 / changed 0
ANZH404: identical 8 / changed 0
ANZHFUN05: identical 2 / changed 0
ARFUN01: identical 2 / changed 0
ARFUN02: identical 2 / changed 0
ARFUN03: identical 2 / changed 0
ARFUN04: identical 2 / changed 0
ARFUN05: identical 2 / changed 0
ART1002: identical 9 / changed 0
ART1003: identical 2 / changed 0
ART1004: identical 2 / changed 0
ART1005: identical 2 / changed 0
ART1006: identical 6 / changed 0
BLL110: identical 2 / changed 0
BLL111: identical 3 / changed 1
BLL112: identical 3 / changed 1
BLL113: identical 3 / changed 1
BLL114: identical 3 / changed 1
BLL115: identical 4 / changed 0
BLL116: identical 4 / changed 0
BLL117: identical 4 / changed 0
BLL120: identical 2 / changed 0
BLL121: identical 3 / changed 1
BLL122: identical 3 / changed 1
BLL123: identical 3 / changed 1
BLL124: identical 4 / changed 0
BLL125: identical 3 / changed 1
BLL126: identical 3 / changed 1
BLL127: identical 3 / changed 1
BLL130: identical 2 / changed 0
BLL131: identical 3 / changed 1
BLL132: identical 3 / changed 1
BLL133: identical 3 / changed 1
BLL134: identical 3 / changed 1
BLL135: identical 3 / changed 1
BLL136: identical 2 / changed 1
BLL137: identical 3 / changed 1
BLL140: identical 2 / changed 0
BLL141: identical 3 / changed 1
BLL142: identical 3 / changed 1
BLL143: identical 3 / changed 1
BLL144: identical 3 / changed 1
BLL145: identical 3 / changed 1
BLL146: identical 3 / changed 1
BLL147: identical 3 / changed 1
BLL150: identical 2 / changed 0
BLL151: identical 3 / changed 1
BLL152: identical 3 / changed 1
BLL153: identical 3 / changed 1
BLL154: identical 3 / changed 1
BLL155: identical 3 / changed 1
BLL156: identical 3 / changed 1
BLL157: identical 3 / changed 1
BLL160: identical 2 / changed 0
BLL161: identical 3 / changed 1
BLL162: identical 3 / changed 1
BLL163: identical 3 / changed 1
BLL164: identical 3 / changed 1
BLL165: identical 3 / changed 1
BLL166: identical 3 / changed 1
BLL167: identical 3 / changed 1
BLL170: identical 2 / changed 0
BLL171: identical 4 / changed 0
BLL172: identical 4 / changed 0
BLL173: identical 4 / changed 0
BLL174: identical 4 / changed 0
BLL175: identical 5 / changed 0
BLL176: identical 4 / changed 0
BLL177: identical 4 / changed 0
BLL210: identical 2 / changed 0
BLL211: identical 3 / changed 1
BLL212: identical 3 / changed 1
BLL213: identical 3 / changed 1
BLL214: identical 3 / changed 1
BLL215: identical 3 / changed 1
BLL216: identical 3 / changed 1
BLL217: identical 3 / changed 1
BLL220: identical 2 / changed 0
BLL221: identical 3 / changed 1
BLL222: identical 3 / changed 1
BLL223: identical 3 / changed 1
BLL224: identical 3 / changed 1
BLL225: identical 3 / changed 1
BLL226: identical 3 / changed 1
BLL227: identical 3 / changed 1
BLL230: identical 2 / changed 0
BLL231: identical 3 / changed 1
BLL232: identical 3 / changed 1
BLL233: identical 3 / changed 1
BLL234: identical 3 / changed 1
BLL235: identical 3 / changed 1
BLL236: identical 3 / changed 1
BLL237: identical 3 / changed 1
BLL240: identical 2 / changed 0
BLL241: identical 4 / changed 0
BLL242: identical 4 / changed 0
BLL243: identical 4 / changed 0
BLL244: identical 4 / changed 0
BLL245: identical 4 / changed 0
BLL246: identical 4 / changed 0
BLL247: identical 4 / changed 0
BLL250: identical 2 / changed 0
BLL251: identical 3 / changed 1
BLL252: identical 3 / changed 1
BLL253: identical 3 / changed 1
BLL254: identical 3 / changed 1
BLL255: identical 3 / changed 1
BLL256: identical 3 / changed 1
BLL257: identical 3 / changed 1
BLL260: identical 2 / changed 0
BLL261: identical 4 / changed 0
BLL262: identical 4 / changed 0
BLL263: identical 4 / changed 0
BLL264: identical 4 / changed 0
BLL265: identical 5 / changed 0
BLL266: identical 4 / changed 0
BLL270: identical 2 / changed 0
BLL271: identical 4 / changed 0
BLL272: identical 4 / changed 0
BLL273: identical 4 / changed 0
BLL274: identical 4 / changed 0
BLL275: identical 4 / changed 0
BLL276: identical 4 / changed 0
BLLR201: identical 8 / changed 0
BLLR202: identical 8 / changed 0
BLLR203: identical 8 / changed 0
CBI1004: identical 12 / changed 0
CBI1005: identical 12 / changed 0

TOTAL: identical 622 / changed 66 / missing 0 over 147 modules
CHANGED: BLL111/BLL111_0_0.html BLL112/BLL112_0_0.html BLL113/BLL113_0_0.html BLL114/BLL114_0_0.html BLL121/BLL121_0_0.html BLL122/BLL122_0_0.html BLL123/BLL123_0_0.html BLL125/BLL125_0_0.html BLL126/BLL126_0_0.html BLL127/BLL127_0_0.html BLL131/BLL131_0_0.html BLL132/BLL132_0_0.html BLL133/BLL133_0_0.html BLL134/BLL134_0_0.html BLL135/BLL135_0_0.html BLL136/BLL136_0_0.html BLL137/BLL137_0_0.html BLL141/BLL141_0_0.html BLL142/BLL142_0_0.html BLL143/BLL143_0_0.html BLL144/BLL144_0_0.html BLL145/BLL145_0_0.html BLL146/BLL146_0_0.html BLL147/BLL147_0_0.html BLL151/BLL151_0_0.html BLL152/BLL152_0_0.html BLL153/BLL153_0_0.html BLL154/BLL154_0_0.html BLL155/BLL155_0_0.html BLL156/BLL156_0_0.html BLL157/BLL157_0_0.html BLL161/BLL161_0_0.html BLL162/BLL162_0_0.html BLL163/BLL163_0_0.html BLL164/BLL164_0_0.html BLL165/BLL165_0_0.html BLL166/BLL166_0_0.html BLL167/BLL167_0_0.html BLL211/BLL211_0_0.html BLL212/BLL212_0_0.html BLL213/BLL213_0_0.html BLL214/BLL214_0_0.html BLL215/BLL215_0_0.html BLL216/BLL216_0_0.html BLL217/BLL217_0_0.html BLL221/BLL221_0_0.html BLL222/BLL222_0_0.html BLL223/BLL223_0_0.html BLL224/BLL224_0_0.html BLL225/BLL225_0_0.html BLL226/BLL226_0_0.html BLL227/BLL227_0_0.html BLL231/BLL231_0_0.html BLL232/BLL232_0_0.html BLL233/BLL233_0_0.html BLL234/BLL234_0_0.html BLL235/BLL235_0_0.html BLL236/BLL236_0_0.html BLL237/BLL237_0_0.html BLL251/BLL251_0_0.html BLL252/BLL252_0_0.html BLL253/BLL253_0_0.html BLL254/BLL254_0_0.html BLL255/BLL255_0_0.html BLL256/BLL256_0_0.html BLL257/BLL257_0_0.html
