CHANGED: BLLR201: identical 7 / changed 1
CHANGED: BLLR202: identical 7 / changed 1
CHANGED: BLLR203: identical 7 / changed 1
CHANGED: TOTAL: identical 685 / changed 3 / missing 0 over 147 modules
CHANGED: CEDK401: identical 1 / changed 1
CHANGED: TOTAL: identical 859 / changed 1 / missing 0 over 132 modules
CHANGED: HIS1002: identical 6 / changed 6
CHANGED: HIS1006: identical 9 / changed 7
CHANGED: HIS1007: identical 4 / changed 4
CHANGED: HIS1008: identical 8 / changed 5
CHANGED: HPRE203: identical 3 / changed 6
CHANGED: HPRE301: identical 6 / changed 8
CHANGED: PES1003: identical 5 / changed 7
CHANGED: PES1004: identical 5 / changed 7
CHANGED: PES1007: identical 8 / changed 5
CHANGED: PES1008: identical 7 / changed 5
CHANGED: TOTAL: identical 944 / changed 60 / missing 0 over 132 modules
CHANGED: SSEA203: identical 3 / changed 5
CHANGED: SSFUN03: identical 1 / changed 1
CHANGED: SSOG103: identical 7 / changed 1
CHANGED: SSOG105: identical 3 / changed 6
CHANGED: SSOG301: identical 9 / changed 1
CHANGED: TOTAL: identical 650 / changed 14 / missing 0 over 134 modules
TOTAL identical 6276 / changed 156
