GER1002: identical 4 / changed 0
GEWHA: identical 2 / changed 0
HES1002: identical 7 / changed 2
HES1003: identical 11 / changed 0
HES1004: identical 6 / changed 0
HES1005: identical 10 / changed 0
HES1006: identical 8 / changed 0
HES1007: identical 4 / changed 7
HIS1001: identical 9 / changed 0
HIS1002: identical 12 / changed 0
HIS1003: identical 11 / changed 1
HIS1004: identical 12 / changed 0
HIS1005: identical 16 / changed 0
HIS1006: identical 16 / changed 0
HIS1007: identical 8 / changed 0
HIS1008: identical 13 / changed 0
HPFUN101: identical 2 / changed 0
HPFUN102: identical 2 / changed 0
HPFUN103: identical 2 / changed 0
HPFUN201: identical 2 / changed 0
HPFUN202: identical 2 / changed 0
HPFUN203: identical 2 / changed 0
HPFUN301: identical 2 / changed 0
HPFUN302: identical 2 / changed 0
HPFUN303: identical 2 / changed 0
HPFUN401: identical 2 / changed 0
HPFUN402: identical 1 / changed 1
HPFUN403: identical 2 / changed 0
HPFUN901: identical 2 / changed 0
HPFUN902: identical 2 / changed 0
HPFUN903: identical 2 / changed 0
HPRE203: identical 9 / changed 0
HPRE301: identical 14 / changed 0
JPFUN01: identical 2 / changed 0
JPFUN02: identical 2 / changed 0
JPN1004: identical 12 / changed 0
MUS1004: identical 11 / changed 0
MUS1006: identical 5 / changed 0
MXDB102: identical 13 / changed 0
MXDB201: identical 8 / changed 0
MXDB202: identical 7 / changed 0
MXDB301: identical 10 / changed 0
MXDB302: identical 11 / changed 0
MXDI101: identical 11 / changed 0
MXDI102: identical 6 / changed 0
MXDI103: identical 11 / changed 0
MXDI201: identical 12 / changed 0
MXDI202: identical 13 / changed 0
MXDI301: identical 10 / changed 0
MXEO102: identical 6 / changed 0
MXEO201: identical 10 / changed 0
MXEO202: identical 10 / changed 0
MXEO301: identical 12 / changed 0
MXEO401: identical 6 / changed 2
MXEX101: identical 8 / changed 0
MXEX201: identical 1 / changed 6
MXEX202: identical 2 / changed 6
MXEX301: identical 10 / changed 0
MXEX302: identical 9 / changed 0
MXEX401: identical 8 / changed 0
MXFL101: identical 13 / changed 0
MXFL102: identical 10 / changed 0
MXFL103: identical 9 / changed 0
MXFL104: identical 7 / changed 0
MXFL201: identical 10 / changed 1
MXFL202: identical 6 / changed 2
MXFL203: identical 13 / changed 0
MXFL204: identical 13 / changed 0
MXFL301: identical 11 / changed 0
MXFL302: identical 11 / changed 0
MXFL401: identical 9 / changed 0
MXFU201: identical 11 / changed 0
MXFU202: identical 12 / changed 0
MXFU301: identical 13 / changed 0
MXFU302: identical 13 / changed 0
MXFU401: identical 8 / changed 0
MXFU402: identical 9 / changed 0
MXFUN01: identical 2 / changed 0
MXFUN02: identical 2 / changed 0
MXFUN03: identical 2 / changed 0
MXS1004: identical 11 / changed 0
OSAH301: identical 5 / changed 0
OSAH401: identical 6 / changed 0
OSAH501: identical 7 / changed 0
OSAI101: identical 4 / changed 0
OSAI201: identical 5 / changed 0
OSAI301: identical 5 / changed 0
OSAI401: identical 6 / changed 0
OSAI501: identical 7 / changed 0
OSBY101: identical 5 / changed 0
OSBY201: identical 5 / changed 0
OSBY301: identical 5 / changed 0
OSBY401: identical 6 / changed 0
OSBY501: identical 7 / changed 0
OSGM101: identical 4 / changed 0
OSGM201: identical 5 / changed 0
OSGM301: identical 5 / changed 0
OSGM401: identical 6 / changed 0
OSGM501: identical 7 / changed 0
OSOH101: identical 5 / changed 0
OSOH201: identical 5 / changed 0
OSOH301: identical 5 / changed 0
OSOH401: identical 6 / changed 0
OSOH501: identical 7 / changed 0
OSSC301: identical 5 / changed 0
OSSC401: identical 6 / changed 0
OSSC501: identical 7 / changed 0
OSSM301: identical 6 / changed 0
OSSM401: identical 6 / changed 0
OSSM501: identical 7 / changed 0
PES1001: identical 12 / changed 0
PES1002: identical 12 / changed 0
PES1003: identical 12 / changed 0
PES1004: identical 12 / changed 0
PES1005: identical 12 / changed 0
PES1007: identical 13 / changed 0
PES1008: identical 12 / changed 0
PHE1001: identical 6 / changed 0
PHE1002: identical 5 / changed 0
PHE1003: identical 12 / changed 1
PHE1004: identical 5 / changed 0
PHE1005: identical 7 / changed 0
PHE1006: identical 7 / changed 0
PHE1007: identical 6 / changed 6
PHE1008: identical 6 / changed 1
PMT101: identical 5 / changed 0
PNR101: identical 3 / changed 0
PNR102: identical 4 / changed 0
PNR104: identical 4 / changed 0
PNR107: identical 4 / changed 0
PWY1001: identical 11 / changed 0
PWY1002: identical 11 / changed 0

TOTAL: identical 968 / changed 36 / missing 0 over 132 modules
CHANGED: HES1002/HES1002_2_0.html HES1002/HES1002_interactives.txt HES1007/HES1007_1_0.html HES1007/HES1007_3_0.html HES1007/HES1007_4_0.html HES1007/HES1007_5_0.html HES1007/HES1007_6_0.html HES1007/HES1007_7_0.html HES1007/HES1007_8_0.html HIS1003/HIS1003_6_0.html HPFUN402/HPFUN402_0_0.html MXEO401/MXEO401_2_0.html MXEO401/MXEO401_3_0.html MXEX201/MXEX201_1_0.html MXEX201/MXEX201_2_0.html MXEX201/MXEX201_3_0.html MXEX201/MXEX201_4_0.html MXEX201/MXEX201_4_1.html MXEX201/MXEX201_interactives.txt MXEX202/MXEX202_2_0.html MXEX202/MXEX202_3_0.html MXEX202/MXEX202_4_0.html MXEX202/MXEX202_5_0.html MXEX202/MXEX202_6_0.html MXEX202/MXEX202_interactives.txt MXFL201/MXFL201_2_0.html MXFL202/MXFL202_6_0.html MXFL202/MXFL202_interactives.txt PHE1003/PHE1003_11_0.html PHE1007/PHE1007_3_0.html PHE1007/PHE1007_4_0.html PHE1007/PHE1007_5_0.html PHE1007/PHE1007_9_0.html PHE1007/PHE1007_10_0.html PHE1007/PHE1007_interactives.txt PHE1008/PHE1008_5_0.html
