BLL237_0_0.html               65.55 ->  63.87  (-1.68)
BLL236_0_0.html               64.52 ->  62.90  (-1.61)
BLL142_0_0.html               69.49 ->  68.33  (-1.16)
BLL234_0_0.html               60.00 ->  60.71  (+0.71)
BLL254_0_0.html               75.00 ->  76.47  (+1.47)
BLL147_0_0.html               77.52 ->  79.07  (+1.55)
BLL256_0_0.html               81.89 ->  83.46  (+1.57)
BLL157_0_0.html               79.03 ->  80.65  (+1.61)
BLL145_0_0.html               76.42 ->  78.05  (+1.63)
BLL224_0_0.html               73.17 ->  74.80  (+1.63)
BLL225_0_0.html               69.92 ->  71.54  (+1.63)
BLL226_0_0.html               69.92 ->  71.54  (+1.63)
BLL227_0_0.html               69.92 ->  71.54  (+1.63)
BLL146_0_0.html               80.33 ->  81.97  (+1.64)
BLL156_0_0.html               68.85 ->  70.49  (+1.64)
BLL127_0_0.html               79.34 ->  80.99  (+1.65)
BLL152_0_0.html               69.42 ->  71.07  (+1.65)
BLL164_0_0.html               69.42 ->  71.07  (+1.65)
BLL212_0_0.html               69.42 ->  71.07  (+1.65)
BLL126_0_0.html               77.69 ->  79.34  (+1.65)
BLL153_0_0.html               77.69 ->  79.34  (+1.65)
BLL167_0_0.html               80.99 ->  82.64  (+1.65)
BLL235_0_0.html               71.07 ->  72.73  (+1.65)
BLL211_0_0.html               71.67 ->  73.33  (+1.67)
BLL216_0_0.html               71.67 ->  73.33  (+1.67)
BLL217_0_0.html               71.67 ->  73.33  (+1.67)
BLL221_0_0.html               71.67 ->  73.33  (+1.67)
BLL222_0_0.html               71.67 ->  73.33  (+1.67)
BLL223_0_0.html               71.67 ->  73.33  (+1.67)
BLL231_0_0.html               71.67 ->  73.33  (+1.67)
BLL215_0_0.html               70.00 ->  71.67  (+1.67)
BLL232_0_0.html               70.00 ->  71.67  (+1.67)
BLL162_0_0.html               65.55 ->  67.23  (+1.68)
BLL163_0_0.html               75.63 ->  77.31  (+1.68)
BLL125_0_0.html               74.58 ->  76.27  (+1.69)
BLL166_0_0.html               68.38 ->  70.09  (+1.71)
BLL233_0_0.html               65.38 ->  67.92  (+2.54)
BLL123_0_0.html               63.46 ->  66.04  (+2.58)
BLL255_0_0.html               93.51 ->  96.10  (+2.60)
BLL112_0_0.html               56.07 ->  58.72  (+2.64)
BLL257_0_0.html               88.00 ->  90.67  (+2.67)
BLL122_0_0.html               64.65 ->  67.33  (+2.68)
BLL113_0_0.html               57.69 ->  60.38  (+2.69)
BLL251_0_0.html               70.42 ->  73.24  (+2.82)
BLL133_0_0.html               76.56 ->  80.00  (+3.44)
BLL132_0_0.html               75.59 ->  79.07  (+3.48)
BLL136_0_0.html               76.80 ->  80.31  (+3.51)
BLL137_0_0.html               76.80 ->  80.31  (+3.51)
BLL131_0_0.html               70.31 ->  73.85  (+3.53)
BLL151_0_0.html               75.41 ->  79.03  (+3.62)
BLL252_0_0.html               73.33 ->  77.05  (+3.72)
BLL134_0_0.html               68.85 ->  72.58  (+3.73)
BLL165_0_0.html               68.85 ->  72.58  (+3.73)
BLL214_0_0.html               68.85 ->  72.58  (+3.73)
BLL213_0_0.html               66.67 ->  70.40  (+3.73)
BLL135_0_0.html               62.90 ->  66.67  (+3.76)
BLL111_0_0.html               68.33 ->  72.13  (+3.80)
BLL154_0_0.html               60.66 ->  64.52  (+3.86)
BLL114_0_0.html               60.50 ->  64.46  (+3.96)
BLL121_0_0.html               59.65 ->  63.79  (+4.14)
BLL253_0_0.html               82.76 ->  90.00  (+7.24)
pages moved 61: 58 up / 3 down; sum +136.57pp; mean delta over 2486 pairs +0.0549pp
