XGF9001_4_0.html              52.11 ->  49.30  (-2.82)
XGF9003_1_2.html              30.67 ->  28.57  (-2.10)
HPRE301_7_0.html              75.86 ->  74.13  (-1.73)
XGF9006_2_0.html              31.70 ->  30.00  (-1.70)
XGF9002_1_0.html              48.78 ->  47.39  (-1.39)
XGF9006_6_0.html              34.39 ->  33.25  (-1.14)
SSFUN02_0_0.html              42.61 ->  41.54  (-1.07)
XGF9003_1_1.html              45.76 ->  44.81  (-0.95)
XGF9006_3_0.html              31.71 ->  30.82  (-0.89)
XGF9002_8_0.html              59.63 ->  58.82  (-0.81)
XGF9003_1_3.html              60.51 ->  59.75  (-0.76)
XGF9002_5_0.html              58.71 ->  57.97  (-0.74)
XGF9002_6_0.html              47.12 ->  46.45  (-0.67)
XGF9002_7_0.html              57.00 ->  56.34  (-0.67)
XGF9002_4_0.html              48.03 ->  47.41  (-0.62)
XGF9002_3_0.html              49.01 ->  48.44  (-0.57)
XGF9003_1_0.html              40.23 ->  39.77  (-0.46)
ANZH401_4_0.html              28.57 ->  28.12  (-0.45)
XGF9001_3_0.html              42.44 ->  42.04  (-0.41)
EXBP901_1_0.html              31.65 ->  31.43  (-0.23)
HPRE301_4_0.html              75.49 ->  75.36  (-0.13)
HPRE301_3_0.html              63.21 ->  63.27  (+0.05)
AGH1001_4_0.html              60.36 ->  60.44  (+0.08)
TWHR905_0_0.html              51.22 ->  51.31  (+0.09)
SSCI104_1_0.html              38.37 ->  38.48  (+0.10)
EXIP901_2_0.html              50.30 ->  50.44  (+0.14)
HPRE301_9_0.html              57.31 ->  57.47  (+0.16)
TWHR907_0_0.html              41.51 ->  41.71  (+0.20)
XGF9006_1_0.html              23.18 ->  23.45  (+0.27)
XGF9002_2_0.html              46.45 ->  46.73  (+0.28)
XGF9003_0_0.html              39.60 ->  40.00  (+0.40)
CEDO502_1_1.html              59.45 ->  59.92  (+0.47)
XGF9006_4_0.html              24.55 ->  25.38  (+0.83)
CEDT501_3_0.html              54.55 ->  55.81  (+1.27)
XGF9006_5_0.html              45.69 ->  47.17  (+1.48)
XGF9002_0_0.html              43.15 ->  47.40  (+4.25)
HPRE301_1_0.html              52.80 ->  57.81  (+5.01)
XGF9006_7_0.html              20.98 ->  27.72  (+6.74)
pages moved 38: 17 up / 21 down; sum +1.56pp; mean delta over 2486 pairs +0.0006pp
