CHANGED: CEDK102: identical 1 / changed 1
CHANGED: CEDK401: identical 1 / changed 1
CHANGED: CEDK501: identical 13 / changed 2
CHANGED: CEDO201: identical 1 / changed 1
CHANGED: CEDO204: identical 1 / changed 1
CHANGED: CEDO502: identical 10 / changed 1
CHANGED: COM1002: identical 8 / changed 2
CHANGED: COM1005: identical 3 / changed 7
CHANGED: COM1006: identical 3 / changed 7
CHANGED: EXPFUN06: identical 1 / changed 1
CHANGED: GEO1004: identical 3 / changed 1
CHANGED: GEO1005: identical 3 / changed 5
CHANGED: GEO1006: identical 6 / changed 1
CHANGED: TOTAL: identical 829 / changed 31 / missing 0 over 132 modules
CHANGED: OSOH101: identical 3 / changed 2
CHANGED: OSOH201: identical 4 / changed 1
CHANGED: OSOH401: identical 5 / changed 1
CHANGED: TOTAL: identical 1000 / changed 4 / missing 0 over 132 modules
CHANGED: TWHK901: identical 1 / changed 1
CHANGED: TWHK902: identical 1 / changed 1
CHANGED: TWHK903: identical 1 / changed 1
CHANGED: TWHK907: identical 1 / changed 1
CHANGED: TOTAL: identical 660 / changed 4 / missing 0 over 134 modules
TOTAL identical 6354 / changed 78
