EXIP901_5_0.html              28.26 ->  18.74  (-9.52)
FRNO902_0_0.html              78.57 ->  74.65  (-3.92)
PHE1007_1_0.html              42.62 ->  41.71  (-0.91)
CEDR203_0_0.html              28.01 ->  27.76  (-0.25)
EXIP901_2_0.html              50.30 ->  50.45  (+0.15)
TWHA906_0_0.html              37.29 ->  37.47  (+0.17)
CEDT208_0_0.html              58.28 ->  58.46  (+0.18)
PHE1007_10_0.html             53.73 ->  54.68  (+0.94)
EXBP901_1_0.html              31.65 ->  32.69  (+1.04)
EXBP901_4_0.html              27.92 ->  29.01  (+1.09)
XDLS501_0_0.html              43.48 ->  44.78  (+1.30)
XMES201_0_0.html              68.57 ->  69.90  (+1.33)
EXBP901_2_0.html              28.39 ->  29.87  (+1.48)
ANZH205_0_0.html              60.19 ->  62.00  (+1.81)
SSOG101_0_0.html              56.84 ->  58.70  (+1.85)
XGF9002_9_0.html              69.57 ->  71.58  (+2.01)
BLLR201_0_0.html              73.53 ->  76.06  (+2.53)
SSEA203_0_0.html              81.08 ->  88.89  (+7.81)
ANZH105_0_0.html              67.86 ->  77.06  (+9.21)
pages moved 19: 15 up / 4 down; sum +18.29pp; mean delta over 2486 pairs +0.0074pp
