CHANGED: ANZH203: identical 7 / changed 1
CHANGED: BLL120: identical 1 / changed 1
CHANGED: BLL154: identical 3 / changed 1
CHANGED: BLL166: identical 3 / changed 1
CHANGED: BLL167: identical 3 / changed 1
CHANGED: BLL171: identical 3 / changed 1
CHANGED: BLL177: identical 3 / changed 1
CHANGED: BLL210: identical 1 / changed 1
CHANGED: BLL230: identical 1 / changed 1
CHANGED: BLL233: identical 3 / changed 1
CHANGED: CBI1004: identical 10 / changed 2
CHANGED: CBI1005: identical 10 / changed 2
CHANGED: TOTAL: identical 674 / changed 14 / missing 0 over 147 modules
CHANGED: CEDO202: identical 1 / changed 1
CHANGED: CEDO501: identical 16 / changed 1
CHANGED: CEDT101: identical 1 / changed 1
CHANGED: CEDT208: identical 1 / changed 1
CHANGED: CHFUN06: identical 1 / changed 1
CHANGED: COM1002: identical 9 / changed 1
CHANGED: DTC1004: identical 8 / changed 1
CHANGED: DTC1005: identical 19 / changed 3
CHANGED: ENFUN07: identical 1 / changed 1
CHANGED: ENFUN09: identical 1 / changed 1
CHANGED: ENGI301: identical 6 / changed 1
CHANGED: ENGI302: identical 7 / changed 1
CHANGED: ENGI401: identical 12 / changed 1
CHANGED: ENGJ201: identical 7 / changed 1
CHANGED: ENGJ202: identical 5 / changed 2
CHANGED: ENGJ302: identical 8 / changed 3
CHANGED: ENGS102: identical 7 / changed 1
CHANGED: EXBP901: identical 6 / changed 1
CHANGED: FRNO901: identical 9 / changed 1
CHANGED: GEO1004: identical 3 / changed 1
CHANGED: TOTAL: identical 835 / changed 25 / missing 0 over 132 modules
CHANGED: HIS1006: identical 14 / changed 2
CHANGED: HIS1008: identical 10 / changed 3
CHANGED: HPFUN103: identical 1 / changed 1
CHANGED: HPFUN202: identical 1 / changed 1
CHANGED: HPRE301: identical 13 / changed 1
CHANGED: MXDB302: identical 9 / changed 2
CHANGED: MXEO301: identical 9 / changed 3
CHANGED: MXEX101: identical 4 / changed 4
CHANGED: MXEX202: identical 7 / changed 1
CHANGED: MXFL103: identical 8 / changed 1
CHANGED: MXFL202: identical 7 / changed 1
CHANGED: MXFL302: identical 7 / changed 4
CHANGED: MXFU201: identical 10 / changed 1
CHANGED: MXS1004: identical 10 / changed 1
CHANGED: OSSC401: identical 5 / changed 1
CHANGED: OSSC501: identical 6 / changed 1
CHANGED: PES1001: identical 11 / changed 1
CHANGED: PES1003: identical 11 / changed 1
CHANGED: TOTAL: identical 974 / changed 30 / missing 0 over 132 modules
CHANGED: SSFUN06: identical 1 / changed 1
CHANGED: TWHA901: identical 1 / changed 1
CHANGED: TWHA906: identical 1 / changed 1
CHANGED: TWHK907: identical 1 / changed 1
CHANGED: TWHT903: identical 1 / changed 1
CHANGED: XDLS901: identical 5 / changed 1
CHANGED: XDLS902: identical 8 / changed 1
CHANGED: XDLS908: identical 9 / changed 1
CHANGED: XDLS912: identical 6 / changed 1
CHANGED: XGF9002: identical 10 / changed 1
CHANGED: XLP05: identical 6 / changed 1
CHANGED: XMES101: identical 8 / changed 2
CHANGED: TOTAL: identical 651 / changed 13 / missing 0 over 134 modules
TOTAL identical 6268 / changed 164
