COM1006_4_0.html              49.41 ->  45.88  (-3.53)
COM1006_5_0.html              55.17 ->  51.72  (-3.45)
COM1005_5_0.html              60.12 ->  57.67  (-2.45)
COM1005_7_0.html              58.06 ->  55.91  (-2.15)
COM1006_2_0.html              48.70 ->  46.96  (-1.74)
COM1002_3_0.html              65.67 ->  64.18  (-1.49)
GEO1005_5_0.html              43.52 ->  42.49  (-1.04)
GEO1005_3_0.html              38.85 ->  38.13  (-0.72)
TWHK907_0_0.html              45.73 ->  45.93  (+0.21)
TWHK903_0_0.html              40.23 ->  40.47  (+0.23)
CEDK102_0_0.html              41.81 ->  42.05  (+0.24)
EXPFUN06_0_0.html             27.04 ->  27.47  (+0.43)
CEDK501_6_1.html              41.35 ->  41.83  (+0.48)
CEDK401_0_0.html              38.57 ->  39.14  (+0.57)
GEO1006_1_0.html              45.60 ->  46.40  (+0.80)
OSOH101_1_0.html              72.56 ->  73.49  (+0.93)
GEO1005_2_0.html              45.51 ->  46.71  (+1.20)
OSOH101_3_0.html              80.00 ->  81.21  (+1.21)
COM1005_6_0.html              47.14 ->  48.57  (+1.43)
COM1005_2_0.html              33.06 ->  34.68  (+1.61)
CEDK501_3_1.html              30.86 ->  33.14  (+2.29)
OSOH201_3_0.html              61.33 ->  64.00  (+2.67)
COM1005_3_0.html              58.20 ->  61.38  (+3.17)
COM1005_1_0.html              56.00 ->  60.80  (+4.80)
COM1005_4_0.html              46.40 ->  52.80  (+6.40)
TWHK901_0_0.html              26.56 ->  39.36  (+12.80)
pages moved 26: 18 up / 8 down; sum +24.91pp; mean delta over 2486 pairs +0.0100pp
