ENGC403_5_0.html              71.74 ->  66.67  (-5.07)
ENGC403_7_0.html              54.55 ->  53.85  (-0.70)
ENGC403_4_2.html              68.06 ->  67.74  (-0.32)
BLL250_0_0.html               54.10 ->  54.43  (+0.34)
ENGC403_9_0.html              55.61 ->  56.12  (+0.51)
BLLR201_2_0.html              71.72 ->  72.35  (+0.63)
BLL254_2_0.html               38.06 ->  38.84  (+0.79)
BLLR202_2_0.html              49.88 ->  50.83  (+0.95)
BLLR202_1_0.html              58.55 ->  59.53  (+0.98)
BLLR201_1_1.html              56.30 ->  57.36  (+1.06)
BLL254_1_0.html               49.36 ->  50.43  (+1.07)
BLLR203_1_0.html              56.59 ->  57.71  (+1.12)
ENGS404_3_1.html              49.45 ->  50.57  (+1.13)
MXFL301_4_0.html              66.43 ->  67.64  (+1.21)
MXEO202_2_0.html              68.12 ->  69.63  (+1.51)
ENGJ403_5_0.html              27.87 ->  29.41  (+1.54)
BLL252_1_0.html               59.09 ->  60.82  (+1.73)
ENGC403_12_0.html             38.18 ->  40.00  (+1.82)
ENGJ403_3_1.html              70.10 ->  71.96  (+1.85)
ENGC403_11_0.html             42.55 ->  44.44  (+1.89)
pages moved 20: 17 up / 3 down; sum +14.03pp; mean delta over 2486 pairs +0.0056pp
