CHANGED: AGH1006: identical 10 / changed 1
CHANGED: AGH1008: identical 8 / changed 3
CHANGED: ANZH101: identical 4 / changed 1
CHANGED: ANZH203: identical 7 / changed 1
CHANGED: ANZH301: identical 9 / changed 3
CHANGED: ANZH302: identical 9 / changed 3
CHANGED: ANZH303: identical 7 / changed 1
CHANGED: ANZH304: identical 6 / changed 2
CHANGED: ANZH401: identical 12 / changed 3
CHANGED: ANZH404: identical 5 / changed 3
CHANGED: ARFUN04: identical 1 / changed 1
CHANGED: BLL110: identical 1 / changed 1
CHANGED: BLL111: identical 2 / changed 2
CHANGED: BLL112: identical 2 / changed 2
CHANGED: BLL120: identical 1 / changed 1
CHANGED: BLL121: identical 3 / changed 1
CHANGED: BLL122: identical 2 / changed 2
CHANGED: BLL130: identical 1 / changed 1
CHANGED: BLL140: identical 1 / changed 1
CHANGED: BLL145: identical 3 / changed 1
CHANGED: BLL150: identical 1 / changed 1
CHANGED: BLL153: identical 2 / changed 2
CHANGED: BLL160: identical 1 / changed 1
CHANGED: BLL163: identical 3 / changed 1
CHANGED: BLL170: identical 1 / changed 1
CHANGED: BLL171: identical 3 / changed 1
CHANGED: BLL174: identical 2 / changed 2
CHANGED: BLL175: identical 4 / changed 1
CHANGED: BLL212: identical 3 / changed 1
CHANGED: BLL213: identical 3 / changed 1
CHANGED: BLL214: identical 3 / changed 1
CHANGED: BLL226: identical 3 / changed 1
CHANGED: BLL227: identical 2 / changed 2
CHANGED: BLL231: identical 3 / changed 1
CHANGED: BLL234: identical 3 / changed 1
CHANGED: BLL235: identical 3 / changed 1
CHANGED: BLL236: identical 3 / changed 1
CHANGED: BLL237: identical 3 / changed 1
CHANGED: BLL242: identical 3 / changed 1
CHANGED: BLL243: identical 3 / changed 1
CHANGED: BLL245: identical 2 / changed 2
CHANGED: BLL246: identical 2 / changed 2
CHANGED: BLL251: identical 3 / changed 1
CHANGED: BLL252: identical 3 / changed 1
CHANGED: BLL253: identical 2 / changed 2
CHANGED: BLL254: identical 2 / changed 2
CHANGED: BLL255: identical 3 / changed 1
CHANGED: BLL256: identical 2 / changed 2
CHANGED: BLL257: identical 3 / changed 1
CHANGED: BLL263: identical 3 / changed 1
CHANGED: BLL265: identical 4 / changed 1
CHANGED: BLL266: identical 2 / changed 2
CHANGED: BLL270: identical 1 / changed 1
CHANGED: BLL271: identical 3 / changed 1
CHANGED: BLL272: identical 2 / changed 2
CHANGED: BLL273: identical 3 / changed 1
CHANGED: BLL274: identical 3 / changed 1
CHANGED: BLL275: identical 3 / changed 1
CHANGED: BLL276: identical 3 / changed 1
CHANGED: BLLR201: identical 6 / changed 2
CHANGED: BLLR202: identical 5 / changed 3
CHANGED: BLLR203: identical 5 / changed 3
CHANGED: TOTAL: identical 597 / changed 91 / missing 0 over 147 modules
CHANGED: CEDK401: identical 1 / changed 1
CHANGED: CEDK501: identical 14 / changed 1
CHANGED: CEDO102: identical 1 / changed 1
CHANGED: CEDO201: identical 1 / changed 1
CHANGED: CEDO301: identical 6 / changed 1
CHANGED: CEDO501: identical 15 / changed 2
CHANGED: CEDO502: identical 10 / changed 1
CHANGED: CEDR101: identical 1 / changed 1
CHANGED: CEDR203: identical 1 / changed 1
CHANGED: CEDR501: identical 11 / changed 1
CHANGED: CEDT102: identical 1 / changed 1
CHANGED: CEDT207: identical 1 / changed 1
CHANGED: CEDT301: identical 1 / changed 1
CHANGED: CEDT404: identical 1 / changed 1
CHANGED: CEDT501: identical 15 / changed 1
CHANGED: CEDW101: identical 1 / changed 1
CHANGED: CEDW201: identical 1 / changed 1
CHANGED: CEDW501: identical 12 / changed 2
CHANGED: CHFUN08: identical 1 / changed 1
CHANGED: CHI1003: identical 9 / changed 1
CHANGED: COM1002: identical 9 / changed 1
CHANGED: COM1005: identical 6 / changed 4
CHANGED: COM1006: identical 8 / changed 2
CHANGED: DTC1004: identical 3 / changed 6
CHANGED: ENFUN01: identical 1 / changed 1
CHANGED: ENFUN02: identical 1 / changed 1
CHANGED: ENFUN03: identical 1 / changed 1
CHANGED: ENFUN05: identical 1 / changed 1
CHANGED: ENFUN07: identical 1 / changed 1
CHANGED: ENFUN08: identical 1 / changed 1
CHANGED: ENFUN09: identical 1 / changed 1
CHANGED: ENGC101: identical 6 / changed 1
CHANGED: ENGC201: identical 7 / changed 1
CHANGED: ENGC202: identical 9 / changed 1
CHANGED: ENGC206: identical 8 / changed 1
CHANGED: ENGC301: identical 7 / changed 2
CHANGED: ENGC401: identical 4 / changed 5
CHANGED: ENGFUN02: identical 5 / changed 1
CHANGED: ENGI101: identical 4 / changed 1
CHANGED: ENGI103: identical 7 / changed 1
CHANGED: ENGI201: identical 5 / changed 1
CHANGED: ENGI203: identical 11 / changed 1
CHANGED: ENGI301: identical 6 / changed 1
CHANGED: ENGI302: identical 6 / changed 2
CHANGED: ENGI303: identical 7 / changed 1
CHANGED: ENGI401: identical 5 / changed 8
CHANGED: ENGJ201: identical 6 / changed 2
CHANGED: ENGJ301: identical 6 / changed 3
CHANGED: ENGJ302: identical 8 / changed 3
CHANGED: ENGR101: identical 7 / changed 2
CHANGED: ENGR301: identical 9 / changed 1
CHANGED: ENGR302: identical 8 / changed 1
CHANGED: ENGS102: identical 3 / changed 5
CHANGED: ENGS201: identical 9 / changed 1
CHANGED: ENGS202: identical 6 / changed 2
CHANGED: ENGS301: identical 8 / changed 1
CHANGED: ENGS401: identical 7 / changed 1
CHANGED: ENO2060: identical 6 / changed 1
CHANGED: EXBP901: identical 6 / changed 1
CHANGED: EXIP901: identical 6 / changed 1
CHANGED: FRFUN06: identical 10 / changed 1
CHANGED: GENO901: identical 14 / changed 10
CHANGED: GEO1005: identical 7 / changed 1
CHANGED: GEO1006: identical 6 / changed 1
CHANGED: TOTAL: identical 752 / changed 108 / missing 0 over 132 modules
CHANGED: GER1002: identical 3 / changed 1
CHANGED: HIS1001: identical 7 / changed 2
CHANGED: HIS1002: identical 9 / changed 3
CHANGED: HIS1003: identical 10 / changed 2
CHANGED: HIS1005: identical 10 / changed 6
CHANGED: HIS1006: identical 13 / changed 3
CHANGED: HIS1007: identical 5 / changed 3
CHANGED: HIS1008: identical 10 / changed 3
CHANGED: JPFUN02: identical 1 / changed 1
CHANGED: JPN1004: identical 11 / changed 1
CHANGED: MUS1004: identical 10 / changed 1
CHANGED: MXDB202: identical 6 / changed 1
CHANGED: MXDB301: identical 9 / changed 1
CHANGED: MXDB302: identical 9 / changed 2
CHANGED: MXDI301: identical 9 / changed 1
CHANGED: MXEO201: identical 8 / changed 2
CHANGED: MXEO202: identical 9 / changed 1
CHANGED: MXEO301: identical 11 / changed 1
CHANGED: MXEO401: identical 6 / changed 2
CHANGED: MXEX201: identical 5 / changed 2
CHANGED: MXFL103: identical 8 / changed 1
CHANGED: MXFL104: identical 6 / changed 1
CHANGED: MXFL201: identical 10 / changed 1
CHANGED: MXFL202: identical 7 / changed 1
CHANGED: MXFL301: identical 8 / changed 3
CHANGED: MXFL302: identical 9 / changed 2
CHANGED: MXFU201: identical 10 / changed 1
CHANGED: MXFU202: identical 11 / changed 1
CHANGED: MXFU301: identical 11 / changed 2
CHANGED: MXFU302: identical 12 / changed 1
CHANGED: MXFU402: identical 8 / changed 1
CHANGED: MXFUN01: identical 1 / changed 1
CHANGED: MXFUN02: identical 1 / changed 1
CHANGED: MXFUN03: identical 1 / changed 1
CHANGED: OSBY301: identical 4 / changed 1
CHANGED: OSBY401: identical 5 / changed 1
CHANGED: OSGM101: identical 3 / changed 1
CHANGED: OSOH101: identical 3 / changed 2
CHANGED: PES1001: identical 11 / changed 1
CHANGED: PES1002: identical 9 / changed 3
CHANGED: PES1005: identical 8 / changed 4
CHANGED: PES1007: identical 11 / changed 2
CHANGED: PES1008: identical 10 / changed 2
CHANGED: TOTAL: identical 930 / changed 74 / missing 0 over 132 modules
CHANGED: PWY1009: identical 9 / changed 1
CHANGED: SCBI301: identical 9 / changed 1
CHANGED: SCCH301: identical 9 / changed 1
CHANGED: SCES201: identical 4 / changed 2
CHANGED: SSCI104: identical 7 / changed 1
CHANGED: SSCI205: identical 10 / changed 1
CHANGED: SSFUN01: identical 1 / changed 1
CHANGED: SSFUN02: identical 1 / changed 1
CHANGED: SSFUN05: identical 1 / changed 1
CHANGED: SSFUN06: identical 1 / changed 1
CHANGED: SSFUN08: identical 1 / changed 1
CHANGED: SSOG301: identical 9 / changed 1
CHANGED: TEFUN07: identical 1 / changed 1
CHANGED: TEFUN08: identical 1 / changed 1
CHANGED: TWHA901: identical 1 / changed 1
CHANGED: TWHK903: identical 1 / changed 1
CHANGED: XDLS902: identical 8 / changed 1
CHANGED: XDLS905: identical 8 / changed 1
CHANGED: XDLS909: identical 5 / changed 1
CHANGED: XDLS912: identical 6 / changed 1
CHANGED: XLP01: identical 5 / changed 1
CHANGED: XLP03: identical 6 / changed 1
CHANGED: XLP04: identical 5 / changed 1
CHANGED: XMES101: identical 9 / changed 1
CHANGED: XMES103: identical 6 / changed 1
CHANGED: XMES201: identical 6 / changed 1
CHANGED: TOTAL: identical 637 / changed 27 / missing 0 over 134 modules
TOTAL identical 5832 / changed 600
