HIS1008_6_0.html              54.71 ->  44.38  (-10.33)
DTC1004_3_0.html              27.17 ->  25.38  (-1.79)
MXS1004_0_0.html              50.57 ->  48.84  (-1.74)
CEDT101_0_0.html              54.72 ->  53.12  (-1.60)
DTC1005_17_0.html             66.67 ->  65.12  (-1.55)
ENGS102_5_0.html              49.33 ->  48.67  (-0.65)
HPFUN202_0_0.html             58.32 ->  57.91  (-0.41)
BLL177_2_0.html               39.64 ->  39.27  (-0.37)
BLL167_1_0.html               75.90 ->  75.61  (-0.29)
ENFUN07_0_0.html              39.76 ->  39.51  (-0.24)
CEDT208_0_0.html              58.46 ->  58.28  (-0.18)
TWHA901_0_0.html              18.92 ->  18.75  (-0.17)
BLL230_0_0.html               50.78 ->  50.63  (-0.15)
BLL120_0_0.html               29.53 ->  29.55  (+0.02)
XDLS901_1_0.html              21.53 ->  21.65  (+0.12)
XDLS908_3_0.html              21.55 ->  21.67  (+0.12)
XDLS912_1_0.html              36.46 ->  36.67  (+0.20)
TWHA906_0_0.html              37.36 ->  37.71  (+0.35)
TWHT903_0_0.html              52.91 ->  53.26  (+0.35)
MXFL103_1_1.html              28.00 ->  28.38  (+0.38)
MXEX101_4_0.html              45.10 ->  45.54  (+0.45)
CEDO202_0_0.html              52.80 ->  53.33  (+0.53)
MXFL202_2_0.html              39.04 ->  39.57  (+0.53)
XMES101_1_0.html              53.73 ->  54.27  (+0.54)
HPFUN103_0_0.html             63.19 ->  63.77  (+0.58)
XMES101_7_0.html              70.59 ->  71.23  (+0.64)
ANZH203_2_0.html              58.70 ->  59.34  (+0.65)
BLL154_1_1.html               77.11 ->  78.05  (+0.94)
HIS1008_7_0.html              59.73 ->  60.80  (+1.07)
CBI1005_3_0.html              69.89 ->  70.97  (+1.08)
XGF9002_0_0.html              43.15 ->  44.31  (+1.16)
BLL166_1_0.html               80.29 ->  81.48  (+1.19)
CBI1004_2_0.html              61.87 ->  63.31  (+1.44)
BLL233_2_0.html               56.50 ->  58.14  (+1.64)
OSSC401_1_0.html              61.11 ->  62.96  (+1.85)
CBI1005_6_0.html              72.00 ->  74.00  (+2.00)
MXEX202_4_0.html              72.97 ->  75.00  (+2.03)
ENGJ202_1_0.html              87.91 ->  90.11  (+2.20)
CBI1004_0_0.html              80.00 ->  83.08  (+3.08)
ENGJ202_0_0.html              80.00 ->  83.08  (+3.08)
MXFU201_0_0.html              67.74 ->  70.97  (+3.23)
ENGJ201_0_0.html              84.62 ->  88.46  (+3.85)
pages moved 42: 29 up / 13 down; sum +15.80pp; mean delta over 2486 pairs +0.0064pp
