CHANGED: ANZH105: identical 9 / changed 1
CHANGED: ANZH205: identical 8 / changed 1
CHANGED: BLLR201: identical 7 / changed 1
CHANGED: TOTAL: identical 685 / changed 3 / missing 0 over 147 modules
CHANGED: CEDR203: identical 0 / changed 2
CHANGED: CEDT104: identical 1 / changed 1
CHANGED: CEDT208: identical 1 / changed 1
CHANGED: EXBP901: identical 4 / changed 3
CHANGED: EXIP901: identical 5 / changed 2
CHANGED: FRNO902: identical 9 / changed 1
CHANGED: TOTAL: identical 850 / changed 10 / missing 0 over 132 modules
CHANGED: PHE1007: identical 10 / changed 2
CHANGED: TOTAL: identical 1002 / changed 2 / missing 0 over 132 modules
CHANGED: SSEA203: identical 7 / changed 1
CHANGED: SSOG101: identical 8 / changed 1
CHANGED: SSOG103: identical 6 / changed 2
CHANGED: TWHA906: identical 1 / changed 1
CHANGED: TWHK907: identical 1 / changed 1
CHANGED: XDLS501: identical 7 / changed 1
CHANGED: XGF9002: identical 10 / changed 1
CHANGED: XMES201: identical 6 / changed 1
CHANGED: TOTAL: identical 655 / changed 9 / missing 0 over 134 modules
TOTAL identical 6384 / changed 48
