CHANGED: BLL116: identical 3 / changed 1
CHANGED: BLL125: identical 3 / changed 1
CHANGED: BLL126: identical 3 / changed 1
CHANGED: BLL127: identical 3 / changed 1
CHANGED: BLL146: identical 3 / changed 1
CHANGED: BLL172: identical 3 / changed 1
CHANGED: BLL177: identical 3 / changed 1
CHANGED: BLL211: identical 3 / changed 1
CHANGED: BLL215: identical 3 / changed 1
CHANGED: BLL216: identical 3 / changed 1
CHANGED: BLL217: identical 3 / changed 1
CHANGED: BLL226: identical 3 / changed 1
CHANGED: BLL227: identical 3 / changed 1
CHANGED: BLL260: identical 1 / changed 1
CHANGED: BLL261: identical 2 / changed 2
CHANGED: BLL262: identical 2 / changed 2
CHANGED: BLL263: identical 3 / changed 1
CHANGED: BLL264: identical 2 / changed 2
CHANGED: BLL265: identical 4 / changed 1
CHANGED: TOTAL: identical 666 / changed 22 / missing 0 over 147 modules
CHANGED: ENG1004: identical 8 / changed 1
CHANGED: ENGC102: identical 7 / changed 2
CHANGED: ENGI405: identical 8 / changed 1
CHANGED: ENO2060: identical 5 / changed 2
CHANGED: EXPFUN02: identical 1 / changed 1
CHANGED: TOTAL: identical 853 / changed 7 / missing 0 over 132 modules
CHANGED: HES1007: identical 10 / changed 1
CHANGED: HPFUN402: identical 1 / changed 1
CHANGED: HPRE301: identical 13 / changed 1
CHANGED: JPFUN01: identical 1 / changed 1
CHANGED: PHE1003: identical 12 / changed 1
CHANGED: PWY1002: identical 9 / changed 2
CHANGED: TOTAL: identical 997 / changed 7 / missing 0 over 132 modules
CHANGED: SCCH301: identical 9 / changed 1
CHANGED: SCPH301: identical 8 / changed 2
CHANGED: WJFUN110: identical 1 / changed 1
CHANGED: WJFUN206: identical 1 / changed 1
CHANGED: WJFUN210: identical 1 / changed 1
CHANGED: WJFUN304: identical 1 / changed 1
CHANGED: WJFUN306: identical 1 / changed 1
CHANGED: XGF9001: identical 3 / changed 8
CHANGED: XGF9002: identical 10 / changed 1
CHANGED: XLP04: identical 5 / changed 1
CHANGED: XMES202: identical 7 / changed 1
CHANGED: XTAS101: identical 5 / changed 1
CHANGED: XTAS103: identical 7 / changed 1
CHANGED: TOTAL: identical 643 / changed 21 / missing 0 over 134 modules
TOTAL identical 6318 / changed 114
