CBI1008: identical 6 / changed 0
CBI1009: identical 5 / changed 0
CEDK101: identical 2 / changed 0
CEDK102: identical 2 / changed 0
CEDK401: identical 1 / changed 1
CEDK501: identical 10 / changed 5
CEDO102: identical 2 / changed 0
CEDO105: identical 6 / changed 1
CEDO201: identical 2 / changed 0
CEDO202: identical 1 / changed 1
CEDO204: identical 2 / changed 0
CEDO301: identical 7 / changed 0
CEDO402: identical 1 / changed 1
CEDO501: identical 17 / changed 0
CEDO502: identical 8 / changed 3
CEDR101: identical 1 / changed 1
CEDR201: identical 2 / changed 0
CEDR203: identical 2 / changed 0
CEDR204: identical 1 / changed 1
CEDR301: identical 2 / changed 0
CEDR302: identical 2 / changed 0
CEDR401: identical 2 / changed 0
CEDR501: identical 11 / changed 1
CEDT101: identical 2 / changed 0
CEDT102: identical 1 / changed 1
CEDT104: identical 2 / changed 0
CEDT201: identical 2 / changed 0
CEDT202: identical 2 / changed 0
CEDT203: identical 2 / changed 0
CEDT204: identical 2 / changed 0
CEDT207: identical 1 / changed 1
CEDT208: identical 2 / changed 0
CEDT301: identical 2 / changed 0
CEDT404: identical 2 / changed 0
CEDT501: identical 13 / changed 3
CEDW101: identical 2 / changed 0
CEDW201: identical 2 / changed 0
CEDW303: identical 2 / changed 0
CEDW501: identical 9 / changed 5
CHFUN01: identical 2 / changed 0
CHFUN04: identical 1 / changed 1
CHFUN05: identical 1 / changed 1
CHFUN06: identical 1 / changed 1
CHFUN07: identical 2 / changed 0
CHFUN08: identical 2 / changed 0
CHI1003: identical 10 / changed 0
CHI1004: identical 11 / changed 0
CHI1005: identical 9 / changed 0
CHWHA: identical 1 / changed 1
COM1002: identical 10 / changed 0
COM1005: identical 10 / changed 0
COM1006: identical 10 / changed 0
DAN1003: identical 10 / changed 0
DAN1004: identical 9 / changed 1
DAN1006: identical 12 / changed 0
DTC1004: identical 6 / changed 3
DTC1005: identical 22 / changed 0
ENFUN01: identical 1 / changed 1
ENFUN02: identical 1 / changed 1
ENFUN03: identical 1 / changed 1
ENFUN04: identical 1 / changed 1
ENFUN05: identical 2 / changed 0
ENFUN07: identical 2 / changed 0
ENFUN08: identical 2 / changed 0
ENFUN09: identical 1 / changed 1
ENG1004: identical 9 / changed 0
ENG1005: identical 7 / changed 0
ENG1007: identical 2 / changed 0
ENGC101: identical 7 / changed 0
ENGC102: identical 8 / changed 1
ENGC201: identical 6 / changed 2
ENGC202: identical 10 / changed 0
ENGC204: identical 6 / changed 2
ENGC206: identical 9 / changed 0
ENGC301: identical 9 / changed 0
ENGC302: identical 9 / changed 0
ENGC401: identical 9 / changed 0
ENGC403: identical 17 / changed 0
ENGFUN02: identical 6 / changed 0
ENGI101: identical 5 / changed 0
ENGI102: identical 8 / changed 0
ENGI103: identical 8 / changed 0
ENGI201: identical 6 / changed 0
ENGI202: identical 8 / changed 0
ENGI203: identical 11 / changed 1
ENGI301: identical 7 / changed 0
ENGI302: identical 8 / changed 0
ENGI303: identical 8 / changed 0
ENGI400: identical 5 / changed 0
ENGI401: identical 12 / changed 1
ENGI405: identical 9 / changed 0
ENGJ101: identical 6 / changed 0
ENGJ102: identical 7 / changed 0
ENGJ201: identical 8 / changed 0
ENGJ202: identical 6 / changed 1
ENGJ301: identical 9 / changed 0
ENGJ302: identical 11 / changed 0
ENGJ402: identical 10 / changed 0
ENGJ403: identical 11 / changed 0
ENGR101: identical 7 / changed 2
ENGR102: identical 7 / changed 0
ENGR201: identical 8 / changed 0
ENGR202: identical 9 / changed 0
ENGR301: identical 6 / changed 4
ENGR302: identical 9 / changed 0
ENGS101: identical 7 / changed 0
ENGS102: identical 8 / changed 0
ENGS201: identical 9 / changed 1
ENGS202: identical 8 / changed 0
ENGS301: identical 9 / changed 0
ENGS302: identical 8 / changed 0
ENGS401: identical 8 / changed 0
ENGS404: identical 13 / changed 0
ENGS405: identical 2 / changed 0
ENO2060: identical 7 / changed 0
EXBP901: identical 6 / changed 1
EXIP901: identical 7 / changed 0
EXPFUN02: identical 2 / changed 0
EXPFUN03: identical 2 / changed 0
EXPFUN04: identical 2 / changed 0
EXPFUN05: identical 2 / changed 0
EXPFUN06: identical 1 / changed 1
EXPFUN07: identical 2 / changed 0
FRFUN06: identical 10 / changed 1
FRFUN07: identical 10 / changed 0
FRFUN08: identical 12 / changed 0
FRNO901: identical 10 / changed 0
FRNO902: identical 9 / changed 1
GENO901: identical 24 / changed 0
GEO1004: identical 3 / changed 1
GEO1005: identical 6 / changed 2
GEO1006: identical 7 / changed 0

TOTAL: identical 800 / changed 60 / missing 0 over 132 modules
CHANGED: CEDK401/CEDK401_0_0.html CEDK501/CEDK501_1_0.html CEDK501/CEDK501_2_0.html CEDK501/CEDK501_3_0.html CEDK501/CEDK501_5_0.html CEDK501/CEDK501_6_1.html CEDO105/CEDO105_5_0.html CEDO202/CEDO202_0_0.html CEDO402/CEDO402_0_0.html CEDO502/CEDO502_1_1.html CEDO502/CEDO502_3_0.html CEDO502/CEDO502_4_0.html CEDR101/CEDR101_0_0.html CEDR204/CEDR204_0_0.html CEDR501/CEDR501_3_0.html CEDT102/CEDT102_0_0.html CEDT207/CEDT207_0_0.html CEDT501/CEDT501_6_0.html CEDT501/CEDT501_6_1.html CEDT501/CEDT501_7_0.html CEDW501/CEDW501_2_1.html CEDW501/CEDW501_3_0.html CEDW501/CEDW501_5_0.html CEDW501/CEDW501_6_0.html CEDW501/CEDW501_7_0.html CHFUN04/CHFUN04_0_0.html CHFUN05/CHFUN05_0_0.html CHFUN06/CHFUN06_0_0.html CHWHA/CHWHA_0_0.html DAN1004/DAN1004_1_0.html DTC1004/DTC1004_4_0.html DTC1004/DTC1004_5_0.html DTC1004/DTC1004_6_0.html ENFUN01/ENFUN01_0_0.html ENFUN02/ENFUN02_0_0.html ENFUN03/ENFUN03_0_0.html ENFUN04/ENFUN04_0_0.html ENFUN09/ENFUN09_0_0.html ENGC102/ENGC102_5_0.html ENGC201/ENGC201_3_0.html ENGC201/ENGC201_4_0.html ENGC204/ENGC204_3_0.html ENGC204/ENGC204_6_0.html ENGI203/ENGI203_3_0.html ENGI401/ENGI401_5_0.html ENGJ202/ENGJ202_5_0.html ENGR101/ENGR101_3_0.html ENGR101/ENGR101_5_0.html ENGR301/ENGR301_2_0.html ENGR301/ENGR301_3_0.html ENGR301/ENGR301_5_0.html ENGR301/ENGR301_7_0.html ENGS201/ENGS201_5_0.html EXBP901/EXBP901_4_0.html EXPFUN06/EXPFUN06_0_0.html FRFUN06/FRFUN06_0_0.html FRNO902/FRNO902_6_0.html GEO1004/GEO1004_1_0.html GEO1005/GEO1005_1_0.html GEO1005/GEO1005_2_0.html
