CBI1008: identical 6 / changed 0
CBI1009: identical 5 / changed 0
CEDK101: identical 2 / changed 0
CEDK102: identical 2 / changed 0
CEDK401: identical 1 / changed 1
CEDK501: identical 14 / changed 1
CEDO102: identical 1 / changed 1
CEDO105: identical 7 / changed 0
CEDO201: identical 1 / changed 1
CEDO202: identical 2 / changed 0
CEDO204: identical 2 / changed 0
CEDO301: identical 6 / changed 1
CEDO402: identical 2 / changed 0
CEDO501: identical 15 / changed 2
CEDO502: identical 10 / changed 1
CEDR101: identical 1 / changed 1
CEDR201: identical 2 / changed 0
CEDR203: identical 1 / changed 1
CEDR204: identical 2 / changed 0
CEDR301: identical 2 / changed 0
CEDR302: identical 2 / changed 0
CEDR401: identical 2 / changed 0
CEDR501: identical 11 / changed 1
CEDT101: identical 2 / changed 0
CEDT102: identical 1 / changed 1
CEDT104: identical 2 / changed 0
CEDT201: identical 2 / changed 0
CEDT202: identical 2 / changed 0
CEDT203: identical 2 / changed 0
CEDT204: identical 2 / changed 0
CEDT207: identical 1 / changed 1
CEDT208: identical 2 / changed 0
CEDT301: identical 1 / changed 1
CEDT404: identical 1 / changed 1
CEDT501: identical 15 / changed 1
CEDW101: identical 1 / changed 1
CEDW201: identical 1 / changed 1
CEDW303: identical 2 / changed 0
CEDW501: identical 12 / changed 2
CHFUN01: identical 2 / changed 0
CHFUN04: identical 2 / changed 0
CHFUN05: identical 2 / changed 0
CHFUN06: identical 2 / changed 0
CHFUN07: identical 2 / changed 0
CHFUN08: identical 1 / changed 1
CHI1003: identical 9 / changed 1
CHI1004: identical 11 / changed 0
CHI1005: identical 9 / changed 0
CHWHA: identical 2 / changed 0
COM1002: identical 9 / changed 1
COM1005: identical 6 / changed 4
COM1006: identical 8 / changed 2
DAN1003: identical 10 / changed 0
DAN1004: identical 10 / changed 0
DAN1006: identical 12 / changed 0
DTC1004: identical 3 / changed 6
DTC1005: identical 22 / changed 0
ENFUN01: identical 1 / changed 1
ENFUN02: identical 1 / changed 1
ENFUN03: identical 1 / changed 1
ENFUN04: identical 2 / changed 0
ENFUN05: identical 1 / changed 1
ENFUN07: identical 1 / changed 1
ENFUN08: identical 1 / changed 1
ENFUN09: identical 1 / changed 1
ENG1004: identical 9 / changed 0
ENG1005: identical 7 / changed 0
ENG1007: identical 2 / changed 0
ENGC101: identical 6 / changed 1
ENGC102: identical 9 / changed 0
ENGC201: identical 7 / changed 1
ENGC202: identical 9 / changed 1
ENGC204: identical 8 / changed 0
ENGC206: identical 8 / changed 1
ENGC301: identical 7 / changed 2
ENGC302: identical 9 / changed 0
ENGC401: identical 4 / changed 5
ENGC403: identical 17 / changed 0
ENGFUN02: identical 5 / changed 1
ENGI101: identical 4 / changed 1
ENGI102: identical 8 / changed 0
ENGI103: identical 7 / changed 1
ENGI201: identical 5 / changed 1
ENGI202: identical 8 / changed 0
ENGI203: identical 11 / changed 1
ENGI301: identical 6 / changed 1
ENGI302: identical 6 / changed 2
ENGI303: identical 7 / changed 1
ENGI400: identical 5 / changed 0
ENGI401: identical 5 / changed 8
ENGI405: identical 9 / changed 0
ENGJ101: identical 6 / changed 0
ENGJ102: identical 7 / changed 0
ENGJ201: identical 6 / changed 2
ENGJ202: identical 7 / changed 0
ENGJ301: identical 6 / changed 3
ENGJ302: identical 8 / changed 3
ENGJ402: identical 10 / changed 0
ENGJ403: identical 11 / changed 0
ENGR101: identical 7 / changed 2
ENGR102: identical 7 / changed 0
ENGR201: identical 8 / changed 0
ENGR202: identical 9 / changed 0
ENGR301: identical 9 / changed 1
ENGR302: identical 8 / changed 1
ENGS101: identical 7 / changed 0
ENGS102: identical 3 / changed 5
ENGS201: identical 9 / changed 1
ENGS202: identical 6 / changed 2
ENGS301: identical 8 / changed 1
ENGS302: identical 8 / changed 0
ENGS401: identical 7 / changed 1
ENGS404: identical 13 / changed 0
ENGS405: identical 2 / changed 0
ENO2060: identical 6 / changed 1
EXBP901: identical 6 / changed 1
EXIP901: identical 6 / changed 1
EXPFUN02: identical 2 / changed 0
EXPFUN03: identical 2 / changed 0
EXPFUN04: identical 2 / changed 0
EXPFUN05: identical 2 / changed 0
EXPFUN06: identical 2 / changed 0
EXPFUN07: identical 2 / changed 0
FRFUN06: identical 10 / changed 1
FRFUN07: identical 10 / changed 0
FRFUN08: identical 12 / changed 0
FRNO901: identical 10 / changed 0
FRNO902: identical 10 / changed 0
GENO901: identical 14 / changed 10
GEO1004: identical 4 / changed 0
GEO1005: identical 7 / changed 1
GEO1006: identical 6 / changed 1

TOTAL: identical 752 / changed 108 / missing 0 over 132 modules
CHANGED: CEDK401/CEDK401_0_0.html CEDK501/CEDK501_0_0.html CEDO102/CEDO102_0_0.html CEDO201/CEDO201_0_0.html CEDO301/CEDO301_2_0.html CEDO501/CEDO501_0_0.html CEDO501/CEDO501_1_0.html CEDO502/CEDO502_0_0.html CEDR101/CEDR101_0_0.html CEDR203/CEDR203_0_0.html CEDR501/CEDR501_0_0.html CEDT102/CEDT102_0_0.html CEDT207/CEDT207_0_0.html CEDT301/CEDT301_0_0.html CEDT404/CEDT404_0_0.html CEDT501/CEDT501_0_0.html CEDW101/CEDW101_0_0.html CEDW201/CEDW201_0_0.html CEDW501/CEDW501_0_0.html CEDW501/CEDW501_3_0.html CHFUN08/CHFUN08_0_0.html CHI1003/CHI1003_0_0.html COM1002/COM1002_2_0.html COM1005/COM1005_2_0.html COM1005/COM1005_3_0.html COM1005/COM1005_6_0.html COM1005/COM1005_7_0.html COM1006/COM1006_3_0.html COM1006/COM1006_4_0.html DTC1004/DTC1004_1_0.html DTC1004/DTC1004_2_0.html DTC1004/DTC1004_3_0.html DTC1004/DTC1004_4_0.html DTC1004/DTC1004_5_0.html DTC1004/DTC1004_7_0.html ENFUN01/ENFUN01_0_0.html ENFUN02/ENFUN02_0_0.html ENFUN03/ENFUN03_0_0.html ENFUN05/ENFUN05_0_0.html ENFUN07/ENFUN07_0_0.html ENFUN08/ENFUN08_0_0.html ENFUN09/ENFUN09_0_0.html ENGC101/ENGC101_5_0.html ENGC201/ENGC201_5_0.html ENGC202/ENGC202_7_0.html ENGC206/ENGC206_7_0.html ENGC301/ENGC301_2_0.html ENGC301/ENGC301_3_0.html ENGC401/ENGC401_1_0.html ENGC401/ENGC401_2_0.html ENGC401/ENGC401_3_0.html ENGC401/ENGC401_4_0.html ENGC401/ENGC401_5_0.html ENGFUN02/ENGFUN02_4_0.html ENGI101/ENGI101_1_0.html ENGI103/ENGI103_2_0.html ENGI201/ENGI201_2_0.html ENGI203/ENGI203_0_0.html ENGI301/ENGI301_3_0.html ENGI302/ENGI302_2_0.html ENGI302/ENGI302_6_0.html ENGI303/ENGI303_6_0.html ENGI401/ENGI401_2_0.html ENGI401/ENGI401_3_0.html ENGI401/ENGI401_4_0.html ENGI401/ENGI401_6_0.html ENGI401/ENGI401_7_0.html ENGI401/ENGI401_8_0.html ENGI401/ENGI401_9_0.html ENGI401/ENGI401_10_0.html ENGJ201/ENGJ201_2_0.html ENGJ201/ENGJ201_5_0.html ENGJ301/ENGJ301_1_0.html ENGJ301/ENGJ301_2_0.html ENGJ301/ENGJ301_4_0.html ENGJ302/ENGJ302_2_0.html ENGJ302/ENGJ302_5_0.html ENGJ302/ENGJ302_7_0.html ENGR101/ENGR101_2_0.html ENGR101/ENGR101_5_0.html ENGR301/ENGR301_8_0.html ENGR302/ENGR302_1_0.html ENGS102/ENGS102_1_0.html ENGS102/ENGS102_2_0.html ENGS102/ENGS102_3_0.html ENGS102/ENGS102_5_0.html ENGS102/ENGS102_6_0.html ENGS201/ENGS201_5_0.html ENGS202/ENGS202_2_0.html ENGS202/ENGS202_3_0.html ENGS301/ENGS301_5_0.html ENGS401/ENGS401_2_0.html ENO2060/ENO2060_8_0.html EXBP901/EXBP901_4_0.html EXIP901/EXIP901_5_0.html FRFUN06/FRFUN06_0_0.html GENO901/GENO901_3_2.html GENO901/GENO901_3_4.html GENO901/GENO901_4_0.html GENO901/GENO901_4_1.html GENO901/GENO901_5_0.html GENO901/GENO901_5_1.html GENO901/GENO901_5_2.html GENO901/GENO901_6_0.html GENO901/GENO901_6_2.html GENO901/GENO901_8_0.html GEO1005/GEO1005_4_0.html GEO1006/GEO1006_2_0.html
