BLL251_1_0.html               57.14 ->  48.05  (-9.09)
ENGJ301_1_0.html              43.69 ->  37.25  (-6.43)
XLP04_0_0.html                61.16 ->  58.82  (-2.33)
BLLR202_1_0.html              60.65 ->  58.55  (-2.09)
BLL163_1_0.html               61.82 ->  60.12  (-1.70)
OSOH101_3_0.html              81.44 ->  80.00  (-1.44)
CEDR501_0_0.html              59.83 ->  58.41  (-1.42)
MXFU301_2_0.html              67.55 ->  66.22  (-1.33)
XMES101_2_0.html              64.52 ->  63.26  (-1.26)
HIS1003_10_0.html             59.38 ->  58.27  (-1.11)
GENO901_5_0.html              24.43 ->  23.44  (-0.99)
ENGC301_3_0.html              61.71 ->  60.82  (-0.90)
PES1007_5_0.html              24.42 ->  23.53  (-0.89)
DTC1004_5_0.html              33.90 ->  33.04  (-0.85)
CEDK501_0_0.html              72.06 ->  71.21  (-0.85)
ANZH302_6_0.html              28.90 ->  28.07  (-0.83)
BLLR201_3_0.html              93.88 ->  93.06  (-0.82)
XMES201_1_0.html              40.60 ->  39.80  (-0.80)
HIS1008_3_0.html              60.99 ->  60.22  (-0.78)
MXEO301_3_0.html              62.14 ->  61.37  (-0.77)
COM1005_6_0.html              47.89 ->  47.14  (-0.74)
CEDO502_0_0.html              79.31 ->  78.57  (-0.74)
MXDB301_4_0_0.html            27.59 ->  26.87  (-0.72)
BLL171_1_0.html               37.33 ->  36.73  (-0.60)
PES1007_7_0.html              14.43 ->  13.84  (-0.59)
ANZH302_9_0.html              47.12 ->  46.60  (-0.51)
ENGS102_3_0.html              69.35 ->  68.85  (-0.50)
ANZH301_9_0.html              59.65 ->  59.17  (-0.48)
DTC1004_2_0.html              33.80 ->  33.33  (-0.47)
BLL111_0_0.html               72.13 ->  71.67  (-0.46)
BLL153_1_0.html               62.72 ->  62.28  (-0.45)
CEDW101_0_0.html              70.09 ->  69.64  (-0.45)
ENGS102_1_0.html              32.69 ->  32.26  (-0.43)
CEDO102_0_0.html              50.49 ->  50.07  (-0.42)
ENGJ302_5_0.html              41.55 ->  41.13  (-0.41)
GENO901_6_0.html              41.50 ->  41.10  (-0.40)
MXEO201_8_0.html              81.48 ->  81.13  (-0.35)
BLL213_2_0.html               37.91 ->  37.58  (-0.32)
MXFL104_3_0.html              37.02 ->  36.71  (-0.30)
MXFU402_1_0.html              56.27 ->  55.97  (-0.30)
XLP01_3_0.html                73.63 ->  73.33  (-0.29)
GENO901_3_2.html              33.33 ->  33.04  (-0.29)
BLL112_1_0.html               81.54 ->  81.25  (-0.29)
SCES201_2_0.html              71.70 ->  71.43  (-0.27)
ENGI401_6_0.html              47.37 ->  47.15  (-0.22)
BLL254_1_0.html               49.58 ->  49.36  (-0.22)
SCBI301_7_0.html              75.11 ->  74.89  (-0.21)
SCES201_3_0.html              82.86 ->  82.69  (-0.16)
CEDR101_0_0.html              72.62 ->  72.47  (-0.16)
GER1002_2_0.html              15.07 ->  14.93  (-0.15)
BLL227_1_0.html               58.82 ->  58.68  (-0.14)
MXFUN03_0_0.html              27.44 ->  27.32  (-0.12)
HIS1005_8_0.html              63.68 ->  63.64  (-0.05)
MXFUN01_0_0.html               5.45 ->   5.41  (-0.04)
ENGC301_2_0.html              65.42 ->  65.40  (-0.02)
MXFUN02_0_0.html               7.86 ->   7.88  (+0.02)
BLL120_0_0.html               29.55 ->  29.57  (+0.02)
ENGC201_5_0.html              68.00 ->  68.03  (+0.03)
TWHA901_0_0.html              18.75 ->  18.80  (+0.05)
SSFUN05_0_0.html              24.17 ->  24.22  (+0.05)
CEDK401_0_0.html              38.51 ->  38.57  (+0.06)
CEDT102_0_0.html              43.78 ->  43.87  (+0.08)
BLL140_0_0.html               58.53 ->  58.61  (+0.08)
CEDT207_0_0.html              30.75 ->  30.84  (+0.09)
TWHK903_0_0.html              40.14 ->  40.23  (+0.09)
ENFUN07_0_0.html              39.51 ->  39.61  (+0.10)
BLL170_0_0.html               61.13 ->  61.23  (+0.10)
ENGI401_8_0.html              72.83 ->  72.93  (+0.10)
ANZH301_1_0.html              14.97 ->  15.07  (+0.10)
BLL160_0_0.html               32.66 ->  32.77  (+0.11)
ENFUN09_0_0.html              47.72 ->  47.83  (+0.11)
SSFUN01_0_0.html              21.22 ->  21.33  (+0.11)
ENGI401_9_0.html              72.85 ->  72.97  (+0.13)
ENGI401_10_0.html             72.73 ->  72.86  (+0.13)
CEDW201_0_0.html              48.62 ->  48.77  (+0.15)
ENFUN01_0_0.html              39.00 ->  39.15  (+0.15)
ENFUN02_0_0.html              60.10 ->  60.26  (+0.15)
TEFUN08_0_0.html              53.86 ->  54.02  (+0.15)
JPN1004_3_0.html              36.40 ->  36.56  (+0.16)
BLL255_2_0.html               58.67 ->  58.82  (+0.16)
EXIP901_5_0.html              18.74 ->  18.90  (+0.16)
MXDB202_3_0.html              48.85 ->  49.03  (+0.17)
SSCI104_1_0.html              38.37 ->  38.55  (+0.17)
GEO1005_4_0.html              30.59 ->  30.77  (+0.17)
SSFUN02_0_0.html              42.61 ->  42.78  (+0.17)
BLL110_0_0.html               35.43 ->  35.62  (+0.18)
XDLS909_4_0.html              26.90 ->  27.08  (+0.19)
XDLS912_5_0.html              53.48 ->  53.68  (+0.20)
MXFL202_5_0.html              38.20 ->  38.40  (+0.20)
BLL150_0_0.html               50.43 ->  50.65  (+0.22)
ANZH401_1_0.html              22.86 ->  23.08  (+0.22)
CEDT301_0_0.html              46.02 ->  46.25  (+0.22)
MXEO401_1_0.html              41.53 ->  41.76  (+0.23)
HIS1001_10_0.html             25.66 ->  25.89  (+0.23)
MXFU202_2_0.html              40.11 ->  40.35  (+0.23)
MXEO401_3_0.html              36.99 ->  37.22  (+0.23)
BLL245_2_0.html               64.23 ->  64.46  (+0.24)
ENGI401_2_0.html              34.91 ->  35.16  (+0.26)
OSOH101_2_0.html              57.65 ->  57.91  (+0.26)
CEDT404_0_0.html              39.91 ->  40.17  (+0.26)
FRFUN06_0_0.html              47.76 ->  48.03  (+0.27)
HIS1008_6_0.html              44.38 ->  44.65  (+0.27)
ANZH302_1_0.html              31.30 ->  31.58  (+0.27)
HIS1002_4_0.html              46.15 ->  46.45  (+0.30)
EXBP901_4_0.html              29.16 ->  29.46  (+0.30)
BLL130_0_0.html               46.79 ->  47.10  (+0.30)
BLL254_2_0.html               37.75 ->  38.06  (+0.31)
CHFUN08_0_0.html              68.61 ->  68.92  (+0.31)
MXFU201_9_0.html              46.10 ->  46.42  (+0.31)
ANZH101_2_0.html              44.76 ->  45.07  (+0.32)
ENGC401_1_0.html              46.78 ->  47.10  (+0.32)
ENGR302_1_0.html              29.95 ->  30.27  (+0.32)
MXDI301_3_0.html              45.16 ->  45.49  (+0.33)
HIS1005_4_0.html              50.16 ->  50.49  (+0.33)
AGH1008_8_0.html              63.16 ->  63.49  (+0.33)
MXFL201_1_0.html              48.25 ->  48.59  (+0.34)
ANZH304_1_0.html              54.00 ->  54.36  (+0.36)
HIS1007_3_0.html              52.08 ->  52.45  (+0.36)
ENGI101_1_0.html              30.12 ->  30.49  (+0.37)
ENGI302_6_0.html              68.37 ->  68.75  (+0.38)
GENO901_4_1.html              44.83 ->  45.22  (+0.39)
ENGI301_3_0.html              36.84 ->  37.23  (+0.39)
MXFL301_7_0.html              59.14 ->  59.53  (+0.40)
ENGC206_7_0.html              61.98 ->  62.38  (+0.40)
SSFUN06_0_0.html              49.59 ->  50.00  (+0.41)
MXFU302_2_0.html              55.35 ->  55.76  (+0.41)
HIS1005_9_0.html              55.56 ->  55.97  (+0.41)
MXDB302_9_0.html              58.66 ->  59.07  (+0.42)
ANZH404_4_0.html              52.76 ->  53.17  (+0.42)
SSCI205_4_0.html              67.49 ->  67.91  (+0.42)
XLP03_4_0.html                49.36 ->  49.79  (+0.42)
HIS1007_4_0.html              64.03 ->  64.45  (+0.43)
BLLR203_1_0.html              56.15 ->  56.59  (+0.44)
SSFUN08_0_0.html              46.05 ->  46.49  (+0.44)
ENGS201_5_0.html              71.52 ->  71.95  (+0.44)
ANZH203_6_0.html              33.55 ->  33.99  (+0.44)
MXFL302_8_0.html              63.67 ->  64.11  (+0.44)
CEDO501_1_0.html              61.37 ->  61.82  (+0.45)
BLL121_2_0.html               46.67 ->  47.12  (+0.45)
XDLS902_7_0.html              46.67 ->  47.12  (+0.45)
BLL275_1_0.html               41.08 ->  41.53  (+0.45)
BLL246_2_0.html               54.69 ->  55.14  (+0.45)
HIS1005_3_0.html              55.14 ->  55.60  (+0.46)
BLL253_2_0.html               46.64 ->  47.10  (+0.46)
ENFUN08_0_0.html              41.46 ->  41.92  (+0.47)
HIS1006_10_0.html             60.32 ->  60.80  (+0.48)
BLL112_2_0.html               46.07 ->  46.56  (+0.49)
BLL122_2_0.html               63.08 ->  63.57  (+0.49)
PES1008_5_0.html              44.81 ->  45.30  (+0.50)
BLL263_1_0.html               50.25 ->  50.75  (+0.50)
BLL252_2_0.html               71.59 ->  72.09  (+0.50)
BLL272_2_0.html               61.09 ->  61.60  (+0.52)
ENGJ301_2_0.html              62.55 ->  63.07  (+0.52)
HIS1005_1_0.html              52.22 ->  52.74  (+0.52)
ENGS102_6_0.html              55.14 ->  55.66  (+0.52)
XMES103_4_0.html              62.50 ->  63.03  (+0.53)
BLL243_1_0.html               50.78 ->  51.31  (+0.53)
BLL111_2_0.html               56.19 ->  56.73  (+0.54)
ANZH304_4_0.html              57.55 ->  58.10  (+0.55)
ENGS401_2_0.html              61.33 ->  61.88  (+0.55)
ENGR101_2_0.html              45.78 ->  46.34  (+0.56)
CEDW501_3_0.html              53.95 ->  54.51  (+0.56)
COM1006_4_0.html              48.84 ->  49.41  (+0.57)
BLL212_2_0.html               75.56 ->  76.14  (+0.58)
BLL257_2_0.html               46.09 ->  46.70  (+0.61)
ENGI201_2_0.html              42.45 ->  43.06  (+0.61)
ENGI103_2_0.html              57.24 ->  57.86  (+0.61)
ANZH301_6_0.html              55.25 ->  55.87  (+0.62)
BLL122_1_0.html               50.31 ->  50.93  (+0.62)
COM1002_2_0.html              45.21 ->  45.83  (+0.63)
ENGI203_0_0.html              73.50 ->  74.14  (+0.63)
ANZH404_1_0.html              59.57 ->  60.22  (+0.64)
BLL266_2_0.html               46.23 ->  46.89  (+0.66)
ENGI401_4_0.html              56.14 ->  56.80  (+0.66)
BLL270_0_0.html               49.94 ->  50.61  (+0.67)
BLLR202_3_0.html              70.81 ->  71.50  (+0.68)
ENGI303_6_0.html              62.55 ->  63.24  (+0.69)
HIS1002_1_0.html              61.29 ->  61.98  (+0.69)
BLL274_2_0.html               39.31 ->  40.00  (+0.69)
BLL234_2_0.html               62.22 ->  62.92  (+0.70)
BLL145_1_0.html               51.35 ->  52.05  (+0.70)
ENGFUN02_4_0.html             37.38 ->  38.10  (+0.71)
OSGM101_1_0.html              68.06 ->  68.78  (+0.72)
MXEO201_7_0.html              72.00 ->  72.73  (+0.73)
GEO1006_2_0.html              34.87 ->  35.60  (+0.73)
BLL227_2_0.html               54.67 ->  55.41  (+0.74)
ENGC401_5_0.html              64.77 ->  65.52  (+0.74)
XDLS905_0_0.html              72.16 ->  72.92  (+0.75)
BLL174_1_0.html               74.63 ->  75.38  (+0.76)
ENGC401_2_0.html              70.90 ->  71.66  (+0.76)
BLL253_1_0.html               58.01 ->  58.77  (+0.76)
BLL153_1_1.html               58.11 ->  58.90  (+0.80)
HIS1002_8_0.html              69.36 ->  70.18  (+0.81)
BLL175_1_1.html               63.23 ->  64.05  (+0.83)
BLL256_2_0.html               55.17 ->  56.00  (+0.83)
PES1001_4_0.html              48.74 ->  49.57  (+0.83)
BLL235_1_0.html               49.16 ->  50.00  (+0.84)
CEDO201_0_0.html              67.76 ->  68.61  (+0.85)
MXFL103_1_4.html              51.61 ->  52.46  (+0.85)
CEDW501_0_0.html              77.94 ->  78.79  (+0.85)
BLL226_2_0.html               65.36 ->  66.23  (+0.87)
ENGS102_5_0.html              48.67 ->  49.55  (+0.88)
ENGJ301_4_0.html              59.90 ->  60.78  (+0.88)
ENGC202_7_0.html              59.85 ->  60.74  (+0.89)
ENGS202_2_0.html              69.75 ->  70.64  (+0.89)
BLLR203_3_0.html              83.06 ->  83.98  (+0.92)
ANZH401_0_0.html              63.83 ->  64.75  (+0.92)
BLL231_1_0.html               66.67 ->  67.59  (+0.92)
PWY1009_1_2_0.html            66.21 ->  67.13  (+0.93)
PES1002_8_0.html              62.22 ->  63.16  (+0.94)
CEDR203_0_0.html              27.76 ->  28.70  (+0.94)
BLL237_1_0.html               68.49 ->  69.44  (+0.95)
BLL273_1_0.html               81.18 ->  82.14  (+0.97)
ENGS102_2_0.html              78.79 ->  79.75  (+0.97)
OSBY401_2_0.html              64.18 ->  65.15  (+0.97)
BLL236_1_0.html               49.33 ->  50.34  (+1.01)
BLL276_2_0.html               43.27 ->  44.31  (+1.04)
HIS1005_2_0.html              30.20 ->  31.25  (+1.05)
PES1005_7_0.html              61.02 ->  62.07  (+1.05)
MXDB302_3_0.html              53.66 ->  54.73  (+1.07)
MXFL302_1_0.html              68.06 ->  69.15  (+1.09)
BLLR203_0_0.html              69.33 ->  70.42  (+1.09)
ENGC401_3_0.html              76.60 ->  77.70  (+1.10)
BLL266_1_0.html               74.45 ->  75.56  (+1.10)
SCCH301_4_0.html              83.66 ->  84.77  (+1.11)
ENGS202_3_0.html              63.95 ->  65.09  (+1.14)
HIS1007_2_0.html              61.54 ->  62.69  (+1.15)
BLL265_1_1.html               77.04 ->  78.20  (+1.16)
ENGJ201_2_0.html              51.65 ->  52.81  (+1.16)
AGH1008_1_0.html              55.00 ->  56.17  (+1.17)
ENGI302_2_0.html              58.00 ->  59.18  (+1.18)
ENGI401_3_0.html              72.58 ->  73.77  (+1.19)
CHI1003_0_0.html              56.52 ->  57.78  (+1.26)
SSOG301_3_0.html              42.86 ->  44.12  (+1.26)
BLL174_1_1.html               80.62 ->  81.89  (+1.27)
DTC1004_1_0.html              64.71 ->  65.98  (+1.27)
PES1002_7_0.html              70.27 ->  71.56  (+1.29)
BLL214_2_0.html               73.99 ->  75.29  (+1.31)
OSBY301_2_0.html              69.16 ->  70.48  (+1.32)
MXFL301_9_0.html              74.34 ->  75.68  (+1.34)
PES1005_2_0.html              65.98 ->  67.37  (+1.39)
BLL272_1_0.html               59.77 ->  61.18  (+1.41)
BLL246_1_0.html               75.61 ->  77.02  (+1.41)
ENGR301_8_0.html              56.97 ->  58.39  (+1.42)
ENGR101_5_0.html              66.67 ->  68.12  (+1.45)
DTC1004_7_0.html              49.28 ->  50.75  (+1.47)
PES1005_9_0.html              51.06 ->  52.55  (+1.49)
COM1006_3_0.html              54.87 ->  56.36  (+1.50)
MXEX201_4_1.html              58.23 ->  59.74  (+1.51)
ENO2060_8_0.html              27.56 ->  29.37  (+1.81)
COM1005_7_0.html              56.25 ->  58.06  (+1.81)
ENGS301_5_0.html              75.31 ->  77.22  (+1.91)
CEDT501_0_0.html              64.18 ->  66.15  (+1.97)
BLLR202_0_0.html              69.44 ->  71.43  (+1.98)
ENGC401_4_0.html              66.67 ->  68.75  (+2.08)
PES1002_5_0.html              63.93 ->  66.12  (+2.18)
PES1008_6_0.html              45.37 ->  47.66  (+2.29)
GENO901_8_0.html              69.32 ->  71.68  (+2.36)
BLL245_1_0.html               65.43 ->  67.95  (+2.52)
ENGJ201_5_0.html              77.42 ->  80.00  (+2.58)
BLL242_1_0.html               67.65 ->  70.23  (+2.58)
BLL256_1_0.html               67.65 ->  70.23  (+2.58)
CEDO501_0_0.html              68.63 ->  71.43  (+2.80)
COM1005_2_0.html              30.04 ->  33.06  (+3.02)
ENGI401_7_0.html              44.02 ->  47.57  (+3.55)
BLL271_1_0.html               46.06 ->  49.69  (+3.63)
DTC1004_3_0.html              25.38 ->  29.89  (+4.50)
HIS1001_8_0.html              29.03 ->  33.70  (+4.66)
PES1005_8_0.html              63.51 ->  68.57  (+5.06)
DTC1004_4_0.html              44.00 ->  50.00  (+6.00)
HIS1003_7_0.html              18.36 ->  24.44  (+6.08)
COM1005_3_0.html              48.70 ->  58.20  (+9.50)
pages moved 272: 217 up / 55 down; sum +144.35pp; mean delta over 2486 pairs +0.0581pp
