AGH1001: identical 7 / changed 0
AGH1002: identical 8 / changed 0
AGH1003: identical 10 / changed 0
AGH1004: identical 8 / changed 0
AGH1005: identical 10 / changed 0
AGH1006: identical 10 / changed 1
AGH1007: identical 11 / changed 0
AGH1008: identical 8 / changed 3
AGH1009: identical 11 / changed 0
ANZH101: identical 4 / changed 1
ANZH103: identical 3 / changed 0
ANZH104: identical 9 / changed 0
ANZH105: identical 10 / changed 0
ANZH203: identical 7 / changed 1
ANZH205: identical 9 / changed 0
ANZH301: identical 9 / changed 3
ANZH302: identical 9 / changed 3
ANZH303: identical 7 / changed 1
ANZH304: identical 6 / changed 2
ANZH401: identical 12 / changed 3
ANZH404: identical 5 / changed 3
ANZHFUN05: identical 2 / changed 0
ARFUN01: identical 2 / changed 0
ARFUN02: identical 2 / changed 0
ARFUN03: identical 2 / changed 0
ARFUN04: identical 1 / changed 1
ARFUN05: identical 2 / changed 0
ART1002: identical 9 / changed 0
ART1003: identical 2 / changed 0
ART1004: identical 2 / changed 0
ART1005: identical 2 / changed 0
ART1006: identical 6 / changed 0
BLL110: identical 1 / changed 1
BLL111: identical 2 / changed 2
BLL112: identical 2 / changed 2
BLL113: identical 4 / changed 0
BLL114: identical 4 / changed 0
BLL115: identical 4 / changed 0
BLL116: identical 4 / changed 0
BLL117: identical 4 / changed 0
BLL120: identical 1 / changed 1
BLL121: identical 3 / changed 1
BLL122: identical 2 / changed 2
BLL123: identical 4 / changed 0
BLL124: identical 4 / changed 0
BLL125: identical 4 / changed 0
BLL126: identical 4 / changed 0
BLL127: identical 4 / changed 0
BLL130: identical 1 / changed 1
BLL131: identical 4 / changed 0
BLL132: identical 4 / changed 0
BLL133: identical 4 / changed 0
BLL134: identical 4 / changed 0
BLL135: identical 4 / changed 0
BLL136: identical 3 / changed 0
BLL137: identical 4 / changed 0
BLL140: identical 1 / changed 1
BLL141: identical 4 / changed 0
BLL142: identical 4 / changed 0
BLL143: identical 4 / changed 0
BLL144: identical 4 / changed 0
BLL145: identical 3 / changed 1
BLL146: identical 4 / changed 0
BLL147: identical 4 / changed 0
BLL150: identical 1 / changed 1
BLL151: identical 4 / changed 0
BLL152: identical 4 / changed 0
BLL153: identical 2 / changed 2
BLL154: identical 4 / changed 0
BLL155: identical 4 / changed 0
BLL156: identical 4 / changed 0
BLL157: identical 4 / changed 0
BLL160: identical 1 / changed 1
BLL161: identical 4 / changed 0
BLL162: identical 4 / changed 0
BLL163: identical 3 / changed 1
BLL164: identical 4 / changed 0
BLL165: identical 4 / changed 0
BLL166: identical 4 / changed 0
BLL167: identical 4 / changed 0
BLL170: identical 1 / changed 1
BLL171: identical 3 / changed 1
BLL172: identical 4 / changed 0
BLL173: identical 4 / changed 0
BLL174: identical 2 / changed 2
BLL175: identical 4 / changed 1
BLL176: identical 4 / changed 0
BLL177: identical 4 / changed 0
BLL210: identical 2 / changed 0
BLL211: identical 4 / changed 0
BLL212: identical 3 / changed 1
BLL213: identical 3 / changed 1
BLL214: identical 3 / changed 1
BLL215: identical 4 / changed 0
BLL216: identical 4 / changed 0
BLL217: identical 4 / changed 0
BLL220: identical 2 / changed 0
BLL221: identical 4 / changed 0
BLL222: identical 4 / changed 0
BLL223: identical 4 / changed 0
BLL224: identical 4 / changed 0
BLL225: identical 4 / changed 0
BLL226: identical 3 / changed 1
BLL227: identical 2 / changed 2
BLL230: identical 2 / changed 0
BLL231: identical 3 / changed 1
BLL232: identical 4 / changed 0
BLL233: identical 4 / changed 0
BLL234: identical 3 / changed 1
BLL235: identical 3 / changed 1
BLL236: identical 3 / changed 1
BLL237: identical 3 / changed 1
BLL240: identical 2 / changed 0
BLL241: identical 4 / changed 0
BLL242: identical 3 / changed 1
BLL243: identical 3 / changed 1
BLL244: identical 4 / changed 0
BLL245: identical 2 / changed 2
BLL246: identical 2 / changed 2
BLL247: identical 4 / changed 0
BLL250: identical 2 / changed 0
BLL251: identical 3 / changed 1
BLL252: identical 3 / changed 1
BLL253: identical 2 / changed 2
BLL254: identical 2 / changed 2
BLL255: identical 3 / changed 1
BLL256: identical 2 / changed 2
BLL257: identical 3 / changed 1
BLL260: identical 2 / changed 0
BLL261: identical 4 / changed 0
BLL262: identical 4 / changed 0
BLL263: identical 3 / changed 1
BLL264: identical 4 / changed 0
BLL265: identical 4 / changed 1
BLL266: identical 2 / changed 2
BLL270: identical 1 / changed 1
BLL271: identical 3 / changed 1
BLL272: identical 2 / changed 2
BLL273: identical 3 / changed 1
BLL274: identical 3 / changed 1
BLL275: identical 3 / changed 1
BLL276: identical 3 / changed 1
BLLR201: identical 6 / changed 2
BLLR202: identical 5 / changed 3
BLLR203: identical 5 / changed 3
CBI1004: identical 12 / changed 0
CBI1005: identical 12 / changed 0

TOTAL: identical 597 / changed 91 / missing 0 over 147 modules
CHANGED: AGH1006/AGH1006_9_0.html AGH1008/AGH1008_1_0.html AGH1008/AGH1008_8_0.html AGH1008/AGH1008_9_0.html ANZH101/ANZH101_2_0.html ANZH203/ANZH203_6_0.html ANZH301/ANZH301_1_0.html ANZH301/ANZH301_6_0.html ANZH301/ANZH301_9_0.html ANZH302/ANZH302_1_0.html ANZH302/ANZH302_6_0.html ANZH302/ANZH302_9_0.html ANZH303/ANZH303_5_0.html ANZH304/ANZH304_1_0.html ANZH304/ANZH304_4_0.html ANZH401/ANZH401_0_0.html ANZH401/ANZH401_1_0.html ANZH401/ANZH401_12_0.html ANZH404/ANZH404_1_0.html ANZH404/ANZH404_4_0.html ANZH404/ANZH404_5_0.html ARFUN04/ARFUN04_0_0.html BLL110/BLL110_0_0.html BLL111/BLL111_0_0.html BLL111/BLL111_2_0.html BLL112/BLL112_1_0.html BLL112/BLL112_2_0.html BLL120/BLL120_0_0.html BLL121/BLL121_2_0.html BLL122/BLL122_1_0.html BLL122/BLL122_2_0.html BLL130/BLL130_0_0.html BLL140/BLL140_0_0.html BLL145/BLL145_1_0.html BLL150/BLL150_0_0.html BLL153/BLL153_1_0.html BLL153/BLL153_1_1.html BLL160/BLL160_0_0.html BLL163/BLL163_1_0.html BLL170/BLL170_0_0.html BLL171/BLL171_1_0.html BLL174/BLL174_1_0.html BLL174/BLL174_1_1.html BLL175/BLL175_1_1.html BLL212/BLL212_2_0.html BLL213/BLL213_2_0.html BLL214/BLL214_2_0.html BLL226/BLL226_2_0.html BLL227/BLL227_1_0.html BLL227/BLL227_2_0.html BLL231/BLL231_1_0.html BLL234/BLL234_2_0.html BLL235/BLL235_1_0.html BLL236/BLL236_1_0.html BLL237/BLL237_1_0.html BLL242/BLL242_1_0.html BLL243/BLL243_1_0.html BLL245/BLL245_1_0.html BLL245/BLL245_2_0.html BLL246/BLL246_1_0.html BLL246/BLL246_2_0.html BLL251/BLL251_1_0.html BLL252/BLL252_2_0.html BLL253/BLL253_1_0.html BLL253/BLL253_2_0.html BLL254/BLL254_1_0.html BLL254/BLL254_2_0.html BLL255/BLL255_2_0.html BLL256/BLL256_1_0.html BLL256/BLL256_2_0.html BLL257/BLL257_2_0.html BLL263/BLL263_1_0.html BLL265/BLL265_1_1.html BLL266/BLL266_1_0.html BLL266/BLL266_2_0.html BLL270/BLL270_0_0.html BLL271/BLL271_1_0.html BLL272/BLL272_1_0.html BLL272/BLL272_2_0.html BLL273/BLL273_1_0.html BLL274/BLL274_2_0.html BLL275/BLL275_1_0.html BLL276/BLL276_2_0.html BLLR201/BLLR201_3_0.html BLLR201/BLLR201_4_0.html BLLR202/BLLR202_0_0.html BLLR202/BLLR202_1_0.html BLLR202/BLLR202_3_0.html BLLR203/BLLR203_0_0.html BLLR203/BLLR203_1_0.html BLLR203/BLLR203_3_0.html
