HIS1006_11_0.html             43.33 ->  30.71  (-12.63)
HIS1007_3_1.html              52.89 ->  44.73  (-8.17)
ENGC403_12_0.html             40.00 ->  32.23  (-7.77)
TEDC402_8_0.html              42.68 ->  38.46  (-4.21)
HPRE301_6_0.html              65.12 ->  61.97  (-3.14)
DAN1003_4_0.html              67.37 ->  65.26  (-2.11)
HIS1005_9_1.html              55.78 ->  53.82  (-1.96)
SSFUN02_0_0.html              42.78 ->  41.06  (-1.73)
XGF9006_2_0.html              31.70 ->  30.00  (-1.70)
HPRE301_7_0.html              78.79 ->  77.10  (-1.69)
XGF9001_4_0.html              51.43 ->  50.00  (-1.43)
XGF9002_1_0.html              48.78 ->  47.39  (-1.39)
HIS1008_7_0.html              60.80 ->  59.46  (-1.34)
XGF9006_6_0.html              34.39 ->  33.25  (-1.14)
XGF9003_1_1.html              45.76 ->  44.81  (-0.95)
XGF9006_3_0.html              31.71 ->  30.82  (-0.89)
XGF9003_1_2.html              30.66 ->  29.83  (-0.83)
XGF9002_8_0.html              59.63 ->  58.82  (-0.81)
XGF9003_1_3.html              60.51 ->  59.75  (-0.76)
XGF9002_5_0.html              58.71 ->  57.97  (-0.74)
TWHR907_0_0.html              43.27 ->  42.55  (-0.72)
SSOG105_3_0.html              43.45 ->  42.75  (-0.70)
XGF9002_6_0.html              47.12 ->  46.45  (-0.67)
XGF9002_7_0.html              57.00 ->  56.34  (-0.67)
HES1006_5_0.html              64.58 ->  63.92  (-0.67)
XGF9002_4_0.html              48.03 ->  47.41  (-0.62)
XGF9002_3_0.html              49.01 ->  48.44  (-0.57)
XGF9003_1_0.html              40.23 ->  39.77  (-0.46)
ANZH401_4_0.html              28.57 ->  28.12  (-0.45)
HIS1008_1_0.html              63.48 ->  63.05  (-0.43)
XGF9001_3_0.html              42.72 ->  42.31  (-0.41)
TWHR905_0_0.html              50.91 ->  50.61  (-0.30)
HIS1008_1_2.html              70.59 ->  70.30  (-0.29)
MXFU302_1_0.html              52.97 ->  52.73  (-0.24)
EXBP901_1_0.html              32.69 ->  32.46  (-0.23)
HPRE301_4_0.html              75.49 ->  75.36  (-0.13)
MXFUN02_0_0.html               7.88 ->   7.90  (+0.02)
MXFUN01_0_0.html               5.41 ->   5.48  (+0.07)
HPRE301_3_0.html              61.22 ->  61.31  (+0.08)
AGH1001_4_0.html              60.36 ->  60.44  (+0.08)
HPRE301_9_0.html              61.02 ->  61.11  (+0.09)
CEDT104_0_0.html              24.86 ->  24.96  (+0.10)
SSCI104_1_0.html              38.55 ->  38.65  (+0.10)
SSCI104_2_0.html              29.58 ->  29.68  (+0.10)
EXIP901_2_0.html              50.45 ->  50.59  (+0.14)
SSOG105_1_0.html              52.37 ->  52.56  (+0.20)
XGF9006_1_0.html              23.18 ->  23.45  (+0.27)
XGF9002_2_0.html              46.45 ->  46.73  (+0.28)
XGF9003_0_0.html              39.60 ->  40.00  (+0.40)
HIS1005_6_1.html              54.75 ->  55.17  (+0.42)
CEDO502_1_1.html              59.70 ->  60.17  (+0.47)
HIS1008_5_0.html              74.92 ->  75.54  (+0.62)
SSOG105_4_0.html              49.48 ->  50.13  (+0.65)
SSOG105_6_0.html              45.53 ->  46.20  (+0.67)
HIS1008_6_0.html              44.65 ->  45.34  (+0.69)
SSOG105_5_0.html              53.97 ->  54.69  (+0.72)
SSOG105_2_0.html              56.91 ->  57.68  (+0.77)
XGF9006_4_0.html              24.55 ->  25.38  (+0.83)
HIS1006_9_0.html              45.90 ->  46.74  (+0.84)
HIS1007_1_0.html              49.48 ->  50.35  (+0.87)
HIS1005_10_1.html             72.39 ->  73.29  (+0.90)
SSCI205_4_0.html              67.91 ->  68.94  (+1.03)
SSEA203_3_0.html              36.16 ->  37.21  (+1.05)
BLL254_1_0.html               50.43 ->  51.53  (+1.09)
SSEA203_5_0.html              76.66 ->  77.78  (+1.12)
BLL252_1_0.html               60.82 ->  61.99  (+1.17)
DAN1003_5_0.html              56.25 ->  57.45  (+1.20)
HIS1006_10_0.html             60.80 ->  62.04  (+1.24)
HIS1008_3_1.html              63.28 ->  64.54  (+1.26)
CEDT501_3_0.html              54.55 ->  55.81  (+1.27)
SSCI205_3_0.html              69.80 ->  71.11  (+1.31)
SSCI205_5_0.html              73.52 ->  74.87  (+1.35)
SSCI205_6_0.html              77.45 ->  78.84  (+1.38)
SSCI205_7_0.html              65.79 ->  67.19  (+1.40)
HIS1006_8_0.html              74.16 ->  75.57  (+1.42)
XGF9006_5_0.html              45.69 ->  47.17  (+1.48)
SSEA203_1_0.html              75.10 ->  76.67  (+1.56)
ANZH105_8_0.html              75.32 ->  76.92  (+1.60)
HIS1007_2_0.html              62.69 ->  64.29  (+1.60)
SSEA203_4_0.html              62.37 ->  64.09  (+1.72)
AGH1001_3_0.html              69.15 ->  70.90  (+1.75)
DAN1003_7_0.html              56.36 ->  58.18  (+1.82)
SSCI205_2_0.html              74.29 ->  76.16  (+1.87)
HIS1005_7_0.html              60.43 ->  62.32  (+1.89)
MXEO301_4_0.html              54.49 ->  56.41  (+1.92)
MXFL302_3_0.html              44.16 ->  46.10  (+1.95)
SSCI205_1_0.html              68.33 ->  70.54  (+2.21)
HIS1007_4_1.html              74.85 ->  77.22  (+2.37)
HIS1005_8_0.html              63.64 ->  66.33  (+2.69)
SSCI205_8_0.html              82.79 ->  85.58  (+2.79)
HIS1005_5_1.html              66.67 ->  69.57  (+2.90)
DAN1003_2_0.html              58.12 ->  61.54  (+3.42)
SSEA203_2_0.html              58.36 ->  62.42  (+4.06)
XGF9002_0_0.html              44.31 ->  48.66  (+4.35)
DAN1003_6_0.html              55.81 ->  60.47  (+4.65)
DAN1003_3_0.html              59.26 ->  64.20  (+4.94)
HPRE301_1_0.html              52.80 ->  57.81  (+5.01)
XGF9006_7_0.html              21.13 ->  27.91  (+6.78)
pages moved 98: 62 up / 36 down; sum +30.06pp; mean delta over 2486 pairs +0.0121pp
