CHANGED: BLL240: identical 0 / changed 2
CHANGED: BLL250: identical 0 / changed 2
CHANGED: TOTAL: identical 684 / changed 4 / missing 0 over 147 modules
CHANGED: CEDT501: identical 13 / changed 3
CHANGED: ENFUN04: identical 0 / changed 2
CHANGED: TOTAL: identical 855 / changed 5 / missing 0 over 132 modules
CHANGED: HPFUN303: identical 0 / changed 2
CHANGED: MXDB302: identical 9 / changed 2
CHANGED: MXDI202: identical 11 / changed 2
CHANGED: MXFL202: identical 5 / changed 3
CHANGED: MXFU402: identical 7 / changed 2
CHANGED: MXS1004: identical 9 / changed 2
CHANGED: OSAI201: identical 3 / changed 2
CHANGED: OSAI301: identical 3 / changed 2
CHANGED: OSAI501: identical 5 / changed 2
CHANGED: OSBY401: identical 4 / changed 2
CHANGED: OSGM401: identical 4 / changed 2
CHANGED: OSSM501: identical 5 / changed 2
CHANGED: TOTAL: identical 979 / changed 25 / missing 0 over 132 modules
CHANGED: SCES201: identical 4 / changed 2
CHANGED: TOTAL: identical 662 / changed 2 / missing 0 over 134 modules
TOTAL identical 6360 / changed 72
