mode h5: merge a row-opening ('h5',) into the previous plain col-md-8 row
  ALL                                              pages  1963 touched   68 (cands  201, merged  158)  up   53 / down   12 / flat   3  pp-sum    +18.5  mean/touched +0.27
  template=Standard                                pages  1738 touched   59 (cands  148, merged  115)  up   46 / down   10 / flat   3  pp-sum    +13.3  mean/touched +0.23
  template=Inquiry                                 pages    98 touched    6 (cands   41, merged   32)  up    6 / down    0 / flat   0  pp-sum     +7.0  mean/touched +1.17
  template=Bilingual                               pages    63 touched    3 (cands   12, merged   11)  up    1 / down    2 / flat   0  pp-sum     -1.8  mean/touched -0.59
  subject=NCEA1                                    pages   333 touched   16 (cands   74, merged   60)  up   15 / down    1 / flat   0  pp-sum    +14.0  mean/touched +0.88
  subject=1-10 Mathematics                         pages   332 touched   10 (cands   21, merged   15)  up    9 / down    1 / flat   0  pp-sum     +2.2  mean/touched +0.22
  subject=1-10 English                             pages   304 touched   21 (cands   52, merged   40)  up   12 / down    7 / flat   2  pp-sum     -0.0  mean/touched -0.00
  subject=Leaving to Learn                         pages   206 touched    3 (cands    5, merged    5)  up    3 / down    0 / flat   0  pp-sum     +2.5  mean/touched +0.82
  subject=Online Safety (OS9000)                   pages   130 touched    8 (cands   13, merged   11)  up    7 / down    1 / flat   0  pp-sum     -0.3  mean/touched -0.04
  subject=ConnectED                                pages   114 touched    3 (cands    6, merged    5)  up    3 / down    0 / flat   0  pp-sum     +0.7  mean/touched +0.22
  subject=Te Marautanga o Aotearoa TMoA            pages    63 touched    3 (cands   12, merged   11)  up    1 / down    2 / flat   0  pp-sum     -1.8  mean/touched -0.59
  subject=None                                     pages    46 touched    1 (cands    2, merged    1)  up    1 / down    0 / flat   0  pp-sum     +1.0  mean/touched +1.01
  subject=EXPlore                                  pages    15 touched    1 (cands    1, merged    1)  up    0 / down    0 / flat   1  pp-sum     +0.0  mean/touched +0.04
  subject=Te ara Whakapuawa -Wellbeing             pages     8 touched    2 (cands   13, merged    9)  up    2 / down    0 / flat   0  pp-sum     +0.3  mean/touched +0.13
  series=HIS10                                     pages    77 touched    4 (cands   10, merged    7)  up    4 / down    0 / flat   0  pp-sum     +2.2  mean/touched +0.54
  series=ENGI2                                     pages    23 touched    3 (cands    8, merged    8)  up    2 / down    0 / flat   1  pp-sum     +0.5  mean/touched +0.16
  series=ENGJ4                                     pages    19 touched    6 (cands   12, merged   12)  up    3 / down    3 / flat   0  pp-sum     -0.7  mean/touched -0.12
  series=ENGS3                                     pages    15 touched    6 (cands   18, merged   12)  up    6 / down    0 / flat   0  pp-sum     +4.1  mean/touched +0.68
  series=ENGS4                                     pages     8 touched    3 (cands    6, merged    5)  up    0 / down    2 / flat   1  pp-sum     -2.5  mean/touched -0.85
  series=ENG10                                     pages     5 touched    4 (cands   20, merged   18)  up    3 / down    1 / flat   0  pp-sum     +1.5  mean/touched +0.38
  series=ENGFU                                     pages     5 touched    3 (cands   26, merged   21)  up    3 / down    0 / flat   0  pp-sum     +6.7  mean/touched +2.22

worst 12 pages:
   ('OSSM401', 'OSSM401_2_0.html', 'Standard', 'Online Safety (OS9000)', 1, 66.11, 61.6, -4.51)
   ('TRR114', 'TRR114_1_0.html', 'Bilingual', 'Te Marautanga o Aotearoa TMoA', 4, 33.46, 31.42, -2.04)
   ('ENGS405', 'ENGS405_0_0.html', 'Standard', '1-10 English', 1, 58.11, 56.16, -1.94)
   ('ENGJ402', 'ENGJ402_2_0.html', 'Standard', '1-10 English', 1, 49.58, 48.31, -1.27)
   ('ENGJ402', 'ENGJ402_3_0.html', 'Standard', '1-10 English', 1, 57.51, 56.28, -1.23)
   ('ENGJ402', 'ENGJ402_4_0.html', 'Standard', '1-10 English', 1, 88.24, 87.13, -1.11)
   ('ENG1005', 'ENG1005_0_0.html', 'Standard', 'NCEA1', 8, 37.95, 36.87, -1.08)
   ('ENGI303', 'ENGI303_6_0.html', 'Standard', '1-10 English', 1, 62.55, 61.48, -1.07)
   ('MXFU301', 'MXFU301_7_0.html', 'Standard', '1-10 Mathematics', 1, 50.69, 49.65, -1.04)
   ('TRR304', 'TRR304_2_0.html', 'Bilingual', 'Te Marautanga o Aotearoa TMoA', 3, 17.05, 16.28, -0.78)
   ('ENGS401', 'ENGS401_4_0.html', 'Standard', '1-10 English', 2, 66.06, 65.42, -0.63)
   ('ENGI102', 'ENGI102_10_0.html', 'Standard', '1-10 English', 1, 35.38, 34.88, -0.5)
best 8 pages:
   ('ENGFUN02', 'ENGFUN02_4_0.html', 'Inquiry', 'NCEA1', 5, 37.38, 41.24, 3.85)
   ('PES1004', 'PES1004_8_0.html', 'Standard', 'NCEA1', 3, 40.0, 42.11, 2.11)
   ('XLP02', 'XLP02_5_0.html', 'Standard', 'Leaving to Learn', 2, 74.74, 76.34, 1.61)
   ('ENG1004', 'ENG1004_0_0.html', 'Standard', 'NCEA1', 6, 26.48, 28.02, 1.54)
   ('ENGJ402', 'ENGJ402_7_0.html', 'Standard', '1-10 English', 2, 52.7, 54.17, 1.46)
   ('ENGFUN02', 'ENGFUN02_1_0.html', 'Inquiry', 'NCEA1', 11, 13.33, 14.78, 1.44)
   ('ENGFUN02', 'ENGFUN02_0_0.html', 'Inquiry', 'NCEA1', 5, 20.86, 22.22, 1.36)
   ('ENGS301', 'ENGS301_2_0.html', 'Standard', '1-10 English', 2, 57.92, 59.22, 1.29)
wrote _s25_h45flow_h5.json
