BLL242: identical 3 / changed 0
BLL244: identical 3 / changed 0
BLL245: identical 3 / changed 0
BLL246: identical 3 / changed 0
BLL251: identical 3 / changed 0
BLL252: identical 3 / changed 0
  ~ BLL253_1_0.html: -3 +3
     - <th><b>Suffix</b></th>
     - <th><b>Meaning</b></th>
     - <th><b>Examples</b></th>
     + <th>Suffix</th>
     + <th>Meaning</th>
     + <th>Examples</th>
BLL253: identical 2 / changed 1
  ~ BLL254_1_0.html: -2 +2
     - <th><b>Present tense</b></th>
     - <th><b>Past tense</b></th>
     + <th>Present tense</th>
     + <th>Past tense</th>
BLL254: identical 2 / changed 1
BLL262: identical 3 / changed 0
BLL263: identical 3 / changed 0
BLLR201: identical 8 / changed 0
CEDK101: identical 1 / changed 0
CEDK102: identical 1 / changed 0
  ~ CEDK501_2_0.html: -3 +3
     - <th><b>Expenses (weekly)</b></th>
     - <th><b>Expenses (monthly)</b></th>
     - <th><b>Expenses (annually)</b></th>
     + <th>Expenses (weekly)</th>
     + <th>Expenses (monthly)</th>
     + <th>Expenses (annually)</th>
  ~ CEDK501_6_0.html: -4 +4
     - <th><b>Not Achieved (NA)</b></th>
     - <th><b>Achieved (A)</b></th>
     - <th><b>Merit (M)</b></th>
     - <th><b>Excellence (E)</b></th>
     + <th>Not Achieved (NA)</th>
     + <th>Achieved (A)</th>
     + <th>Merit (M)</th>
     + <th>Excellence (E)</th>
  ~ CEDK501_6_1.html: -6 +6
     - <th><b>Scenario</b></th>
     - <th><b>Response A</b></th>
     - <th><b>Response B</b></th>
     - <th><b>Which is relevant?</b></th>
     - <th><b>Asking questions to gain information</b></th>
     - <th><b>Asking questions to clarify</b></th>
     + <th>Scenario</th>
     + <th>Response A</th>
     + <th>Response B</th>
     + <th>Which is relevant?</th>
     + <th>Asking questions to gain information</th>
     + <th>Asking questions to clarify</th>
CEDK501: identical 11 / changed 3
CEDO102: identical 1 / changed 0
CEDO105: identical 6 / changed 0
CEDO202: identical 1 / changed 0
CEDO301: identical 6 / changed 0
  ~ CEDO501_2_1.html: -4 +4
     - <th><b>Institution</b></th>
     - <th><b>Account type</b></th>
     - <th><b>Minimum deposit $</b></th>
     - <th><b>Interest rate %</b></th>
     + <th>Institution</th>
     + <th>Account type</th>
     + <th>Minimum deposit $</th>
     + <th>Interest rate %</th>
  ~ CEDO501_4_0.html: -5 +5
     - <th><b>Type of minimum wage</b></th>
     - <th><b>Per hour</b></th>
     - <th><b>8-hour-day</b></th>
     - <th><b>40-hour week</b></th>
     - <th><b>80-hour fortnight</b></th>
     + <th>Type of minimum wage</th>
     + <th>Per hour</th>
     + <th>8-hour-day</th>
     + <th>40-hour week</th>
     + <th>80-hour fortnight</th>
  ~ CEDO501_5_1.html: -2 +2
     - <th><b>Step 1:</b></th>
     - <th><b>Step 1:</b></th>
     + <th>Step 1:</th>
     + <th>Step 1:</th>
CEDO501: identical 13 / changed 3
  ~ CEDO502_1_1.html: -2 +2
     - <th><b>Scenario</b></th>
     - <th><b>Your Answer</b></th>
     + <th>Scenario</th>
     + <th>Your Answer</th>
  ~ CEDO502_2_0.html: -6 +6
     - <th><b>Type of Credit</b></th>
     - <th><b>Example</b></th>
     - <th><b>Good or Bad?</b></th>
     - <th><b>Why?</b></th>
     - <th><b>Situation</b></th>
     - <th><b>Type of Credit</b></th>
     + <th>Type of Credit</th>
     + <th>Example</th>
     + <th>Good or Bad?</th>
     + <th>Why?</th>
     + <th>Situation</th>
     + <th>Type of Credit</th>
  ~ CEDO502_3_0.html: -4 +4
     - <th><b>the lender</b></th>
     - <th><b>the type of credit</b></th>
     - <th><b>repayment term</b></th>
     - <th><b>whether you make repayments on time</b></th>
     + <th>the lender</th>
     + <th>the type of credit</th>
     + <th>repayment term</th>
     + <th>whether you make repayments on time</th>
CEDO502: identical 7 / changed 3
CEDR201: identical 1 / changed 0
CEDR204: identical 1 / changed 0
CEDR301: identical 1 / changed 0
CEDR302: identical 1 / changed 0
  ~ CEDR501_3_0.html: -2 +2
     - <th><b>Cue/key points (left column)</b></th>
     - <th><b>Notes (right column)</b></th>
     + <th>Cue/key points (left column)</th>
     + <th>Notes (right column)</th>
  ~ CEDR501_8_0.html: -2 +2
     - <th><b>Why I prefer it (two reasons)</b></th>
     - <th><b>When I would use it</b></th>
     + <th>Why I prefer it (two reasons)</th>
     + <th>When I would use it</th>
CEDR501: identical 9 / changed 2
CEDT101: identical 1 / changed 0
CEDT104: identical 1 / changed 0
CEDT201: identical 1 / changed 0
CEDT202: identical 1 / changed 0
CEDT203: identical 1 / changed 0
CEDT204: identical 1 / changed 0
CEDT207: identical 8 / changed 0
CEDT208: identical 1 / changed 0
CEDT301: identical 7 / changed 0
CEDT404: identical 1 / changed 0
  ~ CEDT501_1_0.html: -1 +1
     - <th><b>Manaia’s Online Activity Diary</b></th>
     + <th>Manaia’s Online Activity Diary</th>
  ~ CEDT501_2_0.html: -5 +5
     - <th><b>The victim</b></th>
     - <th><b>Whānau</b></th>
     - <th><b>School or workplace</b></th>
     - <th><b>Wider community</b></th>
     - <th><b>The bully</b></th>
     + <th>The victim</th>
     + <th>Whānau</th>
     + <th>School or workplace</th>
     + <th>Wider community</th>
     + <th>The bully</th>
  ~ CEDT501_3_1.html: -3 +3
     - <th><b>Who are they?</b></th>
     - <th><b>How can they help?</b></th>
     - <th><b>How do I contact them?</b></th>
     + <th>Who are they?</th>
     + <th>How can they help?</th>
     + <th>How do I contact them?</th>
  ~ CEDT501_7_0.html: -2 +2
     - <th><b>Unhelpful comment</b></th>
     - <th><b>Constructive version</b></th>
     + <th>Unhelpful comment</th>
     + <th>Constructive version</th>
  ~ CEDT501_13_0.html: -3 +3
     - <th><b>Constructive feedback looks like ...</b></th>
     - <th><b>Destructive feedback looks like ...</b></th>
     - <th><b>+</b></th>
     + <th>Constructive feedback looks like ...</th>
     + <th>Destructive feedback looks like ...</th>
     + <th>+</th>
CEDT501: identical 10 / changed 5
CEDW101: identical 1 / changed 0
CEDW201: identical 1 / changed 0
  ~ CEDW501_7_2.html: -3 +3
     - <th><b>Who are they?</b></th>
     - <th><b>How can they help?</b></th>
     - <th><b>How do I contact them?</b></th>
     + <th>Who are they?</th>
     + <th>How can they help?</th>
     + <th>How do I contact them?</th>
CEDW501: identical 12 / changed 1
CHFUN01: identical 1 / changed 0
  ~ CHFUN04_0_0.html: -1 +1
     - <th><b><a href="https://www.istockphoto.com/photo/students-learning-during-a-classroom-presentation-in-school-
     + <th><a href="https://www.istockphoto.com/photo/students-learning-during-a-classroom-presentation-in-school-gm2
CHFUN04: identical 0 / changed 1
  ~ CHFUN05_0_0.html: -26 +26
     - <th><b>Chinese</b></th>
     - <th><b>Pinyin</b></th>
     - <th><b>Meaning</b></th>
     - <th><b>Pronoun</b></th>
     - <th><b>Meaning</b></th>
     - <th><b>Add 的</b></th>
     - <th><b>Meaning</b></th>
     - <th><b>S (Subject)</b></th>
     - <th><b>V (Verb)</b></th>
     - <th><b>O (Object)</b></th>
     - <th><b>Number</b></th>
     - <th><b>Chinese Character</b></th>
     - <th><b>Pinyin</b></th>
     - <th><b>Word</b></th>
     - <th><b>Meaning</b></th>
     - <th><b>Feeling</b></th>
     - <th><b>Example</b></th>
     - <th><b>Happening now</b></th>
     - <th><b>In the future</b></th>
     - <th><b>来 (lái)</b></th>
     - <th><b>去 (qù)</b></th>
     - <th><b>回 (huí)</b></th>
     - <th><b>Verb</b></th>
     - <th><b>Meaning</b></th>
     - <th><b>Used for</b></th>
     - <th><b>Example</b></th>
     + <th>Chinese</th>
     + <th>Pinyin</th>
     + <th>Meaning</th>
     + <th>Pronoun</th>
     + <th>Meaning</th>
     + <th>Add 的</th>
     + <th>Meaning</th>
     + <th>S (Subject)</th>
     + <th>V (Verb)</th>
     + <th>O (Object)</th>
     + <th>Number</th>
     + <th>Chinese Character</th>
     + <th>Pinyin</th>
     + <th>Word</th>
     + <th>Meaning</th>
     + <th>Feeling</th>
     + <th>Example</th>
     + <th>Happening now</th>
     + <th>In the future</th>
     + <th>来 (lái)</th>
     + … 6 more added
CHFUN05: identical 0 / changed 1
CHFUN06: identical 1 / changed 0
CHFUN07: identical 1 / changed 0
ENFUN01: identical 1 / changed 0
ENFUN02: identical 1 / changed 0
ENFUN03: identical 1 / changed 0
ENFUN04: identical 1 / changed 0
ENFUN05: identical 1 / changed 0
ENFUN07: identical 1 / changed 0
ENFUN08: identical 1 / changed 0
ENFUN09: identical 1 / changed 0
ENG1004: identical 8 / changed 0
ENG1005: identical 6 / changed 0
ENG1007: identical 1 / changed 0
ENGC101: identical 6 / changed 0
ENGC102: identical 8 / changed 0
ENGC201: identical 7 / changed 0
ENGC202: identical 9 / changed 0
ENGC301: identical 8 / changed 0
ENGC302: identical 8 / changed 0
ENGC401: identical 8 / changed 0
  ~ ENGFUN02_0_0.html: -5 +5
     - <th><b>Purpose</b></th>
     - <th><b>Close up</b></th>
     - <th><b>Effect</b></th>
     - <th><b>If you wanted to...</b></th>
     - <th><b>Then you could use...</b></th>
     + <th>Close up</th>
     + <th>Purpose</th>
     + <th>Effect</th>
     + <th>If you wanted to...</th>
     + <th>Then you could use...</th>
  ~ ENGFUN02_1_0.html: -2 +2
     - <th><b>If you wanted to make...</b></th>
     - <th><b>You might use...</b></th>
     + <th>If you wanted to make...</th>
     + <th>You might use...</th>
ENGFUN02: identical 3 / changed 2
ENGI101: identical 4 / changed 0
  ~ ENGI102_10_0.html: -1 +1
     - <th><b>Whakawhanaungatanga – Develop your relationships with others, show care for others and the world around
     + <th>Whakawhanaungatanga – Develop your relationships with others, show care for others and the world around yo
ENGI102: identical 6 / changed 1
ENGI103: identical 7 / changed 0
ENGI201: identical 5 / changed 0
ENGI202: identical 7 / changed 0
ENGI203: identical 11 / changed 0
  ~ ENGI301_5_0.html: -2 +2
     - <th><b>MUST DO</b></th>
     - <th><b>MAY DO</b></th>
     + <th>MUST DO</th>
     + <th>MAY DO</th>
ENGI301: identical 5 / changed 1
ENGI302: identical 7 / changed 0
ENGI303: identical 7 / changed 0
ENGI400: identical 4 / changed 0
ENGI401: identical 12 / changed 0
  ~ ENGI405_6_0.html: -1 +1
     - <th><b>Literary Essay Mark Schedule</b></th>
     + <th>Literary Essay Mark Schedule</th>
ENGI405: identical 7 / changed 1
ENGJ101: identical 5 / changed 0
ENGJ102: identical 6 / changed 0
ENGJ201: identical 7 / changed 0
ENGJ202: identical 6 / changed 0
ENGJ301: identical 8 / changed 0
  ~ ENGJ302_4_0.html: -2 +2
     - <th><b>Simile</b></th>
     - <th><b>Metaphor</b></th>
     + <th>Simile</th>
     + <th>Metaphor</th>
ENGJ302: identical 9 / changed 1
  ~ ENGJ402_4_0.html: -3 +3
     - <th><b>Line</b></th>
     - <th><b>Example</b></th>
     - <th><b>Rhyme scheme (last word of the line)</b></th>
     + <th>Line</th>
     + <th>Example</th>
     + <th>Rhyme scheme (last word of the line)</th>
ENGJ402: identical 8 / changed 1
  ~ ENGJ403_5_0.html: -2 +2
     - <th><b>Actual script</b></th>
     - <th><b>What the script is saying in modern English</b></th>
     + <th>Actual script</th>
     + <th>What the script is saying in modern English</th>
  ~ ENGJ403_6_0.html: -5 +5
     - <th><b>Criteria</b></th>
     - <th><b>Not Achieved Yet</b></th>
     - <th><b>Achieved</b></th>
     - <th><b>Merit</b></th>
     - <th><b>Excellence</b></th>
     + <th>Criteria</th>
     + <th>Not Achieved Yet</th>
     + <th>Achieved</th>
     + <th>Merit</th>
     + <th>Excellence</th>
ENGJ403: identical 8 / changed 2
ENGR101: identical 8 / changed 0
ENGR102: identical 7 / changed 0
ENGR201: identical 7 / changed 0
ENGR202: identical 8 / changed 0
ENGR301: identical 9 / changed 0
ENGR302: identical 8 / changed 0
ENGS101: identical 6 / changed 0
ENGS102: identical 7 / changed 0
ENGS201: identical 9 / changed 0
ENGS202: identical 7 / changed 0
ENGS301: identical 8 / changed 0
ENGS302: identical 7 / changed 0
ENGS401: identical 7 / changed 0
ENGS405: identical 1 / changed 0
EXBP901: identical 6 / changed 0
EXIP901: identical 6 / changed 0
  ~ EXPFUN02_0_0.html: -3 +3
     - <th><b>Foundational</b></th>
     - <th><b>Building confidence</b></th>
     - <th><b>Ready for next steps</b></th>
     + <th>Building confidence</th>
     + <th>Ready for next steps</th>
     + <th>Foundational</th>
EXPFUN02: identical 0 / changed 1
  ~ EXPFUN03_0_0.html: -18 +18
     - <th><b>Foundational</b></th>
     - <th><b>Building Confidence</b></th>
     - <th><b>Next Steps</b></th>
     - <th><b>Foundations</b></th>
     - <th><b>Building Confidence</b></th>
     - <th><b>Ready for Next Steps</b></th>
     - <th><b>Foundations</b></th>
     - <th><b>Building Confidence</b></th>
     - <th><b>Ready for Next Steps</b></th>
     - <th><b>Foundations</b></th>
     - <th><b>Building Confidence</b></th>
     - <th><b>Ready for Next Steps</b></th>
     - <th><b>Foundations</b></th>
     - <th><b>Building Confidence</b></th>
     - <th><b>Ready for Next Steps</b></th>
     - <th><b>Foundations</b></th>
     - <th><b>Building Confidence</b></th>
     - <th><b>Ready for Next Steps</b></th>
     + <th>Foundational</th>
     + <th>Building Confidence</th>
     + <th>Next Steps</th>
     + <th>Foundations</th>
     + <th>Building Confidence</th>
     + <th>Ready for Next Steps</th>
     + <th>Foundations</th>
     + <th>Building Confidence</th>
     + <th>Ready for Next Steps</th>
     + <th>Foundations</th>
     + <th>Building Confidence</th>
     + <th>Ready for Next Steps</th>
     + <th>Foundations</th>
     + <th>Building Confidence</th>
     + <th>Ready for Next Steps</th>
     + <th>Foundations</th>
     + <th>Building Confidence</th>
     + <th>Ready for Next Steps</th>
EXPFUN03: identical 0 / changed 1
EXPFUN04: identical 1 / changed 0

TOTAL: identical 477 / changed 32 / missing 0 over 102 modules
CHANGED: BLL253/BLL253_1_0.html BLL254/BLL254_1_0.html CEDK501/CEDK501_2_0.html CEDK501/CEDK501_6_0.html CEDK501/CEDK501_6_1.html CEDO501/CEDO501_2_1.html CEDO501/CEDO501_4_0.html CEDO501/CEDO501_5_1.html CEDO502/CEDO502_1_1.html CEDO502/CEDO502_2_0.html CEDO502/CEDO502_3_0.html CEDR501/CEDR501_3_0.html CEDR501/CEDR501_8_0.html CEDT501/CEDT501_1_0.html CEDT501/CEDT501_2_0.html CEDT501/CEDT501_3_1.html CEDT501/CEDT501_7_0.html CEDT501/CEDT501_13_0.html CEDW501/CEDW501_7_2.html CHFUN04/CHFUN04_0_0.html CHFUN05/CHFUN05_0_0.html ENGFUN02/ENGFUN02_0_0.html ENGFUN02/ENGFUN02_1_0.html ENGI102/ENGI102_10_0.html ENGI301/ENGI301_5_0.html ENGI405/ENGI405_6_0.html ENGJ302/ENGJ302_4_0.html ENGJ402/ENGJ402_4_0.html ENGJ403/ENGJ403_5_0.html ENGJ403/ENGJ403_6_0.html EXPFUN02/EXPFUN02_0_0.html EXPFUN03/EXPFUN03_0_0.html
