EXPFUN05: identical 1 / changed 0
EXPFUN06: identical 1 / changed 0
EXPFUN07: identical 1 / changed 0
HES1003: identical 9 / changed 0
HES1004: identical 5 / changed 0
HES1005: identical 9 / changed 0
HES1006: identical 8 / changed 0
HES1007: identical 10 / changed 0
HIS1001: identical 8 / changed 0
HIS1002: identical 21 / changed 0
HIS1003: identical 11 / changed 0
HIS1004: identical 11 / changed 0
HIS1005: identical 15 / changed 0
HIS1006: identical 15 / changed 0
HIS1007: identical 7 / changed 0
HIS1008: identical 12 / changed 0
HPFUN101: identical 1 / changed 0
HPFUN102: identical 1 / changed 0
HPFUN103: identical 1 / changed 0
HPFUN201: identical 1 / changed 0
HPFUN202: identical 1 / changed 0
HPFUN203: identical 1 / changed 0
HPFUN301: identical 1 / changed 0
HPFUN302: identical 1 / changed 0
HPFUN303: identical 1 / changed 0
HPFUN401: identical 1 / changed 0
HPFUN402: identical 1 / changed 0
HPFUN403: identical 1 / changed 0
HPFUN901: identical 1 / changed 0
HPFUN902: identical 1 / changed 0
HPFUN903: identical 1 / changed 0
  ~ HPRE203_0_0.html: -4 +0
     - <div class="row">
     - <div class="col-md-8 col-12">
     - </div>
     - </div>
HPRE203: identical 7 / changed 1
MXDB102: identical 12 / changed 0
  ~ MXDB201_0_0.html: -4 +0
     - <div class="row">
     - <div class="col-md-8 col-12">
     - </div>
     - </div>
MXDB201: identical 6 / changed 1
MXDB202: identical 6 / changed 0
MXDB301: identical 8 / changed 0
MXDB302: identical 10 / changed 0
MXDI101: identical 11 / changed 0
MXDI102: identical 5 / changed 0
MXDI103: identical 10 / changed 0
MXDI201: identical 11 / changed 0
MXDI202: identical 12 / changed 0
MXDI301: identical 5 / changed 0
MXEO102: identical 5 / changed 0
MXEO201: identical 10 / changed 0
  ~ MXEO202_0_0.html: -4 +0
     - <div class="row">
     - <div class="col-md-8 col-12">
     - </div>
     - </div>
MXEO202: identical 8 / changed 1
MXEO301: identical 11 / changed 0
MXEO401: identical 7 / changed 0
MXEX101: identical 7 / changed 0
MXEX201: identical 6 / changed 0
MXEX202: identical 7 / changed 0
MXEX301: identical 8 / changed 0
  ~ MXEX302_0_0.html: -4 +0
     - <div class="row">
     - <div class="col-md-8 col-12">
     - </div>
     - </div>
MXEX302: identical 7 / changed 1
MXEX401: identical 7 / changed 0
MXFL101: identical 12 / changed 0
MXFL102: identical 9 / changed 0
MXFL103: identical 8 / changed 0
MXFL104: identical 6 / changed 0
MXFL201: identical 10 / changed 0
MXFL202: identical 6 / changed 0
MXFL203: identical 12 / changed 0
MXFL204: identical 12 / changed 0
MXFL301: identical 10 / changed 0
MXFL302: identical 10 / changed 0
MXFL401: identical 8 / changed 0
MXFU201: identical 10 / changed 0
MXFU202: identical 11 / changed 0
MXFU301: identical 12 / changed 0
MXFU302: identical 10 / changed 0
MXFU401: identical 7 / changed 0
MXFU402: identical 8 / changed 0
MXFUN01: identical 19 / changed 0
MXFUN02: identical 1 / changed 0
MXFUN03: identical 1 / changed 0
  ~ OSAH301_0_0.html: -4 +0
     - <div class="row">
     - <div class="col-md-8 col-12">
     - </div>
     - </div>
OSAH301: identical 3 / changed 1
  ~ OSAH401_0_0.html: -4 +0
     - <div class="row">
     - <div class="col-md-8 col-12">
     - </div>
     - </div>
OSAH401: identical 4 / changed 1
  ~ OSAH501_0_0.html: -4 +0
     - <div class="row">
     - <div class="col-md-8 col-12">
     - </div>
     - </div>
OSAH501: identical 5 / changed 1
  ~ OSAI101_0_0.html: -4 +0
     - <div class="row">
     - <div class="col-md-8 col-12">
     - </div>
     - </div>
OSAI101: identical 2 / changed 1
  ~ OSAI201_0_0.html: -4 +0
     - <div class="row">
     - <div class="col-md-8 col-12">
     - </div>
     - </div>
OSAI201: identical 3 / changed 1
  ~ OSAI301_0_0.html: -4 +0
     - <div class="row">
     - <div class="col-md-8 col-12">
     - </div>
     - </div>
OSAI301: identical 3 / changed 1
  ~ OSAI401_0_0.html: -4 +0
     - <div class="row">
     - <div class="col-md-8 col-12">
     - </div>
     - </div>
OSAI401: identical 4 / changed 1
  ~ OSAI501_0_0.html: -4 +0
     - <div class="row">
     - <div class="col-md-8 col-12">
     - </div>
     - </div>
OSAI501: identical 5 / changed 1
  ~ OSBY101_0_0.html: -4 +0
     - <div class="row">
     - <div class="col-md-8 col-12">
     - </div>
     - </div>
OSBY101: identical 3 / changed 1
  ~ OSBY201_0_0.html: -4 +0
     - <div class="row">
     - <div class="col-md-8 col-12">
     - </div>
     - </div>
OSBY201: identical 3 / changed 1
  ~ OSBY301_0_0.html: -4 +0
     - <div class="row">
     - <div class="col-md-8 col-12">
     - </div>
     - </div>
OSBY301: identical 3 / changed 1
  ~ OSBY401_0_0.html: -4 +0
     - <div class="row">
     - <div class="col-md-8 col-12">
     - </div>
     - </div>
OSBY401: identical 4 / changed 1
  ~ OSBY501_0_0.html: -4 +0
     - <div class="row">
     - <div class="col-md-8 col-12">
     - </div>
     - </div>
OSBY501: identical 5 / changed 1
  ~ OSGM101_0_0.html: -4 +0
     - <div class="row">
     - <div class="col-md-8 col-12">
     - </div>
     - </div>
OSGM101: identical 2 / changed 1
  ~ OSGM201_0_0.html: -4 +0
     - <div class="row">
     - <div class="col-md-8 col-12">
     - </div>
     - </div>
OSGM201: identical 3 / changed 1
  ~ OSGM301_0_0.html: -4 +0
     - <div class="row">
     - <div class="col-md-8 col-12">
     - </div>
     - </div>
OSGM301: identical 3 / changed 1
  ~ OSGM401_0_0.html: -4 +0
     - <div class="row">
     - <div class="col-md-8 col-12">
     - </div>
     - </div>
OSGM401: identical 4 / changed 1
  ~ OSGM501_0_0.html: -4 +0
     - <div class="row">
     - <div class="col-md-8 col-12">
     - </div>
     - </div>
OSGM501: identical 5 / changed 1
  ~ OSOH101_0_0.html: -4 +0
     - <div class="row">
     - <div class="col-md-8 col-12">
     - </div>
     - </div>
OSOH101: identical 3 / changed 1
  ~ OSOH201_0_0.html: -4 +0
     - <div class="row">
     - <div class="col-md-8 col-12">
     - </div>
     - </div>
OSOH201: identical 3 / changed 1
  ~ OSOH301_0_0.html: -4 +0
     - <div class="row">
     - <div class="col-md-8 col-12">
     - </div>
     - </div>
OSOH301: identical 3 / changed 1
  ~ OSOH401_0_0.html: -4 +0
     - <div class="row">
     - <div class="col-md-8 col-12">
     - </div>
     - </div>
OSOH401: identical 4 / changed 1
  ~ OSOH501_0_0.html: -4 +0
     - <div class="row">
     - <div class="col-md-8 col-12">
     - </div>
     - </div>
OSOH501: identical 5 / changed 1
  ~ OSSC301_0_0.html: -4 +0
     - <div class="row">
     - <div class="col-md-8 col-12">
     - </div>
     - </div>
OSSC301: identical 3 / changed 1

TOTAL: identical 612 / changed 28 / missing 0 over 98 modules
CHANGED: HPRE203/HPRE203_0_0.html MXDB201/MXDB201_0_0.html MXEO202/MXEO202_0_0.html MXEX302/MXEX302_0_0.html OSAH301/OSAH301_0_0.html OSAH401/OSAH401_0_0.html OSAH501/OSAH501_0_0.html OSAI101/OSAI101_0_0.html OSAI201/OSAI201_0_0.html OSAI301/OSAI301_0_0.html OSAI401/OSAI401_0_0.html OSAI501/OSAI501_0_0.html OSBY101/OSBY101_0_0.html OSBY201/OSBY201_0_0.html OSBY301/OSBY301_0_0.html OSBY401/OSBY401_0_0.html OSBY501/OSBY501_0_0.html OSGM101/OSGM101_0_0.html OSGM201/OSGM201_0_0.html OSGM301/OSGM301_0_0.html OSGM401/OSGM401_0_0.html OSGM501/OSGM501_0_0.html OSOH101/OSOH101_0_0.html OSOH201/OSOH201_0_0.html OSOH301/OSOH301_0_0.html OSOH401/OSOH401_0_0.html OSOH501/OSOH501_0_0.html OSSC301/OSSC301_0_0.html
