scaffold 53.3946 -> 53.4546 (+0.0600pp); RAW 37.688 -> 37.719
movers 298: up 244 / down 54; pp-sum +117.3; added 0 / dropped 0; movers OUTSIDE the affected set: 0
worst 12:
  XLP06_2_0.html 36.6 -> 31.7 (-4.9)
  MXDB302_5_0.html 48.5 -> 44.4 (-4.1)
  ENGJ201_3_0.html 55.6 -> 52.7 (-2.9)
  ENGS302_3_0.html 53.7 -> 50.8 (-2.8)
  TEDC402_1_0.html 61.1 -> 58.5 (-2.6)
  ENGS101_3_0.html 27.5 -> 25.2 (-2.3)
  ENGI201_1_0.html 45.4 -> 43.1 (-2.3)
  ENGJ102_3_0.html 38.9 -> 36.7 (-2.2)
  AGH1005_3_0.html 62.7 -> 60.6 (-2.1)
  MXDB102_1_0.html 61.0 -> 59.0 (-2.0)
  AGH1007_9_0.html 53.0 -> 51.0 (-2.0)
  OSOH201_3_0.html 63.2 -> 61.3 (-1.8)
best 8:
  ENGR201_4_0.html 56.8 -> 58.9 (+2.1)
  XLP04_2_0.html 48.9 -> 51.2 (+2.3)
  CEDT501_3_0.html 36.8 -> 39.2 (+2.4)
  CEDR501_8_0.html 40.4 -> 43.3 (+2.9)
  EXIP901_2_0.html 45.8 -> 49.0 (+3.2)
  MXEX202_5_0.html 57.1 -> 60.7 (+3.5)
  HIS1006_11_0.html 35.7 -> 44.7 (+9.0)
  PHE1008_1_0.html 38.9 -> 48.1 (+9.2)
