BLL242: identical 3 / changed 0
BLL244: identical 3 / changed 0
BLL245: identical 3 / changed 0
BLL246: identical 3 / changed 0
BLL251: identical 3 / changed 0
BLL252: identical 3 / changed 0
BLL253: identical 3 / changed 0
BLL254: identical 3 / changed 0
BLL262: identical 3 / changed 0
BLL263: identical 3 / changed 0
BLLR201: identical 8 / changed 0
CEDK101: identical 1 / changed 0
CEDK102: identical 1 / changed 0
CEDK501: identical 14 / changed 0
CEDO102: identical 1 / changed 0
CEDO105: identical 6 / changed 0
CEDO202: identical 1 / changed 0
  ~ CEDO301_0_0.html: -4 +0
     - <div class="row">
     - <div class="col-md-8 col-12">
     - </div>
     - </div>
CEDO301: identical 5 / changed 1
CEDO501: identical 16 / changed 0
CEDO502: identical 10 / changed 0
CEDR201: identical 1 / changed 0
CEDR204: identical 1 / changed 0
CEDR301: identical 1 / changed 0
CEDR302: identical 1 / changed 0
  ~ CEDR501_0_0.html: -4 +0
     - <div class="row">
     - <div class="col-md-8 col-12">
     - </div>
     - </div>
CEDR501: identical 10 / changed 1
CEDT101: identical 1 / changed 0
CEDT104: identical 1 / changed 0
CEDT201: identical 1 / changed 0
CEDT202: identical 1 / changed 0
CEDT203: identical 1 / changed 0
CEDT204: identical 1 / changed 0
CEDT207: identical 8 / changed 0
CEDT208: identical 1 / changed 0
CEDT301: identical 7 / changed 0
CEDT404: identical 1 / changed 0
  ~ CEDT501_0_0.html: -4 +0
     - <div class="row">
     - <div class="col-md-8 col-12">
     - </div>
     - </div>
  ~ CEDT501_1_0.html: -4 +0
     - <div class="row">
     - <div class="col-md-8 col-12">
     - </div>
     - </div>
CEDT501: identical 13 / changed 2
CEDW101: identical 1 / changed 0
CEDW201: identical 1 / changed 0
  ~ CEDW501_1_0.html: -4 +0
     - <div class="row">
     - <div class="col-md-8 col-12">
     - </div>
     - </div>
CEDW501: identical 12 / changed 1
CHFUN01: identical 1 / changed 0
CHFUN04: identical 1 / changed 0
CHFUN05: identical 1 / changed 0
CHFUN06: identical 1 / changed 0
CHFUN07: identical 1 / changed 0
ENFUN01: identical 1 / changed 0
ENFUN02: identical 1 / changed 0
ENFUN03: identical 1 / changed 0
ENFUN04: identical 1 / changed 0
ENFUN05: identical 1 / changed 0
ENFUN07: identical 1 / changed 0
ENFUN08: identical 1 / changed 0
ENFUN09: identical 1 / changed 0
ENG1004: identical 8 / changed 0
ENG1005: identical 6 / changed 0
ENG1007: identical 1 / changed 0
ENGC101: identical 6 / changed 0
ENGC102: identical 8 / changed 0
ENGC201: identical 7 / changed 0
ENGC202: identical 9 / changed 0
ENGC301: identical 8 / changed 0
ENGC302: identical 8 / changed 0
ENGC401: identical 8 / changed 0
ENGFUN02: identical 5 / changed 0
ENGI101: identical 4 / changed 0
ENGI102: identical 7 / changed 0
ENGI103: identical 7 / changed 0
ENGI201: identical 5 / changed 0
ENGI202: identical 7 / changed 0
ENGI203: identical 11 / changed 0
ENGI301: identical 6 / changed 0
ENGI302: identical 7 / changed 0
ENGI303: identical 7 / changed 0
ENGI400: identical 4 / changed 0
ENGI401: identical 12 / changed 0
ENGI405: identical 8 / changed 0
  ~ ENGJ101_0_0.html: -4 +0
     - <div class="row">
     - <div class="col-md-8 col-12">
     - </div>
     - </div>
ENGJ101: identical 4 / changed 1
  ~ ENGJ102_0_0.html: -4 +0
     - <div class="row">
     - <div class="col-md-8 col-12">
     - </div>
     - </div>
ENGJ102: identical 5 / changed 1
ENGJ201: identical 7 / changed 0
ENGJ202: identical 6 / changed 0
ENGJ301: identical 8 / changed 0
ENGJ302: identical 10 / changed 0
ENGJ402: identical 9 / changed 0
ENGJ403: identical 10 / changed 0
ENGR101: identical 8 / changed 0
  ~ ENGR102_1_0.html: -4 +0
     - <div class="row">
     - <div class="col-md-8 col-12">
     - </div>
     - </div>
ENGR102: identical 6 / changed 1
ENGR201: identical 7 / changed 0
  ~ ENGR202_0_0.html: -4 +0
     - <div class="row">
     - <div class="col-md-8 col-12">
     - </div>
     - </div>
ENGR202: identical 7 / changed 1
ENGR301: identical 9 / changed 0
ENGR302: identical 8 / changed 0
ENGS101: identical 6 / changed 0
ENGS102: identical 7 / changed 0
ENGS201: identical 9 / changed 0
ENGS202: identical 7 / changed 0
ENGS301: identical 8 / changed 0
ENGS302: identical 7 / changed 0
ENGS401: identical 7 / changed 0
ENGS405: identical 1 / changed 0
  ~ EXBP901_1_0.html: -4 +0
     - <div class="row">
     - <div class="col-md-8 col-12">
     - </div>
     - </div>
  ~ EXBP901_2_0.html: -4 +0
     - <div class="row">
     - <div class="col-md-8 col-12">
     - </div>
     - </div>
  ~ EXBP901_4_0.html: -8 +0
     - <div class="row">
     - <div class="col-md-8 col-12">
     - </div>
     - </div>
     - <div class="row">
     - <div class="col-md-8 col-12">
     - </div>
     - </div>
EXBP901: identical 3 / changed 3
  ~ EXIP901_2_0.html: -4 +0
     - <div class="row">
     - <div class="col-md-8 col-12">
     - </div>
     - </div>
  ~ EXIP901_5_0.html: -8 +0
     - <div class="row">
     - <div class="col-md-8 col-12">
     - </div>
     - </div>
     - <div class="row">
     - <div class="col-md-8 col-12">
     - </div>
     - </div>
EXIP901: identical 4 / changed 2
EXPFUN02: identical 1 / changed 0
EXPFUN03: identical 1 / changed 0
EXPFUN04: identical 1 / changed 0

TOTAL: identical 495 / changed 14 / missing 0 over 102 modules
CHANGED: CEDO301/CEDO301_0_0.html CEDR501/CEDR501_0_0.html CEDT501/CEDT501_0_0.html CEDT501/CEDT501_1_0.html CEDW501/CEDW501_1_0.html ENGJ101/ENGJ101_0_0.html ENGJ102/ENGJ102_0_0.html ENGR102/ENGR102_1_0.html ENGR202/ENGR202_0_0.html EXBP901/EXBP901_1_0.html EXBP901/EXBP901_2_0.html EXBP901/EXBP901_4_0.html EXIP901/EXIP901_2_0.html EXIP901/EXIP901_5_0.html
