  ~ OSSC401_1_0.html: -4 +0
     - <div class="row">
     - <div class="col-md-8 col-12">
     - </div>
     - </div>
  ~ OSSC401_2_0.html: -8 +0
     - <div class="row">
     - <div class="col-md-8 col-12">
     - <div class="row">
     - <div class="col-md-8 col-12">
     - </div>
     - </div>
     - </div>
     - </div>
  ~ OSSC401_3_0.html: -4 +0
     - <div class="row">
     - <div class="col-md-8 col-12">
     - </div>
     - </div>
OSSC401: identical 2 / changed 3
OSSC501: identical 6 / changed 0
OSSM301: identical 5 / changed 0
  ~ OSSM401_2_0.html: -4 +0
     - <div class="row">
     - <div class="col-md-8 col-12">
     - </div>
     - </div>
OSSM401: identical 4 / changed 1
PES1001: identical 10 / changed 0
PES1002: identical 11 / changed 0
PES1003: identical 11 / changed 0
PES1004: identical 11 / changed 0
PES1005: identical 12 / changed 0
PES1007: identical 12 / changed 0
PES1008: identical 19 / changed 0
PHE1001: identical 5 / changed 0
PHE1002: identical 4 / changed 0
  ~ PHE1003_6_0.html: -4 +0
     - <div class="row">
     - <div class="col-md-8 col-12">
     - </div>
     - </div>
  ~ PHE1003_9_0.html: -4 +0
     - <div class="row">
     - <div class="col-md-8 col-12">
     - </div>
     - </div>
PHE1003: identical 9 / changed 2
  ~ PHE1004_2_0.html: -4 +0
     - <div class="row">
     - <div class="col-md-8 col-12">
     - </div>
     - </div>
  ~ PHE1004_3_0.html: -4 +0
     - <div class="row">
     - <div class="col-md-8 col-12">
     - </div>
     - </div>
PHE1004: identical 2 / changed 2
PHE1005: identical 6 / changed 0
PHE1006: identical 6 / changed 0
PHE1007: identical 10 / changed 0
  ~ PHE1008_1_0.html: -4 +0
     - <div class="row">
     - <div class="col-md-8 col-12">
     - </div>
     - </div>
  ~ PHE1008_3_0.html: -8 +0
     - <div class="row">
     - <div class="col-md-8 col-12">
     - </div>
     - </div>
     - <div class="row">
     - <div class="col-md-8 col-12">
     - </div>
     - </div>
PHE1008: identical 4 / changed 2
PNR101: identical 2 / changed 0
PNR102: identical 3 / changed 0
PNR104: identical 3 / changed 0
SCCH301: identical 9 / changed 0
SCFUN01: identical 1 / changed 0
  ~ SCPH301_2_0.html: -4 +0
     - <div class="row">
     - <div class="col-md-8 col-12">
     - </div>
     - </div>
SCPH301: identical 8 / changed 1
  ~ SSCI205_1_0.html: -8 +0
     - <div class="row">
     - <div class="col-md-8 col-12">
     - </div>
     - </div>
     - <div class="row">
     - <div class="col-md-8 col-12">
     - </div>
     - </div>
  ~ SSCI205_2_0.html: -4 +0
     - <div class="row">
     - <div class="col-md-8 col-12">
     - </div>
     - </div>
  ~ SSCI205_3_0.html: -8 +0
     - <div class="row">
     - <div class="col-md-8 col-12">
     - </div>
     - </div>
     - <div class="row">
     - <div class="col-md-8 col-12">
     - </div>
     - </div>
  ~ SSCI205_4_0.html: -8 +0
     - <div class="row">
     - <div class="col-md-8 col-12">
     - </div>
     - </div>
     - <div class="row">
     - <div class="col-md-8 col-12">
     - </div>
     - </div>
  ~ SSCI205_5_0.html: -4 +0
     - <div class="row">
     - <div class="col-md-8 col-12">
     - </div>
     - </div>
  ~ SSCI205_6_0.html: -4 +0
     - <div class="row">
     - <div class="col-md-8 col-12">
     - </div>
     - </div>
  ~ SSCI205_7_0.html: -8 +0
     - <div class="row">
     - <div class="col-md-8 col-12">
     - </div>
     - </div>
     - <div class="row">
     - <div class="col-md-8 col-12">
     - </div>
     - </div>
  ~ SSCI205_8_0.html: -4 +0
     - <div class="row">
     - <div class="col-md-8 col-12">
     - </div>
     - </div>
SSCI205: identical 2 / changed 8
SSFUN01: identical 1 / changed 0
SSFUN02: identical 1 / changed 0
SSFUN03: identical 1 / changed 0
SSFUN05: identical 1 / changed 0
SSFUN06: identical 1 / changed 0
  ~ SSFUN07_1_0.html: -4 +0
     - <div class="row">
     - <div class="col-md-8 col-12">
     - </div>
     - </div>
  ~ SSFUN07_4_0.html: -4 +0
     - <div class="row">
     - <div class="col-md-8 col-12">
     - </div>
     - </div>
SSFUN07: identical 3 / changed 2
SSFUN08: identical 1 / changed 0
SSOG101: identical 8 / changed 0
  ~ SSOG103_2_0.html: -4 +0
     - <div class="row">
     - <div class="col-md-8 col-12">
     - </div>
     - </div>
  ~ SSOG103_3_0.html: -4 +0
     - <div class="row">
     - <div class="col-md-8 col-12">
     - </div>
     - </div>
  ~ SSOG103_4_0.html: -4 +0
     - <div class="row">
     - <div class="col-md-8 col-12">
     - </div>
     - </div>
  ~ SSOG103_5_0.html: -4 +0
     - <div class="row">
     - <div class="col-md-8 col-12">
     - </div>
     - </div>
SSOG103: identical 3 / changed 4
  ~ SSOG301_2_0.html: -4 +0
     - <div class="row">
     - <div class="col-md-8 col-12">
     - </div>
     - </div>
  ~ SSOG301_4_0.html: -4 +0
     - <div class="row">
     - <div class="col-md-8 col-12">
     - </div>
     - </div>
  ~ SSOG301_6_0.html: -4 +0
     - <div class="row">
     - <div class="col-md-8 col-12">
     - </div>
     - </div>
SSOG301: identical 5 / changed 3
  ~ TEDC401_0_0.html: -4 +0
     - <div class="row">
     - <div class="col-md-8 col-12">
     - </div>
     - </div>
  ~ TEDC401_1_0.html: -4 +0
     - <div class="row">
     - <div class="col-md-8 col-12">
     - </div>
     - </div>
  ~ TEDC401_6_1.html: -4 +0
     - <div class="row">
     - <div class="col-md-8 col-12">
     - </div>
     - </div>
TEDC401: identical 5 / changed 3
  ~ TEDC402_1_0.html: -4 +0
     - <div class="row">
     - <div class="col-md-8 col-12">
     - </div>
     - </div>
  ~ TEDC402_5_0.html: -4 +0
     - <div class="row">
     - <div class="col-md-8 col-12">
     - </div>
     - </div>
  ~ TEDC402_8_1.html: -4 +0
     - <div class="row">
     - <div class="col-md-8 col-12">
     - </div>
     - </div>
TEDC402: identical 8 / changed 3
TEFUN01: identical 1 / changed 0
TEFUN02: identical 1 / changed 0
TEFUN03: identical 1 / changed 0
TEFUN04: identical 1 / changed 0
TEFUN05: identical 1 / changed 0
TEFUN06: identical 1 / changed 0
TEFUN07: identical 1 / changed 0
TEFUN08: identical 1 / changed 0
TRR102: identical 6 / changed 0
TRR103: identical 4 / changed 0
TRR104: prep refused (no-wt)
TRR105: prep refused (no-wt)
TRR106: identical 2 / changed 0
TRR107: identical 3 / changed 0
TRR108: identical 3 / changed 0
TRR109: identical 6 / changed 0
TRR111: identical 6 / changed 0
TRR112: identical 5 / changed 0
TRR113: identical 5 / changed 0
TRR114: identical 4 / changed 0
TRR115: prep refused (no-wt)
TRR203: identical 4 / changed 0
TRR301: identical 4 / changed 0
TRR304: identical 3 / changed 0
TWHA901: identical 1 / changed 0
TWHA902: identical 1 / changed 0
TWHA903: identical 1 / changed 0
TWHA904: identical 1 / changed 0
TWHA905: identical 1 / changed 0
TWHA906: identical 1 / changed 0
TWHK901: identical 1 / changed 0
TWHK903: identical 1 / changed 0
  ~ XDLS501_1_0.html: -4 +0
     - <div class="row">
     - <div class="col-md-8 col-12">
     - </div>
     - </div>
  ~ XDLS501_2_0.html: -28 +0
     - <div class="row">
     - <div class="col-md-8 col-12">
     - </div>
     - </div>
     - <div class="row">
     - <div class="col-md-8 col-12">
     - </div>
     - </div>
     - <div class="row">
     - <div class="col-md-8 col-12">
     - </div>
     - </div>
     - <div class="row">
     - <div class="col-md-8 col-12">
     - </div>
     - </div>
     - <div class="row">
     - <div class="col-md-8 col-12">
     - </div>
     - </div>
     - <div class="row">
     - <div class="col-md-8 col-12">
     - </div>
     - </div>
     - <div class="row">
     - <div class="col-md-8 col-12">
     - </div>
     - </div>
  ~ XDLS501_3_0.html: -4 +0
     - <div class="row">
     - <div class="col-md-8 col-12">
     - </div>
     - </div>
  ~ XDLS501_4_0.html: -4 +0
     - <div class="row">
     - <div class="col-md-8 col-12">
     - </div>
     - </div>
  ~ XDLS501_5_0.html: -4 +0
     - <div class="row">
     - <div class="col-md-8 col-12">
     - </div>
     - </div>
  ~ XDLS501_6_0.html: -4 +0
     - <div class="row">
     - <div class="col-md-8 col-12">
     - </div>
     - </div>
  ~ XDLS501_7_0.html: -4 +0
     - <div class="row">
     - <div class="col-md-8 col-12">
     - </div>
     - </div>
XDLS501: identical 1 / changed 7
  ~ XDLS502_3_0.html: -4 +0
     - <div class="row">
     - <div class="col-md-8 col-12">
     - </div>
     - </div>
  ~ XDLS502_4_0.html: -4 +0
     - <div class="row">
     - <div class="col-md-8 col-12">
     - </div>
     - </div>
XDLS502: identical 3 / changed 2
XDLS901: identical 5 / changed 0
  ~ XDLS902_3_0.html: -4 +0
     - <div class="row">
     - <div class="col-md-8 col-12">
     - </div>
     - </div>
XDLS902: identical 7 / changed 1
XDLS903: identical 8 / changed 0
  ~ XDLS904_0_0.html: -4 +0
     - <div class="col-md-8 col-12">
     - <div class="row">
     - </div>
     - </div>
  ~ XDLS904_3_0.html: -4 +0
     - <div class="row">
     - <div class="col-md-8 col-12">
     - </div>
     - </div>
  ~ XDLS904_4_0.html: -4 +0
     - <div class="row">
     - <div class="col-md-8 col-12">
     - </div>
     - </div>
XDLS904: identical 5 / changed 3
  ~ XDLS905_0_0.html: -4 +0
     - <div class="col-md-8 col-12">
     - <div class="row">
     - </div>
     - </div>
  ~ XDLS905_1_0.html: -4 +0
     - <div class="row">
     - <div class="col-md-8 col-12">
     - </div>
     - </div>
  ~ XDLS905_2_0.html: -4 +0
     - <div class="row">
     - <div class="col-md-8 col-12">
     - </div>
     - </div>
  ~ XDLS905_7_0.html: -4 +0
     - <div class="row">
     - <div class="col-md-8 col-12">
     - </div>
     - </div>
XDLS905: identical 4 / changed 4
  ~ XDLS906_0_0.html: -4 +0
     - <div class="col-md-8 col-12">
     - <div class="row">
     - </div>
     - </div>
  ~ XDLS906_1_0.html: -4 +0
     - <div class="row">
     - <div class="col-md-8 col-12">
     - </div>
     - </div>
  ~ XDLS906_4_0.html: -4 +0
     - <div class="row">
     - <div class="col-md-8 col-12">
     - </div>
     - </div>
XDLS906: identical 5 / changed 3
  ~ XDLS908_3_0.html: -4 +0
     - <div class="row">
     - <div class="col-md-8 col-12">
     - </div>
     - </div>
  ~ XDLS908_4_0.html: -8 +0
     - <div class="row">
     - <div class="col-md-8 col-12">
     - </div>
     - </div>
     - <div class="row">
     - <div class="col-md-8 col-12">
     - </div>
     - </div>
  ~ XDLS908_5_0.html: -4 +0
     - <div class="row">
     - <div class="col-md-8 col-12">
     - </div>
     - </div>
  ~ XDLS908_6_0.html: -8 +0
     - <div class="row">
     - <div class="col-md-8 col-12">
     - </div>
     - </div>
     - <div class="row">
     - <div class="col-md-8 col-12">
     - </div>
     - </div>
  ~ XDLS908_7_0.html: -4 +0
     - <div class="row">
     - <div class="col-md-8 col-12">
     - </div>
     - </div>
XDLS908: identical 4 / changed 5
XDLS909: identical 5 / changed 0
  ~ XDLS911_0_0.html: -4 +0
     - <div class="row">
     - <div class="col-md-8 col-12">
     - </div>
     - </div>
  ~ XDLS911_1_0.html: -8 +0
     - <div class="row">
     - <div class="col-md-8 col-12">
     - </div>
     - </div>
     - <div class="row">
     - <div class="col-md-8 col-12">
     - </div>
     - </div>
XDLS911: identical 0 / changed 2
  ~ XDLS912_0_0.html: -4 +0
     - <div class="row">
     - <div class="col-md-8 col-12">
     - </div>
     - </div>
  ~ XDLS912_1_0.html: -16 +0
     - <div class="row">
     - <div class="col-md-8 col-12">
     - </div>
     - </div>
     - <div class="row">
     - <div class="col-md-8 col-12">
     - </div>
     - </div>
     - <div class="row">
     - <div class="col-md-8 col-12">
     - </div>
     - </div>
     - <div class="row">
     - <div class="col-md-8 col-12">
     - </div>
     - </div>
  ~ XDLS912_4_0.html: -4 +0
     - <div class="row">
     - <div class="col-md-8 col-12">
     - </div>
     - </div>
  ~ XDLS912_5_0.html: -4 +0
     - <div class="row">
     - <div class="col-md-8 col-12">
     - </div>
     - </div>
XDLS912: identical 2 / changed 4
XFUN01: identical 1 / changed 0
XFUN02: identical 7 / changed 0
  ~ XGF9001_2_0.html: -16 +0
     - <div class="row">
     - <div class="col-md-8 col-12">
     - </div>
     - </div>
     - <div class="row">
     - <div class="col-md-8 col-12">
     - </div>
     - </div>
     - <div class="row">
     - <div class="col-md-8 col-12">
     - </div>
     - </div>
     - <div class="row">
     - <div class="col-md-8 col-12">
     - </div>
     - </div>
  ~ XGF9001_4_0.html: -16 +0
     - <div class="row">
     - <div class="col-md-8 col-12">
     - </div>
     - </div>
     - <div class="row">
     - <div class="col-md-8 col-12">
     - </div>
     - </div>
     - <div class="row">
     - <div class="col-md-8 col-12">
     - </div>
     - </div>
     - <div class="row">
     - <div class="col-md-8 col-12">
     - </div>
     - </div>
  ~ XGF9001_5_0.html: -8 +0
     - <div class="row">
     - <div class="col-md-8 col-12">
     - </div>
     - </div>
     - <div class="row">
     - <div class="col-md-8 col-12">
     - </div>
     - </div>
XGF9001: identical 4 / changed 3
  ~ XGF9002_0_0.html: -4 +0
     - <div class="row">
     - <div class="col-md-8 col-12">
     - </div>
     - </div>
XGF9002: identical 9 / changed 1
  ~ XGF9003_0_0.html: -4 +0
     - <div class="row">
     - <div class="col-md-8 col-12">
     - </div>
     - </div>
  ~ XGF9003_1_0.html: -4 +0
     - <div class="row">
     - <div class="col-md-8 col-12">
     - </div>
     - </div>
  ~ XGF9003_1_1.html: -12 +0
     - <div class="row">
     - <div class="col-md-8 col-12">
     - </div>
     - </div>
     - <div class="row">
     - <div class="col-md-8 col-12">
     - </div>
     - </div>
     - <div class="row">
     - <div class="col-md-8 col-12">
     - </div>
     - </div>
  ~ XGF9003_1_2.html: -4 +0
     - <div class="row">
     - <div class="col-md-8 col-12">
     - </div>
     - </div>
XGF9003: identical 2 / changed 4
  ~ XGF9004_5_0.html: -4 +0
     - <div class="row">
     - <div class="col-md-8 col-12">
     - </div>
     - </div>
  ~ XGF9004_9_0.html: -8 +0
     - <div class="row">
     - <div class="col-md-8 col-12">
     - </div>
     - </div>
     - <div class="row">
     - <div class="col-md-8 col-12">
     - </div>
     - </div>
  ~ XGF9004_11_0.html: -8 +0
     - <div class="row">
     - <div class="col-md-8 col-12">
     - </div>
     - </div>
     - <div class="row">
     - <div class="col-md-8 col-12">
     - </div>
     - </div>
  ~ XGF9004_12_0.html: -4 +0
     - <div class="row">
     - <div class="col-md-8 col-12">
     - </div>
     - </div>
  ~ XGF9004_13_0.html: -8 +0
     - <div class="row">
     - <div class="col-md-8 col-12">
     - </div>
     - </div>
     - <div class="row">
     - <div class="col-md-8 col-12">
     - </div>
     - </div>
  ~ XGF9004_16_0.html: -4 +0
     - <div class="row">
     - <div class="col-md-8 col-12">
     - </div>
     - </div>
  ~ XGF9004_17_0.html: -12 +0
     - <div class="row">
     - <div class="col-md-8 col-12">
     - </div>
     - </div>
     - <div class="row">
     - <div class="col-md-8 col-12">
     - </div>
     - </div>
     - <div class="row">
     - <div class="col-md-8 col-12">
     - </div>
     - </div>
XGF9004: identical 11 / changed 7
  ~ XGF9006_1_0.html: -4 +0
     - <div class="row">
     - <div class="col-md-8 col-12">
     - </div>
     - </div>
  ~ XGF9006_2_0.html: -4 +0
     - <div class="row">
     - <div class="col-md-8 col-12">
     - </div>
     - </div>
  ~ XGF9006_3_0.html: -4 +0
     - <div class="row">
     - <div class="col-md-8 col-12">
     - </div>
     - </div>
  ~ XGF9006_4_0.html: -12 +0
     - <div class="row">
     - <div class="col-md-8 col-12">
     - </div>
     - </div>
     - <div class="row">
     - <div class="col-md-8 col-12">
     - </div>
     - </div>
     - <div class="row">
     - <div class="col-md-8 col-12">
     - </div>
     - </div>
XGF9006: identical 4 / changed 4
  ~ XLP01_1_0.html: -4 +0
     - <div class="row">
     - <div class="col-md-8 col-12">
     - </div>
     - </div>
  ~ XLP01_2_0.html: -4 +0
     - <div class="row">
     - <div class="col-md-8 col-12">
     - </div>
     - </div>
  ~ XLP01_3_0.html: -4 +0
     - <div class="row">
     - <div class="col-md-8 col-12">
     - </div>
     - </div>
  ~ XLP01_4_0.html: -8 +0
     - <div class="row">
     - <div class="col-md-8 col-12">
     - </div>
     - </div>
     - <div class="row">
     - <div class="col-md-8 col-12">
     - </div>
     - </div>
XLP01: identical 1 / changed 4
  ~ XLP02_1_0.html: -12 +0
     - <div class="row">
     - <div class="col-md-8 col-12">
     - </div>
     - </div>
     - <div class="row">
     - <div class="col-md-8 col-12">
     - </div>
     - </div>
     - <div class="row">
     - <div class="col-md-8 col-12">
     - </div>
     - </div>
  ~ XLP02_2_0.html: -4 +0
     - <div class="row">
     - <div class="col-md-8 col-12">
     - </div>
     - </div>
  ~ XLP02_4_0.html: -12 +0
     - <div class="row">
     - <div class="col-md-8 col-12">
     - </div>
     - </div>
     - <div class="row">
     - <div class="col-md-8 col-12">
     - </div>
     - </div>
     - <div class="row">
     - <div class="col-md-8 col-12">
     - </div>
     - </div>
  ~ XLP02_5_0.html: -8 +0
     - <div class="row">
     - <div class="col-md-8 col-12">
     - </div>
     - </div>
     - <div class="row">
     - <div class="col-md-8 col-12">
     - </div>
     - </div>
XLP02: identical 3 / changed 4
  ~ XLP03_1_0.html: -12 +0
     - <div class="row">
     - <div class="col-md-8 col-12">
     - </div>
     - </div>
     - <div class="row">
     - <div class="col-md-8 col-12">
     - </div>
     - </div>
     - <div class="row">
     - <div class="col-md-8 col-12">
     - </div>
     - </div>
  ~ XLP03_2_0.html: -4 +0
     - <div class="row">
     - <div class="col-md-8 col-12">
     - </div>
     - </div>
  ~ XLP03_4_0.html: -4 +0
     - <div class="row">
     - <div class="col-md-8 col-12">
     - </div>
     - </div>
XLP03: identical 3 / changed 3
  ~ XLP04_2_0.html: -8 +0
     - <div class="row">
     - <div class="col-md-8 col-12">
     - </div>
     - </div>
     - <div class="row">
     - <div class="col-md-8 col-12">
     - </div>
     - </div>
  ~ XLP04_3_0.html: -4 +0
     - <div class="row">
     - <div class="col-md-8 col-12">
     - </div>
     - </div>
XLP04: identical 3 / changed 2
  ~ XLP05_2_0.html: -4 +0
     - <div class="row">
     - <div class="col-md-8 col-12">
     - </div>
     - </div>
XLP05: identical 5 / changed 1
  ~ XLP06_2_0.html: -4 +0
     - <div class="row">
     - <div class="col-md-8 col-12">
     - </div>
     - </div>
XLP06: identical 2 / changed 1
  ~ XMES101_6_0.html: -4 +0
     - <div class="row">
     - <div class="col-md-8 col-12">
     - </div>
     - </div>
XMES101: identical 8 / changed 1
XMES102: identical 6 / changed 0
  ~ XMES103_3_0.html: -4 +0
     - <div class="row">
     - <div class="col-md-8 col-12">
     - </div>
     - </div>
  ~ XMES103_4_0.html: -4 +0
     - <div class="row">
     - <div class="col-md-8 col-12">
     - </div>
     - </div>
XMES103: identical 4 / changed 2
XMES201: identical 6 / changed 0
  ~ XMES203_5_0.html: -4 +0
     - <div class="row">
     - <div class="col-md-8 col-12">
     - </div>
     - </div>
XMES203: identical 5 / changed 1
  ~ XTAS101_1_0.html: -4 +0
     - <div class="row">
     - <div class="col-md-8 col-12">
     - </div>
     - </div>
  ~ XTAS101_2_0.html: -8 +0
     - <div class="row">
     - <div class="col-md-8 col-12">
     - </div>
     - </div>
     - <div class="row">
     - <div class="col-md-8 col-12">
     - </div>
     - </div>
  ~ XTAS101_3_0.html: -4 +0
     - <div class="row">
     - <div class="col-md-8 col-12">
     - </div>
     - </div>
XTAS101: identical 2 / changed 3
  ~ XTAS102_1_0.html: -4 +0
     - <div class="row">
     - <div class="col-md-8 col-12">
     - </div>
     - </div>
XTAS102: identical 5 / changed 1
  ~ XTAS103_2_1.html: -4 +0
     - <div class="row">
     - <div class="col-md-8 col-12">
     - </div>
     - </div>
  ~ XTAS103_3_0.html: -8 +0
     - <div class="row">
     - <div class="col-md-8 col-12">
     - </div>
     - </div>
     - <div class="row">
     - <div class="col-md-8 col-12">
     - </div>
     - </div>
  ~ XTAS103_3_1.html: -4 +0
     - <div class="row">
     - <div class="col-md-8 col-12">
     - </div>
     - </div>
  ~ XTAS103_4_0.html: -4 +0
     - <div class="row">
     - <div class="col-md-8 col-12">
     - </div>
     - </div>
XTAS103: identical 3 / changed 4
XWHA01: identical 2 / changed 0
XWHA02: identical 6 / changed 0

TOTAL: identical 437 / changed 111 / missing 0 over 105 modules
CHANGED: OSSC401/OSSC401_1_0.html OSSC401/OSSC401_2_0.html OSSC401/OSSC401_3_0.html OSSM401/OSSM401_2_0.html PHE1003/PHE1003_6_0.html PHE1003/PHE1003_9_0.html PHE1004/PHE1004_2_0.html PHE1004/PHE1004_3_0.html PHE1008/PHE1008_1_0.html PHE1008/PHE1008_3_0.html SCPH301/SCPH301_2_0.html SSCI205/SSCI205_1_0.html SSCI205/SSCI205_2_0.html SSCI205/SSCI205_3_0.html SSCI205/SSCI205_4_0.html SSCI205/SSCI205_5_0.html SSCI205/SSCI205_6_0.html SSCI205/SSCI205_7_0.html SSCI205/SSCI205_8_0.html SSFUN07/SSFUN07_1_0.html SSFUN07/SSFUN07_4_0.html SSOG103/SSOG103_2_0.html SSOG103/SSOG103_3_0.html SSOG103/SSOG103_4_0.html SSOG103/SSOG103_5_0.html SSOG301/SSOG301_2_0.html SSOG301/SSOG301_4_0.html SSOG301/SSOG301_6_0.html TEDC401/TEDC401_0_0.html TEDC401/TEDC401_1_0.html TEDC401/TEDC401_6_1.html TEDC402/TEDC402_1_0.html TEDC402/TEDC402_5_0.html TEDC402/TEDC402_8_1.html XDLS501/XDLS501_1_0.html XDLS501/XDLS501_2_0.html XDLS501/XDLS501_3_0.html XDLS501/XDLS501_4_0.html XDLS501/XDLS501_5_0.html XDLS501/XDLS501_6_0.html XDLS501/XDLS501_7_0.html XDLS502/XDLS502_3_0.html XDLS502/XDLS502_4_0.html XDLS902/XDLS902_3_0.html XDLS904/XDLS904_0_0.html XDLS904/XDLS904_3_0.html XDLS904/XDLS904_4_0.html XDLS905/XDLS905_0_0.html XDLS905/XDLS905_1_0.html XDLS905/XDLS905_2_0.html XDLS905/XDLS905_7_0.html XDLS906/XDLS906_0_0.html XDLS906/XDLS906_1_0.html XDLS906/XDLS906_4_0.html XDLS908/XDLS908_3_0.html XDLS908/XDLS908_4_0.html XDLS908/XDLS908_5_0.html XDLS908/XDLS908_6_0.html XDLS908/XDLS908_7_0.html XDLS911/XDLS911_0_0.html XDLS911/XDLS911_1_0.html XDLS912/XDLS912_0_0.html XDLS912/XDLS912_1_0.html XDLS912/XDLS912_4_0.html XDLS912/XDLS912_5_0.html XGF9001/XGF9001_2_0.html XGF9001/XGF9001_4_0.html XGF9001/XGF9001_5_0.html XGF9002/XGF9002_0_0.html XGF9003/XGF9003_0_0.html XGF9003/XGF9003_1_0.html XGF9003/XGF9003_1_1.html XGF9003/XGF9003_1_2.html XGF9004/XGF9004_5_0.html XGF9004/XGF9004_9_0.html XGF9004/XGF9004_11_0.html XGF9004/XGF9004_12_0.html XGF9004/XGF9004_13_0.html XGF9004/XGF9004_16_0.html XGF9004/XGF9004_17_0.html XGF9006/XGF9006_1_0.html XGF9006/XGF9006_2_0.html XGF9006/XGF9006_3_0.html XGF9006/XGF9006_4_0.html XLP01/XLP01_1_0.html XLP01/XLP01_2_0.html XLP01/XLP01_3_0.html XLP01/XLP01_4_0.html XLP02/XLP02_1_0.html XLP02/XLP02_2_0.html XLP02/XLP02_4_0.html XLP02/XLP02_5_0.html XLP03/XLP03_1_0.html XLP03/XLP03_2_0.html XLP03/XLP03_4_0.html XLP04/XLP04_2_0.html XLP04/XLP04_3_0.html XLP05/XLP05_2_0.html XLP06/XLP06_2_0.html XMES101/XMES101_6_0.html XMES103/XMES103_3_0.html XMES103/XMES103_4_0.html XMES203/XMES203_5_0.html XTAS101/XTAS101_1_0.html XTAS101/XTAS101_2_0.html XTAS101/XTAS101_3_0.html XTAS102/XTAS102_1_0.html XTAS103/XTAS103_2_1.html XTAS103/XTAS103_3_0.html XTAS103/XTAS103_3_1.html XTAS103/XTAS103_4_0.html
