BLL242: identical 3 / changed 0
BLL244: identical 3 / changed 0
BLL245: identical 3 / changed 0
BLL246: identical 3 / changed 0
BLL251: identical 3 / changed 0
BLL252: identical 3 / changed 0
BLL253: identical 3 / changed 0
BLL254: identical 3 / changed 0
BLL262: identical 3 / changed 0
BLL263: identical 3 / changed 0
  ~ BLLR201_1_1.html: -8 +8
     - <div class="item">
     - <div class="item">
     - <div class="item">
     - <div class="item">
     - <div class="item">
     - <div class="item">
     - <div class="item">
     - <div class="item">
     + <div class="item video">
     + <div class="item video">
     + <div class="item video">
     + <div class="item video">
     + <div class="item video">
     + <div class="item video">
     + <div class="item video">
     + <div class="item video">
BLLR201: identical 7 / changed 1
CEDK101: identical 1 / changed 0
CEDK102: identical 1 / changed 0
  ~ CEDK501_1_0.html: -2 +2
     - <div class="item">
     - <div class="item">
     + <div class="item video">
     + <div class="item video">
CEDK501: identical 13 / changed 1
CEDO102: identical 1 / changed 0
  ~ CEDO105_1_0.html: -4 +4
     - <div class="item">
     - <div class="item">
     - <div class="item">
     - <div class="item">
     + <div class="item video">
     + <div class="item video">
     + <div class="item video">
     + <div class="item video">
CEDO105: identical 5 / changed 1
CEDO202: identical 1 / changed 0
CEDO301: identical 6 / changed 0
CEDO501: identical 16 / changed 0
CEDO502: identical 10 / changed 0
CEDR201: identical 1 / changed 0
  ~ CEDR204_0_0.html: -2 +2
     - <div class="item">
     - <div class="item">
     + <div class="item video">
     + <div class="item video">
CEDR204: identical 0 / changed 1
CEDR301: identical 1 / changed 0
CEDR302: identical 1 / changed 0
  ~ CEDR501_2_0.html: -1 +1
     - <div class="item">
     + <div class="item video">
  ~ CEDR501_5_0.html: -5 +5
     - <div class="item">
     - <div class="item">
     - <div class="item">
     - <div class="item">
     - <div class="item">
     + <div class="item video">
     + <div class="item video">
     + <div class="item video">
     + <div class="item video">
     + <div class="item video">
  ~ CEDR501_6_0.html: -2 +2
     - <div class="item">
     - <div class="item">
     + <div class="item video">
     + <div class="item video">
CEDR501: identical 8 / changed 3
CEDT101: identical 1 / changed 0
CEDT104: identical 1 / changed 0
CEDT201: identical 1 / changed 0
CEDT202: identical 1 / changed 0
CEDT203: identical 1 / changed 0
CEDT204: identical 1 / changed 0
CEDT207: identical 8 / changed 0
CEDT208: identical 1 / changed 0
CEDT301: identical 7 / changed 0
  ~ CEDT404_0_0.html: -2 +2
     - <div class="item">
     - <div class="item">
     + <div class="item video">
     + <div class="item video">
CEDT404: identical 0 / changed 1
CEDT501: identical 15 / changed 0
CEDW101: identical 1 / changed 0
CEDW201: identical 1 / changed 0
  ~ CEDW501_2_0.html: -3 +3
     - <div class="item">
     - <div class="item">
     - <div class="item">
     + <div class="item video">
     + <div class="item video">
     + <div class="item video">
CEDW501: identical 12 / changed 1
CHFUN01: identical 1 / changed 0
  ~ CHFUN04_0_0.html: -3 +3
     - <div class="item">
     - <div class="item">
     - <div class="item">
     + <div class="item video">
     + <div class="item video">
     + <div class="item video">
CHFUN04: identical 0 / changed 1
  ~ CHFUN05_0_0.html: -4 +4
     - <div class="item">
     - <div class="item">
     - <div class="item">
     - <div class="item">
     + <div class="item video">
     + <div class="item video">
     + <div class="item video">
     + <div class="item video">
CHFUN05: identical 0 / changed 1
  ~ CHFUN06_0_0.html: -5 +5
     - <div class="item">
     - <div class="item">
     - <div class="item">
     - <div class="item">
     - <div class="item">
     + <div class="item video">
     + <div class="item video">
     + <div class="item video">
     + <div class="item video">
     + <div class="item video">
CHFUN06: identical 0 / changed 1
CHFUN07: identical 1 / changed 0
ENFUN01: identical 1 / changed 0
ENFUN02: identical 1 / changed 0
ENFUN03: identical 1 / changed 0
ENFUN04: identical 1 / changed 0
ENFUN05: identical 1 / changed 0
ENFUN07: identical 1 / changed 0
ENFUN08: identical 1 / changed 0
ENFUN09: identical 1 / changed 0
ENG1004: identical 8 / changed 0
ENG1005: identical 6 / changed 0
ENG1007: identical 1 / changed 0
ENGC101: identical 6 / changed 0
ENGC102: identical 8 / changed 0
ENGC201: identical 7 / changed 0
  ~ ENGC202_1_0.html: -5 +5
     - <div class="item">
     - <div class="item">
     - <div class="item">
     - <div class="item">
     - <div class="item">
     + <div class="item video">
     + <div class="item video">
     + <div class="item video">
     + <div class="item video">
     + <div class="item video">
ENGC202: identical 8 / changed 1
ENGC301: identical 8 / changed 0
ENGC302: identical 8 / changed 0
  ~ ENGC401_1_0.html: -9 +9
     - <div class="item">
     - <div class="item">
     - <div class="item">
     - <div class="item">
     - <div class="item">
     - <div class="item">
     - <div class="item">
     - <div class="item">
     - <div class="item">
     + <div class="item video">
     + <div class="item video">
     + <div class="item video">
     + <div class="item video">
     + <div class="item video">
     + <div class="item video">
     + <div class="item video">
     + <div class="item video">
     + <div class="item video">
ENGC401: identical 7 / changed 1
ENGFUN02: identical 5 / changed 0
ENGI101: identical 4 / changed 0
  ~ ENGI102_2_0.html: -5 +5
     - <div class="item">
     - <div class="item">
     - <div class="item">
     - <div class="item">
     - <div class="item">
     + <div class="item video">
     + <div class="item video">
     + <div class="item video">
     + <div class="item video">
     + <div class="item video">
ENGI102: identical 6 / changed 1
ENGI103: identical 7 / changed 0
ENGI201: identical 5 / changed 0
ENGI202: identical 7 / changed 0
ENGI203: identical 11 / changed 0
ENGI301: identical 6 / changed 0
ENGI302: identical 7 / changed 0
ENGI303: identical 7 / changed 0
ENGI400: identical 4 / changed 0
ENGI401: identical 12 / changed 0
ENGI405: identical 8 / changed 0
ENGJ101: identical 5 / changed 0
ENGJ102: identical 6 / changed 0
ENGJ201: identical 7 / changed 0
  ~ ENGJ202_3_0.html: -1 +1
     - <div class="item">
     + <div class="item video">
ENGJ202: identical 5 / changed 1
ENGJ301: identical 8 / changed 0
ENGJ302: identical 10 / changed 0
ENGJ402: identical 9 / changed 0
ENGJ403: identical 10 / changed 0
ENGR101: identical 8 / changed 0
ENGR102: identical 7 / changed 0
ENGR201: identical 7 / changed 0
ENGR202: identical 8 / changed 0
ENGR301: identical 9 / changed 0
ENGR302: identical 8 / changed 0
ENGS101: identical 6 / changed 0
ENGS102: identical 7 / changed 0
ENGS201: identical 9 / changed 0
ENGS202: identical 7 / changed 0
ENGS301: identical 8 / changed 0
ENGS302: identical 7 / changed 0
  ~ ENGS401_1_0.html: -5 +5
     - <div class="item">
     - <div class="item">
     - <div class="item">
     - <div class="item">
     - <div class="item">
     + <div class="item video">
     + <div class="item video">
     + <div class="item video">
     + <div class="item video">
     + <div class="item video">
  ~ ENGS401_6_0.html: -6 +6
     - <div class="item">
     - <div class="item">
     - <div class="item">
     - <div class="item">
     - <div class="item">
     - <div class="item">
     + <div class="item video">
     + <div class="item video">
     + <div class="item video">
     + <div class="item video">
     + <div class="item video">
     + <div class="item video">
ENGS401: identical 5 / changed 2
ENGS405: identical 1 / changed 0
EXBP901: identical 6 / changed 0
EXIP901: identical 6 / changed 0
EXPFUN02: identical 1 / changed 0
EXPFUN03: identical 1 / changed 0
EXPFUN04: identical 1 / changed 0

TOTAL: identical 491 / changed 18 / missing 0 over 102 modules
CHANGED: BLLR201/BLLR201_1_1.html CEDK501/CEDK501_1_0.html CEDO105/CEDO105_1_0.html CEDR204/CEDR204_0_0.html CEDR501/CEDR501_2_0.html CEDR501/CEDR501_5_0.html CEDR501/CEDR501_6_0.html CEDT404/CEDT404_0_0.html CEDW501/CEDW501_2_0.html CHFUN04/CHFUN04_0_0.html CHFUN05/CHFUN05_0_0.html CHFUN06/CHFUN06_0_0.html ENGC202/ENGC202_1_0.html ENGC401/ENGC401_1_0.html ENGI102/ENGI102_2_0.html ENGJ202/ENGJ202_3_0.html ENGS401/ENGS401_1_0.html ENGS401/ENGS401_6_0.html
