  ~ OSSC401_0_0.html: -4 +0
     - <div class="row">
     - <div class="col-md-8 col-12">
     - </div>
     - </div>
OSSC401: identical 4 / changed 1
  ~ OSSC501_0_0.html: -4 +0
     - <div class="row">
     - <div class="col-md-8 col-12">
     - </div>
     - </div>
OSSC501: identical 5 / changed 1
  ~ OSSM301_0_0.html: -4 +0
     - <div class="row">
     - <div class="col-md-8 col-12">
     - </div>
     - </div>
OSSM301: identical 4 / changed 1
  ~ OSSM401_0_0.html: -4 +0
     - <div class="row">
     - <div class="col-md-8 col-12">
     - </div>
     - </div>
OSSM401: identical 4 / changed 1
PES1001: identical 10 / changed 0
PES1002: identical 11 / changed 0
PES1003: identical 11 / changed 0
PES1004: identical 11 / changed 0
PES1005: identical 12 / changed 0
PES1007: identical 12 / changed 0
PES1008: identical 19 / changed 0
PHE1001: identical 5 / changed 0
PHE1002: identical 4 / changed 0
PHE1003: identical 11 / changed 0
PHE1004: identical 4 / changed 0
PHE1005: identical 6 / changed 0
PHE1006: identical 6 / changed 0
PHE1007: identical 10 / changed 0
PHE1008: identical 6 / changed 0
PNR101: identical 2 / changed 0
PNR102: identical 3 / changed 0
PNR104: identical 3 / changed 0
  ~ SCCH301_0_0.html: -4 +0
     - <div class="row">
     - <div class="col-md-8 col-12">
     - </div>
     - </div>
SCCH301: identical 8 / changed 1
SCFUN01: identical 1 / changed 0
  ~ SCPH301_0_0.html: -4 +0
     - <div class="row">
     - <div class="col-md-8 col-12">
     - </div>
     - </div>
SCPH301: identical 8 / changed 1
  ~ SSCI205_0_0.html: -4 +0
     - <div class="row">
     - <div class="col-md-8 col-12">
     - </div>
     - </div>
SSCI205: identical 9 / changed 1
SSFUN01: identical 1 / changed 0
SSFUN02: identical 1 / changed 0
SSFUN03: identical 1 / changed 0
SSFUN05: identical 1 / changed 0
SSFUN06: identical 1 / changed 0
SSFUN07: identical 5 / changed 0
SSFUN08: identical 1 / changed 0
SSOG101: identical 8 / changed 0
SSOG103: identical 7 / changed 0
SSOG301: identical 8 / changed 0
TEDC401: identical 8 / changed 0
TEDC402: identical 11 / changed 0
TEFUN01: identical 1 / changed 0
TEFUN02: identical 1 / changed 0
TEFUN03: identical 1 / changed 0
TEFUN04: identical 1 / changed 0
TEFUN05: identical 1 / changed 0
TEFUN06: identical 1 / changed 0
TEFUN07: identical 1 / changed 0
TEFUN08: identical 1 / changed 0
TRR102: identical 6 / changed 0
TRR103: identical 4 / changed 0
TRR104: prep refused (no-wt)
TRR105: prep refused (no-wt)
TRR106: identical 2 / changed 0
TRR107: identical 3 / changed 0
TRR108: identical 3 / changed 0
TRR109: identical 6 / changed 0
TRR111: identical 6 / changed 0
TRR112: identical 5 / changed 0
TRR113: identical 5 / changed 0
TRR114: identical 4 / changed 0
TRR115: prep refused (no-wt)
TRR203: identical 4 / changed 0
TRR301: identical 4 / changed 0
TRR304: identical 3 / changed 0
TWHA901: identical 1 / changed 0
TWHA902: identical 1 / changed 0
TWHA903: identical 1 / changed 0
TWHA904: identical 1 / changed 0
TWHA905: identical 1 / changed 0
TWHA906: identical 1 / changed 0
TWHK901: identical 1 / changed 0
TWHK903: identical 1 / changed 0
XDLS501: identical 8 / changed 0
XDLS502: identical 5 / changed 0
XDLS901: identical 5 / changed 0
  ~ XDLS902_0_0.html: -4 +0
     - <div class="col-md-8 col-12">
     - <div class="row">
     - </div>
     - </div>
XDLS902: identical 7 / changed 1
XDLS903: identical 8 / changed 0
  ~ XDLS904_0_0.html: -4 +0
     - <div class="col-md-8 col-12">
     - <div class="row">
     - </div>
     - </div>
XDLS904: identical 7 / changed 1
  ~ XDLS905_0_0.html: -4 +0
     - <div class="col-md-8 col-12">
     - <div class="row">
     - </div>
     - </div>
XDLS905: identical 7 / changed 1
  ~ XDLS906_0_0.html: -4 +0
     - <div class="col-md-8 col-12">
     - <div class="row">
     - </div>
     - </div>
XDLS906: identical 7 / changed 1
XDLS908: identical 9 / changed 0
XDLS909: identical 5 / changed 0
  ~ XDLS911_0_0.html: -4 +0
     - <div class="row">
     - <div class="col-md-8 col-12">
     - </div>
     - </div>
XDLS911: identical 1 / changed 1
  ~ XDLS912_0_0.html: -4 +0
     - <div class="row">
     - <div class="col-md-8 col-12">
     - </div>
     - </div>
XDLS912: identical 5 / changed 1
XFUN01: identical 1 / changed 0
XFUN02: identical 7 / changed 0
  ~ XGF9001_0_0.html: -4 +0
     - <div class="row">
     - <div class="col-md-8 col-12">
     - </div>
     - </div>
XGF9001: identical 6 / changed 1
XGF9002: identical 10 / changed 0
XGF9003: identical 6 / changed 0
  ~ XGF9004_1_0.html: -4 +0
     - <div class="row">
     - <div class="col-md-8 col-12">
     - </div>
     - </div>
XGF9004: identical 17 / changed 1
XGF9006: identical 8 / changed 0
  ~ XLP01_0_0.html: -4 +0
     - <div class="row">
     - <div class="col-md-8 col-12">
     - </div>
     - </div>
XLP01: identical 4 / changed 1
XLP02: identical 7 / changed 0
  ~ XLP03_0_0.html: -4 +0
     - <div class="row">
     - <div class="col-md-8 col-12">
     - </div>
     - </div>
XLP03: identical 5 / changed 1
XLP04: identical 5 / changed 0
  ~ XLP05_1_0.html: -4 +0
     - <div class="row">
     - <div class="col-md-8 col-12">
     - </div>
     - </div>
XLP05: identical 5 / changed 1
XLP06: identical 3 / changed 0
XMES101: identical 9 / changed 0
XMES102: identical 6 / changed 0
XMES103: identical 6 / changed 0
  ~ XMES201_0_0.html: -4 +0
     - <div class="row">
     - <div class="col-md-8 col-12">
     - </div>
     - </div>
XMES201: identical 5 / changed 1
  ~ XMES203_0_0.html: -4 +0
     - <div class="row">
     - <div class="col-md-8 col-12">
     - </div>
     - </div>
XMES203: identical 5 / changed 1
  ~ XTAS101_0_0.html: -4 +0
     - <div class="row">
     - <div class="col-md-8 col-12">
     - </div>
     - </div>
XTAS101: identical 4 / changed 1
XTAS102: identical 6 / changed 0
XTAS103: identical 7 / changed 0
XWHA01: identical 2 / changed 0
XWHA02: identical 6 / changed 0

TOTAL: identical 527 / changed 21 / missing 0 over 105 modules
CHANGED: OSSC401/OSSC401_0_0.html OSSC501/OSSC501_0_0.html OSSM301/OSSM301_0_0.html OSSM401/OSSM401_0_0.html SCCH301/SCCH301_0_0.html SCPH301/SCPH301_0_0.html SSCI205/SSCI205_0_0.html XDLS902/XDLS902_0_0.html XDLS904/XDLS904_0_0.html XDLS905/XDLS905_0_0.html XDLS906/XDLS906_0_0.html XDLS911/XDLS911_0_0.html XDLS912/XDLS912_0_0.html XGF9001/XGF9001_0_0.html XGF9004/XGF9004_1_0.html XLP01/XLP01_0_0.html XLP03/XLP03_0_0.html XLP05/XLP05_1_0.html XMES201/XMES201_0_0.html XMES203/XMES203_0_0.html XTAS101/XTAS101_0_0.html
