[snapshot] running cs (full corpus)
  $ python3 compare_structure.py
[snapshot] running bc (full corpus)
  $ python3 body_compare.py
[snapshot] running skeleton (full corpus)
  $ python3 _skeleton_compare.py --json /mnt/c/Users/Gavin/TeKura/FINAL_MODULE_DATA/CONVERTER_V2/outputs/_fastloop_baseline/skeleton.json
[snapshot] running defect (full corpus)
  $ python3 _structural_defect_audit.py --json /mnt/c/Users/Gavin/TeKura/FINAL_MODULE_DATA/CONVERTER_V2/outputs/_fastloop_baseline/defect.json

[snapshot] baseline complete -> /mnt/c/Users/Gavin/TeKura/FINAL_MODULE_DATA/CONVERTER_V2/outputs/_fastloop_baseline

BASELINE aggregates (paste these into the changelog round):
  skeleton SCAFFOLD mean %                  53.56
  skeleton pages >=50%                       1159
  skeleton pages >=75%                        191
  compare_structure exact chain             11723
  compare_structure EXTRA container           172
  compare_structure missing container         626
  body_compare ANY breakdown                  218
  defect structurally-clean %               98.91
  literal-[tag] leak (occ)                     26
  literal-[tag] leak (pages)                   23
  (context: sk_pages=1956  cs_matched=13741  body_pages=2102  df_total=2102  df_clean=2079)
