OSSC401: identical 5 / changed 0
  ~ OSSC501_2_0.html: -4 +4
     - <div class="col-md-4 col-12 paddingLR">
     - <div class="col-md-4 col-12 paddingLR">
     - <div class="col-md-4 col-12 paddingLR">
     - <div class="col-md-4 col-12 paddingLR">
     + <div class="col-md-6 col-12 paddingLR">
     + <div class="col-md-6 col-12 paddingLR">
     + <div class="col-md-6 col-12 paddingLR">
     + <div class="col-md-6 col-12 paddingLR">
OSSC501: identical 5 / changed 1
OSSM301: identical 5 / changed 0
  ~ OSSM401_1_0.html: -4 +4
     - <div class="col-md-4 col-12 paddingLR">
     - <div class="col-md-4 col-12 paddingLR">
     - <div class="col-md-4 col-12 paddingLR">
     - <div class="col-md-4 col-12 paddingLR">
     + <div class="col-md-6 col-12 paddingLR">
     + <div class="col-md-6 col-12 paddingLR">
     + <div class="col-md-6 col-12 paddingLR">
     + <div class="col-md-6 col-12 paddingLR">
OSSM401: identical 4 / changed 1
PES1001: identical 10 / changed 0
PES1002: identical 11 / changed 0
PES1003: identical 11 / changed 0
PES1004: identical 11 / changed 0
PES1005: identical 12 / changed 0
PES1007: identical 12 / changed 0
PES1008: identical 19 / changed 0
PHE1001: identical 5 / changed 0
PHE1002: identical 4 / changed 0
PHE1003: identical 11 / changed 0
PHE1004: identical 4 / changed 0
PHE1005: identical 6 / changed 0
PHE1006: identical 6 / changed 0
PHE1007: identical 10 / changed 0
PHE1008: identical 6 / changed 0
PNR101: identical 2 / changed 0
PNR102: identical 3 / changed 0
PNR104: identical 3 / changed 0
SCCH301: identical 9 / changed 0
SCFUN01: identical 1 / changed 0
SCPH301: identical 9 / changed 0
  ~ SSCI205_3_0.html: -6 +6
     - <div class="col-md-4 col-12 paddingLR">
     - <div class="col-md-4 col-12 paddingLR">
     - <div class="col-md-4 col-12 paddingLR">
     - <div class="col-md-4 col-12 paddingLR">
     - <div class="col-md-4 col-12 paddingLR">
     - <div class="col-md-4 col-12 paddingLR">
     + <div class="col-md-6 col-12 paddingLR">
     + <div class="col-md-6 col-12 paddingLR">
     + <div class="col-md-6 col-12 paddingLR">
     + <div class="col-md-6 col-12 paddingLR">
     + <div class="col-md-6 col-12 paddingLR">
     + <div class="col-md-6 col-12 paddingLR">
  ~ SSCI205_5_0.html: -2 +2
     - <div class="col-md-4 col-12 paddingLR">
     - <div class="col-md-4 col-12 paddingLR">
     + <div class="col-md-6 col-12 paddingLR">
     + <div class="col-md-6 col-12 paddingLR">
SSCI205: identical 8 / changed 2
SSFUN01: identical 1 / changed 0
SSFUN02: identical 1 / changed 0
SSFUN03: identical 1 / changed 0
SSFUN05: identical 1 / changed 0
SSFUN06: identical 1 / changed 0
SSFUN07: identical 5 / changed 0
SSFUN08: identical 1 / changed 0
SSOG101: identical 8 / changed 0
SSOG103: identical 7 / changed 0
SSOG301: identical 8 / changed 0
TEDC401: identical 8 / changed 0
TEDC402: identical 11 / changed 0
TEFUN01: identical 1 / changed 0
  ~ TEFUN02_0_0.html: -4 +4
     - <div class="col-md-4 col-12 paddingLR">
     - <div class="col-md-4 col-12 paddingLR">
     - <div class="col-md-4 col-12 paddingLR">
     - <div class="col-md-4 col-12 paddingLR">
     + <div class="col-md-6 col-12 paddingLR">
     + <div class="col-md-6 col-12 paddingLR">
     + <div class="col-md-6 col-12 paddingLR">
     + <div class="col-md-6 col-12 paddingLR">
TEFUN02: identical 0 / changed 1
TEFUN03: identical 1 / changed 0
TEFUN04: identical 1 / changed 0
TEFUN05: identical 1 / changed 0
TEFUN06: identical 1 / changed 0
TEFUN07: identical 1 / changed 0
  ~ TEFUN08_0_0.html: -4 +4
     - <div class="col-md-4 col-12 paddingLR">
     - <div class="col-md-4 col-12 paddingLR">
     - <div class="col-md-4 col-12 paddingLR">
     - <div class="col-md-4 col-12 paddingLR">
     + <div class="col-md-6 col-12 paddingLR">
     + <div class="col-md-6 col-12 paddingLR">
     + <div class="col-md-6 col-12 paddingLR">
     + <div class="col-md-6 col-12 paddingLR">
TEFUN08: identical 0 / changed 1
TRR102: identical 6 / changed 0
TRR103: identical 4 / changed 0
TRR104: prep refused (no-wt)
TRR105: prep refused (no-wt)
TRR106: identical 2 / changed 0
TRR107: identical 3 / changed 0
TRR108: identical 3 / changed 0
TRR109: identical 6 / changed 0
TRR111: identical 6 / changed 0
TRR112: identical 5 / changed 0
TRR113: identical 5 / changed 0
TRR114: identical 4 / changed 0
TRR115: prep refused (no-wt)
TRR203: identical 4 / changed 0
TRR301: identical 4 / changed 0
TRR304: identical 3 / changed 0
TWHA901: identical 1 / changed 0
TWHA902: identical 1 / changed 0
TWHA903: identical 1 / changed 0
TWHA904: identical 1 / changed 0
TWHA905: identical 1 / changed 0
TWHA906: identical 1 / changed 0
  ~ TWHK901_0_0.html: -4 +4
     - <div class="col-md-4 col-12 paddingLR">
     - <div class="col-md-4 col-12 paddingLR">
     - <div class="col-md-4 col-12 paddingLR">
     - <div class="col-md-4 col-12 paddingLR">
     + <div class="col-md-6 col-12 paddingLR">
     + <div class="col-md-6 col-12 paddingLR">
     + <div class="col-md-6 col-12 paddingLR">
     + <div class="col-md-6 col-12 paddingLR">
TWHK901: identical 0 / changed 1
  ~ TWHK903_0_0.html: -4 +4
     - <div class="col-md-4 col-12 paddingLR">
     - <div class="col-md-4 col-12 paddingLR">
     - <div class="col-md-4 col-12 paddingLR">
     - <div class="col-md-4 col-12 paddingLR">
     + <div class="col-md-6 col-12 paddingLR">
     + <div class="col-md-6 col-12 paddingLR">
     + <div class="col-md-6 col-12 paddingLR">
     + <div class="col-md-6 col-12 paddingLR">
TWHK903: identical 0 / changed 1
XDLS501: identical 8 / changed 0
  ~ XDLS502_3_0.html: -2 +2
     - <div class="col-md-4 col-12 paddingLR">
     - <div class="col-md-4 col-12 paddingLR">
     + <div class="col-md-6 col-12 paddingLR">
     + <div class="col-md-6 col-12 paddingLR">
XDLS502: identical 4 / changed 1
XDLS901: identical 5 / changed 0
  ~ XDLS902_3_0.html: -4 +4
     - <div class="col-md-4 col-12 paddingLR">
     - <div class="col-md-4 col-12 paddingLR">
     - <div class="col-md-4 col-12 paddingLR">
     - <div class="col-md-4 col-12 paddingLR">
     + <div class="col-md-6 col-12 paddingLR">
     + <div class="col-md-6 col-12 paddingLR">
     + <div class="col-md-6 col-12 paddingLR">
     + <div class="col-md-6 col-12 paddingLR">
XDLS902: identical 7 / changed 1
XDLS903: identical 8 / changed 0
XDLS904: identical 8 / changed 0
XDLS905: identical 8 / changed 0
XDLS906: identical 8 / changed 0
XDLS908: identical 9 / changed 0
XDLS909: identical 5 / changed 0
XDLS911: identical 2 / changed 0
XDLS912: identical 6 / changed 0
XFUN01: identical 1 / changed 0
XFUN02: identical 7 / changed 0
  ~ XGF9001_5_0.html: -8 +8
     - <div class="col-md-4 col-12 paddingLR">
     - <div class="col-md-4 col-12 paddingLR">
     - <div class="col-md-4 col-12 paddingLR">
     - <div class="col-md-4 col-12 paddingLR">
     - <div class="col-md-4 col-12 paddingLR">
     - <div class="col-md-4 col-12 paddingLR">
     - <div class="col-md-4 col-12 paddingLR">
     - <div class="col-md-4 col-12 paddingLR">
     + <div class="col-md-6 col-12 paddingLR">
     + <div class="col-md-6 col-12 paddingLR">
     + <div class="col-md-6 col-12 paddingLR">
     + <div class="col-md-6 col-12 paddingLR">
     + <div class="col-md-6 col-12 paddingLR">
     + <div class="col-md-6 col-12 paddingLR">
     + <div class="col-md-6 col-12 paddingLR">
     + <div class="col-md-6 col-12 paddingLR">
XGF9001: identical 6 / changed 1
XGF9002: identical 10 / changed 0
XGF9003: identical 6 / changed 0
  ~ XGF9004_17_0.html: -12 +12
     - <div class="col-md-4 col-12 paddingLR">
     - <div class="col-md-4 col-12 paddingLR">
     - <div class="col-md-4 col-12 paddingLR">
     - <div class="col-md-4 col-12 paddingLR">
     - <div class="col-md-4 col-12 paddingLR">
     - <div class="col-md-4 col-12 paddingLR">
     - <div class="col-md-4 col-12 paddingLR">
     - <div class="col-md-4 col-12 paddingLR">
     - <div class="col-md-4 col-12 paddingLR">
     - <div class="col-md-4 col-12 paddingLR">
     - <div class="col-md-4 col-12 paddingLR">
     - <div class="col-md-4 col-12 paddingLR">
     + <div class="col-md-6 col-12 paddingLR">
     + <div class="col-md-6 col-12 paddingLR">
     + <div class="col-md-6 col-12 paddingLR">
     + <div class="col-md-6 col-12 paddingLR">
     + <div class="col-md-6 col-12 paddingLR">
     + <div class="col-md-6 col-12 paddingLR">
     + <div class="col-md-6 col-12 paddingLR">
     + <div class="col-md-6 col-12 paddingLR">
     + <div class="col-md-6 col-12 paddingLR">
     + <div class="col-md-6 col-12 paddingLR">
     + <div class="col-md-6 col-12 paddingLR">
     + <div class="col-md-6 col-12 paddingLR">
XGF9004: identical 17 / changed 1
  ~ XGF9006_1_0.html: -2 +2
     - <div class="col-md-4 col-12 paddingLR">
     - <div class="col-md-4 col-12 paddingLR">
     + <div class="col-md-6 col-12 paddingLR">
     + <div class="col-md-6 col-12 paddingLR">
XGF9006: identical 7 / changed 1
XLP01: identical 5 / changed 0
  ~ XLP02_5_0.html: -4 +4
     - <div class="col-md-4 col-12 paddingLR">
     - <div class="col-md-4 col-12 paddingLR">
     - <div class="col-md-4 col-12 paddingLR">
     - <div class="col-md-4 col-12 paddingLR">
     + <div class="col-md-6 col-12 paddingLR">
     + <div class="col-md-6 col-12 paddingLR">
     + <div class="col-md-6 col-12 paddingLR">
     + <div class="col-md-6 col-12 paddingLR">
XLP02: identical 6 / changed 1
  ~ XLP03_4_0.html: -4 +4
     - <div class="col-md-4 col-12 paddingLR">
     - <div class="col-md-4 col-12 paddingLR">
     - <div class="col-md-4 col-12 paddingLR">
     - <div class="col-md-4 col-12 paddingLR">
     + <div class="col-md-6 col-12 paddingLR">
     + <div class="col-md-6 col-12 paddingLR">
     + <div class="col-md-6 col-12 paddingLR">
     + <div class="col-md-6 col-12 paddingLR">
XLP03: identical 5 / changed 1
XLP04: identical 5 / changed 0
XLP05: identical 6 / changed 0
XLP06: identical 3 / changed 0
XMES101: identical 9 / changed 0
XMES102: identical 6 / changed 0
XMES103: identical 6 / changed 0
  ~ XMES201_2_0.html: -12 +12
     - <div class="col-md-4 col-12 paddingLR">
     - <div class="col-md-4 col-12 paddingLR">
     - <div class="col-md-4 col-12 paddingLR">
     - <div class="col-md-4 col-12 paddingLR">
     - <div class="col-md-4 col-12 paddingLR">
     - <div class="col-md-4 col-12 paddingLR">
     - <div class="col-md-4 col-12 paddingLR">
     - <div class="col-md-4 col-12 paddingLR">
     - <div class="col-md-4 col-12 paddingLR">
     - <div class="col-md-4 col-12 paddingLR">
     - <div class="col-md-4 col-12 paddingLR">
     - <div class="col-md-4 col-12 paddingLR">
     + <div class="col-md-6 col-12 paddingLR">
     + <div class="col-md-6 col-12 paddingLR">
     + <div class="col-md-6 col-12 paddingLR">
     + <div class="col-md-6 col-12 paddingLR">
     + <div class="col-md-6 col-12 paddingLR">
     + <div class="col-md-6 col-12 paddingLR">
     + <div class="col-md-6 col-12 paddingLR">
     + <div class="col-md-6 col-12 paddingLR">
     + <div class="col-md-6 col-12 paddingLR">
     + <div class="col-md-6 col-12 paddingLR">
     + <div class="col-md-6 col-12 paddingLR">
     + <div class="col-md-6 col-12 paddingLR">
XMES201: identical 5 / changed 1
XMES203: identical 6 / changed 0
XTAS101: identical 5 / changed 0
XTAS102: identical 6 / changed 0
  ~ XTAS103_2_1.html: -4 +4
     - <div class="col-md-4 col-12 paddingLR">
     - <div class="col-md-4 col-12 paddingLR">
     - <div class="col-md-4 col-12 paddingLR">
     - <div class="col-md-4 col-12 paddingLR">
     + <div class="col-md-6 col-12 paddingLR">
     + <div class="col-md-6 col-12 paddingLR">
     + <div class="col-md-6 col-12 paddingLR">
     + <div class="col-md-6 col-12 paddingLR">
XTAS103: identical 6 / changed 1
XWHA01: identical 2 / changed 0
XWHA02: identical 6 / changed 0

TOTAL: identical 531 / changed 17 / missing 0 over 105 modules
CHANGED: OSSC501/OSSC501_2_0.html OSSM401/OSSM401_1_0.html SSCI205/SSCI205_3_0.html SSCI205/SSCI205_5_0.html TEFUN02/TEFUN02_0_0.html TEFUN08/TEFUN08_0_0.html TWHK901/TWHK901_0_0.html TWHK903/TWHK903_0_0.html XDLS502/XDLS502_3_0.html XDLS902/XDLS902_3_0.html XGF9001/XGF9001_5_0.html XGF9004/XGF9004_17_0.html XGF9006/XGF9006_1_0.html XLP02/XLP02_5_0.html XLP03/XLP03_4_0.html XMES201/XMES201_2_0.html XTAS103/XTAS103_2_1.html
