SKELETON STRUCTURAL MATCH — 1956 paired pages (text-immune, 100% of structure)

pairs skipped (parse error): 0
RAW match (full structure, incl. widget internals): mean 37.8%
   ^ low because Phase-1 widgets are by-design PLACEHOLDERS vs the human's built widgets.

SCAFFOLD match (widgets collapsed to one marker — the Phase-1 target: rows/cols/
activities/sections + widget POSITIONS): mean 53.5%  median 54.0%
  pages >=  95% SCAFFOLD match:    5 ( 0.3%)
  pages >=  90% SCAFFOLD match:   15 ( 0.8%)
  pages >=  75% SCAFFOLD match:  191 ( 9.8%)
  pages >=  50% SCAFFOLD match: 1157 (59.2%)
  pages <  50% scaffold match: 799

== per-module mean SCAFFOLD match (worst 25) ==
  MXFUN02     5.7%  (1 pages)
  CEDT104     7.0%  (1 pages)
  MXFUN03     7.9%  (1 pages)
  TWHK901     9.3%  (1 pages)
  ARFUN04     9.6%  (1 pages)
  TWHA905    10.4%  (1 pages)
  EXPFUN05   11.1%  (1 pages)
  CEDW201    13.8%  (1 pages)
  EXPFUN03   14.8%  (1 pages)
  TEFUN03    14.9%  (1 pages)
  CEDT208    14.9%  (1 pages)
  TWHA903    18.3%  (1 pages)
  TWHA901    18.6%  (1 pages)
  ART1005    19.5%  (1 pages)
  ARFUN02    20.4%  (1 pages)
  EXPFUN02   20.9%  (1 pages)
  SSFUN01    21.2%  (1 pages)
  EXPFUN04   21.4%  (1 pages)
  TWHA902    22.5%  (1 pages)
  ART1003    22.7%  (1 pages)
  XDLS911    24.2%  (2 pages)
  SSFUN05    24.2%  (1 pages)
  TRR304     24.7%  (3 pages)
  BLL120     25.8%  (1 pages)
  EXBP901    25.8%  (5 pages)

== worst individual pages by SCAFFOLD match (top 20) ==
  MXFUN01_0_0.html           scaffold   0.7%  (raw    1%)
  BLL240_1_0.html            scaffold   4.5%  (raw    3%)
  MXFUN02_0_0.html           scaffold   5.7%  (raw    4%)
  SSFUN07_2_0.html           scaffold   6.1%  (raw    4%)
  CEDT104_0_0.html           scaffold   7.0%  (raw    8%)
  CEDT301_6_0.html           scaffold   7.4%  (raw    6%)
  MXFUN03_0_0.html           scaffold   7.9%  (raw    6%)
  TWHK901_0_0.html           scaffold   9.3%  (raw   11%)
  TRR304_3_0.html            scaffold   9.5%  (raw    9%)
  ARFUN04_0_0.html           scaffold   9.6%  (raw    6%)
  EXIP901_4_0.html           scaffold  10.4%  (raw    8%)
  TWHA905_0_0.html           scaffold  10.4%  (raw    8%)
  EXPFUN05_0_0.html          scaffold  11.1%  (raw   13%)
  XDLS911_1_0.html           scaffold  11.3%  (raw    6%)
  MXDB301_3_0.html           scaffold  12.1%  (raw    7%)
  TEDC401_3_0.html           scaffold  12.1%  (raw    6%)
  ENGJ302_1_0.html           scaffold  12.3%  (raw   11%)
  ENGFUN02_1_0.html          scaffold  13.3%  (raw   11%)
  CEDW201_0_0.html           scaffold  13.8%  (raw   15%)
  CEDT207_0_0.html           scaffold  14.2%  (raw   17%)

wrote ../../outputs/_s26_r390_sk_final.json
