EXPFUN05: identical 1 / changed 0
EXPFUN06: identical 1 / changed 0
  ~ EXPFUN07_0_0.html: -4 +0
     - <div class="row">
     - <div class="col-md-8 col-12">
     - </div>
     - </div>
EXPFUN07: identical 0 / changed 1
HES1003: identical 9 / changed 0
HES1004: identical 5 / changed 0
  ~ HES1005_7_0.html: -4 +0
     - <div class="row">
     - <div class="col-md-8 col-12">
     - </div>
     - </div>
  ~ HES1005_8_0.html: -4 +0
     - <div class="row">
     - <div class="col-md-8 col-12">
     - </div>
     - </div>
HES1005: identical 7 / changed 2
HES1006: identical 8 / changed 0
  ~ HES1007_1_0.html: -4 +0
     - <div class="row">
     - <div class="col-md-8 col-12">
     - </div>
     - </div>
  ~ HES1007_2_0.html: -4 +0
     - <div class="row">
     - <div class="col-md-8 col-12">
     - </div>
     - </div>
HES1007: identical 8 / changed 2
HIS1001: identical 8 / changed 0
  ~ HIS1002_2_0.html: -4 +0
     - <div class="row">
     - <div class="col-md-8 col-12">
     - </div>
     - </div>
  ~ HIS1002_11_0.html: -4 +0
     - <div class="row">
     - <div class="col-md-8 col-12">
     - </div>
     - </div>
  ~ HIS1002_15_0.html: -4 +0
     - <div class="row">
     - <div class="col-md-8 col-12">
     - </div>
     - </div>
HIS1002: identical 18 / changed 3
HIS1003: identical 11 / changed 0
  ~ HIS1004_4_0.html: -4 +0
     - <div class="row">
     - <div class="col-md-8 col-12">
     - </div>
     - </div>
  ~ HIS1004_7_0.html: -4 +0
     - <div class="row">
     - <div class="col-md-8 col-12">
     - </div>
     - </div>
  ~ HIS1004_10_0.html: -4 +0
     - <div class="row">
     - <div class="col-md-8 col-12">
     - </div>
     - </div>
HIS1004: identical 8 / changed 3
  ~ HIS1005_1_0.html: -12 +0
     - <div class="row">
     - <div class="col-md-8 col-12">
     - </div>
     - </div>
     - <div class="row">
     - <div class="col-md-8 col-12">
     - </div>
     - </div>
     - <div class="row">
     - <div class="col-md-8 col-12">
     - </div>
     - </div>
  ~ HIS1005_2_0.html: -8 +0
     - <div class="row">
     - <div class="col-md-8 col-12">
     - </div>
     - </div>
     - <div class="row">
     - <div class="col-md-8 col-12">
     - </div>
     - </div>
  ~ HIS1005_3_0.html: -4 +0
     - <div class="row">
     - <div class="col-md-8 col-12">
     - </div>
     - </div>
  ~ HIS1005_5_0.html: -4 +0
     - <div class="row">
     - <div class="col-md-8 col-12">
     - </div>
     - </div>
  ~ HIS1005_8_0.html: -4 +0
     - <div class="row">
     - <div class="col-md-8 col-12">
     - </div>
     - </div>
  ~ HIS1005_9_0.html: -4 +0
     - <div class="row">
     - <div class="col-md-8 col-12">
     - </div>
     - </div>
HIS1005: identical 9 / changed 6
  ~ HIS1006_2_0.html: -4 +0
     - <div class="row">
     - <div class="col-md-8 col-12">
     - </div>
     - </div>
  ~ HIS1006_8_0.html: -4 +0
     - <div class="row">
     - <div class="col-md-8 col-12">
     - </div>
     - </div>
  ~ HIS1006_9_0.html: -4 +0
     - <div class="row">
     - <div class="col-md-8 col-12">
     - </div>
     - </div>
  ~ HIS1006_10_0.html: -4 +0
     - <div class="row">
     - <div class="col-md-8 col-12">
     - </div>
     - </div>
  ~ HIS1006_11_0.html: -8 +0
     - <div class="row">
     - <div class="col-md-8 col-12">
     - </div>
     - </div>
     - <div class="row">
     - <div class="col-md-8 col-12">
     - </div>
     - </div>
HIS1006: identical 10 / changed 5
  ~ HIS1007_2_0.html: -4 +0
     - <div class="row">
     - <div class="col-md-8 col-12">
     - </div>
     - </div>
  ~ HIS1007_3_0.html: -4 +0
     - <div class="row">
     - <div class="col-md-8 col-12">
     - </div>
     - </div>
HIS1007: identical 5 / changed 2
  ~ HIS1008_2_0.html: -4 +0
     - <div class="row">
     - <div class="col-md-8 col-12">
     - </div>
     - </div>
HIS1008: identical 11 / changed 1
HPFUN101: identical 1 / changed 0
HPFUN102: identical 1 / changed 0
HPFUN103: identical 1 / changed 0
HPFUN201: identical 1 / changed 0
HPFUN202: identical 1 / changed 0
HPFUN203: identical 1 / changed 0
HPFUN301: identical 1 / changed 0
HPFUN302: identical 1 / changed 0
HPFUN303: identical 1 / changed 0
HPFUN401: identical 1 / changed 0
HPFUN402: identical 1 / changed 0
HPFUN403: identical 1 / changed 0
HPFUN901: identical 1 / changed 0
HPFUN902: identical 1 / changed 0
HPFUN903: identical 1 / changed 0
  ~ HPRE203_5_0.html: -4 +0
     - <div class="row">
     - <div class="col-md-8 col-12">
     - </div>
     - </div>
  ~ HPRE203_6_0.html: -4 +0
     - <div class="row">
     - <div class="col-md-8 col-12">
     - </div>
     - </div>
HPRE203: identical 6 / changed 2
  ~ MXDB102_1_0.html: -4 +0
     - <div class="row">
     - <div class="col-md-8 col-12">
     - </div>
     - </div>
MXDB102: identical 11 / changed 1
  ~ MXDB201_1_0.html: -4 +0
     - <div class="row">
     - <div class="col-md-8 col-12">
     - </div>
     - </div>
  ~ MXDB201_3_0.html: -4 +0
     - <div class="row">
     - <div class="col-md-8 col-12">
     - </div>
     - </div>
  ~ MXDB201_4_0.html: -4 +0
     - <div class="row">
     - <div class="col-md-8 col-12">
     - </div>
     - </div>
MXDB201: identical 4 / changed 3
  ~ MXDB202_1_0.html: -4 +0
     - <div class="row">
     - <div class="col-md-8 col-12">
     - </div>
     - </div>
  ~ MXDB202_3_0.html: -4 +0
     - <div class="row">
     - <div class="col-md-8 col-12">
     - </div>
     - </div>
MXDB202: identical 4 / changed 2
MXDB301: identical 8 / changed 0
  ~ MXDB302_4_0.html: -4 +0
     - <div class="row">
     - <div class="col-md-8 col-12">
     - </div>
     - </div>
  ~ MXDB302_5_0.html: -4 +0
     - <div class="row">
     - <div class="col-md-8 col-12">
     - </div>
     - </div>
MXDB302: identical 8 / changed 2
  ~ MXDI101_1_5.html: -4 +0
     - <div class="row">
     - <div class="col-md-8 col-12">
     - </div>
     - </div>
MXDI101: identical 10 / changed 1
MXDI102: identical 5 / changed 0
  ~ MXDI103_3_0.html: -4 +0
     - <div class="row">
     - <div class="col-md-8 col-12">
     - </div>
     - </div>
  ~ MXDI103_8_0.html: -4 +0
     - <div class="row">
     - <div class="col-md-8 col-12">
     - </div>
     - </div>
MXDI103: identical 8 / changed 2
MXDI201: identical 11 / changed 0
MXDI202: identical 12 / changed 0
MXDI301: identical 5 / changed 0
MXEO102: identical 5 / changed 0
MXEO201: identical 10 / changed 0
  ~ MXEO202_2_0.html: -4 +0
     - <div class="row">
     - <div class="col-md-8 col-12">
     - </div>
     - </div>
  ~ MXEO202_7_0.html: -4 +0
     - <div class="row">
     - <div class="col-md-8 col-12">
     - </div>
     - </div>
MXEO202: identical 7 / changed 2
MXEO301: identical 11 / changed 0
  ~ MXEO401_1_0.html: -8 +0
     - <div class="row">
     - <div class="col-md-8 col-12">
     - </div>
     - </div>
     - <div class="row">
     - <div class="col-md-8 col-12">
     - </div>
     - </div>
  ~ MXEO401_2_0.html: -4 +0
     - <div class="row">
     - <div class="col-md-8 col-12">
     - </div>
     - </div>
  ~ MXEO401_3_0.html: -8 +0
     - <div class="row">
     - <div class="col-md-8 col-12">
     - </div>
     - </div>
     - <div class="row">
     - <div class="col-md-8 col-12">
     - </div>
     - </div>
MXEO401: identical 4 / changed 3
MXEX101: identical 7 / changed 0
  ~ MXEX201_3_0.html: -4 +0
     - <div class="row">
     - <div class="col-md-8 col-12">
     - </div>
     - </div>
MXEX201: identical 5 / changed 1
  ~ MXEX202_1_0.html: -4 +0
     - <div class="row">
     - <div class="col-md-8 col-12">
     - </div>
     - </div>
  ~ MXEX202_5_0.html: -4 +0
     - <div class="row">
     - <div class="col-md-8 col-12">
     - </div>
     - </div>
MXEX202: identical 5 / changed 2
  ~ MXEX301_2_0.html: -4 +0
     - <div class="row">
     - <div class="col-md-8 col-12">
     - </div>
     - </div>
  ~ MXEX301_4_0.html: -4 +0
     - <div class="row">
     - <div class="col-md-8 col-12">
     - </div>
     - </div>
MXEX301: identical 6 / changed 2
MXEX302: identical 8 / changed 0
  ~ MXEX401_1_0.html: -8 +0
     - <div class="row">
     - <div class="col-md-8 col-12">
     - </div>
     - </div>
     - <div class="row">
     - <div class="col-md-8 col-12">
     - </div>
     - </div>
  ~ MXEX401_5_0.html: -4 +0
     - <div class="row">
     - <div class="col-md-8 col-12">
     - </div>
     - </div>
MXEX401: identical 5 / changed 2
MXFL101: identical 12 / changed 0
  ~ MXFL102_2_0.html: -4 +0
     - <div class="row">
     - <div class="col-md-8 col-12">
     - </div>
     - </div>
MXFL102: identical 8 / changed 1
  ~ MXFL103_1_3.html: -4 +0
     - <div class="row">
     - <div class="col-md-8 col-12">
     - </div>
     - </div>
MXFL103: identical 7 / changed 1
  ~ MXFL104_2_0.html: -4 +0
     - <div class="row">
     - <div class="col-md-8 col-12">
     - </div>
     - </div>
MXFL104: identical 5 / changed 1
  ~ MXFL201_1_0.html: -4 +0
     - <div class="row">
     - <div class="col-md-8 col-12">
     - </div>
     - </div>
  ~ MXFL201_4_0.html: -12 +0
     - <div class="row">
     - <div class="col-md-8 col-12">
     - </div>
     - </div>
     - <div class="row">
     - <div class="col-md-8 col-12">
     - </div>
     - </div>
     - <div class="row">
     - <div class="col-md-8 col-12">
     - </div>
     - </div>
  ~ MXFL201_7_0.html: -4 +0
     - <div class="row">
     - <div class="col-md-8 col-12">
     - </div>
     - </div>
MXFL201: identical 7 / changed 3
MXFL202: identical 6 / changed 0
MXFL203: identical 12 / changed 0
MXFL204: identical 12 / changed 0
  ~ MXFL301_4_0.html: -4 +0
     - <div class="row">
     - <div class="col-md-8 col-12">
     - </div>
     - </div>
MXFL301: identical 9 / changed 1
MXFL302: identical 10 / changed 0
  ~ MXFL401_1_0.html: -4 +0
     - <div class="row">
     - <div class="col-md-8 col-12">
     - </div>
     - </div>
  ~ MXFL401_2_0.html: -4 +0
     - <div class="row">
     - <div class="col-md-8 col-12">
     - </div>
     - </div>
  ~ MXFL401_3_0.html: -4 +0
     - <div class="row">
     - <div class="col-md-8 col-12">
     - </div>
     - </div>
  ~ MXFL401_4_0.html: -12 +0
     - <div class="row">
     - <div class="col-md-8 col-12">
     - </div>
     - </div>
     - <div class="row">
     - <div class="col-md-8 col-12">
     - </div>
     - </div>
     - <div class="row">
     - <div class="col-md-8 col-12">
     - </div>
     - </div>
MXFL401: identical 4 / changed 4
MXFU201: identical 10 / changed 0
MXFU202: identical 11 / changed 0
MXFU301: identical 12 / changed 0
  ~ MXFU302_4_0_0.html: -4 +0
     - <div class="row">
     - <div class="col-md-8 col-12">
     - </div>
     - </div>
  ~ MXFU302_9_0.html: -4 +0
     - <div class="row">
     - <div class="col-md-8 col-12">
     - </div>
     - </div>
MXFU302: identical 8 / changed 2
  ~ MXFU401_1_0.html: -4 +0
     - <div class="row">
     - <div class="col-md-8 col-12">
     - </div>
     - </div>
  ~ MXFU401_2_0.html: -12 +0
     - <div class="row">
     - <div class="col-md-8 col-12">
     - </div>
     - </div>
     - <div class="row">
     - <div class="col-md-8 col-12">
     - </div>
     - </div>
     - <div class="row">
     - <div class="col-md-8 col-12">
     - </div>
     - </div>
  ~ MXFU401_3_0.html: -4 +0
     - <div class="row">
     - <div class="col-md-8 col-12">
     - </div>
     - </div>
MXFU401: identical 4 / changed 3
MXFU402: identical 8 / changed 0
MXFUN01: identical 19 / changed 0
MXFUN02: identical 1 / changed 0
MXFUN03: identical 1 / changed 0
  ~ OSAH301_1_0.html: -4 +0
     - <div class="row">
     - <div class="col-md-8 col-12">
     - </div>
     - </div>
OSAH301: identical 3 / changed 1
  ~ OSAH401_1_0.html: -4 +0
     - <div class="row">
     - <div class="col-md-8 col-12">
     - </div>
     - </div>
  ~ OSAH401_2_0.html: -4 +0
     - <div class="row">
     - <div class="col-md-8 col-12">
     - </div>
     - </div>
  ~ OSAH401_4_0.html: -4 +0
     - <div class="row">
     - <div class="col-md-8 col-12">
     - </div>
     - </div>
OSAH401: identical 2 / changed 3
OSAH501: identical 6 / changed 0
  ~ OSAI101_2_0.html: -4 +0
     - <div class="row">
     - <div class="col-md-8 col-12">
     - </div>
     - </div>
OSAI101: identical 2 / changed 1
  ~ OSAI201_3_0.html: -4 +0
     - <div class="row">
     - <div class="col-md-8 col-12">
     - </div>
     - </div>
OSAI201: identical 3 / changed 1
  ~ OSAI301_3_0.html: -4 +0
     - <div class="row">
     - <div class="col-md-8 col-12">
     - </div>
     - </div>
OSAI301: identical 3 / changed 1
OSAI401: identical 5 / changed 0
OSAI501: identical 6 / changed 0
  ~ OSBY101_1_0.html: -4 +0
     - <div class="row">
     - <div class="col-md-8 col-12">
     - </div>
     - </div>
OSBY101: identical 3 / changed 1
  ~ OSBY201_1_0.html: -8 +0
     - <div class="row">
     - <div class="col-md-8 col-12">
     - </div>
     - </div>
     - <div class="row">
     - <div class="col-md-8 col-12">
     - </div>
     - </div>
OSBY201: identical 3 / changed 1
OSBY301: identical 4 / changed 0
OSBY401: identical 5 / changed 0
  ~ OSBY501_4_0.html: -4 +0
     - <div class="row">
     - <div class="col-md-8 col-12">
     - </div>
     - </div>
OSBY501: identical 5 / changed 1
  ~ OSGM101_1_0.html: -4 +0
     - <div class="row">
     - <div class="col-md-8 col-12">
     - </div>
     - </div>
  ~ OSGM101_2_0.html: -4 +0
     - <div class="row">
     - <div class="col-md-8 col-12">
     - </div>
     - </div>
OSGM101: identical 1 / changed 2
  ~ OSGM201_3_0.html: -4 +0
     - <div class="row">
     - <div class="col-md-8 col-12">
     - </div>
     - </div>
OSGM201: identical 3 / changed 1
OSGM301: identical 4 / changed 0
OSGM401: identical 5 / changed 0
OSGM501: identical 6 / changed 0
  ~ OSOH101_2_0.html: -16 +0
     - <div class="row">
     - <div class="col-md-8 col-12">
     - </div>
     - </div>
     - <div class="row">
     - <div class="col-md-8 col-12">
     - </div>
     - </div>
     - <div class="row">
     - <div class="col-md-8 col-12">
     - </div>
     - </div>
     - <div class="row">
     - <div class="col-md-8 col-12">
     - </div>
     - </div>
  ~ OSOH101_3_0.html: -4 +0
     - <div class="row">
     - <div class="col-md-8 col-12">
     - </div>
     - </div>
OSOH101: identical 2 / changed 2
  ~ OSOH201_2_0.html: -4 +0
     - <div class="row">
     - <div class="col-md-8 col-12">
     - </div>
     - </div>
  ~ OSOH201_3_0.html: -4 +0
     - <div class="row">
     - <div class="col-md-8 col-12">
     - </div>
     - </div>
OSOH201: identical 2 / changed 2
OSOH301: identical 4 / changed 0
  ~ OSOH401_2_0.html: -4 +0
     - <div class="row">
     - <div class="col-md-8 col-12">
     - </div>
     - </div>
  ~ OSOH401_3_0.html: -4 +0
     - <div class="row">
     - <div class="col-md-8 col-12">
     - </div>
     - </div>
OSOH401: identical 3 / changed 2
OSOH501: identical 6 / changed 0
  ~ OSSC301_2_0.html: -4 +0
     - <div class="row">
     - <div class="col-md-8 col-12">
     - </div>
     - </div>
  ~ OSSC301_3_0.html: -4 +0
     - <div class="row">
     - <div class="col-md-8 col-12">
     - </div>
     - </div>
OSSC301: identical 2 / changed 2

TOTAL: identical 553 / changed 87 / missing 0 over 98 modules
CHANGED: EXPFUN07/EXPFUN07_0_0.html HES1005/HES1005_7_0.html HES1005/HES1005_8_0.html HES1007/HES1007_1_0.html HES1007/HES1007_2_0.html HIS1002/HIS1002_2_0.html HIS1002/HIS1002_11_0.html HIS1002/HIS1002_15_0.html HIS1004/HIS1004_4_0.html HIS1004/HIS1004_7_0.html HIS1004/HIS1004_10_0.html HIS1005/HIS1005_1_0.html HIS1005/HIS1005_2_0.html HIS1005/HIS1005_3_0.html HIS1005/HIS1005_5_0.html HIS1005/HIS1005_8_0.html HIS1005/HIS1005_9_0.html HIS1006/HIS1006_2_0.html HIS1006/HIS1006_8_0.html HIS1006/HIS1006_9_0.html HIS1006/HIS1006_10_0.html HIS1006/HIS1006_11_0.html HIS1007/HIS1007_2_0.html HIS1007/HIS1007_3_0.html HIS1008/HIS1008_2_0.html HPRE203/HPRE203_5_0.html HPRE203/HPRE203_6_0.html MXDB102/MXDB102_1_0.html MXDB201/MXDB201_1_0.html MXDB201/MXDB201_3_0.html MXDB201/MXDB201_4_0.html MXDB202/MXDB202_1_0.html MXDB202/MXDB202_3_0.html MXDB302/MXDB302_4_0.html MXDB302/MXDB302_5_0.html MXDI101/MXDI101_1_5.html MXDI103/MXDI103_3_0.html MXDI103/MXDI103_8_0.html MXEO202/MXEO202_2_0.html MXEO202/MXEO202_7_0.html MXEO401/MXEO401_1_0.html MXEO401/MXEO401_2_0.html MXEO401/MXEO401_3_0.html MXEX201/MXEX201_3_0.html MXEX202/MXEX202_1_0.html MXEX202/MXEX202_5_0.html MXEX301/MXEX301_2_0.html MXEX301/MXEX301_4_0.html MXEX401/MXEX401_1_0.html MXEX401/MXEX401_5_0.html MXFL102/MXFL102_2_0.html MXFL103/MXFL103_1_3.html MXFL104/MXFL104_2_0.html MXFL201/MXFL201_1_0.html MXFL201/MXFL201_4_0.html MXFL201/MXFL201_7_0.html MXFL301/MXFL301_4_0.html MXFL401/MXFL401_1_0.html MXFL401/MXFL401_2_0.html MXFL401/MXFL401_3_0.html MXFL401/MXFL401_4_0.html MXFU302/MXFU302_4_0_0.html MXFU302/MXFU302_9_0.html MXFU401/MXFU401_1_0.html MXFU401/MXFU401_2_0.html MXFU401/MXFU401_3_0.html OSAH301/OSAH301_1_0.html OSAH401/OSAH401_1_0.html OSAH401/OSAH401_2_0.html OSAH401/OSAH401_4_0.html OSAI101/OSAI101_2_0.html OSAI201/OSAI201_3_0.html OSAI301/OSAI301_3_0.html OSBY101/OSBY101_1_0.html OSBY201/OSBY201_1_0.html OSBY501/OSBY501_4_0.html OSGM101/OSGM101_1_0.html OSGM101/OSGM101_2_0.html OSGM201/OSGM201_3_0.html OSOH101/OSOH101_2_0.html OSOH101/OSOH101_3_0.html OSOH201/OSOH201_2_0.html OSOH201/OSOH201_3_0.html OSOH401/OSOH401_2_0.html OSOH401/OSOH401_3_0.html OSSC301/OSSC301_2_0.html OSSC301/OSSC301_3_0.html
