scaffold 53.4546 -> 53.4702 (+0.0157pp); RAW 37.719 -> 37.725
movers 29: up 23 / down 6; pp-sum +30.7; added 0 / dropped 0; outside affected 0
worst 6:
  OSAH301_1_0.html 76.2 -> 73.4 (-2.8)
  OSOH101_3_0.html 82.4 -> 81.4 (-1.0)
  OSBY101_1_0.html 66.4 -> 66.0 (-0.5)
  OSOH401_1_0.html 49.6 -> 49.3 (-0.3)
  TEDC401_4_0.html 35.3 -> 35.1 (-0.2)
  TEDC402_2_0.html 30.8 -> 30.7 (-0.1)
best 6:
  CEDT501_7_0.html 55.9 -> 57.8 (+1.9)
  CEDW501_3_0.html 51.4 -> 53.6 (+2.2)
  OSAH501_4_0.html 63.9 -> 66.1 (+2.3)
  OSSC501_2_0.html 60.4 -> 63.0 (+2.6)
  CEDO501_2_0.html 49.4 -> 52.9 (+3.5)
  OSBY501_3_0.html 53.6 -> 57.8 (+4.2)
>= 50: 1155 -> 1157
>= 75: 192 -> 191
>= 90: 15 -> 15
>=75 crossers down: [('OSAH301', 'OSAH301_1_0.html')] up: []
>=50 crossers down: [] up: [('CEDO501', 'CEDO501_2_0.html'), ('MXFL301', 'MXFL301_1_0.html')]
