OSSC401: identical 5 / changed 0
OSSC501: identical 6 / changed 0
OSSM301: identical 5 / changed 0
  ~ OSSM401_2_0.html: -1 +1
     - <div class="item">
     + <div class="item video">
  ~ OSSM401_3_0.html: -2 +2
     - <div class="item">
     - <div class="item">
     + <div class="item video">
     + <div class="item video">
OSSM401: identical 3 / changed 2
PES1001: identical 10 / changed 0
PES1002: identical 11 / changed 0
PES1003: identical 11 / changed 0
PES1004: identical 11 / changed 0
PES1005: identical 12 / changed 0
PES1007: identical 12 / changed 0
PES1008: identical 19 / changed 0
PHE1001: identical 5 / changed 0
PHE1002: identical 4 / changed 0
PHE1003: identical 11 / changed 0
PHE1004: identical 4 / changed 0
PHE1005: identical 6 / changed 0
PHE1006: identical 6 / changed 0
PHE1007: identical 10 / changed 0
PHE1008: identical 6 / changed 0
PNR101: identical 2 / changed 0
PNR102: identical 3 / changed 0
PNR104: identical 3 / changed 0
SCCH301: identical 9 / changed 0
SCFUN01: identical 1 / changed 0
SCPH301: identical 9 / changed 0
SSCI205: identical 10 / changed 0
SSFUN01: identical 1 / changed 0
SSFUN02: identical 1 / changed 0
SSFUN03: identical 1 / changed 0
SSFUN05: identical 1 / changed 0
SSFUN06: identical 1 / changed 0
  ~ SSFUN07_3_0.html: -1 +1
     - <div class="item">
     + <div class="item video">
SSFUN07: identical 4 / changed 1
SSFUN08: identical 1 / changed 0
SSOG101: identical 8 / changed 0
SSOG103: identical 7 / changed 0
SSOG301: identical 8 / changed 0
  ~ TEDC401_1_0.html: -1 +1
     - <div class="item">
     + <div class="item video">
TEDC401: identical 7 / changed 1
TEDC402: identical 11 / changed 0
TEFUN01: identical 1 / changed 0
TEFUN02: identical 1 / changed 0
TEFUN03: identical 1 / changed 0
TEFUN04: identical 1 / changed 0
TEFUN05: identical 1 / changed 0
  ~ TEFUN06_0_0.html: -2 +2
     - <div class="item">
     - <div class="item">
     + <div class="item video">
     + <div class="item video">
TEFUN06: identical 0 / changed 1
TEFUN07: identical 1 / changed 0
  ~ TEFUN08_0_0.html: -5 +5
     - <div class="item">
     - <div class="item">
     - <div class="item">
     - <div class="item">
     - <div class="item">
     + <div class="item video">
     + <div class="item video">
     + <div class="item video">
     + <div class="item video">
     + <div class="item video">
TEFUN08: identical 0 / changed 1
TRR102: identical 6 / changed 0
TRR103: identical 4 / changed 0
TRR104: prep refused (no-wt)
TRR105: prep refused (no-wt)
TRR106: identical 2 / changed 0
TRR107: identical 3 / changed 0
TRR108: identical 3 / changed 0
TRR109: identical 6 / changed 0
TRR111: identical 6 / changed 0
TRR112: identical 5 / changed 0
TRR113: identical 5 / changed 0
TRR114: identical 4 / changed 0
TRR115: prep refused (no-wt)
TRR203: identical 4 / changed 0
TRR301: identical 4 / changed 0
TRR304: identical 3 / changed 0
TWHA901: identical 1 / changed 0
TWHA902: identical 1 / changed 0
TWHA903: identical 1 / changed 0
TWHA904: identical 1 / changed 0
TWHA905: identical 1 / changed 0
TWHA906: identical 1 / changed 0
TWHK901: identical 1 / changed 0
  ~ TWHK903_0_0.html: -7 +7
     - <div class="item">
     - <div class="item">
     - <div class="item">
     - <div class="item">
     - <div class="item">
     - <div class="item">
     - <div class="item">
     + <div class="item video">
     + <div class="item video">
     + <div class="item video">
     + <div class="item video">
     + <div class="item video">
     + <div class="item video">
     + <div class="item video">
TWHK903: identical 0 / changed 1
XDLS501: identical 8 / changed 0
XDLS502: identical 5 / changed 0
XDLS901: identical 5 / changed 0
XDLS902: identical 8 / changed 0
XDLS903: identical 8 / changed 0
XDLS904: identical 8 / changed 0
XDLS905: identical 8 / changed 0
XDLS906: identical 8 / changed 0
XDLS908: identical 9 / changed 0
XDLS909: identical 5 / changed 0
XDLS911: identical 2 / changed 0
XDLS912: identical 6 / changed 0
XFUN01: identical 1 / changed 0
XFUN02: identical 7 / changed 0
  ~ XGF9001_4_0.html: -2 +2
     - <div class="item">
     - <div class="item">
     + <div class="item video">
     + <div class="item video">
XGF9001: identical 6 / changed 1
  ~ XGF9002_6_0.html: -4 +4
     - <div class="item">
     - <div class="item">
     - <div class="item">
     - <div class="item">
     + <div class="item video">
     + <div class="item video">
     + <div class="item video">
     + <div class="item video">
  ~ XGF9002_8_0.html: -4 +4
     - <div class="item">
     - <div class="item">
     - <div class="item">
     - <div class="item">
     + <div class="item video">
     + <div class="item video">
     + <div class="item video">
     + <div class="item video">
XGF9002: identical 8 / changed 2
  ~ XGF9003_1_1.html: -8 +8
     - <div class="item">
     - <div class="item">
     - <div class="item">
     - <div class="item">
     - <div class="item">
     - <div class="item">
     - <div class="item">
     - <div class="item">
     + <div class="item video">
     + <div class="item video">
     + <div class="item video">
     + <div class="item video">
     + <div class="item video">
     + <div class="item video">
     + <div class="item video">
     + <div class="item video">
  ~ XGF9003_1_2.html: -7 +7
     - <div class="item">
     - <div class="item">
     - <div class="item">
     - <div class="item">
     - <div class="item">
     - <div class="item">
     - <div class="item">
     + <div class="item video">
     + <div class="item video">
     + <div class="item video">
     + <div class="item video">
     + <div class="item video">
     + <div class="item video">
     + <div class="item video">
XGF9003: identical 4 / changed 2
  ~ XGF9004_9_0.html: -2 +2
     - <div class="item">
     - <div class="item">
     + <div class="item video">
     + <div class="item video">
XGF9004: identical 17 / changed 1
XGF9006: identical 8 / changed 0
XLP01: identical 5 / changed 0
  ~ XLP02_1_0.html: -2 +2
     - <div class="item">
     - <div class="item">
     + <div class="item video">
     + <div class="item video">
XLP02: identical 6 / changed 1
XLP03: identical 6 / changed 0
XLP04: identical 5 / changed 0
XLP05: identical 6 / changed 0
XLP06: identical 3 / changed 0
  ~ XMES101_3_0.html: -1 +1
     - <div class="item">
     + <div class="item video">
XMES101: identical 8 / changed 1
XMES102: identical 6 / changed 0
XMES103: identical 6 / changed 0
XMES201: identical 6 / changed 0
XMES203: identical 6 / changed 0
XTAS101: identical 5 / changed 0
XTAS102: identical 6 / changed 0
XTAS103: identical 7 / changed 0
XWHA01: identical 2 / changed 0
XWHA02: identical 6 / changed 0

TOTAL: identical 533 / changed 15 / missing 0 over 105 modules
CHANGED: OSSM401/OSSM401_2_0.html OSSM401/OSSM401_3_0.html SSFUN07/SSFUN07_3_0.html TEDC401/TEDC401_1_0.html TEFUN06/TEFUN06_0_0.html TEFUN08/TEFUN08_0_0.html TWHK903/TWHK903_0_0.html XGF9001/XGF9001_4_0.html XGF9002/XGF9002_6_0.html XGF9002/XGF9002_8_0.html XGF9003/XGF9003_1_1.html XGF9003/XGF9003_1_2.html XGF9004/XGF9004_9_0.html XLP02/XLP02_1_0.html XMES101/XMES101_3_0.html
