  ~ BLL242_1_1.html: -4 +0
     - <div class="row">
     - <div class="col-md-8 col-12">
     - </div>
     - </div>
BLL242: identical 2 / changed 1
  ~ BLL244_1_0.html: -4 +0
     - <div class="row">
     - <div class="col-md-8 col-12">
     - </div>
     - </div>
BLL244: identical 2 / changed 1
BLL245: identical 3 / changed 0
BLL246: identical 3 / changed 0
  ~ BLL251_2_0.html: -4 +0
     - <div class="row">
     - <div class="col-md-8 col-12">
     - </div>
     - </div>
BLL251: identical 2 / changed 1
  ~ BLL252_1_0.html: -4 +0
     - <div class="row">
     - <div class="col-md-8 col-12">
     - </div>
     - </div>
BLL252: identical 2 / changed 1
BLL253: identical 3 / changed 0
  ~ BLL254_1_0.html: -4 +0
     - <div class="row">
     - <div class="col-md-8 col-12">
     - </div>
     - </div>
  ~ BLL254_2_0.html: -8 +0
     - <div class="row">
     - <div class="col-md-8 col-12">
     - </div>
     - </div>
     - <div class="row">
     - <div class="col-md-8 col-12">
     - </div>
     - </div>
BLL254: identical 1 / changed 2
BLL262: identical 3 / changed 0
  ~ BLL263_1_0.html: -4 +0
     - <div class="row">
     - <div class="col-md-8 col-12">
     - </div>
     - </div>
BLL263: identical 2 / changed 1
  ~ BLLR201_2_0.html: -8 +0
     - <div class="row">
     - <div class="col-md-8 col-12">
     - </div>
     - </div>
     - <div class="row">
     - <div class="col-md-8 col-12">
     - </div>
     - </div>
  ~ BLLR201_3_0.html: -4 +0
     - <div class="row">
     - <div class="col-md-8 col-12">
     - </div>
     - </div>
BLLR201: identical 6 / changed 2
CEDK101: identical 1 / changed 0
CEDK102: identical 1 / changed 0
CEDK501: identical 14 / changed 0
CEDO102: identical 1 / changed 0
  ~ CEDO105_1_0.html: -8 +0
     - <div class="row">
     - <div class="col-md-8 col-12">
     - </div>
     - </div>
     - <div class="row">
     - <div class="col-md-8 col-12">
     - </div>
     - </div>
  ~ CEDO105_5_0.html: -4 +0
     - <div class="row">
     - <div class="col-md-8 col-12">
     - </div>
     - </div>
CEDO105: identical 4 / changed 2
CEDO202: identical 1 / changed 0
CEDO301: identical 6 / changed 0
  ~ CEDO501_1_0.html: -4 +0
     - <div class="row">
     - <div class="col-md-8 col-12">
     - </div>
     - </div>
  ~ CEDO501_2_1.html: -16 +0
     - <div class="row">
     - <div class="col-md-8 col-12">
     - </div>
     - </div>
     - <div class="row">
     - <div class="col-md-8 col-12">
     - </div>
     - </div>
     - <div class="row">
     - <div class="col-md-8 col-12">
     - </div>
     - </div>
     - <div class="row">
     - <div class="col-md-8 col-12">
     - </div>
     - </div>
  ~ CEDO501_3_0.html: -8 +0
     - <div class="row">
     - <div class="col-md-8 col-12">
     - </div>
     - </div>
     - <div class="row">
     - <div class="col-md-8 col-12">
     - </div>
     - </div>
CEDO501: identical 13 / changed 3
  ~ CEDO502_1_1.html: -4 +0
     - <div class="row">
     - <div class="col-md-8 col-12">
     - </div>
     - </div>
  ~ CEDO502_2_0.html: -20 +0
     - <div class="row">
     - <div class="col-md-8 col-12">
     - </div>
     - </div>
     - <div class="row">
     - <div class="col-md-8 col-12">
     - </div>
     - </div>
     - <div class="row">
     - <div class="col-md-8 col-12">
     - </div>
     - </div>
     - <div class="row">
     - <div class="col-md-8 col-12">
     - </div>
     - </div>
     - <div class="row">
     - <div class="col-md-8 col-12">
     - </div>
     - </div>
  ~ CEDO502_3_0.html: -8 +0
     - <div class="col-md-8 col-12">
     - <div class="row">
     - </div>
     - </div>
     - <div class="row">
     - <div class="col-md-8 col-12">
     - </div>
     - </div>
  ~ CEDO502_5_0.html: -4 +0
     - <div class="row">
     - <div class="col-md-8 col-12">
     - </div>
     - </div>
CEDO502: identical 6 / changed 4
CEDR201: identical 1 / changed 0
CEDR204: identical 1 / changed 0
CEDR301: identical 1 / changed 0
CEDR302: identical 1 / changed 0
  ~ CEDR501_1_0.html: -8 +0
     - <div class="row">
     - <div class="col-md-8 col-12">
     - </div>
     - </div>
     - <div class="row">
     - <div class="col-md-8 col-12">
     - </div>
     - </div>
  ~ CEDR501_2_0.html: -4 +0
     - <div class="row">
     - <div class="col-md-8 col-12">
     - </div>
     - </div>
  ~ CEDR501_3_0.html: -4 +0
     - <div class="row">
     - <div class="col-md-8 col-12">
     - </div>
     - </div>
  ~ CEDR501_2_1.html: -4 +0
     - <div class="row">
     - <div class="col-md-8 col-12">
     - </div>
     - </div>
  ~ CEDR501_4_0.html: -16 +0
     - <div class="col-md-8 col-12">
     - <div class="row">
     - </div>
     - </div>
     - <div class="row">
     - <div class="col-md-8 col-12">
     - </div>
     - </div>
     - <div class="row">
     - <div class="col-md-8 col-12">
     - </div>
     - </div>
     - <div class="row">
     - <div class="col-md-8 col-12">
     - </div>
     - </div>
  ~ CEDR501_7_0.html: -4 +0
     - <div class="row">
     - <div class="col-md-8 col-12">
     - </div>
     - </div>
  ~ CEDR501_8_0.html: -8 +0
     - <div class="row">
     - <div class="col-md-8 col-12">
     - </div>
     - </div>
     - <div class="row">
     - <div class="col-md-8 col-12">
     - </div>
     - </div>
CEDR501: identical 4 / changed 7
CEDT101: identical 1 / changed 0
CEDT104: identical 1 / changed 0
CEDT201: identical 1 / changed 0
CEDT202: identical 1 / changed 0
CEDT203: identical 1 / changed 0
CEDT204: identical 1 / changed 0
CEDT207: identical 8 / changed 0
CEDT208: identical 1 / changed 0
CEDT301: identical 7 / changed 0
CEDT404: identical 1 / changed 0
  ~ CEDT501_1_0.html: -4 +0
     - <div class="row">
     - <div class="col-md-8 col-12">
     - </div>
     - </div>
  ~ CEDT501_1_1.html: -8 +0
     - <div class="row">
     - <div class="col-md-8 col-12">
     - </div>
     - </div>
     - <div class="row">
     - <div class="col-md-8 col-12">
     - </div>
     - </div>
  ~ CEDT501_3_0.html: -4 +0
     - <div class="row">
     - <div class="col-md-8 col-12">
     - </div>
     - </div>
  ~ CEDT501_5_1.html: -4 +0
     - <div class="row">
     - <div class="col-md-8 col-12">
     - </div>
     - </div>
  ~ CEDT501_6_1.html: -8 +0
     - <div class="row">
     - <div class="col-md-8 col-12">
     - </div>
     - </div>
     - <div class="row">
     - <div class="col-md-8 col-12">
     - </div>
     - </div>
  ~ CEDT501_7_0.html: -4 +0
     - <div class="row">
     - <div class="col-md-8 col-12">
     - </div>
     - </div>
  ~ CEDT501_8_0.html: -4 +0
     - <div class="row">
     - <div class="col-md-8 col-12">
     - </div>
     - </div>
CEDT501: identical 8 / changed 7
CEDW101: identical 1 / changed 0
CEDW201: identical 1 / changed 0
  ~ CEDW501_3_0.html: -4 +0
     - <div class="row">
     - <div class="col-md-8 col-12">
     - </div>
     - </div>
  ~ CEDW501_5_0.html: -8 +0
     - <div class="row">
     - <div class="col-md-8 col-12">
     - </div>
     - </div>
     - <div class="row">
     - <div class="col-md-8 col-12">
     - </div>
     - </div>
  ~ CEDW501_6_0.html: -12 +0
     - <div class="row">
     - <div class="col-md-8 col-12">
     - </div>
     - </div>
     - <div class="row">
     - <div class="col-md-8 col-12">
     - </div>
     - </div>
     - <div class="row">
     - <div class="col-md-8 col-12">
     - </div>
     - </div>
  ~ CEDW501_7_2.html: -4 +0
     - <div class="row">
     - <div class="col-md-8 col-12">
     - </div>
     - </div>
CEDW501: identical 9 / changed 4
CHFUN01: identical 1 / changed 0
CHFUN04: identical 1 / changed 0
CHFUN05: identical 1 / changed 0
CHFUN06: identical 1 / changed 0
CHFUN07: identical 1 / changed 0
ENFUN01: identical 1 / changed 0
ENFUN02: identical 1 / changed 0
ENFUN03: identical 1 / changed 0
ENFUN04: identical 1 / changed 0
ENFUN05: identical 1 / changed 0
ENFUN07: identical 1 / changed 0
ENFUN08: identical 1 / changed 0
ENFUN09: identical 1 / changed 0
  ~ ENG1004_0_0.html: -16 +0
     - <div class="row">
     - <div class="col-md-8 col-12">
     - <div class="row">
     - <div class="col-md-8 col-12">
     - </div>
     - </div>
     - <div class="row">
     - <div class="col-md-8 col-12">
     - </div>
     - </div>
     - <div class="row">
     - <div class="col-md-8 col-12">
     - </div>
     - </div>
     - </div>
     - </div>
  ~ ENG1004_1_0.html: -12 +0
     - <div class="row">
     - <div class="col-md-8 col-12">
     - </div>
     - </div>
     - <div class="row">
     - <div class="col-md-8 col-12">
     - </div>
     - </div>
     - <div class="row">
     - <div class="col-md-8 col-12">
     - </div>
     - </div>
  ~ ENG1004_2_0.html: -12 +0
     - <div class="row">
     - <div class="col-md-8 col-12">
     - </div>
     - </div>
     - <div class="row">
     - <div class="col-md-8 col-12">
     - </div>
     - </div>
     - <div class="row">
     - <div class="col-md-8 col-12">
     - </div>
     - </div>
  ~ ENG1004_4_0.html: -4 +0
     - <div class="row">
     - <div class="col-md-8 col-12">
     - </div>
     - </div>
  ~ ENG1004_5_0.html: -4 +0
     - <div class="row">
     - <div class="col-md-8 col-12">
     - </div>
     - </div>
ENG1004: identical 3 / changed 5
  ~ ENG1005_0_0.html: -16 +0
     - <div class="row">
     - <div class="col-md-8 col-12">
     - <div class="row">
     - <div class="col-md-8 col-12">
     - </div>
     - </div>
     - <div class="row">
     - <div class="col-md-8 col-12">
     - </div>
     - </div>
     - <div class="row">
     - <div class="col-md-8 col-12">
     - </div>
     - </div>
     - </div>
     - </div>
  ~ ENG1005_1_0.html: -12 +0
     - <div class="row">
     - <div class="col-md-8 col-12">
     - </div>
     - </div>
     - <div class="row">
     - <div class="col-md-8 col-12">
     - </div>
     - </div>
     - <div class="row">
     - <div class="col-md-8 col-12">
     - </div>
     - </div>
  ~ ENG1005_2_0.html: -4 +0
     - <div class="row">
     - <div class="col-md-8 col-12">
     - </div>
     - </div>
  ~ ENG1005_5_0.html: -4 +0
     - <div class="row">
     - <div class="col-md-8 col-12">
     - </div>
     - </div>
ENG1005: identical 2 / changed 4
ENG1007: identical 1 / changed 0
  ~ ENGC101_5_0.html: -4 +0
     - <div class="row">
     - <div class="col-md-8 col-12">
     - </div>
     - </div>
ENGC101: identical 5 / changed 1
ENGC102: identical 8 / changed 0
  ~ ENGC201_1_0.html: -4 +0
     - <div class="row">
     - <div class="col-md-8 col-12">
     - </div>
     - </div>
ENGC201: identical 6 / changed 1
ENGC202: identical 9 / changed 0
ENGC301: identical 8 / changed 0
ENGC302: identical 8 / changed 0
ENGC401: identical 8 / changed 0
ENGFUN02: identical 5 / changed 0
ENGI101: identical 4 / changed 0
ENGI102: identical 7 / changed 0
  ~ ENGI103_1_0.html: -4 +0
     - <div class="row">
     - <div class="col-md-8 col-12">
     - </div>
     - </div>
  ~ ENGI103_4_0.html: -4 +0
     - <div class="row">
     - <div class="col-md-8 col-12">
     - </div>
     - </div>
ENGI103: identical 5 / changed 2
  ~ ENGI201_1_0.html: -4 +0
     - <div class="row">
     - <div class="col-md-8 col-12">
     - </div>
     - </div>
ENGI201: identical 4 / changed 1
ENGI202: identical 7 / changed 0
  ~ ENGI203_2_0.html: -4 +0
     - <div class="row">
     - <div class="col-md-8 col-12">
     - </div>
     - </div>
ENGI203: identical 10 / changed 1
ENGI301: identical 6 / changed 0
  ~ ENGI302_1_0.html: -4 +0
     - <div class="row">
     - <div class="col-md-8 col-12">
     - </div>
     - </div>
  ~ ENGI302_5_0.html: -4 +0
     - <div class="row">
     - <div class="col-md-8 col-12">
     - </div>
     - </div>
ENGI302: identical 5 / changed 2
  ~ ENGI303_4_0.html: -4 +0
     - <div class="row">
     - <div class="col-md-8 col-12">
     - </div>
     - </div>
ENGI303: identical 6 / changed 1
  ~ ENGI400_3_0.html: -4 +0
     - <div class="row">
     - <div class="col-md-8 col-12">
     - </div>
     - </div>
ENGI400: identical 3 / changed 1
  ~ ENGI401_1_0.html: -4 +0
     - <div class="row">
     - <div class="col-md-8 col-12">
     - </div>
     - </div>
  ~ ENGI401_4_0.html: -8 +0
     - <div class="row">
     - <div class="col-md-8 col-12">
     - </div>
     - </div>
     - <div class="row">
     - <div class="col-md-8 col-12">
     - </div>
     - </div>
ENGI401: identical 10 / changed 2
ENGI405: identical 8 / changed 0
ENGJ101: identical 5 / changed 0
  ~ ENGJ102_3_0.html: -4 +0
     - <div class="row">
     - <div class="col-md-8 col-12">
     - </div>
     - </div>
ENGJ102: identical 5 / changed 1
  ~ ENGJ201_3_0.html: -8 +0
     - <div class="row">
     - <div class="col-md-8 col-12">
     - </div>
     - </div>
     - <div class="row">
     - <div class="col-md-8 col-12">
     - </div>
     - </div>
ENGJ201: identical 6 / changed 1
  ~ ENGJ202_5_0.html: -4 +0
     - <div class="row">
     - <div class="col-md-8 col-12">
     - </div>
     - </div>
ENGJ202: identical 5 / changed 1
ENGJ301: identical 8 / changed 0
ENGJ302: identical 10 / changed 0
  ~ ENGJ402_5_0.html: -4 +0
     - <div class="row">
     - <div class="col-md-8 col-12">
     - </div>
     - </div>
ENGJ402: identical 8 / changed 1
  ~ ENGJ403_3_1.html: -4 +0
     - <div class="row">
     - <div class="col-md-8 col-12">
     - </div>
     - </div>
ENGJ403: identical 9 / changed 1
  ~ ENGR101_6_0.html: -4 +0
     - <div class="row">
     - <div class="col-md-8 col-12">
     - </div>
     - </div>
ENGR101: identical 7 / changed 1
  ~ ENGR102_3_0.html: -4 +0
     - <div class="row">
     - <div class="col-md-8 col-12">
     - </div>
     - </div>
ENGR102: identical 6 / changed 1
  ~ ENGR201_2_0.html: -4 +0
     - <div class="row">
     - <div class="col-md-8 col-12">
     - </div>
     - </div>
  ~ ENGR201_4_0.html: -4 +0
     - <div class="row">
     - <div class="col-md-8 col-12">
     - </div>
     - </div>
  ~ ENGR201_5_0.html: -8 +0
     - <div class="row">
     - <div class="col-md-8 col-12">
     - </div>
     - </div>
     - <div class="row">
     - <div class="col-md-8 col-12">
     - </div>
     - </div>
ENGR201: identical 4 / changed 3
  ~ ENGR202_1_0.html: -4 +0
     - <div class="row">
     - <div class="col-md-8 col-12">
     - </div>
     - </div>
ENGR202: identical 7 / changed 1
ENGR301: identical 9 / changed 0
ENGR302: identical 8 / changed 0
  ~ ENGS101_1_0.html: -8 +0
     - <div class="row">
     - <div class="col-md-8 col-12">
     - </div>
     - </div>
     - <div class="row">
     - <div class="col-md-8 col-12">
     - </div>
     - </div>
  ~ ENGS101_3_0.html: -8 +0
     - <div class="row">
     - <div class="col-md-8 col-12">
     - </div>
     - </div>
     - <div class="row">
     - <div class="col-md-8 col-12">
     - </div>
     - </div>
  ~ ENGS101_5_0.html: -4 +0
     - <div class="row">
     - <div class="col-md-8 col-12">
     - </div>
     - </div>
ENGS101: identical 3 / changed 3
  ~ ENGS102_1_0.html: -4 +0
     - <div class="row">
     - <div class="col-md-8 col-12">
     - </div>
     - </div>
  ~ ENGS102_6_0.html: -4 +0
     - <div class="row">
     - <div class="col-md-8 col-12">
     - </div>
     - </div>
ENGS102: identical 5 / changed 2
  ~ ENGS201_3_0.html: -4 +0
     - <div class="row">
     - <div class="col-md-8 col-12">
     - </div>
     - </div>
ENGS201: identical 8 / changed 1
ENGS202: identical 7 / changed 0
  ~ ENGS301_7_0.html: -4 +0
     - <div class="row">
     - <div class="col-md-8 col-12">
     - </div>
     - </div>
ENGS301: identical 7 / changed 1
  ~ ENGS302_2_0.html: -4 +0
     - <div class="row">
     - <div class="col-md-8 col-12">
     - </div>
     - </div>
  ~ ENGS302_3_0.html: -4 +0
     - <div class="row">
     - <div class="col-md-8 col-12">
     - </div>
     - </div>
  ~ ENGS302_4_0.html: -8 +0
     - <div class="row">
     - <div class="col-md-8 col-12">
     - </div>
     - </div>
     - <div class="row">
     - <div class="col-md-8 col-12">
     - </div>
     - </div>
  ~ ENGS302_5_0.html: -12 +0
     - <div class="row">
     - <div class="col-md-8 col-12">
     - </div>
     - </div>
     - <div class="row">
     - <div class="col-md-8 col-12">
     - </div>
     - </div>
     - <div class="row">
     - <div class="col-md-8 col-12">
     - </div>
     - </div>
  ~ ENGS302_6_0.html: -12 +0
     - <div class="row">
     - <div class="col-md-8 col-12">
     - </div>
     - </div>
     - <div class="row">
     - <div class="col-md-8 col-12">
     - </div>
     - </div>
     - <div class="row">
     - <div class="col-md-8 col-12">
     - </div>
     - </div>
ENGS302: identical 2 / changed 5
  ~ ENGS401_3_0.html: -4 +0
     - <div class="row">
     - <div class="col-md-8 col-12">
     - </div>
     - </div>
  ~ ENGS401_5_0.html: -4 +0
     - <div class="row">
     - <div class="col-md-8 col-12">
     - </div>
     - </div>
ENGS401: identical 5 / changed 2
ENGS405: identical 1 / changed 0
  ~ EXBP901_1_0.html: -8 +0
     - <div class="row">
     - <div class="col-md-8 col-12">
     - </div>
     - </div>
     - <div class="row">
     - <div class="col-md-8 col-12">
     - </div>
     - </div>
  ~ EXBP901_3_0.html: -16 +0
     - <div class="row">
     - <div class="col-md-8 col-12">
     - </div>
     - </div>
     - <div class="row">
     - <div class="col-md-8 col-12">
     - </div>
     - </div>
     - <div class="row">
     - <div class="col-md-8 col-12">
     - </div>
     - </div>
     - <div class="row">
     - <div class="col-md-8 col-12">
     - </div>
     - </div>
EXBP901: identical 4 / changed 2
  ~ EXIP901_2_0.html: -12 +0
     - <div class="row">
     - <div class="col-md-8 col-12">
     - </div>
     - </div>
     - <div class="row">
     - <div class="col-md-8 col-12">
     - </div>
     - </div>
     - <div class="row">
     - <div class="col-md-8 col-12">
     - </div>
     - </div>
  ~ EXIP901_4_0.html: -12 +0
     - <div class="row">
     - <div class="col-md-8 col-12">
     - </div>
     - </div>
     - <div class="row">
     - <div class="col-md-8 col-12">
     - </div>
     - </div>
     - <div class="row">
     - <div class="col-md-8 col-12">
     - </div>
     - </div>
  ~ EXIP901_5_0.html: -8 +0
     - <div class="row">
     - <div class="col-md-8 col-12">
     - </div>
     - </div>
     - <div class="row">
     - <div class="col-md-8 col-12">
     - </div>
     - </div>
EXIP901: identical 3 / changed 3
EXPFUN02: identical 1 / changed 0
EXPFUN03: identical 1 / changed 0
EXPFUN04: identical 1 / changed 0

TOTAL: identical 422 / changed 87 / missing 0 over 102 modules
CHANGED: BLL242/BLL242_1_1.html BLL244/BLL244_1_0.html BLL251/BLL251_2_0.html BLL252/BLL252_1_0.html BLL254/BLL254_1_0.html BLL254/BLL254_2_0.html BLL263/BLL263_1_0.html BLLR201/BLLR201_2_0.html BLLR201/BLLR201_3_0.html CEDO105/CEDO105_1_0.html CEDO105/CEDO105_5_0.html CEDO501/CEDO501_1_0.html CEDO501/CEDO501_2_1.html CEDO501/CEDO501_3_0.html CEDO502/CEDO502_1_1.html CEDO502/CEDO502_2_0.html CEDO502/CEDO502_3_0.html CEDO502/CEDO502_5_0.html CEDR501/CEDR501_1_0.html CEDR501/CEDR501_2_0.html CEDR501/CEDR501_3_0.html CEDR501/CEDR501_2_1.html CEDR501/CEDR501_4_0.html CEDR501/CEDR501_7_0.html CEDR501/CEDR501_8_0.html CEDT501/CEDT501_1_0.html CEDT501/CEDT501_1_1.html CEDT501/CEDT501_3_0.html CEDT501/CEDT501_5_1.html CEDT501/CEDT501_6_1.html CEDT501/CEDT501_7_0.html CEDT501/CEDT501_8_0.html CEDW501/CEDW501_3_0.html CEDW501/CEDW501_5_0.html CEDW501/CEDW501_6_0.html CEDW501/CEDW501_7_2.html ENG1004/ENG1004_0_0.html ENG1004/ENG1004_1_0.html ENG1004/ENG1004_2_0.html ENG1004/ENG1004_4_0.html ENG1004/ENG1004_5_0.html ENG1005/ENG1005_0_0.html ENG1005/ENG1005_1_0.html ENG1005/ENG1005_2_0.html ENG1005/ENG1005_5_0.html ENGC101/ENGC101_5_0.html ENGC201/ENGC201_1_0.html ENGI103/ENGI103_1_0.html ENGI103/ENGI103_4_0.html ENGI201/ENGI201_1_0.html ENGI203/ENGI203_2_0.html ENGI302/ENGI302_1_0.html ENGI302/ENGI302_5_0.html ENGI303/ENGI303_4_0.html ENGI400/ENGI400_3_0.html ENGI401/ENGI401_1_0.html ENGI401/ENGI401_4_0.html ENGJ102/ENGJ102_3_0.html ENGJ201/ENGJ201_3_0.html ENGJ202/ENGJ202_5_0.html ENGJ402/ENGJ402_5_0.html ENGJ403/ENGJ403_3_1.html ENGR101/ENGR101_6_0.html ENGR102/ENGR102_3_0.html ENGR201/ENGR201_2_0.html ENGR201/ENGR201_4_0.html ENGR201/ENGR201_5_0.html ENGR202/ENGR202_1_0.html ENGS101/ENGS101_1_0.html ENGS101/ENGS101_3_0.html ENGS101/ENGS101_5_0.html ENGS102/ENGS102_1_0.html ENGS102/ENGS102_6_0.html ENGS201/ENGS201_3_0.html ENGS301/ENGS301_7_0.html ENGS302/ENGS302_2_0.html ENGS302/ENGS302_3_0.html ENGS302/ENGS302_4_0.html ENGS302/ENGS302_5_0.html ENGS302/ENGS302_6_0.html ENGS401/ENGS401_3_0.html ENGS401/ENGS401_5_0.html EXBP901/EXBP901_1_0.html EXBP901/EXBP901_3_0.html EXIP901/EXIP901_2_0.html EXIP901/EXIP901_4_0.html EXIP901/EXIP901_5_0.html
