OSSC401: identical 5 / changed 0
OSSC501: identical 6 / changed 0
OSSM301: identical 5 / changed 0
OSSM401: identical 5 / changed 0
  ~ PES1001_10_0.html: -18 +0
     - <ul>
     - </ul>
     - <ul>
     - </ul>
     - <ul>
     - </ul>
     - <ul>
     - </ul>
     - <ul>
     - </ul>
     - <ul>
     - </ul>
     - <ul>
     - </ul>
     - <ul>
     - </ul>
     - <ul>
     - </ul>
PES1001: identical 9 / changed 1
PES1002: identical 11 / changed 0
PES1003: identical 11 / changed 0
  ~ PES1004_0_0.html: -2 +0
     - <ul>
     - </ul>
PES1004: identical 10 / changed 1
PES1005: identical 12 / changed 0
PES1007: identical 12 / changed 0
PES1008: identical 19 / changed 0
PHE1001: identical 5 / changed 0
PHE1002: identical 4 / changed 0
PHE1003: identical 11 / changed 0
PHE1004: identical 4 / changed 0
PHE1005: identical 6 / changed 0
PHE1006: identical 6 / changed 0
PHE1007: identical 10 / changed 0
PHE1008: identical 6 / changed 0
PNR101: identical 2 / changed 0
PNR102: identical 3 / changed 0
PNR104: identical 3 / changed 0
SCCH301: identical 9 / changed 0
SCFUN01: identical 1 / changed 0
SCPH301: identical 9 / changed 0
SSCI205: identical 10 / changed 0
SSFUN01: identical 1 / changed 0
SSFUN02: identical 1 / changed 0
SSFUN03: identical 1 / changed 0
SSFUN05: identical 1 / changed 0
SSFUN06: identical 1 / changed 0
SSFUN07: identical 5 / changed 0
SSFUN08: identical 1 / changed 0
SSOG101: identical 8 / changed 0
  ~ SSOG103_0_0.html: -2 +0
     - <ul>
     - </ul>
SSOG103: identical 6 / changed 1
  ~ SSOG301_6_0.html: -2 +0
     - <ul>
     - </ul>
SSOG301: identical 7 / changed 1
  ~ TEDC401_3_0.html: -14 +0
     - <ul>
     - </ul>
     - <ul>
     - </ul>
     - <ul>
     - </ul>
     - <ul>
     - </ul>
     - <ul>
     - </ul>
     - <ul>
     - </ul>
     - <ul>
     - </ul>
TEDC401: identical 7 / changed 1
TEDC402: identical 11 / changed 0
TEFUN01: identical 1 / changed 0
TEFUN02: identical 1 / changed 0
TEFUN03: identical 1 / changed 0
TEFUN04: identical 1 / changed 0
TEFUN05: identical 1 / changed 0
TEFUN06: identical 1 / changed 0
TEFUN07: identical 1 / changed 0
TEFUN08: identical 1 / changed 0
TRR102: identical 6 / changed 0
TRR103: identical 4 / changed 0
TRR104: prep refused (no-wt)
TRR105: prep refused (no-wt)
TRR106: identical 2 / changed 0
TRR107: identical 3 / changed 0
TRR108: identical 3 / changed 0
TRR109: identical 6 / changed 0
TRR111: identical 6 / changed 0
TRR112: identical 5 / changed 0
TRR113: identical 5 / changed 0
TRR114: identical 4 / changed 0
TRR115: prep refused (no-wt)
TRR203: identical 4 / changed 0
TRR301: identical 4 / changed 0
TRR304: identical 3 / changed 0
TWHA901: identical 1 / changed 0
TWHA902: identical 1 / changed 0
TWHA903: identical 1 / changed 0
TWHA904: identical 1 / changed 0
TWHA905: identical 1 / changed 0
TWHA906: identical 1 / changed 0
TWHK901: identical 1 / changed 0
TWHK903: identical 1 / changed 0
XDLS501: identical 8 / changed 0
XDLS502: identical 5 / changed 0
XDLS901: identical 5 / changed 0
XDLS902: identical 8 / changed 0
XDLS903: identical 8 / changed 0
  ~ XDLS904_1_0.html: -2 +0
     - <ul>
     - </ul>
  ~ XDLS904_2_0.html: -2 +0
     - <ul>
     - </ul>
  ~ XDLS904_3_0.html: -2 +0
     - <ul>
     - </ul>
  ~ XDLS904_4_0.html: -2 +0
     - <ul>
     - </ul>
  ~ XDLS904_5_0.html: -2 +0
     - <ul>
     - </ul>
  ~ XDLS904_6_0.html: -2 +0
     - <ul>
     - </ul>
  ~ XDLS904_7_0.html: -2 +0
     - <ul>
     - </ul>
XDLS904: identical 1 / changed 7
  ~ XDLS905_1_0.html: -2 +0
     - <ul>
     - </ul>
  ~ XDLS905_2_0.html: -2 +0
     - <ul>
     - </ul>
  ~ XDLS905_3_0.html: -2 +0
     - <ul>
     - </ul>
  ~ XDLS905_4_0.html: -2 +0
     - <ul>
     - </ul>
  ~ XDLS905_5_0.html: -2 +0
     - <ul>
     - </ul>
  ~ XDLS905_6_0.html: -2 +0
     - <ul>
     - </ul>
  ~ XDLS905_7_0.html: -2 +0
     - <ul>
     - </ul>
XDLS905: identical 1 / changed 7
  ~ XDLS906_1_0.html: -2 +0
     - <ul>
     - </ul>
  ~ XDLS906_2_0.html: -2 +0
     - <ul>
     - </ul>
  ~ XDLS906_3_0.html: -2 +0
     - <ul>
     - </ul>
  ~ XDLS906_4_0.html: -2 +0
     - <ul>
     - </ul>
  ~ XDLS906_5_0.html: -2 +0
     - <ul>
     - </ul>
  ~ XDLS906_6_0.html: -2 +0
     - <ul>
     - </ul>
  ~ XDLS906_7_0.html: -2 +0
     - <ul>
     - </ul>
XDLS906: identical 1 / changed 7
XDLS908: identical 9 / changed 0
XDLS909: identical 5 / changed 0
XDLS911: identical 2 / changed 0
XDLS912: identical 6 / changed 0
  ~ XFUN01_0_0.html: -4 +0
     - <ul>
     - </ul>
     - <ul>
     - </ul>
XFUN01: identical 0 / changed 1
  ~ XFUN02_2_0.html: -4 +0
     - <ul>
     - </ul>
     - <ul>
     - </ul>
  ~ XFUN02_6_0.html: -6 +0
     - <ul>
     - </ul>
     - <ul>
     - </ul>
     - <ul>
     - </ul>
XFUN02: identical 5 / changed 2
XGF9001: identical 7 / changed 0
XGF9002: identical 10 / changed 0
XGF9003: identical 6 / changed 0
XGF9004: identical 18 / changed 0
XGF9006: identical 8 / changed 0
XLP01: identical 5 / changed 0
XLP02: identical 7 / changed 0
XLP03: identical 6 / changed 0
XLP04: identical 5 / changed 0
XLP05: identical 6 / changed 0
XLP06: identical 3 / changed 0
XMES101: identical 9 / changed 0
XMES102: identical 6 / changed 0
XMES103: identical 6 / changed 0
XMES201: identical 6 / changed 0
  ~ XMES203_3_0.html: -2 +0
     - <ul>
     - </ul>
XMES203: identical 5 / changed 1
XTAS101: identical 5 / changed 0
XTAS102: identical 6 / changed 0
XTAS103: identical 7 / changed 0
XWHA01: identical 2 / changed 0
XWHA02: identical 6 / changed 0

TOTAL: identical 518 / changed 30 / missing 0 over 105 modules
CHANGED: PES1001/PES1001_10_0.html PES1004/PES1004_0_0.html SSOG103/SSOG103_0_0.html SSOG301/SSOG301_6_0.html TEDC401/TEDC401_3_0.html XDLS904/XDLS904_1_0.html XDLS904/XDLS904_2_0.html XDLS904/XDLS904_3_0.html XDLS904/XDLS904_4_0.html XDLS904/XDLS904_5_0.html XDLS904/XDLS904_6_0.html XDLS904/XDLS904_7_0.html XDLS905/XDLS905_1_0.html XDLS905/XDLS905_2_0.html XDLS905/XDLS905_3_0.html XDLS905/XDLS905_4_0.html XDLS905/XDLS905_5_0.html XDLS905/XDLS905_6_0.html XDLS905/XDLS905_7_0.html XDLS906/XDLS906_1_0.html XDLS906/XDLS906_2_0.html XDLS906/XDLS906_3_0.html XDLS906/XDLS906_4_0.html XDLS906/XDLS906_5_0.html XDLS906/XDLS906_6_0.html XDLS906/XDLS906_7_0.html XFUN01/XFUN01_0_0.html XFUN02/XFUN02_2_0.html XFUN02/XFUN02_6_0.html XMES203/XMES203_3_0.html
