  ~ BLL242_1_1.html: -3 +1
     - <div class="ratio ratio-16x9">
     - <iframe src="https://newzealandcurriculum.tahurangi.education.govt.nz/tin-visits---m-huri/5637164230.p" loadin
     - </div>
     + <a href="https://newzealandcurriculum.tahurangi.education.govt.nz/tin-visits---m-huri/5637164230.p" target="_b
BLL242: identical 2 / changed 1
  ~ BLL244_2_0.html: -3 +1
     - <div class="ratio ratio-16x9">
     - <iframe src="https://speldsa.org.au/pages/speld-sa-phonic-books" loading="lazy" frameborder="0" allowfullscree
     - </div>
     + <a href="https://speldsa.org.au/pages/speld-sa-phonic-books" target="_blank"><div class="externalButton">Go to
BLL244: identical 2 / changed 1
  ~ BLL245_1_0.html: -3 +1
     - <div class="ratio ratio-16x9">
     - <iframe src="https://newzealandcurriculum.tahurangi.education.govt.nz/whitebait-season-purple/5637185089.p" lo
     - </div>
     + <a href="https://newzealandcurriculum.tahurangi.education.govt.nz/whitebait-season-purple/5637185089.p" target
  ~ BLL245_2_0.html: -3 +1
     - <div class="ratio ratio-16x9">
     - <iframe src="https://speldsa.org.au/pages/speld-sa-phonic-books" loading="lazy" frameborder="0" allowfullscree
     - </div>
     + <a href="https://speldsa.org.au/pages/speld-sa-phonic-books" target="_blank"><div class="externalButton">Go to
BLL245: identical 1 / changed 2
BLL246: identical 3 / changed 0
  ~ BLL251_2_0.html: -3 +1
     - <div class="ratio ratio-16x9">
     - <iframe src="https://newzealandcurriculum.tahurangi.education.govt.nz/a-party-for-eight-r-kau/5637290082.p" lo
     - </div>
     + <a href="https://newzealandcurriculum.tahurangi.education.govt.nz/a-party-for-eight-r-kau/5637290082.p" target
BLL251: identical 2 / changed 1
  ~ BLL252_2_0.html: -6 +2
     - <div class="ratio ratio-16x9">
     - <iframe src="https://newzealandcurriculum.tahurangi.education.govt.nz/junior-journal-49-level-2-2014/563716340
     - <div class="ratio ratio-16x9">
     - <iframe src="https://newzealandcurriculum.tahurangi.education.govt.nz/junior-journal-49-level-2-2014/563716340
     - </div>
     - </div>
     + <a href="https://newzealandcurriculum.tahurangi.education.govt.nz/junior-journal-49-level-2-2014/5637163404.p"
     + <a href="https://newzealandcurriculum.tahurangi.education.govt.nz/junior-journal-49-level-2-2014/5637163404.p"
BLL252: identical 2 / changed 1
  ~ BLL253_2_0.html: -3 +1
     - <div class="ratio ratio-16x9">
     - <iframe src="https://newzealandcurriculum.tahurangi.education.govt.nz/big-bites/5637194104.p" loading="lazy" f
     - </div>
     + <a href="https://newzealandcurriculum.tahurangi.education.govt.nz/big-bites/5637194104.p" target="_blank"><div
BLL253: identical 2 / changed 1
  ~ BLL254_2_0.html: -3 +1
     - <div class="ratio ratio-16x9">
     - <iframe src="https://newzealandcurriculum.tahurangi.education.govt.nz/zapped-chapter-1-the-project/5637162694.
     - </div>
     + <a href="https://newzealandcurriculum.tahurangi.education.govt.nz/zapped-chapter-1-the-project/5637162694.p" t
BLL254: identical 2 / changed 1
BLL262: identical 3 / changed 0
BLL263: identical 3 / changed 0
  ~ BLLR201_6_0.html: -3 +1
     - <div class="ratio ratio-16x9">
     - <iframe src="https://newzealandcurriculum.tahurangi.education.govt.nz/after-the-storm/5637310330.p" loading="l
     - </div>
     + <a href="https://newzealandcurriculum.tahurangi.education.govt.nz/after-the-storm/5637310330.p" target="_blank
BLLR201: identical 7 / changed 1
CEDK101: identical 1 / changed 0
CEDK102: identical 1 / changed 0
CEDK501: identical 14 / changed 0
CEDO102: identical 1 / changed 0
CEDO105: identical 6 / changed 0
CEDO202: identical 1 / changed 0
CEDO301: identical 6 / changed 0
CEDO501: identical 16 / changed 0
CEDO502: identical 10 / changed 0
CEDR201: identical 1 / changed 0
  ~ CEDR204_0_0.html: -3 +1
     - <div class="ratio ratio-16x9">
     - <iframe src="https://www.twinkl.co.nz/resource/blank-mind-maps-au-t-l-1984" loading="lazy" frameborder="0" all
     - </div>
     + <a href="https://www.twinkl.co.nz/resource/blank-mind-maps-au-t-l-1984" target="_blank"><div class="externalBu
CEDR204: identical 0 / changed 1
CEDR301: identical 1 / changed 0
CEDR302: identical 1 / changed 0
CEDR501: identical 11 / changed 0
CEDT101: identical 1 / changed 0
CEDT104: identical 1 / changed 0
CEDT201: identical 1 / changed 0
CEDT202: identical 1 / changed 0
CEDT203: identical 1 / changed 0
CEDT204: identical 1 / changed 0
  ~ CEDT207_5_0.html: -3 +1
     - <div class="ratio ratio-16x9">
     - <iframe src="https://www.highlightskids.com/jokes/quiz/results/which-color-matches-your-personality/2**" loadi
     - </div>
     + <a href="https://www.highlightskids.com/jokes/quiz/results/which-color-matches-your-personality/2**" target="_
CEDT207: identical 7 / changed 1
  ~ CEDT208_0_0.html: -3 +1
     - <div class="ratio ratio-16x9">
     - <iframe src="https://instructionalseries.tki.org.nz/Instructional-Series/School-Journal/School-Journal-Level-2
     - </div>
     + <a href="https://instructionalseries.tki.org.nz/Instructional-Series/School-Journal/School-Journal-Level-2-Jun
CEDT208: identical 0 / changed 1
  ~ CEDT301_6_0.html: -3 +1
     - <div class="ratio ratio-16x9">
     - <iframe src="https://photos.google.com/share/AF1QipPXoe7HBo2QfvJBG58ym5JUVv9NXZC7uabx5Af842rHzB5sewlfIIPUtehg_
     - </div>
     + <a href="https://photos.google.com/share/AF1QipPXoe7HBo2QfvJBG58ym5JUVv9NXZC7uabx5Af842rHzB5sewlfIIPUtehg_2Qni
CEDT301: identical 6 / changed 1
CEDT404: identical 1 / changed 0
CEDT501: identical 15 / changed 0
CEDW101: identical 1 / changed 0
CEDW201: identical 1 / changed 0
CEDW501: identical 13 / changed 0
CHFUN01: identical 1 / changed 0
CHFUN04: identical 1 / changed 0
CHFUN05: identical 1 / changed 0
CHFUN06: identical 1 / changed 0
CHFUN07: identical 1 / changed 0
ENFUN01: identical 1 / changed 0
ENFUN02: identical 1 / changed 0
ENFUN03: identical 1 / changed 0
ENFUN04: identical 1 / changed 0
ENFUN05: identical 1 / changed 0
ENFUN07: identical 1 / changed 0
ENFUN08: identical 1 / changed 0
ENFUN09: identical 1 / changed 0
ENG1004: identical 8 / changed 0
ENG1005: identical 6 / changed 0
ENG1007: identical 1 / changed 0
ENGC101: identical 6 / changed 0
  ~ ENGC102_2_0.html: -3 +1
     - <div class="ratio ratio-16x9">
     - <iframe src="https://instructionalseries.tki.org.nz/content/search/(offset)/20?SearchText=&amp;SubTreeArray%5B
     - </div>
     + <a href="https://instructionalseries.tki.org.nz/content/search/(offset)/20?SearchText=&amp;SubTreeArray%5B%5D=
  ~ ENGC102_3_0.html: -3 +1
     - <div class="ratio ratio-16x9">
     - <iframe src="https://instructionalseries.tki.org.nz/content/search/(offset)/10?SearchText=&amp;SubTreeArray%5B
     - </div>
     + <a href="https://instructionalseries.tki.org.nz/content/search/(offset)/10?SearchText=&amp;SubTreeArray%5B%5D=
  ~ ENGC102_4_0.html: -3 +1
     - <div class="ratio ratio-16x9">
     - <iframe src="https://instructionalseries.tki.org.nz/content/search/(offset)/10?SearchText=&amp;SubTreeArray%5B
     - </div>
     + <a href="https://instructionalseries.tki.org.nz/content/search/(offset)/10?SearchText=&amp;SubTreeArray%5B%5D=
  ~ ENGC102_5_0.html: -3 +1
     - <div class="ratio ratio-16x9">
     - <iframe src="https://instructionalseries.tki.org.nz/content/search?SearchText=&amp;SubTreeArray%5B%5D=22576&am
     - </div>
     + <a href="https://instructionalseries.tki.org.nz/content/search?SearchText=&amp;SubTreeArray%5B%5D=22576&amp;Co
ENGC102: identical 4 / changed 4
ENGC201: identical 7 / changed 0
ENGC202: identical 9 / changed 0
ENGC301: identical 8 / changed 0
ENGC302: identical 8 / changed 0
ENGC401: identical 8 / changed 0
ENGFUN02: identical 5 / changed 0
ENGI101: identical 4 / changed 0
  ~ ENGI102_6_0.html: -3 +1
     - <div class="ratio ratio-16x9">
     - <iframe src="https://instructionalseries.tki.org.nz/Instructional-Series/Ready-to-Read-Colour-Wheel/Maui-and-t
     - </div>
     + <a href="https://instructionalseries.tki.org.nz/Instructional-Series/Ready-to-Read-Colour-Wheel/Maui-and-the-S
  ~ ENGI102_8_0.html: -6 +2
     - <div class="ratio ratio-16x9">
     - <iframe src="https://instructionalseries.tki.org.nz/Instructional-Series/Junior-Journal-CHAPTERS/Junior-Journa
     - <div class="ratio ratio-16x9">
     - <iframe src="https://instructionalseries.tki.org.nz/Instructional-Series/Ready-to-Read-Colour-Wheel/Rat-and-Oc
     - </div>
     - </div>
     + <a href="https://instructionalseries.tki.org.nz/Instructional-Series/Junior-Journal-CHAPTERS/Junior-Journal-60
     + <a href="https://instructionalseries.tki.org.nz/Instructional-Series/Ready-to-Read-Colour-Wheel/Rat-and-Octopu
  ~ ENGI102_10_0.html: -9 +3
     - <div class="ratio ratio-16x9">
     - <iframe src="https://instructionalseries.tki.org.nz/Instructional-Series/Ready-to-Read-Colour-Wheel/The-Lion-a
     - <div class="ratio ratio-16x9">
     - <iframe src="https://instructionalseries.tki.org.nz/Instructional-Series/Ready-to-Read-Colour-Wheel/Monkey-and
     - <div class="ratio ratio-16x9">
     - <iframe src="https://instructionalseries.tki.org.nz/Instructional-Series/Ready-to-Read-Colour-Wheel/Two-Tiger-
     - </div>
     - </div>
     - </div>
     + <a href="https://instructionalseries.tki.org.nz/Instructional-Series/Ready-to-Read-Colour-Wheel/The-Lion-and-t
     + <a href="https://instructionalseries.tki.org.nz/Instructional-Series/Ready-to-Read-Colour-Wheel/Monkey-and-Cro
     + <a href="https://instructionalseries.tki.org.nz/Instructional-Series/Ready-to-Read-Colour-Wheel/Two-Tiger-Tale
ENGI102: identical 4 / changed 3
ENGI103: identical 7 / changed 0
ENGI201: identical 5 / changed 0
  ~ ENGI202_4_0.html: -6 +2
     - <div class="ratio ratio-16x9">
     - <iframe src="https://instructionalseries.tki.org.nz/Instructional-Series/Ready-to-Read-Colour-Wheel/The-Lion-a
     - <div class="ratio ratio-16x9">
     - <iframe src="https://instructionalseries.tki.org.nz/Instructional-Series/Ready-to-Read-Colour-Wheel/Crow-Tales
     - </div>
     - </div>
     + <a href="https://instructionalseries.tki.org.nz/Instructional-Series/Ready-to-Read-Colour-Wheel/The-Lion-and-t
     + <a href="https://instructionalseries.tki.org.nz/Instructional-Series/Ready-to-Read-Colour-Wheel/Crow-Tales" ta
ENGI202: identical 6 / changed 1
ENGI203: identical 11 / changed 0
ENGI301: identical 6 / changed 0
ENGI302: identical 7 / changed 0
ENGI303: identical 7 / changed 0
ENGI400: identical 4 / changed 0
ENGI401: identical 12 / changed 0
ENGI405: identical 8 / changed 0
ENGJ101: identical 5 / changed 0
ENGJ102: identical 6 / changed 0
ENGJ201: identical 7 / changed 0
ENGJ202: identical 6 / changed 0
ENGJ301: identical 8 / changed 0
ENGJ302: identical 10 / changed 0
ENGJ402: identical 9 / changed 0
ENGJ403: identical 10 / changed 0
ENGR101: identical 8 / changed 0
ENGR102: identical 7 / changed 0
ENGR201: identical 7 / changed 0
  ~ ENGR202_4_0.html: -9 +3
     - <div class="ratio ratio-16x9">
     - <iframe src="https://instructionalseries.tki.org.nz/content/download/40957/456664/file/7-RTR%20poem%20cards%20
     - <div class="ratio ratio-16x9">
     - <iframe src="https://esolonline.tki.org.nz/content/download/41056/457565/file/Sleep+poem+card.pdf" loading="la
     - </div>
     - <div class="ratio ratio-16x9">
     - <iframe src="https://instructionalseries.tki.org.nz/content/download/40954/456655/file/4-RTR%20poem%20cards%20
     - </div>
     - </div>
     + <a href="https://instructionalseries.tki.org.nz/content/download/40957/456664/file/7-RTR%20poem%20cards%20set%
     + <a href="https://esolonline.tki.org.nz/content/download/41056/457565/file/Sleep+poem+card.pdf" target="_blank"
     + <a href="https://instructionalseries.tki.org.nz/content/download/40954/456655/file/4-RTR%20poem%20cards%20set%
ENGR202: identical 7 / changed 1
ENGR301: identical 9 / changed 0
ENGR302: identical 8 / changed 0
ENGS101: identical 6 / changed 0
  ~ ENGS102_4_0.html: -3 +1
     - <div class="ratio ratio-16x9">
     - <iframe src="https://www.twinkl.co.nz/resource/t-n-7132-telling-the-time-powerpoint" loading="lazy" frameborde
     - </div>
     + <a href="https://www.twinkl.co.nz/resource/t-n-7132-telling-the-time-powerpoint" target="_blank"><div class="e
ENGS102: identical 6 / changed 1
ENGS201: identical 9 / changed 0
ENGS202: identical 7 / changed 0
ENGS301: identical 8 / changed 0
ENGS302: identical 7 / changed 0
ENGS401: identical 7 / changed 0
ENGS405: identical 1 / changed 0
EXBP901: identical 6 / changed 0
EXIP901: identical 6 / changed 0
EXPFUN02: identical 1 / changed 0
EXPFUN03: identical 1 / changed 0
EXPFUN04: identical 1 / changed 0

TOTAL: identical 486 / changed 23 / missing 0 over 102 modules
CHANGED: BLL242/BLL242_1_1.html BLL244/BLL244_2_0.html BLL245/BLL245_1_0.html BLL245/BLL245_2_0.html BLL251/BLL251_2_0.html BLL252/BLL252_2_0.html BLL253/BLL253_2_0.html BLL254/BLL254_2_0.html BLLR201/BLLR201_6_0.html CEDR204/CEDR204_0_0.html CEDT207/CEDT207_5_0.html CEDT208/CEDT208_0_0.html CEDT301/CEDT301_6_0.html ENGC102/ENGC102_2_0.html ENGC102/ENGC102_3_0.html ENGC102/ENGC102_4_0.html ENGC102/ENGC102_5_0.html ENGI102/ENGI102_6_0.html ENGI102/ENGI102_8_0.html ENGI102/ENGI102_10_0.html ENGI202/ENGI202_4_0.html ENGR202/ENGR202_4_0.html ENGS102/ENGS102_4_0.html
