AGH1001: identical 6 / changed 0
  ~ AGH1002_3_0.html: -11 +1
     - <div class="activity interactive" number="3B">
     - <div class="row">
     - <div class="col-12">
     - <p class="cv2-note" style="color: red; font-weight: bold;">Red Flag: Un-built [multiChoiceQuiz] marker — no co
     - </div>
     - </div>
     - </div>
     - <div class="col-md-8 col-12">
     - <div class="row">
     - </div>
     - </div>
     + <p class="cv2-note" style="color: red; font-weight: bold;">Red Flag: Un-built [multiChoiceQuiz] marker — no co
AGH1002: identical 6 / changed 1
AGH1003: identical 9 / changed 0
  ~ AGH1004_6_0.html: -11 +1
     - <div class="activity interactive" number="6B">
     - <p class="cv2-note" style="color: red; font-weight: bold;">Red Flag: Un-built [dragAndDrop] marker — no conten
     - <div class="row">
     - <div class="col-md-8 col-12">
     - <div class="row">
     - <div class="col-12">
     - </div>
     - </div>
     - </div>
     - </div>
     - </div>
     + <p class="cv2-note" style="color: red; font-weight: bold;">Red Flag: Un-built [dragAndDrop] marker — no conten
AGH1004: identical 6 / changed 1
AGH1005: identical 9 / changed 0
  ~ AGH1006_2_0.html: -11 +1
     - <div class="activity interactive" number="2B">
     - <p class="cv2-note" style="color: red; font-weight: bold;">Red Flag: Un-built [dragAndDrop] marker — no conten
     - <div class="row">
     - <div class="col-md-8 col-12">
     - <div class="row">
     - <div class="col-12">
     - </div>
     - </div>
     - </div>
     - </div>
     - </div>
     + <p class="cv2-note" style="color: red; font-weight: bold;">Red Flag: Un-built [dragAndDrop] marker — no conten
  ~ AGH1006_4_0.html: -12 +2
     - <div class="activity interactive" number="4C">
     - <p class="cv2-note" style="color: red; font-weight: bold;">Red Flag: Un-built [dragAndDrop] marker — no conten
     - <div class="activity" number="4D">
     - <div class="row">
     - <div class="col-md-8 col-12">
     - <div class="row">
     - <div class="col-12">
     - </div>
     - </div>
     - </div>
     - </div>
     - </div>
     + <p class="cv2-note" style="color: red; font-weight: bold;">Red Flag: Un-built [dragAndDrop] marker — no conten
     + <div class="activity" number="4C">
  ~ AGH1006_5_0.html: -11 +1
     - <p class="cv2-note" style="color: red; font-weight: bold;">Red Flag: Un-built [dragAndDrop] marker — no conten
     - <div class="activity interactive" number="5B">
     - <div class="row">
     - <div class="col-md-8 col-12">
     - <div class="row">
     - <div class="col-12">
     - </div>
     - </div>
     - </div>
     - </div>
     - </div>
     + <p class="cv2-note" style="color: red; font-weight: bold;">Red Flag: Un-built [dragAndDrop] marker — no conten
  ~ AGH1006_8_0.html: -11 +1
     - <div class="activity interactive" number="8C">
     - <p class="cv2-note" style="color: red; font-weight: bold;">Red Flag: Un-built [dragAndDrop] marker — no conten
     - <div class="row">
     - <div class="col-md-8 col-12">
     - <div class="row">
     - <div class="col-12">
     - </div>
     - </div>
     - </div>
     - </div>
     - </div>
     + <p class="cv2-note" style="color: red; font-weight: bold;">Red Flag: Un-built [dragAndDrop] marker — no conten
AGH1006: identical 6 / changed 4
AGH1007: identical 10 / changed 0
AGH1008: identical 10 / changed 0
  ~ AGH1009_4_0.html: -11 +1
     - <div class="activity interactive" number="4A">
     - <p class="cv2-note" style="color: red; font-weight: bold;">Red Flag: Un-built [unclassified] marker — no conte
     - <div class="row">
     - <div class="col-md-8 col-12">
     - <div class="row">
     - <div class="col-12">
     - </div>
     - </div>
     - </div>
     - </div>
     - </div>
     + <p class="cv2-note" style="color: red; font-weight: bold;">Red Flag: Un-built [unclassified] marker — no conte
AGH1009: identical 9 / changed 1
ANZH101: identical 4 / changed 0
  ~ ANZH104_6_0.html: -11 +1
     - <p class="cv2-note" style="color: red; font-weight: bold;">Red Flag: Un-built [dragAndDrop] marker — no conten
     - <div class="row">
     - <div class="activity interactive" number="6A">
     - <div class="col-md-8 col-12">
     - <div class="row">
     - <div class="col-12">
     - </div>
     - </div>
     - </div>
     - </div>
     - </div>
     + <p class="cv2-note" style="color: red; font-weight: bold;">Red Flag: Un-built [dragAndDrop] marker — no conten
ANZH104: identical 7 / changed 1
ANZH105: identical 8 / changed 0
ANZH203: identical 7 / changed 0
  ~ ANZH205_1_0.html: -7 +1
     - <p class="cv2-note" style="color: red; font-weight: bold;">Red Flag: Un-built [dragAndDrop] marker — no conten
     - <div class="activity interactive" number="1A">
     - <div class="row">
     - <div class="col-12">
     - </div>
     - </div>
     - </div>
     + <p class="cv2-note" style="color: red; font-weight: bold;">Red Flag: Un-built [dragAndDrop] marker — no conten
ANZH205: identical 6 / changed 1
ANZH301: identical 11 / changed 0
  ~ ANZH303_1_0.html: -11 +1
     - <div class="activity interactive" number="1A">
     - <p class="cv2-note" style="color: red; font-weight: bold;">Red Flag: Un-built [multiChoiceQuiz] marker — no co
     - <div class="row">
     - <div class="col-md-8 col-12">
     - <div class="row">
     - <div class="col-12">
     - </div>
     - </div>
     - </div>
     - </div>
     - </div>
     + <p class="cv2-note" style="color: red; font-weight: bold;">Red Flag: Un-built [multiChoiceQuiz] marker — no co
ANZH303: identical 6 / changed 1
ANZH304: identical 7 / changed 0
  ~ ANZH401_1_0.html: -11 +1
     - <div class="activity interactive" number="1D">
     - <p class="cv2-note" style="color: red; font-weight: bold;">Red Flag: Un-built [dragAndDrop] marker — no conten
     - <div class="row">
     - <div class="col-md-8 col-12">
     - <div class="row">
     - <div class="col-12">
     - </div>
     - </div>
     - </div>
     - </div>
     - </div>
     + <p class="cv2-note" style="color: red; font-weight: bold;">Red Flag: Un-built [dragAndDrop] marker — no conten
ANZH401: identical 13 / changed 1
ANZH404: identical 7 / changed 0
ARFUN01: identical 1 / changed 0
ARFUN02: identical 1 / changed 0
ARFUN03: identical 1 / changed 0
ARFUN04: identical 1 / changed 0
ARFUN05: identical 1 / changed 0
ART1002: identical 8 / changed 0
ART1003: identical 1 / changed 0
ART1004: identical 1 / changed 0
ART1005: identical 1 / changed 0
ART1006: identical 6 / changed 0
BLL110: identical 1 / changed 0
BLL111: identical 3 / changed 0
BLL112: identical 3 / changed 0
  ~ BLL113_1_0.html: -14 +1
     - <ul>
     - <li></li>
     - </ul>
     - <div class="activity interactive" number="1G">
     - <div class="row">
     - <div class="col-12">
     - <p class="cv2-note" style="color: red; font-weight: bold;">Red Flag: Un-built [dragAndDrop] marker — no conten
     - <div class="col-md-8 col-12">
     - <div class="row">
     - </div>
     - </div>
     - </div>
     - </div>
     - </div>
     + <p class="cv2-note" style="color: red; font-weight: bold;">Red Flag: Un-built [dragAndDrop] marker — no conten
BLL113: identical 2 / changed 1
  ~ BLL114_1_0.html: -11 +1
     - <div class="activity interactive" number="1E">
     - <div class="row">
     - <div class="col-12">
     - <p class="cv2-note" style="color: red; font-weight: bold;">Red Flag: Un-built [dragAndDrop] marker — no conten
     - <div class="col-md-8 col-12">
     - <div class="row">
     - </div>
     - </div>
     - </div>
     - </div>
     - </div>
     + <p class="cv2-note" style="color: red; font-weight: bold;">Red Flag: Un-built [dragAndDrop] marker — no conten
BLL114: identical 2 / changed 1
  ~ BLL115_1_0.html: -15 +2
     - <ul>
     - <li></li>
     - </ul>
     - <div class="activity interactive" number="1C">
     - <div class="row">
     - <div class="col-12">
     - <p class="cv2-note" style="color: red; font-weight: bold;">Red Flag: Un-built [dragAndDrop] marker — no conten
     - <div class="col-md-8 col-12">
     - <div class="activity" number="1G">
     - <div class="row">
     - </div>
     - </div>
     - </div>
     - </div>
     - </div>
     + <p class="cv2-note" style="color: red; font-weight: bold;">Red Flag: Un-built [dragAndDrop] marker — no conten
     + <div class="activity" number="1F">
BLL115: identical 2 / changed 1
BLL116: identical 3 / changed 0
BLL117: identical 3 / changed 0
BLL120: identical 1 / changed 0
BLL121: identical 3 / changed 0
BLL122: identical 3 / changed 0
BLL123: identical 3 / changed 0
BLL124: identical 3 / changed 0
BLL125: identical 3 / changed 0
BLL126: identical 3 / changed 0
BLL127: identical 3 / changed 0
BLL130: identical 1 / changed 0
  ~ BLL131_1_0.html: -12 +2
     - <div class="activity interactive" number="1D">
     - <p class="cv2-note" style="color: red; font-weight: bold;">Red Flag: Un-built [dragAndDrop] marker — no conten
     - <div class="activity interactive" number="1G">
     - <div class="row">
     - <div class="col-12">
     - </div>
     - </div>
     - </div>
     - <div class="row">
     - <div class="col-md-8 col-12">
     - </div>
     - </div>
     + <p class="cv2-note" style="color: red; font-weight: bold;">Red Flag: Un-built [dragAndDrop] marker — no conten
     + <div class="activity interactive" number="1F">
BLL131: identical 2 / changed 1
BLL132: identical 3 / changed 0
BLL133: identical 3 / changed 0
BLL134: identical 3 / changed 0
BLL135: identical 3 / changed 0
BLL136: identical 2 / changed 0
BLL137: identical 3 / changed 0
BLL140: identical 1 / changed 0
BLL141: identical 3 / changed 0
BLL142: identical 3 / changed 0
BLL143: identical 3 / changed 0
BLL144: identical 3 / changed 0
BLL145: identical 3 / changed 0
BLL146: identical 3 / changed 0
BLL147: identical 3 / changed 0
BLL150: identical 1 / changed 0
BLL151: identical 3 / changed 0
BLL152: identical 3 / changed 0
BLL153: identical 3 / changed 0
BLL154: identical 3 / changed 0
BLL155: identical 3 / changed 0
BLL156: identical 3 / changed 0
BLL157: identical 3 / changed 0
BLL160: identical 1 / changed 0
BLL161: identical 3 / changed 0
BLL162: identical 3 / changed 0
BLL163: identical 3 / changed 0
BLL164: identical 3 / changed 0
BLL165: identical 3 / changed 0
BLL166: identical 3 / changed 0
BLL167: identical 3 / changed 0
BLL170: identical 1 / changed 0
BLL171: identical 3 / changed 0
BLL172: identical 3 / changed 0
BLL173: identical 3 / changed 0
BLL174: identical 3 / changed 0
BLL175: identical 4 / changed 0
BLL176: identical 3 / changed 0
BLL177: identical 3 / changed 0
BLL210: identical 1 / changed 0
BLL211: identical 3 / changed 0
BLL212: identical 3 / changed 0
BLL213: identical 3 / changed 0
BLL214: identical 3 / changed 0
BLL215: identical 3 / changed 0
BLL216: identical 3 / changed 0
BLL217: identical 3 / changed 0
BLL220: identical 1 / changed 0
BLL221: identical 3 / changed 0
BLL222: identical 3 / changed 0
BLL223: identical 3 / changed 0
BLL224: identical 3 / changed 0
BLL225: identical 3 / changed 0
BLL226: identical 3 / changed 0
BLL227: identical 3 / changed 0
BLL230: identical 1 / changed 0
BLL231: identical 3 / changed 0
BLL232: identical 3 / changed 0
BLL233: identical 3 / changed 0
BLL234: identical 3 / changed 0
BLL235: identical 3 / changed 0
BLL236: identical 3 / changed 0
BLL237: identical 3 / changed 0
BLL240: identical 9 / changed 0
BLL241: identical 3 / changed 0

TOTAL: identical 397 / changed 15 / missing 0 over 111 modules
CHANGED: AGH1002/AGH1002_3_0.html AGH1004/AGH1004_6_0.html AGH1006/AGH1006_2_0.html AGH1006/AGH1006_4_0.html AGH1006/AGH1006_5_0.html AGH1006/AGH1006_8_0.html AGH1009/AGH1009_4_0.html ANZH104/ANZH104_6_0.html ANZH205/ANZH205_1_0.html ANZH303/ANZH303_1_0.html ANZH401/ANZH401_1_0.html BLL113/BLL113_1_0.html BLL114/BLL114_1_0.html BLL115/BLL115_1_0.html BLL131/BLL131_1_0.html
