AGH1001: identical 6 / changed 0
AGH1002: identical 7 / changed 0
AGH1003: identical 9 / changed 0
AGH1004: identical 7 / changed 0
AGH1005: identical 9 / changed 0
AGH1006: identical 10 / changed 0
AGH1007: identical 10 / changed 0
  ~ AGH1008_3_0.html: -35 +44
     - <p class="cv2-note" style="color: red; font-weight: bold;">Red Flag: Un-built [unclassified] marker — no conte
     - <h3>Grazing Systems</h3>
     - <p>Pastoral farmers need to ensure that the feed, regardless of whether it is a traditional pasture, a crop, o
     - <li>feed wastage due to over allocation</li>
     - <li>overgrazing which damages pasture and grass, limiting regrowth</li>
     - <li>feed shortages leading to poor production</li>
     - <li>damage to soil through pugging and overgrazing.</li>
     - <p>There are several key feeding systems that are commonly used on New Zealand pastoral systems in the table b
     - <div class="table-responsive">
     - <table class="table table-bordered">
     - <tr>
     - <td>Rotational Grazing</td>
     - <td>Cows, or sheep, are kept in one big group and moved around paddocks daily, or every second day. This grazi
     - </tr>
     - <tr>
     - <td>Set Stocking</td>
     - <td>Cows, or sheep, are divided into mobs and placed into a paddock for an extended period of time. Set stocki
     - </tr>
     - <tr>
     - <td>Break Feeding</td>
     - <td>Also known as strip grazing. A paddock is divided into a series of ‘breaks’ using temporary electric fence
     - </tr>
     - <tr>
     - <td>Forward/Creep Grazing</td>
     - <td>A version of break feeding but lambs, or calves, can go under the fence to access to new pasture first. Th
     - </tr>
     - </table>
     - <div class="cv2-interactive cv2-int-ref" data-cv2-index="8" data-cv2-ref="AGH1008-03-04" style="border: 8px so
     - </div>
     - <div class="row">
     - <div class="col-md-8 col-12">
     - <ul>
     - </ul>
     - </div>
     - </div>
     + <h3>Grazing Systems</h3>
     + <p>Pastoral farmers need to ensure that the feed, regardless of whether it is a traditional pasture, a crop, o
     + <ul>
     + <li>feed wastage due to over allocation</li>
     + <li>overgrazing which damages pasture and grass, limiting regrowth</li>
     + <li>feed shortages leading to poor production</li>
     + <li>damage to soil through pugging and overgrazing.</li>
     + </ul>
     + <p>There are several key feeding systems that are commonly used on New Zealand pastoral systems in the table b
     + <div class="cv2-interactive cv2-int-ref" data-cv2-index="7" data-cv2-ref="AGH1008-03-04" style="border: 8px so
     + <div class="cv2-interactive" data-cv2-index="7" style="border: 3px dashed #d9480f; background: #fff4e6; paddin
     + <p style="color: #d9480f; font-weight: bold">⚙ INTERACTIVE (un-built) #7: unclassified — Activity 2C — see AGH
     + <th>Rotational Grazing</th>
     + <th>Cows, or sheep, are kept in one big group and moved around paddocks daily, or every second day. This grazi
     + <td>Set Stocking</td>
     + <td>Cows, or sheep, are divided into mobs and placed into a paddock for an extended period of time. Set stocki
     + <td>Break Feeding</td>
     + <td>Also known as strip grazing. A paddock is divided into a series of ‘breaks’ using temporary electric fence
     + <td>Forward/Creep Grazing</td>
     + <td>A version of break feeding but lambs, or calves, can go under the fence to access to new pasture first. Th
     + … 24 more added
AGH1008: identical 9 / changed 1
AGH1009: identical 10 / changed 0
ANZH101: identical 4 / changed 0
ANZH104: identical 8 / changed 0
ANZH105: identical 8 / changed 0
ANZH203: identical 7 / changed 0
ANZH205: identical 7 / changed 0
ANZH301: identical 11 / changed 0
ANZH303: identical 7 / changed 0
ANZH304: identical 7 / changed 0
ANZH401: identical 14 / changed 0
ANZH404: identical 7 / changed 0
ARFUN01: identical 1 / changed 0
ARFUN02: identical 1 / changed 0
ARFUN03: identical 1 / changed 0
ARFUN04: identical 1 / changed 0
ARFUN05: identical 1 / changed 0
ART1002: identical 8 / changed 0
ART1003: identical 1 / changed 0
ART1004: identical 1 / changed 0
ART1005: identical 1 / changed 0
ART1006: identical 6 / changed 0
BLL110: identical 1 / changed 0
BLL111: identical 3 / changed 0
BLL112: identical 3 / changed 0
BLL113: identical 3 / changed 0
BLL114: identical 3 / changed 0
BLL115: identical 3 / changed 0
BLL116: identical 3 / changed 0
BLL117: identical 3 / changed 0
BLL120: identical 1 / changed 0
BLL121: identical 3 / changed 0
BLL122: identical 3 / changed 0
BLL123: identical 3 / changed 0
BLL124: identical 3 / changed 0
BLL125: identical 3 / changed 0
BLL126: identical 3 / changed 0
BLL127: identical 3 / changed 0
BLL130: identical 1 / changed 0
BLL131: identical 3 / changed 0
BLL132: identical 3 / changed 0
BLL133: identical 3 / changed 0
BLL134: identical 3 / changed 0
BLL135: identical 3 / changed 0
BLL136: identical 2 / changed 0
BLL137: identical 3 / changed 0
BLL140: identical 1 / changed 0
BLL141: identical 3 / changed 0
BLL142: identical 3 / changed 0
BLL143: identical 3 / changed 0
BLL144: identical 3 / changed 0
BLL145: identical 3 / changed 0
BLL146: identical 3 / changed 0
BLL147: identical 3 / changed 0
BLL150: identical 1 / changed 0
BLL151: identical 3 / changed 0
BLL152: identical 3 / changed 0
BLL153: identical 3 / changed 0
BLL154: identical 3 / changed 0
BLL155: identical 3 / changed 0
BLL156: identical 3 / changed 0
BLL157: identical 3 / changed 0
BLL160: identical 1 / changed 0
BLL161: identical 3 / changed 0
BLL162: identical 3 / changed 0
BLL163: identical 3 / changed 0
BLL164: identical 3 / changed 0
BLL165: identical 3 / changed 0
BLL166: identical 3 / changed 0
BLL167: identical 3 / changed 0
BLL170: identical 1 / changed 0
BLL171: identical 3 / changed 0
BLL172: identical 3 / changed 0
BLL173: identical 3 / changed 0
BLL174: identical 3 / changed 0
BLL175: identical 4 / changed 0
BLL176: identical 3 / changed 0
BLL177: identical 3 / changed 0
BLL210: identical 1 / changed 0
BLL211: identical 3 / changed 0
BLL212: identical 3 / changed 0
BLL213: identical 3 / changed 0
BLL214: identical 3 / changed 0
BLL215: identical 3 / changed 0
BLL216: identical 3 / changed 0
BLL217: identical 3 / changed 0
BLL220: identical 1 / changed 0
BLL221: identical 3 / changed 0
BLL222: identical 3 / changed 0
BLL223: identical 3 / changed 0
BLL224: identical 3 / changed 0
BLL225: identical 3 / changed 0
BLL226: identical 3 / changed 0
BLL227: identical 3 / changed 0
BLL230: identical 1 / changed 0
BLL231: identical 3 / changed 0
BLL232: identical 3 / changed 0
BLL233: identical 3 / changed 0
BLL234: identical 3 / changed 0
BLL235: identical 3 / changed 0
BLL236: identical 3 / changed 0
BLL237: identical 3 / changed 0
BLL240: identical 9 / changed 0
BLL241: identical 3 / changed 0

TOTAL: identical 411 / changed 1 / missing 0 over 111 modules
CHANGED: AGH1008/AGH1008_3_0.html
