BLL242: identical 3 / changed 0
BLL244: identical 3 / changed 0
BLL245: identical 3 / changed 0
BLL246: identical 3 / changed 0
BLL251: identical 3 / changed 0
BLL252: identical 3 / changed 0
BLL253: identical 3 / changed 0
BLL254: identical 3 / changed 0
BLL262: identical 3 / changed 0
BLL263: identical 3 / changed 0
BLLR201: identical 8 / changed 0
CEDK101: identical 1 / changed 0
CEDK102: identical 1 / changed 0
CEDK501: identical 14 / changed 0
CEDO102: identical 1 / changed 0
CEDO105: identical 6 / changed 0
CEDO202: identical 1 / changed 0
  ~ CEDO301_3_0.html: -1 +1
     - <div class="activity">
     + <div class="activity" number="3B">
  ~ CEDO301_4_0.html: -1 +1
     - <div class="activity">
     + <div class="activity" number="4A">
  ~ CEDO301_5_0.html: -1 +1
     - <div class="activity dropbox">
     + <div class="activity dropbox" number="5A">
  ~ CEDO301_6_0.html: -2 +2
     - <div class="activity dropbox">
     - <div class="activity dropbox">
     + <div class="activity dropbox" number="6A">
     + <div class="activity dropbox" number="6B">
CEDO301: identical 2 / changed 4
CEDO501: identical 16 / changed 0
CEDO502: identical 10 / changed 0
CEDR201: identical 1 / changed 0
CEDR204: identical 1 / changed 0
CEDR301: identical 1 / changed 0
CEDR302: identical 1 / changed 0
CEDR501: identical 11 / changed 0
CEDT101: identical 1 / changed 0
CEDT104: identical 1 / changed 0
CEDT201: identical 1 / changed 0
CEDT202: identical 1 / changed 0
CEDT203: identical 1 / changed 0
CEDT204: identical 1 / changed 0
CEDT207: identical 8 / changed 0
CEDT208: identical 1 / changed 0
CEDT301: identical 7 / changed 0
CEDT404: identical 1 / changed 0
CEDT501: identical 15 / changed 0
CEDW101: identical 1 / changed 0
CEDW201: identical 1 / changed 0
CEDW501: identical 13 / changed 0
CHFUN01: identical 1 / changed 0
CHFUN04: identical 1 / changed 0
CHFUN05: identical 1 / changed 0
CHFUN06: identical 1 / changed 0
CHFUN07: identical 1 / changed 0
ENFUN01: identical 1 / changed 0
ENFUN02: identical 1 / changed 0
  ~ ENFUN03_0_0.html: -1 +1
     - <div class="activity">
     + <div class="activity" number="2C">
ENFUN03: identical 0 / changed 1
ENFUN04: identical 1 / changed 0
ENFUN05: identical 1 / changed 0
ENFUN07: identical 1 / changed 0
ENFUN08: identical 1 / changed 0
ENFUN09: identical 1 / changed 0
ENG1004: identical 8 / changed 0
ENG1005: identical 6 / changed 0
ENG1007: identical 1 / changed 0
  ~ ENGC101_1_0.html: -1 +1
     - <div class="activity">
     + <div class="activity" number="1C">
  ~ ENGC101_3_0.html: -3 +3
     - <div class="activity">
     - <div class="activity interactive" number="3C">
     - <div class="activity">
     + <div class="activity" number="3B">
     + <div class="activity interactive" number="3D">
     + <div class="activity" number="3E">
  ~ ENGC101_5_0.html: -1 +1
     - <div class="activity">
     + <div class="activity" number="5B">
ENGC101: identical 3 / changed 3
ENGC102: identical 8 / changed 0
ENGC201: identical 7 / changed 0
ENGC202: identical 9 / changed 0
ENGC301: identical 8 / changed 0
ENGC302: identical 8 / changed 0
ENGC401: identical 8 / changed 0
ENGFUN02: identical 5 / changed 0
ENGI101: identical 4 / changed 0
ENGI102: identical 7 / changed 0
ENGI103: identical 7 / changed 0
  ~ ENGI201_1_0.html: -2 +2
     - <div class="activity super-content-button">
     - <div class="activity">
     + <div class="activity super-content-button" number="1A">
     + <div class="activity" number="1B">
  ~ ENGI201_2_0.html: -2 +2
     - <div class="activity">
     - <div class="activity interactive" number="2A">
     + <div class="activity" number="2A">
     + <div class="activity interactive" number="2B">
  ~ ENGI201_3_0.html: -1 +1
     - <div class="activity">
     + <div class="activity" number="3C">
  ~ ENGI201_4_0.html: -1 +1
     - <div class="activity">
     + <div class="activity" number="4D">
ENGI201: identical 1 / changed 4
  ~ ENGI202_6_0.html: -1 +1
     - <div class="activity dropbox">
     + <div class="activity dropbox" number="6A">
ENGI202: identical 6 / changed 1
  ~ ENGI203_4_0.html: -2 +2
     - <div class="activity interactive">
     - <div class="activity interactive">
     + <div class="activity interactive" number="4A">
     + <div class="activity interactive" number="4B">
  ~ ENGI203_5_0.html: -1 +1
     - <div class="activity interactive">
     + <div class="activity interactive" number="5A">
  ~ ENGI203_6_0.html: -2 +2
     - <div class="activity interactive">
     - <div class="activity interactive">
     + <div class="activity interactive" number="6A">
     + <div class="activity interactive" number="6B">
  ~ ENGI203_7_0.html: -2 +2
     - <div class="activity interactive">
     - <div class="activity interactive">
     + <div class="activity interactive" number="7A">
     + <div class="activity interactive" number="7B">
  ~ ENGI203_8_0.html: -1 +1
     - <div class="activity interactive">
     + <div class="activity interactive" number="8B">
  ~ ENGI203_9_0.html: -1 +1
     - <div class="activity interactive">
     + <div class="activity interactive" number="9A">
  ~ ENGI203_10_0.html: -12 +2
     - <div class="activity interactive">
     - <div class="activity">
     - <div class="row">
     - <div class="col-md-8 col-12">
     - <div class="activity dropbox">
     - <div class="row">
     - <div class="col-12">
     - </div>
     - </div>
     - </div>
     - </div>
     - </div>
     + <div class="activity interactive" number="10A">
     + <div class="activity dropbox" number="10B">
ENGI203: identical 4 / changed 7
  ~ ENGI301_1_0.html: -1 +1
     - <div class="activity interactive">
     + <div class="activity interactive" number="1A">
  ~ ENGI301_3_0.html: -1 +1
     - <div class="activity dropbox interactive">
     + <div class="activity dropbox interactive" number="3A">
  ~ ENGI301_5_0.html: -1 +1
     - <div class="activity interactive">
     + <div class="activity interactive" number="5A">
ENGI301: identical 3 / changed 3
ENGI302: identical 7 / changed 0
ENGI303: identical 7 / changed 0
ENGI400: identical 4 / changed 0
ENGI401: identical 12 / changed 0
  ~ ENGI405_1_0.html: -1 +1
     - <div class="activity interactive">
     + <div class="activity interactive" number="1C">
ENGI405: identical 7 / changed 1
ENGJ101: identical 5 / changed 0
ENGJ102: identical 6 / changed 0
ENGJ201: identical 7 / changed 0
ENGJ202: identical 6 / changed 0
ENGJ301: identical 8 / changed 0
ENGJ302: identical 10 / changed 0
  ~ ENGJ402_2_0.html: -1 +1
     - <div class="activity">
     + <div class="activity" number="2A">
ENGJ402: identical 8 / changed 1
ENGJ403: identical 10 / changed 0
ENGR101: identical 8 / changed 0
ENGR102: identical 7 / changed 0
ENGR201: identical 7 / changed 0
  ~ ENGR202_7_0.html: -1 +1
     - <div class="activity dropbox interactive">
     + <div class="activity dropbox interactive" number="7B">
ENGR202: identical 7 / changed 1
ENGR301: identical 9 / changed 0
ENGR302: identical 8 / changed 0
  ~ ENGS101_1_0.html: -1 +1
     - <div class="activity">
     + <div class="activity" number="1B">
  ~ ENGS101_4_0.html: -1 +1
     - <div class="activity">
     + <div class="activity" number="4C">
ENGS101: identical 4 / changed 2
ENGS102: identical 7 / changed 0
ENGS201: identical 9 / changed 0
ENGS202: identical 7 / changed 0
ENGS301: identical 8 / changed 0
ENGS302: identical 7 / changed 0
ENGS401: identical 7 / changed 0
ENGS405: identical 1 / changed 0
  ~ EXBP901_3_0.html: -4 +4
     - <div class="activity">
     - <div class="activity interactive" number="3A">
     - <div class="activity">
     - <div class="activity">
     + <div class="activity" number="3A">
     + <div class="activity interactive" number="3B">
     + <div class="activity" number="3C">
     + <div class="activity" number="3D">
  ~ EXBP901_4_0.html: -3 +3
     - <div class="activity">
     - <div class="activity interactive" number="4C">
     - <div class="activity">
     + <div class="activity" number="4C">
     + <div class="activity interactive" number="4D">
     + <div class="activity" number="4E">
EXBP901: identical 4 / changed 2
  ~ EXIP901_4_0.html: -3 +3
     - <div class="activity">
     - <div class="activity">
     - <div class="activity interactive" number="4B">
     + <div class="activity" number="4B">
     + <div class="activity" number="4C">
     + <div class="activity interactive" number="4D">
  ~ EXIP901_5_0.html: -2 +2
     - <div class="activity">
     - <div class="activity">
     + <div class="activity" number="5A">
     + <div class="activity" number="5B">
EXIP901: identical 4 / changed 2
EXPFUN02: identical 1 / changed 0
EXPFUN03: identical 1 / changed 0
EXPFUN04: identical 1 / changed 0

TOTAL: identical 477 / changed 32 / missing 0 over 102 modules
CHANGED: CEDO301/CEDO301_3_0.html CEDO301/CEDO301_4_0.html CEDO301/CEDO301_5_0.html CEDO301/CEDO301_6_0.html ENFUN03/ENFUN03_0_0.html ENGC101/ENGC101_1_0.html ENGC101/ENGC101_3_0.html ENGC101/ENGC101_5_0.html ENGI201/ENGI201_1_0.html ENGI201/ENGI201_2_0.html ENGI201/ENGI201_3_0.html ENGI201/ENGI201_4_0.html ENGI202/ENGI202_6_0.html ENGI203/ENGI203_4_0.html ENGI203/ENGI203_5_0.html ENGI203/ENGI203_6_0.html ENGI203/ENGI203_7_0.html ENGI203/ENGI203_8_0.html ENGI203/ENGI203_9_0.html ENGI203/ENGI203_10_0.html ENGI301/ENGI301_1_0.html ENGI301/ENGI301_3_0.html ENGI301/ENGI301_5_0.html ENGI405/ENGI405_1_0.html ENGJ402/ENGJ402_2_0.html ENGR202/ENGR202_7_0.html ENGS101/ENGS101_1_0.html ENGS101/ENGS101_4_0.html EXBP901/EXBP901_3_0.html EXBP901/EXBP901_4_0.html EXIP901/EXIP901_4_0.html EXIP901/EXIP901_5_0.html
