AGH1001: identical 6 / changed 0
AGH1002: identical 7 / changed 0
AGH1003: identical 9 / changed 0
AGH1004: identical 7 / changed 0
AGH1005: identical 9 / changed 0
AGH1006: identical 10 / changed 0
AGH1007: identical 10 / changed 0
AGH1008: identical 10 / changed 0
AGH1009: identical 10 / changed 0
ANZH101: identical 4 / changed 0
ANZH104: identical 8 / changed 0
  ~ ANZH105_1_0.html: -1 +1
     - <div class="accContent"><p>Learn how to ask and answer the question “Where are you from?” in te reo Māori!</p>
     + <div class="accContent"><p>Learn how to ask and answer the question “Where are you from?” in te reo Māori!</p>
ANZH105: identical 7 / changed 1
ANZH203: identical 7 / changed 0
  ~ ANZH205_6_0.html: -1 +1
     - <div class="videoSection ratio ratio-16x9">
     + <div class="videoSection icon ratio ratio-16x9">
ANZH205: identical 6 / changed 1
ANZH301: identical 11 / changed 0
ANZH303: identical 7 / changed 0
ANZH304: identical 7 / changed 0
ANZH401: identical 14 / changed 0
ANZH404: identical 7 / changed 0
ARFUN01: identical 1 / changed 0
  ~ ARFUN02_0_0.html: -7 +7
     - <div class="videoSection ratio ratio-16x9">
     - <div class="videoSection ratio ratio-16x9">
     - <div class="videoSection ratio ratio-16x9">
     - <div class="videoSection ratio ratio-16x9">
     - <div class="videoSection ratio ratio-16x9">
     - <div class="videoSection ratio ratio-16x9">
     - <div class="videoSection ratio ratio-16x9">
     + <div class="videoSection icon ratio ratio-16x9">
     + <div class="videoSection icon ratio ratio-16x9">
     + <div class="videoSection icon ratio ratio-16x9">
     + <div class="videoSection icon ratio ratio-16x9">
     + <div class="videoSection icon ratio ratio-16x9">
     + <div class="videoSection icon ratio ratio-16x9">
     + <div class="videoSection icon ratio ratio-16x9">
ARFUN02: identical 0 / changed 1
ARFUN03: identical 1 / changed 0
  ~ ARFUN04_0_0.html: -8 +8
     - </ul><p>This video shows examples of contour drawing.</p><div class="videoSection ratio ratio-16x9">
     - </ul><p>This video shows examples of shading techniques.</p><div class="videoSection ratio ratio-16x9">
     - </ul><p>This video shows examples of various painting techniques.</p><div class="videoSection ratio ratio-16x9
     - <div class="videoSection ratio ratio-16x9">
     - </ul><p>Watch This video on grisaille painting techniques for detailed examples. What this is doing is having 
     - </ul><p>Watch This video on assemblage to see creative examples. Collaging refers to the construction of a wor
     - </ul><p>Watch this video on digital painting techniques for tips and tricks.</p><div class="videoSection ratio
     - <div class="videoSection ratio ratio-16x9">
     + </ul><p>This video shows examples of contour drawing.</p><div class="videoSection icon ratio ratio-16x9">
     + </ul><p>This video shows examples of shading techniques.</p><div class="videoSection icon ratio ratio-16x9">
     + </ul><p>This video shows examples of various painting techniques.</p><div class="videoSection icon ratio ratio
     + <div class="videoSection icon ratio ratio-16x9">
     + </ul><p>Watch This video on grisaille painting techniques for detailed examples. What this is doing is having 
     + </ul><p>Watch This video on assemblage to see creative examples. Collaging refers to the construction of a wor
     + </ul><p>Watch this video on digital painting techniques for tips and tricks.</p><div class="videoSection icon 
     + <div class="videoSection icon ratio ratio-16x9">
ARFUN04: identical 0 / changed 1
ARFUN05: identical 1 / changed 0
ART1002: identical 8 / changed 0
ART1003: identical 1 / changed 0
ART1004: identical 1 / changed 0
ART1005: identical 1 / changed 0
ART1006: identical 6 / changed 0
  ~ BLL110_0_0.html: -33 +33
     - <div class="videoSection ratio ratio-16x9">
     - <div class="videoSection ratio ratio-16x9">
     - <div class="videoSection ratio ratio-16x9">
     - <div class="videoSection ratio ratio-16x9">
     - <p>Watch the video.</p><div class="videoSection ratio ratio-16x9">
     - <p>Watch the video and complete one or more of the craft activities.</p><div class="videoSection ratio ratio-1
     - <div class="videoSection ratio ratio-16x9">
     - <div class="videoSection ratio ratio-16x9">
     - <div class="videoSection ratio ratio-16x9">
     - <p>Watch the video.</p><div class="videoSection ratio ratio-16x9">
     - <p>Watch the video and complete the alligator craft activity.</p><div class="videoSection ratio ratio-16x9">
     - <div class="videoSection ratio ratio-16x9">
     - <div class="videoSection ratio ratio-16x9">
     - <div class="videoSection ratio ratio-16x9">
     - <div class="videoSection ratio ratio-16x9">
     - <p>Watch the video.</p><div class="videoSection ratio ratio-16x9">
     - <p>Watch the video and complete one or more of the craft activities.</p><div class="videoSection ratio ratio-1
     - <div class="videoSection ratio ratio-16x9">
     - <div class="videoSection ratio ratio-16x9">
     - <div class="videoSection ratio ratio-16x9">
     - <div class="videoSection ratio ratio-16x9">
     - <p>Watch the video.</p><div class="videoSection ratio ratio-16x9">
     - <p>Watch the video and complete one or more of the craft activities.</p><div class="videoSection ratio ratio-1
     - <div class="videoSection ratio ratio-16x9">
     - <div class="videoSection ratio ratio-16x9">
     - <div class="videoSection ratio ratio-16x9">
     - <div class="videoSection ratio ratio-16x9">
     - <p>Watch the video.</p><div class="videoSection ratio ratio-16x9">
     - <p>Watch the video and complete one or more of the craft activities.</p><div class="videoSection ratio ratio-1
     - <div class="videoSection ratio ratio-16x9">
     - <div class="videoSection ratio ratio-16x9">
     - <div class="videoSection ratio ratio-16x9">
     - <div class="videoSection ratio ratio-16x9">
     + <div class="videoSection icon ratio ratio-16x9">
     + <div class="videoSection icon ratio ratio-16x9">
     + <div class="videoSection icon ratio ratio-16x9">
     + <div class="videoSection icon ratio ratio-16x9">
     + <p>Watch the video.</p><div class="videoSection icon ratio ratio-16x9">
     + <p>Watch the video and complete one or more of the craft activities.</p><div class="videoSection icon ratio ra
     + <div class="videoSection icon ratio ratio-16x9">
     + <div class="videoSection icon ratio ratio-16x9">
     + <div class="videoSection icon ratio ratio-16x9">
     + <p>Watch the video.</p><div class="videoSection icon ratio ratio-16x9">
     + <p>Watch the video and complete the alligator craft activity.</p><div class="videoSection icon ratio ratio-16x
     + <div class="videoSection icon ratio ratio-16x9">
     + <div class="videoSection icon ratio ratio-16x9">
     + <div class="videoSection icon ratio ratio-16x9">
     + <div class="videoSection icon ratio ratio-16x9">
     + <p>Watch the video.</p><div class="videoSection icon ratio ratio-16x9">
     + <p>Watch the video and complete one or more of the craft activities.</p><div class="videoSection icon ratio ra
     + <div class="videoSection icon ratio ratio-16x9">
     + <div class="videoSection icon ratio ratio-16x9">
     + <div class="videoSection icon ratio ratio-16x9">
     + … 13 more added
BLL110: identical 0 / changed 1
BLL111: identical 3 / changed 0
BLL112: identical 3 / changed 0
  ~ BLL113_2_0.html: -4 +4
     - <div class="videoSection ratio ratio-16x9">
     - <div class="videoSection ratio ratio-16x9">
     - <div class="videoSection ratio ratio-16x9">
     - <div class="videoSection ratio ratio-16x9">
     + <div class="videoSection icon ratio ratio-16x9">
     + <div class="videoSection icon ratio ratio-16x9">
     + <div class="videoSection icon ratio ratio-16x9">
     + <div class="videoSection icon ratio ratio-16x9">
BLL113: identical 2 / changed 1
BLL114: identical 3 / changed 0
  ~ BLL115_2_0.html: -3 +3
     - <div class="videoSection ratio ratio-16x9">
     - <div class="videoSection ratio ratio-16x9">
     - <div class="videoSection ratio ratio-16x9">
     + <div class="videoSection icon ratio ratio-16x9">
     + <div class="videoSection icon ratio ratio-16x9">
     + <div class="videoSection icon ratio ratio-16x9">
BLL115: identical 2 / changed 1
  ~ BLL116_1_0.html: -3 +3
     - <div class="videoSection ratio ratio-16x9">
     - <div class="videoSection ratio ratio-16x9">
     - <div class="videoSection ratio ratio-16x9">
     + <div class="videoSection icon ratio ratio-16x9">
     + <div class="videoSection icon ratio ratio-16x9">
     + <div class="videoSection icon ratio ratio-16x9">
  ~ BLL116_2_0.html: -3 +3
     - <div class="videoSection ratio ratio-16x9">
     - <div class="videoSection ratio ratio-16x9">
     - <div class="videoSection ratio ratio-16x9">
     + <div class="videoSection icon ratio ratio-16x9">
     + <div class="videoSection icon ratio ratio-16x9">
     + <div class="videoSection icon ratio ratio-16x9">
BLL116: identical 1 / changed 2
BLL117: identical 3 / changed 0
  ~ BLL120_0_0.html: -47 +47
     - <div class="videoSection ratio ratio-16x9">
     - <div class="videoSection ratio ratio-16x9">
     - <div class="videoSection ratio ratio-16x9">
     - <div class="videoSection ratio ratio-16x9">
     - </ol><div class="videoSection ratio ratio-16x9">
     - </ol><div class="videoSection ratio ratio-16x9">
     - <div class="videoSection ratio ratio-16x9">
     - <div class="videoSection ratio ratio-16x9">
     - <div class="videoSection ratio ratio-16x9">
     - </ol><div class="videoSection ratio ratio-16x9">
     - </ol><div class="videoSection ratio ratio-16x9">
     - <div class="videoSection ratio ratio-16x9">
     - <div class="videoSection ratio ratio-16x9">
     - <div class="videoSection ratio ratio-16x9">
     - <div class="videoSection ratio ratio-16x9">
     - </ol><div class="videoSection ratio ratio-16x9">
     - </ol><div class="videoSection ratio ratio-16x9">
     - <div class="videoSection ratio ratio-16x9">
     - <div class="videoSection ratio ratio-16x9">
     - <div class="videoSection ratio ratio-16x9">
     - <div class="videoSection ratio ratio-16x9">
     - </ol><div class="videoSection ratio ratio-16x9">
     - </ol><div class="videoSection ratio ratio-16x9">
     - <div class="videoSection ratio ratio-16x9">
     - <div class="videoSection ratio ratio-16x9">
     - <div class="videoSection ratio ratio-16x9">
     - <div class="videoSection ratio ratio-16x9">
     - </ol><div class="videoSection ratio ratio-16x9">
     - </ol><div class="videoSection ratio ratio-16x9">
     - <div class="videoSection ratio ratio-16x9">
     - <div class="videoSection ratio ratio-16x9">
     - <div class="videoSection ratio ratio-16x9">
     - <div class="videoSection ratio ratio-16x9">
     - </ol><div class="videoSection ratio ratio-16x9">
     - </ol><div class="videoSection ratio ratio-16x9">
     - <div class="videoSection ratio ratio-16x9">
     - <div class="videoSection ratio ratio-16x9">
     - <div class="videoSection ratio ratio-16x9">
     - <div class="videoSection ratio ratio-16x9">
     - </ol><div class="videoSection ratio ratio-16x9">
     - … 7 more removed
     + </ol><div class="videoSection icon ratio ratio-16x9">
     + </ol><div class="videoSection icon ratio ratio-16x9">
     + <div class="videoSection icon ratio ratio-16x9">
     + <div class="videoSection icon ratio ratio-16x9">
     + <div class="videoSection icon ratio ratio-16x9">
     + </ol><div class="videoSection icon ratio ratio-16x9">
     + </ol><div class="videoSection icon ratio ratio-16x9">
     + <div class="videoSection icon ratio ratio-16x9">
     + <div class="videoSection icon ratio ratio-16x9">
     + <div class="videoSection icon ratio ratio-16x9">
     + <div class="videoSection icon ratio ratio-16x9">
     + </ol><div class="videoSection icon ratio ratio-16x9">
     + </ol><div class="videoSection icon ratio ratio-16x9">
     + <div class="videoSection icon ratio ratio-16x9">
     + <div class="videoSection icon ratio ratio-16x9">
     + <div class="videoSection icon ratio ratio-16x9">
     + <div class="videoSection icon ratio ratio-16x9">
     + </ol><div class="videoSection icon ratio ratio-16x9">
     + </ol><div class="videoSection icon ratio ratio-16x9">
     + <div class="videoSection icon ratio ratio-16x9">
     + … 27 more added
BLL120: identical 0 / changed 1
BLL121: identical 3 / changed 0
BLL122: identical 3 / changed 0
BLL123: identical 3 / changed 0
BLL124: identical 3 / changed 0
BLL125: identical 3 / changed 0
  ~ BLL126_2_0.html: -4 +4
     - <div class="videoSection ratio ratio-16x9">
     - <div class="videoSection ratio ratio-16x9">
     - <div class="videoSection ratio ratio-16x9">
     - <div class="videoSection ratio ratio-16x9">
     + <div class="videoSection icon ratio ratio-16x9">
     + <div class="videoSection icon ratio ratio-16x9">
     + <div class="videoSection icon ratio ratio-16x9">
     + <div class="videoSection icon ratio ratio-16x9">
BLL126: identical 2 / changed 1
BLL127: identical 3 / changed 0
  ~ BLL130_0_0.html: -35 +35
     - <div class="videoSection ratio ratio-16x9">
     - <div class="videoSection ratio ratio-16x9">
     - <div class="videoSection ratio ratio-16x9">
     - <div class="videoSection ratio ratio-16x9">
     - <p>Watch the video.</p><div class="videoSection ratio ratio-16x9">
     - <p>Watch the video and create some grape art.</p><div class="videoSection ratio ratio-16x9">
     - <div class="videoSection ratio ratio-16x9">
     - <div class="videoSection ratio ratio-16x9">
     - <div class="videoSection ratio ratio-16x9">
     - <div class="videoSection ratio ratio-16x9">
     - <p>Watch the video and find the letter ‘o’ in the pictures.</p><div class="videoSection ratio ratio-16x9">
     - <p>Watch the video and complete the octopus craft.</p><div class="videoSection ratio ratio-16x9">
     - <div class="videoSection ratio ratio-16x9">
     - <div class="videoSection ratio ratio-16x9">
     - <div class="videoSection ratio ratio-16x9">
     - <div class="videoSection ratio ratio-16x9">
     - <p>Watch the video.</p><div class="videoSection ratio ratio-16x9">
     - <p>Watch the video and complete the craft activity.</p><div class="videoSection ratio ratio-16x9">
     - <div class="videoSection ratio ratio-16x9">
     - <div class="videoSection ratio ratio-16x9">
     - <div class="videoSection ratio ratio-16x9">
     - <div class="videoSection ratio ratio-16x9">
     - <p>Watch the video.</p><div class="videoSection ratio ratio-16x9">
     - <p>Watch this video and then go out and collect your own leaves to do some leaf rubbings.</p><div class="video
     - <div class="videoSection ratio ratio-16x9">
     - <div class="videoSection ratio ratio-16x9">
     - <div class="videoSection ratio ratio-16x9">
     - <div class="videoSection ratio ratio-16x9">
     - <p>Watch the video.</p><div class="videoSection ratio ratio-16x9">
     - <div class="videoSection ratio ratio-16x9">
     - <div class="videoSection ratio ratio-16x9">
     - <div class="videoSection ratio ratio-16x9">
     - <div class="videoSection ratio ratio-16x9">
     - <p>Watch the video.</p><div class="videoSection ratio ratio-16x9">
     - <p>Listen to the story <i>My ‘b’ book</i> by Jane Belk Moncure.</p><div class="videoSection ratio ratio-16x9">
     + <div class="videoSection icon ratio ratio-16x9">
     + <div class="videoSection icon ratio ratio-16x9">
     + <div class="videoSection icon ratio ratio-16x9">
     + <div class="videoSection icon ratio ratio-16x9">
     + <p>Watch the video.</p><div class="videoSection icon ratio ratio-16x9">
     + <p>Watch the video and create some grape art.</p><div class="videoSection icon ratio ratio-16x9">
     + <div class="videoSection icon ratio ratio-16x9">
     + <div class="videoSection icon ratio ratio-16x9">
     + <div class="videoSection icon ratio ratio-16x9">
     + <div class="videoSection icon ratio ratio-16x9">
     + <p>Watch the video and find the letter ‘o’ in the pictures.</p><div class="videoSection icon ratio ratio-16x9"
     + <p>Watch the video and complete the octopus craft.</p><div class="videoSection icon ratio ratio-16x9">
     + <div class="videoSection icon ratio ratio-16x9">
     + <div class="videoSection icon ratio ratio-16x9">
     + <div class="videoSection icon ratio ratio-16x9">
     + <div class="videoSection icon ratio ratio-16x9">
     + <p>Watch the video.</p><div class="videoSection icon ratio ratio-16x9">
     + <p>Watch the video and complete the craft activity.</p><div class="videoSection icon ratio ratio-16x9">
     + <div class="videoSection icon ratio ratio-16x9">
     + <div class="videoSection icon ratio ratio-16x9">
     + … 15 more added
BLL130: identical 0 / changed 1
  ~ BLL131_2_0.html: -3 +3
     - <div class="videoSection ratio ratio-16x9">
     - <div class="videoSection ratio ratio-16x9">
     - <div class="videoSection ratio ratio-16x9">
     + <div class="videoSection icon ratio ratio-16x9">
     + <div class="videoSection icon ratio ratio-16x9">
     + <div class="videoSection icon ratio ratio-16x9">
BLL131: identical 2 / changed 1
BLL132: identical 3 / changed 0
  ~ BLL133_2_0.html: -3 +3
     - <div class="videoSection ratio ratio-16x9">
     - <div class="videoSection ratio ratio-16x9">
     - <div class="videoSection ratio ratio-16x9">
     + <div class="videoSection icon ratio ratio-16x9">
     + <div class="videoSection icon ratio ratio-16x9">
     + <div class="videoSection icon ratio ratio-16x9">
BLL133: identical 2 / changed 1
  ~ BLL134_2_0.html: -2 +2
     - <div class="videoSection ratio ratio-16x9">
     - <div class="videoSection ratio ratio-16x9">
     + <div class="videoSection icon ratio ratio-16x9">
     + <div class="videoSection icon ratio ratio-16x9">
BLL134: identical 2 / changed 1
BLL135: identical 3 / changed 0
  ~ BLL136_1_0.html: -4 +4
     - <div class="videoSection ratio ratio-16x9">
     - <div class="videoSection ratio ratio-16x9">
     - <div class="videoSection ratio ratio-16x9">
     - <div class="videoSection ratio ratio-16x9">
     + <div class="videoSection icon ratio ratio-16x9">
     + <div class="videoSection icon ratio ratio-16x9">
     + <div class="videoSection icon ratio ratio-16x9">
     + <div class="videoSection icon ratio ratio-16x9">
BLL136: identical 1 / changed 1
BLL137: identical 3 / changed 0
  ~ BLL140_0_0.html: -20 +20
     - <div class="videoSection ratio ratio-16x9">
     - <div class="videoSection ratio ratio-16x9">
     - <div class="videoSection ratio ratio-16x9">
     - <div class="videoSection ratio ratio-16x9">
     - <div class="videoSection ratio ratio-16x9">
     - <div class="videoSection ratio ratio-16x9">
     - <div class="videoSection ratio ratio-16x9">
     - <div class="videoSection ratio ratio-16x9">
     - <div class="videoSection ratio ratio-16x9">
     - <div class="videoSection ratio ratio-16x9">
     - <div class="videoSection ratio ratio-16x9">
     - <div class="videoSection ratio ratio-16x9">
     - <div class="videoSection ratio ratio-16x9">
     - <div class="videoSection ratio ratio-16x9">
     - <div class="videoSection ratio ratio-16x9">
     - <div class="videoSection ratio ratio-16x9">
     - <div class="videoSection ratio ratio-16x9">
     - <div class="videoSection ratio ratio-16x9">
     - <div class="videoSection ratio ratio-16x9">
     - <div class="videoSection ratio ratio-16x9">
     + <div class="videoSection icon ratio ratio-16x9">
     + <div class="videoSection icon ratio ratio-16x9">
     + <div class="videoSection icon ratio ratio-16x9">
     + <div class="videoSection icon ratio ratio-16x9">
     + <div class="videoSection icon ratio ratio-16x9">
     + <div class="videoSection icon ratio ratio-16x9">
     + <div class="videoSection icon ratio ratio-16x9">
     + <div class="videoSection icon ratio ratio-16x9">
     + <div class="videoSection icon ratio ratio-16x9">
     + <div class="videoSection icon ratio ratio-16x9">
     + <div class="videoSection icon ratio ratio-16x9">
     + <div class="videoSection icon ratio ratio-16x9">
     + <div class="videoSection icon ratio ratio-16x9">
     + <div class="videoSection icon ratio ratio-16x9">
     + <div class="videoSection icon ratio ratio-16x9">
     + <div class="videoSection icon ratio ratio-16x9">
     + <div class="videoSection icon ratio ratio-16x9">
     + <div class="videoSection icon ratio ratio-16x9">
     + <div class="videoSection icon ratio ratio-16x9">
     + <div class="videoSection icon ratio ratio-16x9">
BLL140: identical 0 / changed 1
  ~ BLL141_2_0.html: -3 +3
     - <div class="videoSection ratio ratio-16x9">
     - <div class="videoSection ratio ratio-16x9">
     - <div class="videoSection ratio ratio-16x9">
     + <div class="videoSection icon ratio ratio-16x9">
     + <div class="videoSection icon ratio ratio-16x9">
     + <div class="videoSection icon ratio ratio-16x9">
BLL141: identical 2 / changed 1
BLL142: identical 3 / changed 0
BLL143: identical 3 / changed 0
  ~ BLL144_1_1.html: -3 +3
     - <div class="videoSection ratio ratio-16x9">
     - <div class="videoSection ratio ratio-16x9">
     - <div class="videoSection ratio ratio-16x9">
     + <div class="videoSection icon ratio ratio-16x9">
     + <div class="videoSection icon ratio ratio-16x9">
     + <div class="videoSection icon ratio ratio-16x9">
BLL144: identical 2 / changed 1
BLL145: identical 3 / changed 0
  ~ BLL146_2_0.html: -3 +3
     - <div class="videoSection ratio ratio-16x9">
     - <div class="videoSection ratio ratio-16x9">
     - <div class="videoSection ratio ratio-16x9">
     + <div class="videoSection icon ratio ratio-16x9">
     + <div class="videoSection icon ratio ratio-16x9">
     + <div class="videoSection icon ratio ratio-16x9">
BLL146: identical 2 / changed 1
BLL147: identical 3 / changed 0
  ~ BLL150_0_0.html: -17 +17
     - <div class="videoSection ratio ratio-16x9">
     - <div class="videoSection ratio ratio-16x9">
     - <div class="videoSection ratio ratio-16x9">
     - <div class="videoSection ratio ratio-16x9">
     - <div class="videoSection ratio ratio-16x9">
     - <div class="videoSection ratio ratio-16x9">
     - <div class="videoSection ratio ratio-16x9">
     - <div class="videoSection ratio ratio-16x9">
     - <div class="videoSection ratio ratio-16x9">
     - <div class="videoSection ratio ratio-16x9">
     - <div class="videoSection ratio ratio-16x9">
     - <div class="videoSection ratio ratio-16x9">
     - <div class="videoSection ratio ratio-16x9">
     - <div class="videoSection ratio ratio-16x9">
     - <div class="videoSection ratio ratio-16x9">
     - <div class="videoSection ratio ratio-16x9">
     - <div class="videoSection ratio ratio-16x9">
     + <div class="videoSection icon ratio ratio-16x9">
     + <div class="videoSection icon ratio ratio-16x9">
     + <div class="videoSection icon ratio ratio-16x9">
     + <div class="videoSection icon ratio ratio-16x9">
     + <div class="videoSection icon ratio ratio-16x9">
     + <div class="videoSection icon ratio ratio-16x9">
     + <div class="videoSection icon ratio ratio-16x9">
     + <div class="videoSection icon ratio ratio-16x9">
     + <div class="videoSection icon ratio ratio-16x9">
     + <div class="videoSection icon ratio ratio-16x9">
     + <div class="videoSection icon ratio ratio-16x9">
     + <div class="videoSection icon ratio ratio-16x9">
     + <div class="videoSection icon ratio ratio-16x9">
     + <div class="videoSection icon ratio ratio-16x9">
     + <div class="videoSection icon ratio ratio-16x9">
     + <div class="videoSection icon ratio ratio-16x9">
     + <div class="videoSection icon ratio ratio-16x9">
BLL150: identical 0 / changed 1
  ~ BLL151_1_0.html: -3 +3
     - <div class="videoSection ratio ratio-16x9">
     - <div class="videoSection ratio ratio-16x9">
     - <div class="videoSection ratio ratio-16x9">
     + <div class="videoSection icon ratio ratio-16x9">
     + <div class="videoSection icon ratio ratio-16x9">
     + <div class="videoSection icon ratio ratio-16x9">
BLL151: identical 2 / changed 1
BLL152: identical 3 / changed 0
BLL153: identical 3 / changed 0
BLL154: identical 3 / changed 0
  ~ BLL155_1_0.html: -4 +4
     - <div class="videoSection ratio ratio-16x9">
     - <div class="videoSection ratio ratio-16x9">
     - <div class="videoSection ratio ratio-16x9">
     - <div class="videoSection ratio ratio-16x9">
     + <div class="videoSection icon ratio ratio-16x9">
     + <div class="videoSection icon ratio ratio-16x9">
     + <div class="videoSection icon ratio ratio-16x9">
     + <div class="videoSection icon ratio ratio-16x9">
BLL155: identical 2 / changed 1
  ~ BLL156_1_1.html: -3 +3
     - <div class="videoSection ratio ratio-16x9">
     - <div class="videoSection ratio ratio-16x9">
     - <div class="videoSection ratio ratio-16x9">
     + <div class="videoSection icon ratio ratio-16x9">
     + <div class="videoSection icon ratio ratio-16x9">
     + <div class="videoSection icon ratio ratio-16x9">
BLL156: identical 2 / changed 1
  ~ BLL157_1_0.html: -4 +4
     - <div class="videoSection ratio ratio-16x9">
     - <div class="videoSection ratio ratio-16x9">
     - <div class="videoSection ratio ratio-16x9">
     - <div class="videoSection ratio ratio-16x9">
     + <div class="videoSection icon ratio ratio-16x9">
     + <div class="videoSection icon ratio ratio-16x9">
     + <div class="videoSection icon ratio ratio-16x9">
     + <div class="videoSection icon ratio ratio-16x9">
  ~ BLL157_1_1.html: -3 +3
     - <div class="videoSection ratio ratio-16x9">
     - <div class="videoSection ratio ratio-16x9">
     - <div class="videoSection ratio ratio-16x9">
     + <div class="videoSection icon ratio ratio-16x9">
     + <div class="videoSection icon ratio ratio-16x9">
     + <div class="videoSection icon ratio ratio-16x9">
BLL157: identical 1 / changed 2
  ~ BLL160_0_0.html: -18 +18
     - <div class="videoSection ratio ratio-16x9">
     - <div class="videoSection ratio ratio-16x9">
     - <div class="videoSection ratio ratio-16x9">
     - <div class="videoSection ratio ratio-16x9">
     - <div class="videoSection ratio ratio-16x9">
     - <div class="videoSection ratio ratio-16x9">
     - <div class="videoSection ratio ratio-16x9">
     - <div class="videoSection ratio ratio-16x9">
     - <div class="videoSection ratio ratio-16x9">
     - <div class="videoSection ratio ratio-16x9">
     - <div class="videoSection ratio ratio-16x9">
     - <div class="videoSection ratio ratio-16x9">
     - <div class="videoSection ratio ratio-16x9">
     - <div class="videoSection ratio ratio-16x9">
     - <div class="videoSection ratio ratio-16x9">
     - <div class="videoSection ratio ratio-16x9">
     - <div class="videoSection ratio ratio-16x9">
     - <div class="videoSection ratio ratio-16x9">
     + <div class="videoSection icon ratio ratio-16x9">
     + <div class="videoSection icon ratio ratio-16x9">
     + <div class="videoSection icon ratio ratio-16x9">
     + <div class="videoSection icon ratio ratio-16x9">
     + <div class="videoSection icon ratio ratio-16x9">
     + <div class="videoSection icon ratio ratio-16x9">
     + <div class="videoSection icon ratio ratio-16x9">
     + <div class="videoSection icon ratio ratio-16x9">
     + <div class="videoSection icon ratio ratio-16x9">
     + <div class="videoSection icon ratio ratio-16x9">
     + <div class="videoSection icon ratio ratio-16x9">
     + <div class="videoSection icon ratio ratio-16x9">
     + <div class="videoSection icon ratio ratio-16x9">
     + <div class="videoSection icon ratio ratio-16x9">
     + <div class="videoSection icon ratio ratio-16x9">
     + <div class="videoSection icon ratio ratio-16x9">
     + <div class="videoSection icon ratio ratio-16x9">
     + <div class="videoSection icon ratio ratio-16x9">
BLL160: identical 0 / changed 1
  ~ BLL161_1_0.html: -2 +2
     - <div class="videoSection ratio ratio-16x9">
     - <div class="videoSection ratio ratio-16x9">
     + <div class="videoSection icon ratio ratio-16x9">
     + <div class="videoSection icon ratio ratio-16x9">
BLL161: identical 2 / changed 1
  ~ BLL162_1_0.html: -3 +3
     - <div class="videoSection ratio ratio-16x9">
     - <div class="videoSection ratio ratio-16x9">
     - <div class="videoSection ratio ratio-16x9">
     + <div class="videoSection icon ratio ratio-16x9">
     + <div class="videoSection icon ratio ratio-16x9">
     + <div class="videoSection icon ratio ratio-16x9">
BLL162: identical 2 / changed 1
BLL163: identical 3 / changed 0
BLL164: identical 3 / changed 0
BLL165: identical 3 / changed 0
  ~ BLL166_1_1.html: -2 +2
     - <div class="videoSection ratio ratio-16x9">
     - <div class="videoSection ratio ratio-16x9">
     + <div class="videoSection icon ratio ratio-16x9">
     + <div class="videoSection icon ratio ratio-16x9">
BLL166: identical 2 / changed 1
  ~ BLL167_1_0.html: -3 +3
     - <div class="videoSection ratio ratio-16x9">
     - <div class="videoSection ratio ratio-16x9">
     - <div class="videoSection ratio ratio-16x9">
     + <div class="videoSection icon ratio ratio-16x9">
     + <div class="videoSection icon ratio ratio-16x9">
     + <div class="videoSection icon ratio ratio-16x9">
  ~ BLL167_1_1.html: -5 +5
     - <div class="videoSection ratio ratio-16x9">
     - <div class="videoSection ratio ratio-16x9">
     - <div class="videoSection ratio ratio-16x9">
     - <div class="videoSection ratio ratio-16x9">
     - <div class="videoSection ratio ratio-16x9">
     + <div class="videoSection icon ratio ratio-16x9">
     + <div class="videoSection icon ratio ratio-16x9">
     + <div class="videoSection icon ratio ratio-16x9">
     + <div class="videoSection icon ratio ratio-16x9">
     + <div class="videoSection icon ratio ratio-16x9">
BLL167: identical 1 / changed 2
  ~ BLL170_0_0.html: -24 +24
     - <div class="videoSection ratio ratio-16x9">
     - <div class="videoSection ratio ratio-16x9">
     - <div class="videoSection ratio ratio-16x9">
     - <div class="videoSection ratio ratio-16x9">
     - <div class="videoSection ratio ratio-16x9">
     - <div class="videoSection ratio ratio-16x9">
     - <div class="videoSection ratio ratio-16x9">
     - <div class="videoSection ratio ratio-16x9">
     - <div class="videoSection ratio ratio-16x9">
     - <div class="videoSection ratio ratio-16x9">
     - <div class="videoSection ratio ratio-16x9">
     - <div class="videoSection ratio ratio-16x9">
     - <div class="videoSection ratio ratio-16x9">
     - <div class="videoSection ratio ratio-16x9">
     - <div class="videoSection ratio ratio-16x9">
     - <div class="videoSection ratio ratio-16x9">
     - <div class="videoSection ratio ratio-16x9">
     - <div class="videoSection ratio ratio-16x9">
     - <div class="videoSection ratio ratio-16x9">
     - <div class="videoSection ratio ratio-16x9">
     - <div class="videoSection ratio ratio-16x9">
     - <div class="videoSection ratio ratio-16x9">
     - <div class="videoSection ratio ratio-16x9">
     - <div class="videoSection ratio ratio-16x9">
     + <div class="videoSection icon ratio ratio-16x9">
     + <div class="videoSection icon ratio ratio-16x9">
     + <div class="videoSection icon ratio ratio-16x9">
     + <div class="videoSection icon ratio ratio-16x9">
     + <div class="videoSection icon ratio ratio-16x9">
     + <div class="videoSection icon ratio ratio-16x9">
     + <div class="videoSection icon ratio ratio-16x9">
     + <div class="videoSection icon ratio ratio-16x9">
     + <div class="videoSection icon ratio ratio-16x9">
     + <div class="videoSection icon ratio ratio-16x9">
     + <div class="videoSection icon ratio ratio-16x9">
     + <div class="videoSection icon ratio ratio-16x9">
     + <div class="videoSection icon ratio ratio-16x9">
     + <div class="videoSection icon ratio ratio-16x9">
     + <div class="videoSection icon ratio ratio-16x9">
     + <div class="videoSection icon ratio ratio-16x9">
     + <div class="videoSection icon ratio ratio-16x9">
     + <div class="videoSection icon ratio ratio-16x9">
     + <div class="videoSection icon ratio ratio-16x9">
     + <div class="videoSection icon ratio ratio-16x9">
     + … 4 more added
BLL170: identical 0 / changed 1
BLL171: identical 3 / changed 0
BLL172: identical 3 / changed 0
BLL173: identical 3 / changed 0
BLL174: identical 3 / changed 0
BLL175: identical 4 / changed 0
BLL176: identical 3 / changed 0
  ~ BLL177_2_0.html: -3 +3
     - <div class="videoSection ratio ratio-16x9">
     - <div class="videoSection ratio ratio-16x9">
     - <div class="videoSection ratio ratio-16x9">
     + <div class="videoSection icon ratio ratio-16x9">
     + <div class="videoSection icon ratio ratio-16x9">
     + <div class="videoSection icon ratio ratio-16x9">
BLL177: identical 2 / changed 1
BLL210: identical 1 / changed 0
BLL211: identical 3 / changed 0
BLL212: identical 3 / changed 0
BLL213: identical 3 / changed 0
BLL214: identical 3 / changed 0
BLL215: identical 3 / changed 0
BLL216: identical 3 / changed 0
BLL217: identical 3 / changed 0
BLL220: identical 1 / changed 0
BLL221: identical 3 / changed 0
BLL222: identical 3 / changed 0
BLL223: identical 3 / changed 0
BLL224: identical 3 / changed 0
BLL225: identical 3 / changed 0
BLL226: identical 3 / changed 0
BLL227: identical 3 / changed 0
BLL230: identical 1 / changed 0
BLL231: identical 3 / changed 0
BLL232: identical 3 / changed 0
BLL233: identical 3 / changed 0
BLL234: identical 3 / changed 0
BLL235: identical 3 / changed 0
BLL236: identical 3 / changed 0
BLL237: identical 3 / changed 0
BLL240: identical 9 / changed 0
BLL241: identical 3 / changed 0

TOTAL: identical 378 / changed 34 / missing 0 over 111 modules
CHANGED: ANZH105/ANZH105_1_0.html ANZH205/ANZH205_6_0.html ARFUN02/ARFUN02_0_0.html ARFUN04/ARFUN04_0_0.html BLL110/BLL110_0_0.html BLL113/BLL113_2_0.html BLL115/BLL115_2_0.html BLL116/BLL116_1_0.html BLL116/BLL116_2_0.html BLL120/BLL120_0_0.html BLL126/BLL126_2_0.html BLL130/BLL130_0_0.html BLL131/BLL131_2_0.html BLL133/BLL133_2_0.html BLL134/BLL134_2_0.html BLL136/BLL136_1_0.html BLL140/BLL140_0_0.html BLL141/BLL141_2_0.html BLL144/BLL144_1_1.html BLL146/BLL146_2_0.html BLL150/BLL150_0_0.html BLL151/BLL151_1_0.html BLL155/BLL155_1_0.html BLL156/BLL156_1_1.html BLL157/BLL157_1_0.html BLL157/BLL157_1_1.html BLL160/BLL160_0_0.html BLL161/BLL161_1_0.html BLL162/BLL162_1_0.html BLL166/BLL166_1_1.html BLL167/BLL167_1_0.html BLL167/BLL167_1_1.html BLL170/BLL170_0_0.html BLL177/BLL177_2_0.html
