= ANZH/ANZH: members already complete; evidence 10 → 12
= ANZH/ANZHFUN: members already complete; evidence 0 → 1
  ! level ANZHFUN0 delta corrected to gold (floor 0 → 1; 9 un-goldened member(s) ANZHFUN01,ANZHFUN02,ANZHFUN03,ANZHFUN04,ANZHFUN06 keep the row): body_class "container-fluid fundamentals" → "fundamentals container-fluid", module_code {"overview":"—","lesson":"free-text:\"ANZHFUN01\""} → {"overview":"full-code"}, h1_count {"overview":"—","lesson":"2"} → {"overview":"2"}, menu_type {"overview":"—","lesson":"none"} → {"overview":"none"}, footer_links {"overview":"—","lesson":"prev+next+home","final":"—"} → {"overview":"prev+next+home"}, page_model "multi-file" → "single-file"
+ NEW base 1-10 Blended Literacy/BLLR: 3 gold modules, levels BLLR2
    split footer_links: {"overview":"prev+next+home","lesson":"prev+next+home"} 2/3 | {"overview":"next+home","lesson":"prev+next+home"} ×1 (BLLR203)
+ NEW base NCEA1/CBI: 4 gold modules, levels CBI1
    split menu_type: {"overview":"tabs","lesson":"none"} 2/4 | {"overview":"tabs","lesson":"simplified"} ×2 (CBI1008,CBI1009)
    split menu_button_tooltip: {"overview":"no","lesson":"no"} 2/4 | {"overview":"yes","lesson":"no"} ×1 (CBI1009) | {"overview":"yes","lesson":"yes"} ×1 (CBI1008)
  + level CEDO.CEDO4 created
~ ConnectED/CEDO: members +2 (CEDO201 CEDO402); evidence 6 → 9
~ 1-10 Languages/CHFUN: members +1 (CHFUN08); evidence 5 → 6
+ NEW base NCEA1/CHI: 3 gold modules, levels CHI1
    split menu_button_tooltip: {"overview":"yes","lesson":"no"} 2/3 | {"overview":"yes","lesson":"yes"} ×1 (CHI1003)
+ NEW base 1-10 Languages/CHWHA: 1 gold modules, levels CHWHA
+ NEW base NCEA1/COM: 3 gold modules, levels COM1
    split menu_button_tooltip: {"overview":"no","lesson":"yes"} 2/3 | {"overview":"no","lesson":"no"} ×1 (COM1002)
    split footer_links: {"overview":"next+home","lesson":"prev+next+home"} 2/3 | {"overview":"prev+next+home","lesson":"prev+next+home"} ×1 (COM1002)
+ NEW base NCEA1/DAN: 3 gold modules, levels DAN1
+ NEW base NCEA1/DTC: 2 gold modules, levels DTC1
    split menu_button_tooltip: {"overview":"no","lesson":"no"} 1/2 | {"overview":"no"} ×1 (DTC1004)
    split footer_links: {"overview":"next+home","lesson":"prev+next+home"} 1/2 | {"overview":"prev+next+home","lesson":"prev+next+home"} ×1 (DTC1004)
~ 1-10 English/ENGC: members +3 (ENGC204 ENGC206 ENGC403); evidence 7 → 10
~ 1-10 English/ENGS: members +2 (ENGS404 ENGS405); evidence 7 → 9
  + level ENO.ENO2 created
~ NCEA1/ENO: members +1 (ENO2060); evidence 0 → 1
  ! level ENO2 delta corrected to gold (floor 0 → 1; 7 un-goldened member(s) ENO1001,ENO1021,ENO1022,ENO1044,ENO1055 keep the row): idoc_host "none" → "tekura", module_code {"overview":"full-code","lesson":"decimal"} → {"overview":"full-code","lesson":"padded-number"}, h1_count {"overview":"2","lesson":"1"} → {"overview":"2","lesson":"2"}, menu_button_tooltip {"overview":"no","lesson":"no"} → {"overview":"yes","lesson":"yes"}, footer_links {"overview":"next+home","lesson":"prev+next+home","final":"prev+home"} → {"overview":"next+home","lesson":"prev+next+home"}
! FRFUN: HELD BACK — measured, not registered (the multi-file level-page fundamentals dialect has no renderer yet)
+ NEW base 1-10 Languages/FRNO: 2 gold modules, levels FRNO9
    split module_code: {"overview":"full-code","lesson":"decimal"} 1/2 | {"overview":"full-code","lesson":"padded-number"} ×1 (FRNO902)
    split h1_count: {"overview":"2","lesson":"1"} 1/2 | {"overview":"2","lesson":"2"} ×1 (FRNO901)
    split menu_button_tooltip: {"overview":"no","lesson":"no"} 1/2 | {"overview":"yes","lesson":"yes"} ×1 (FRNO902)
+ NEW base 1-10 Languages/GENO: 1 gold modules, levels GENO9
+ NEW base NCEA1/GEO: 3 gold modules, levels GEO1
    split menu_type: {"overview":"tabs","lesson":"simplified"} 2/3 | {"overview":"tabs","lesson":"none"} ×1 (GEO1004)
    split menu_button_tooltip: {"overview":"no","lesson":"no"} 2/3 | {"overview":"no"} ×1 (GEO1004)
+ NEW base NCEA1/GER: 6 gold modules, levels GER1
    split module_code: {"overview":"full-code","lesson":"decimal"} 4/6 | {"overview":"full-code","lesson":"free-text:\"Lesson\""} ×1 (GER1002) | {"overview":"full-code","lesson":"padded-number"} ×1 (GER1003)
    split h1_count: {"overview":"1","lesson":"1"} 3/6 | {"overview":"2","lesson":"1"} ×2 (GER1004,GER1007) | {"overview":"2","lesson":"2"} ×1 (GER1002)
    split menu_type: {"overview":"tabs","lesson":"none"} 4/6 | {"overview":"tabs","lesson":"tabs"} ×2 (GER1002,GER1004)
    split footer_links: {"overview":"next+home","lesson":"prev+next+home"} 3/6 | {"overview":"prev+next+home","lesson":"prev+next+home"} ×3 (GER1002,GER1003,GER1004)
+ NEW base 1-10 Languages/GEWHA: 1 gold modules, levels GEWHA
= NCEA1/HES: members already complete; evidence 5 → 6
+ NEW base 1-10 Languages/JPFUN: 2 gold modules, levels JPFUN0
+ NEW base NCEA1/JPN: 1 gold modules, levels JPN1
+ NEW base NCEA1/MUS: 2 gold modules, levels MUS1
    split h1_count: {"overview":"1","lesson":"1"} 1/2 | {"overview":"2","lesson":"2"} ×1 (MUS1006)
    split menu_button_tooltip: {"overview":"no","lesson":"no"} 1/2 | {"overview":"no"} ×1 (MUS1006)
    split footer_links: {"overview":"next+home","lesson":"prev+next+home"} 1/2 | {"overview":"prev+next+home","lesson":"prev+next+home"} ×1 (MUS1004)
+ NEW base NCEA1/MXS: 1 gold modules, levels MXS1
+ NEW base Te Marautanga o Aotearoa TMoA/PMT: 1 gold modules, levels PMT1
~ Te Marautanga o Aotearoa TMoA/PNR: members +1 (PNR107); evidence 3 → 4
+ NEW base NCEA1/PWY: 5 gold modules, levels PWY1
    split idoc_host: "tekura" 3/5 | "tekuradev" ×2 (PWY1001,PWY1007)
    split h1_count: {"overview":"1","lesson":"1"} 3/5 | {"overview":"2","lesson":"1"} ×2 (PWY1008,PWY1009)
+ NEW base NCEA1/PWYWHA: 1 gold modules, levels PWYWHA1
+ NEW base NCEA1/SAM: 2 gold modules, levels SAM1
    split menu_button_tooltip: {"overview":"no","lesson":"no"} 1/2 | {"overview":"yes","lesson":"no"} ×1 (SAM1005)
+ NEW base 1-10 Science/SCBI: 1 gold modules, levels SCBI3
+ NEW base 1-10 Science/SCES: 1 gold modules, levels SCES2
+ NEW base NCEA1/SPA: 1 gold modules, levels SPA1
  + level TRR.TRR2 created
  + level TRR.TRR3 created
~ Te Marautanga o Aotearoa TMoA/TRR: members +6 (TRR109 TRR110 TRR116 TRR203 TRR301 TRR304); evidence 12 → 18
  + subject bucket "1-10 Writing (MiW)" created (empty subject_rules)
+ NEW base 1-10 Writing (MiW)/WJFUN: 21 gold modules, levels WJFUN1,WJFUN2,WJFUN3
    split template_phase: "1-3" 9/21 | "4-6" ×6 (WJFUN205,WJFUN206,WJFUN208,WJFUN210,WJFUN211,WJFUN212) | "7-8" ×5 (WJFUN304,WJFUN305,WJFUN306,WJFUN307,WJFUN308) | "combo" ×1 (WJFUN112)
    split footer_class: "footer-nav" 13/21 | "footer-nav fundamentals-nav" ×8 (WJFUN112,WJFUN113,WJFUN206,WJFUN208,WJFUN210,WJFUN211,WJFUN212,WJFUN305)
    split h1_count: {"overview":"2"} 13/21 | {"overview":"1"} ×8 (WJFUN105,WJFUN106,WJFUN107,WJFUN109,WJFUN116,WJFUN206,WJFUN304,WJFUN308)
= Leaving to Learn/XOTPB: members already complete; evidence 0 → 6
  ! level XOTPB0 delta corrected to gold (floor 0 → 6; 7 un-goldened member(s) XOTPB02,XOTPB03,XOTPB04,XOTPB05,XOTPB06 keep the row): module_code {"overview":"free-text:\"XOTPB09\"","lesson":"—"} → {"lesson":"full-code"}, h1_count {"overview":"2","lesson":"—"} → {"lesson":"2"}, menu_type {"overview":"simplified","lesson":"—"} → {"lesson":"simplified"}, menu_button_tooltip {"overview":"no","lesson":"no"} → {"lesson":"no"}, footer_links {"overview":"next+home","lesson":"—","final":"prev+home"} → {"lesson":"next+home"}
  ! level XOTPB1 delta corrected to gold (floor 0 → 6; 7 un-goldened member(s) XOTPB02,XOTPB03,XOTPB04,XOTPB05,XOTPB06 keep the row): module_code {"overview":"free-text:\"XOTPB14\"","lesson":"—"} → {"lesson":"full-code"}, h1_count {"overview":"2","lesson":"—"} → {"lesson":"2"}, menu_type {"overview":"simplified","lesson":"—"} → {"lesson":"simplified"}, menu_button_tooltip {"overview":"no","lesson":"no"} → {"lesson":"no"}, footer_links {"overview":"next+home","lesson":"—","final":"prev+home"} → {"lesson":"next+home"}
= Leaving to Learn/XOTPG: members already complete; evidence 0 → 5
  ! level XOTPG0 delta corrected to gold (floor 0 → 5; 9 un-goldened member(s) XOTPG02,XOTPG07,XOTPG08,XOTPG09,XOTPG10 keep the row): module_code {"overview":"free-text:\"XOTPG10\"","lesson":"—"} → {"lesson":"full-code"}, h1_count {"overview":"2","lesson":"—"} → {"lesson":"2"}, menu_type {"overview":"simplified","lesson":"—"} → {"lesson":"simplified"}, menu_button_tooltip {"overview":"no","lesson":"no"} → {"lesson":"no"}, footer_links {"overview":"next+home","lesson":"—","final":"prev+home"} → {"lesson":"next+home"}
= Leaving to Learn/XOTPO: members already complete; evidence 0 → 1
  ! level XOTPO0 delta corrected to gold (floor 0 → 1; 13 un-goldened member(s) XOTPO02,XOTPO03,XOTPO04,XOTPO05,XOTPO06 keep the row): module_code {"overview":"free-text:\"XOTPO09\"","lesson":"—"} → {"lesson":"full-code"}, h1_count {"overview":"2","lesson":"—"} → {"lesson":"2"}, menu_type {"overview":"simplified","lesson":"—"} → {"lesson":"simplified"}, menu_button_tooltip {"overview":"no","lesson":"no"} → {"lesson":"no"}, footer_links {"overview":"next+home","lesson":"—","final":"prev+home"} → {"lesson":"next+home"}

== SUMMARY ==
new bases (24): 1-10 Blended Literacy/BLLR (3), NCEA1/CBI (4), NCEA1/CHI (3), 1-10 Languages/CHWHA (1), NCEA1/COM (3), NCEA1/DAN (3), NCEA1/DTC (2), 1-10 Languages/FRNO (2), 1-10 Languages/GENO (1), NCEA1/GEO (3), NCEA1/GER (6), 1-10 Languages/GEWHA (1), 1-10 Languages/JPFUN (2), NCEA1/JPN (1), NCEA1/MUS (2), NCEA1/MXS (1), Te Marautanga o Aotearoa TMoA/PMT (1), NCEA1/PWY (5), NCEA1/PWYWHA (1), NCEA1/SAM (2), 1-10 Science/SCBI (1), 1-10 Science/SCES (1), NCEA1/SPA (1), 1-10 Writing (MiW)/WJFUN (21)
subject buckets created: 1-10 Writing (MiW)
rows replaced from gold (floor flipped, all members gold): none
level deltas corrected (floor flipped, un-goldened members kept): ANZH/ANZHFUN.ANZHFUN0: body_class "container-fluid fundamentals" → "fundamentals container-fluid", module_code {"overview":"—","lesson":"free-text:\"ANZHFUN01\""} → {"overview":"full-code"}, h1_count {"overview":"—","lesson":"2"} → {"overview":"2"}, menu_type {"overview":"—","lesson":"none"} → {"overview":"none"}, footer_links {"overview":"—","lesson":"prev+next+home","final":"—"} → {"overview":"prev+next+home"}, page_model "multi-file" → "single-file" ; NCEA1/ENO.ENO2: idoc_host "none" → "tekura", module_code {"overview":"full-code","lesson":"decimal"} → {"overview":"full-code","lesson":"padded-number"}, h1_count {"overview":"2","lesson":"1"} → {"overview":"2","lesson":"2"}, menu_button_tooltip {"overview":"no","lesson":"no"} → {"overview":"yes","lesson":"yes"}, footer_links {"overview":"next+home","lesson":"prev+next+home","final":"prev+home"} → {"overview":"next+home","lesson":"prev+next+home"} ; Leaving to Learn/XOTPB.XOTPB0: module_code {"overview":"free-text:\"XOTPB09\"","lesson":"—"} → {"lesson":"full-code"}, h1_count {"overview":"2","lesson":"—"} → {"lesson":"2"}, menu_type {"overview":"simplified","lesson":"—"} → {"lesson":"simplified"}, menu_button_tooltip {"overview":"no","lesson":"no"} → {"lesson":"no"}, footer_links {"overview":"next+home","lesson":"—","final":"prev+home"} → {"lesson":"next+home"} ; Leaving to Learn/XOTPB.XOTPB1: module_code {"overview":"free-text:\"XOTPB14\"","lesson":"—"} → {"lesson":"full-code"}, h1_count {"overview":"2","lesson":"—"} → {"lesson":"2"}, menu_type {"overview":"simplified","lesson":"—"} → {"lesson":"simplified"}, menu_button_tooltip {"overview":"no","lesson":"no"} → {"lesson":"no"}, footer_links {"overview":"next+home","lesson":"—","final":"prev+home"} → {"lesson":"next+home"} ; Leaving to Learn/XOTPG.XOTPG0: module_code {"overview":"free-text:\"XOTPG10\"","lesson":"—"} → {"lesson":"full-code"}, h1_count {"overview":"2","lesson":"—"} → {"lesson":"2"}, menu_type {"overview":"simplified","lesson":"—"} → {"lesson":"simplified"}, menu_button_tooltip {"overview":"no","lesson":"no"} → {"lesson":"no"}, footer_links {"overview":"next+home","lesson":"—","final":"prev+home"} → {"lesson":"next+home"} ; Leaving to Learn/XOTPO.XOTPO0: module_code {"overview":"free-text:\"XOTPO09\"","lesson":"—"} → {"lesson":"full-code"}, h1_count {"overview":"2","lesson":"—"} → {"lesson":"2"}, menu_type {"overview":"simplified","lesson":"—"} → {"lesson":"simplified"}, menu_button_tooltip {"overview":"no","lesson":"no"} → {"lesson":"no"}, footer_links {"overview":"next+home","lesson":"—","final":"prev+home"} → {"lesson":"next+home"}
held back (measured, not registered): FRFUN (3 gold modules — measured, not registered; see the HELD_BACK note)
members added: 7 bases
   ConnectED/CEDO: CEDO201 CEDO402
   1-10 Languages/CHFUN: CHFUN08
   1-10 English/ENGC: ENGC204 ENGC206 ENGC403
   1-10 English/ENGS: ENGS404 ENGS405
   NCEA1/ENO: ENO2060
   Te Marautanga o Aotearoa TMoA/PNR: PNR107
   Te Marautanga o Aotearoa TMoA/TRR: TRR109 TRR110 TRR116 TRR203 TRR301 TRR304
