XOTPB08 [Writers Template]: differs — 2 line(s):
< ⚠ [TITLE BAR] marker not found. Showing all extracted content.
> ℹ Activity-table template detected (a "Section heading | Text/Activity" table, no red tags) — no [TITLE BAR] expected. Showing all extracted con
XOTPB09 [Writers Template]: differs — 2 line(s):
< ⚠ [TITLE BAR] marker not found. Showing all extracted content.
> ℹ Activity-table template detected (a "Section heading | Text/Activity" table, no red tags) — no [TITLE BAR] expected. Showing all extracted con
XOTPB10 [Writers Template]: differs — 2 line(s):
< ⚠ [TITLE BAR] marker not found. Showing all extracted content.
> ℹ Activity-table template detected (a "Section heading | Text/Activity" table, no red tags) — no [TITLE BAR] expected. Showing all extracted con
XOTPB11 [Writers Template]: differs — 2 line(s):
< ⚠ [TITLE BAR] marker not found. Showing all extracted content.
> ℹ Activity-table template detected (a "Section heading | Text/Activity" table, no red tags) — no [TITLE BAR] expected. Showing all extracted con
XOTPB12 [Writers Template]: differs — 2 line(s):
< ⚠ [TITLE BAR] marker not found. Showing all extracted content.
> ℹ Activity-table template detected (a "Section heading | Text/Activity" table, no red tags) — no [TITLE BAR] expected. Showing all extracted con
XOTPB13 [Writers Template]: differs — 2 line(s):
< ⚠ [TITLE BAR] marker not found. Showing all extracted content.
> ℹ Activity-table template detected (a "Section heading | Text/Activity" table, no red tags) — no [TITLE BAR] expected. Showing all extracted con
XOTPG01 [Writers Template]: differs — 2 line(s):
< ⚠ [TITLE BAR] marker not found. Showing all extracted content.
> ℹ Activity-table template detected (a "Section heading | Text/Activity" table, no red tags) — no [TITLE BAR] expected. Showing all extracted con
XOTPG03 [Writers Template]: differs — 2 line(s):
< ⚠ [TITLE BAR] marker not found. Showing all extracted content.
> ℹ Activity-table template detected (a "Section heading | Text/Activity" table, no red tags) — no [TITLE BAR] expected. Showing all extracted con
XOTPG04 [Writers Template]: differs — 2 line(s):
< ⚠ [TITLE BAR] marker not found. Showing all extracted content.
> ℹ Activity-table template detected (a "Section heading | Text/Activity" table, no red tags) — no [TITLE BAR] expected. Showing all extracted con
XOTPG05 [Writers Template]: differs — 2 line(s):
< ⚠ [TITLE BAR] marker not found. Showing all extracted content.
> ℹ Activity-table template detected (a "Section heading | Text/Activity" table, no red tags) — no [TITLE BAR] expected. Showing all extracted con
XOTPG06 [Writers Template]: differs — 2 line(s):
< ⚠ [TITLE BAR] marker not found. Showing all extracted content.
> ℹ Activity-table template detected (a "Section heading | Text/Activity" table, no red tags) — no [TITLE BAR] expected. Showing all extracted con
XOTPO01 [Writers Template]: differs — 2 line(s):
< ⚠ [TITLE BAR] marker not found. Showing all extracted content.
> ℹ Activity-table template detected (a "Section heading | Text/Activity" table, no red tags) — no [TITLE BAR] expected. Showing all extracted con
PMT101 [Writers Template]: byte-identical to the corpus parsed txt
PMT101 [Media List]: byte-identical to the corpus parsed txt
PNR107 [Writers Template]: byte-identical to the corpus parsed txt
SCCH301 [Writers Template]: byte-identical to the corpus parsed txt
SCCH301 [Media List]: byte-identical to the corpus parsed txt
WJFUN105 [Writers Template]: byte-identical to the corpus parsed txt
WJFUN105 [Media List]: byte-identical to the corpus parsed txt
TRR102 [Media List]: byte-identical
