SKELETON STRUCTURAL MATCH — 2349 paired pages (text-immune, 100% of structure)

pairs skipped (parse error): 0
RAW match (full structure, incl. widget internals): mean 38.0%
   ^ low because Phase-1 widgets are by-design PLACEHOLDERS vs the human's built widgets.

SCAFFOLD match (widgets collapsed to one marker — the Phase-1 target: rows/cols/
activities/sections + widget POSITIONS): mean 53.8%  median 54.7%
  pages >=  95% SCAFFOLD match:    8 ( 0.3%)
  pages >=  90% SCAFFOLD match:   20 ( 0.9%)
  pages >=  75% SCAFFOLD match:  236 (10.0%)
  pages >=  50% SCAFFOLD match: 1408 (59.9%)
  pages <  50% scaffold match: 941

== per-module mean SCAFFOLD match (worst 25) ==
  MXFUN02     5.8%  (1 pages)
  JPFUN02     6.0%  (1 pages)
  CEDT104     7.0%  (1 pages)
  MXFUN03     8.1%  (1 pages)
  TWHK901     9.3%  (1 pages)
  JPFUN01     9.3%  (1 pages)
  ARFUN04     9.8%  (1 pages)
  TWHA905    10.5%  (1 pages)
  ANZHFUN05  11.0%  (1 pages)
  EXPFUN05   11.1%  (1 pages)
  CEDW201    13.8%  (1 pages)
  EXPFUN03   14.8%  (1 pages)
  TEFUN03    14.9%  (1 pages)
  CEDT208    14.9%  (1 pages)
  PWYWHA1    15.2%  (1 pages)
  CEDO204    17.0%  (1 pages)
  TRR116     17.7%  (5 pages)
  TWHA903    18.3%  (1 pages)
  TWHA901    18.6%  (1 pages)
  ART1005    19.5%  (1 pages)
  ARFUN02    20.4%  (1 pages)
  EXPFUN02   20.9%  (1 pages)
  SSFUN01    21.2%  (1 pages)
  EXPFUN04   21.4%  (1 pages)
  ART1003    22.8%  (1 pages)

== worst individual pages by SCAFFOLD match (top 20) ==
  MXFUN01_0_0.html           scaffold   0.7%  (raw    1%)
  BLL240_1_0.html            scaffold   4.5%  (raw    3%)
  MXFUN02_0_0.html           scaffold   5.8%  (raw    4%)
  JPFUN02_0_0.html           scaffold   6.0%  (raw    4%)
  SSFUN07_2_0.html           scaffold   6.1%  (raw    4%)
  CEDT104_0_0.html           scaffold   7.0%  (raw    8%)
  CEDT301_6_0.html           scaffold   7.4%  (raw    6%)
  MXFUN03_0_0.html           scaffold   8.1%  (raw    6%)
  TWHK901_0_0.html           scaffold   9.3%  (raw   11%)
  JPFUN01_0_0.html           scaffold   9.3%  (raw    5%)
  TRR304_3_0.html            scaffold   9.5%  (raw    9%)
  ARFUN04_0_0.html           scaffold   9.8%  (raw    6%)
  TWHA905_0_0.html           scaffold  10.5%  (raw    8%)
  EXIP901_4_0.html           scaffold  10.6%  (raw    8%)
  XDLS911_1_0.html           scaffold  10.8%  (raw    6%)
  MODULE_0_0.html            scaffold  11.0%  (raw   12%)
  EXPFUN05_0_0.html          scaffold  11.1%  (raw   13%)
  TRR116_0_0.html            scaffold  12.1%  (raw    6%)
  MXDB301_3_0.html           scaffold  12.1%  (raw    7%)
  ENGJ302_1_0.html           scaffold  12.3%  (raw   11%)

wrote ../../outputs/_s29_r413_sk_final.json
