AGH1001: identical 6 / changed 0
AGH1002: identical 7 / changed 0
AGH1003: identical 9 / changed 0
AGH1004: identical 7 / changed 0
AGH1005: identical 9 / changed 0
AGH1006: identical 10 / changed 0
AGH1007: identical 10 / changed 0
  ~ AGH1008_5_0.html: -20 +10
     - <div class="activity interactive" number="5C">
     - <div class="row">
     - <div class="col-12">
     - <div class="cv2-interactive cv2-int-ref" data-cv2-index="12" data-cv2-ref="AGH1008-05-01" style="border: 8px s
     - <div style="display: flex; align-items: center; gap: 14px"><span style="flex: 1; text-align: center; font-weig
     - <div class="cv2-int-raw" style="display: grid; grid-template-rows: 0fr; transition: grid-template-rows 0.35s e
     - <div style="min-height: 0; overflow: hidden">
     - <div style="padding-top: 14px">
     - <div class="cv2-interactive" data-cv2-index="12" style="border: 3px dashed #d9480f; background: #fff4e6; paddi
     - <p style="color: #d9480f; font-weight: bold">⚙ INTERACTIVE (un-built) #12: interactive — Activity (inline) — s
     - <div style="font-size: 0.95em">
     - <p>Click on the heading to get the additional information.</p>
     - </div>
     - </div>
     - </div>
     - <div class="col-md-8 col-12">
     - <div class="activity" number="5E">
     - <div class="row">
     - </div>
     - </div>
     + <div class="cv2-interactive cv2-int-ref" data-cv2-index="12" data-cv2-ref="AGH1008-05-01" style="border: 8px s
     + <div style="display: flex; align-items: center; gap: 14px"><span style="flex: 1; text-align: center; font-weig
     + <div class="cv2-int-raw" style="display: grid; grid-template-rows: 0fr; transition: grid-template-rows 0.35s e
     + <div style="min-height: 0; overflow: hidden">
     + <div style="padding-top: 14px">
     + <div class="cv2-interactive" data-cv2-index="12" style="border: 3px dashed #d9480f; background: #fff4e6; paddi
     + <p style="color: #d9480f; font-weight: bold">⚙ INTERACTIVE (un-built) #12: interactive — Activity (inline) — s
     + <div style="font-size: 0.95em">
     + <p>Click on the heading to get the additional information.</p>
     + <div class="activity" number="5C">
AGH1008: identical 9 / changed 1
AGH1009: identical 10 / changed 0
ANZH101: identical 4 / changed 0
ANZH103: identical 2 / changed 0
ANZH104: identical 8 / changed 0
ANZH105: identical 8 / changed 0
  ~ ANZH203_3_0.html: -22 +11
     - <div class="activity interactive" number="3D">
     - <div class="row">
     - <div class="col-12">
     - <div class="cv2-interactive cv2-int-ref" data-cv2-index="3" data-cv2-ref="ANZH203-03-02" style="border: 8px so
     - <div style="display: flex; align-items: center; gap: 14px"><span style="flex: 1; text-align: center; font-weig
     - <div class="cv2-int-raw" style="display: grid; grid-template-rows: 0fr; transition: grid-template-rows 0.35s e
     - <div style="min-height: 0; overflow: hidden">
     - <div style="padding-top: 14px">
     - <div class="cv2-interactive" data-cv2-index="3" style="border: 3px dashed #d9480f; background: #fff4e6; paddin
     - <p style="color: #d9480f; font-weight: bold">⚙ INTERACTIVE (un-built) #3: interactive — Activity (inline) — se
     - <div style="font-size: 0.95em">
     - <p>You will find this document in your journal which will help you to analyse this source.</p>
     - <p><a href="https://natlib.govt.nz/files/schools/primary-source-tool-analyse-a-tuhinga-whakaputa-published-doc
     - <p>[Add button] Go to journal</p>
     - </div>
     - </div>
     - </div>
     - <h4 class="goJournal">Go to your journal</h4>
     - <div class="row">
     - <div class="col-md-8 col-12">
     - </div>
     - </div>
     + <div class="cv2-interactive cv2-int-ref" data-cv2-index="3" data-cv2-ref="ANZH203-03-02" style="border: 8px so
     + <div style="display: flex; align-items: center; gap: 14px"><span style="flex: 1; text-align: center; font-weig
     + <div class="cv2-int-raw" style="display: grid; grid-template-rows: 0fr; transition: grid-template-rows 0.35s e
     + <div style="min-height: 0; overflow: hidden">
     + <div style="padding-top: 14px">
     + <div class="cv2-interactive" data-cv2-index="3" style="border: 3px dashed #d9480f; background: #fff4e6; paddin
     + <p style="color: #d9480f; font-weight: bold">⚙ INTERACTIVE (un-built) #3: interactive — Activity (inline) — se
     + <div style="font-size: 0.95em">
     + <p>You will find this document in your journal which will help you to analyse this source.</p>
     + <p><a href="https://natlib.govt.nz/files/schools/primary-source-tool-analyse-a-tuhinga-whakaputa-published-doc
     + <p>[Add button] Go to journal</p>
ANZH203: identical 6 / changed 1
ANZH205: identical 7 / changed 0
  ~ ANZH301_7_0.html: -20 +10
     - <div class="activity interactive" number="7B">
     - <div class="row">
     - <div class="col-12">
     - <div class="cv2-interactive cv2-int-ref" data-cv2-index="18" data-cv2-ref="ANZH301-07-01" style="border: 8px s
     - <div style="display: flex; align-items: center; gap: 14px"><span style="flex: 1; text-align: center; font-weig
     - <div class="cv2-int-raw" style="display: grid; grid-template-rows: 0fr; transition: grid-template-rows 0.35s e
     - <div style="min-height: 0; overflow: hidden">
     - <div style="padding-top: 14px">
     - <div class="cv2-interactive" data-cv2-index="18" style="border: 3px dashed #d9480f; background: #fff4e6; paddi
     - <p style="color: #d9480f; font-weight: bold">⚙ INTERACTIVE (un-built) #18: interactive — Activity (inline) — s
     - <div style="font-size: 0.95em">
     - <p>Urban Māori protest movements – Urban Māori – Te Ara Encyclopedia of New Zealand</p>
     - </div>
     - </div>
     - </div>
     - <div class="col-md-8 col-12">
     - <div class="activity" number="7D">
     - <div class="row">
     - </div>
     - </div>
     + <div class="cv2-interactive cv2-int-ref" data-cv2-index="18" data-cv2-ref="ANZH301-07-01" style="border: 8px s
     + <div style="display: flex; align-items: center; gap: 14px"><span style="flex: 1; text-align: center; font-weig
     + <div class="cv2-interactive" data-cv2-index="18" style="border: 3px dashed #d9480f; background: #fff4e6; paddi
     + <p style="color: #d9480f; font-weight: bold">⚙ INTERACTIVE (un-built) #18: interactive — Activity (inline) — s
     + <p>Urban Māori protest movements – Urban Māori – Te Ara Encyclopedia of New Zealand</p>
     + <div class="activity" number="7B">
     + <div class="cv2-int-raw" style="display: grid; grid-template-rows: 0fr; transition: grid-template-rows 0.35s e
     + <div style="min-height: 0; overflow: hidden">
     + <div style="padding-top: 14px">
     + <div style="font-size: 0.95em">
ANZH301: identical 10 / changed 1
  ~ ANZH302_7_0.html: -20 +10
     - <div class="activity interactive" number="7B">
     - <div class="row">
     - <div class="col-12">
     - <div class="cv2-interactive cv2-int-ref" data-cv2-index="18" data-cv2-ref="ANZH302-07-01" style="border: 8px s
     - <div style="display: flex; align-items: center; gap: 14px"><span style="flex: 1; text-align: center; font-weig
     - <div class="cv2-int-raw" style="display: grid; grid-template-rows: 0fr; transition: grid-template-rows 0.35s e
     - <div style="min-height: 0; overflow: hidden">
     - <div style="padding-top: 14px">
     - <div class="cv2-interactive" data-cv2-index="18" style="border: 3px dashed #d9480f; background: #fff4e6; paddi
     - <p style="color: #d9480f; font-weight: bold">⚙ INTERACTIVE (un-built) #18: interactive — Activity (inline) — s
     - <div style="font-size: 0.95em">
     - <p>Urban Māori protest movements – Urban Māori – Te Ara Encyclopedia of New Zealand</p>
     - </div>
     - </div>
     - </div>
     - <div class="col-md-8 col-12">
     - <div class="activity" number="7D">
     - <div class="row">
     - </div>
     - </div>
     + <div class="cv2-interactive cv2-int-ref" data-cv2-index="18" data-cv2-ref="ANZH302-07-01" style="border: 8px s
     + <div style="display: flex; align-items: center; gap: 14px"><span style="flex: 1; text-align: center; font-weig
     + <div class="cv2-interactive" data-cv2-index="18" style="border: 3px dashed #d9480f; background: #fff4e6; paddi
     + <p style="color: #d9480f; font-weight: bold">⚙ INTERACTIVE (un-built) #18: interactive — Activity (inline) — s
     + <p>Urban Māori protest movements – Urban Māori – Te Ara Encyclopedia of New Zealand</p>
     + <div class="activity" number="7B">
     + <div class="cv2-int-raw" style="display: grid; grid-template-rows: 0fr; transition: grid-template-rows 0.35s e
     + <div style="min-height: 0; overflow: hidden">
     + <div style="padding-top: 14px">
     + <div style="font-size: 0.95em">
ANZH302: identical 10 / changed 1
ANZH303: identical 7 / changed 0
ANZH304: identical 7 / changed 0
ANZH401: identical 14 / changed 0
ANZH404: identical 7 / changed 0
ANZHFUN05: identical 1 / changed 0
ARFUN01: identical 1 / changed 0
ARFUN02: identical 1 / changed 0
ARFUN03: identical 1 / changed 0
ARFUN04: identical 1 / changed 0
ARFUN05: identical 1 / changed 0
ART1002: identical 8 / changed 0
ART1003: identical 1 / changed 0
ART1004: identical 1 / changed 0
ART1005: identical 1 / changed 0
ART1006: identical 6 / changed 0
BLL110: identical 1 / changed 0
  ~ BLL111_1_0.html: -21 +11
     - <div class="activity interactive" number="1E">
     - <div class="row">
     - <div class="col-12">
     - <div class="cv2-interactive cv2-int-ref" data-cv2-index="3" data-cv2-ref="BLL111-01-03" style="border: 8px sol
     - <div style="display: flex; align-items: center; gap: 14px"><span style="flex: 1; text-align: center; font-weig
     - <div class="cv2-int-raw" style="display: grid; grid-template-rows: 0fr; transition: grid-template-rows 0.35s e
     - <div style="min-height: 0; overflow: hidden">
     - <div style="padding-top: 14px">
     - <p class="cv2-note" style="color: red; font-weight: bold;">Writers Note: Can we create something like this ple
     - <div class="cv2-interactive" data-cv2-index="3" style="border: 3px dashed #d9480f; background: #fff4e6; paddin
     - <p style="color: #d9480f; font-weight: bold">⚙ INTERACTIVE (un-built) #3: dragAndDrop — Activity (inline) — se
     - <div style="font-size: 0.95em">
     - <p>When you have made a correct word, can you tell your supervisor a sentence that has that word in it? For ex
     - <p>the bin.”</p>
     - </div>
     - </div>
     - <div class="col-md-8 col-12">
     - <div class="row">
     - </div>
     - </div>
     - </div>
     + <div class="cv2-interactive cv2-int-ref" data-cv2-index="3" data-cv2-ref="BLL111-01-03" style="border: 8px sol
     + <div style="display: flex; align-items: center; gap: 14px"><span style="flex: 1; text-align: center; font-weig
     + <p class="cv2-note" style="color: red; font-weight: bold;">Writers Note: Can we create something like this ple
     + <div class="cv2-interactive" data-cv2-index="3" style="border: 3px dashed #d9480f; background: #fff4e6; paddin
     + <p style="color: #d9480f; font-weight: bold">⚙ INTERACTIVE (un-built) #3: dragAndDrop — Activity (inline) — se
     + <p>When you have made a correct word, can you tell your supervisor a sentence that has that word in it? For ex
     + <p>the bin.”</p>
     + <div class="cv2-int-raw" style="display: grid; grid-template-rows: 0fr; transition: grid-template-rows 0.35s e
     + <div style="min-height: 0; overflow: hidden">
     + <div style="padding-top: 14px">
     + <div style="font-size: 0.95em">
  ~ BLL111_2_0.html: -20 +10
     - <div class="activity interactive" number="2C">
     - <div class="row">
     - <div class="col-12">
     - <div class="cv2-interactive cv2-int-ref" data-cv2-index="6" data-cv2-ref="BLL111-02-02" style="border: 8px sol
     - <div style="display: flex; align-items: center; gap: 14px"><span style="flex: 1; text-align: center; font-weig
     - <div class="cv2-int-raw" style="display: grid; grid-template-rows: 0fr; transition: grid-template-rows 0.35s e
     - <div style="min-height: 0; overflow: hidden">
     - <div style="padding-top: 14px">
     - <div class="cv2-interactive" data-cv2-index="6" style="border: 3px dashed #d9480f; background: #fff4e6; paddin
     - <p style="color: #d9480f; font-weight: bold">⚙ INTERACTIVE (un-built) #6: dragAndDrop — Activity (inline) — se
     - <div style="font-size: 0.95em">
     - <p>When you have made a word, can you tell your supervisor a sentence that has that word in it? For example, “
     - <p>on the chair.”</p>
     - </div>
     - </div>
     - <div class="col-md-8 col-12">
     - </div>
     - <div class="row">
     - </div>
     - </div>
     + <div class="cv2-interactive cv2-int-ref" data-cv2-index="6" data-cv2-ref="BLL111-02-02" style="border: 8px sol
     + <div style="display: flex; align-items: center; gap: 14px"><span style="flex: 1; text-align: center; font-weig
     + <div class="cv2-interactive" data-cv2-index="6" style="border: 3px dashed #d9480f; background: #fff4e6; paddin
     + <p style="color: #d9480f; font-weight: bold">⚙ INTERACTIVE (un-built) #6: dragAndDrop — Activity (inline) — se
     + <p>When you have made a word, can you tell your supervisor a sentence that has that word in it? For example, “
     + <p>on the chair.”</p>
     + <div class="cv2-int-raw" style="display: grid; grid-template-rows: 0fr; transition: grid-template-rows 0.35s e
     + <div style="min-height: 0; overflow: hidden">
     + <div style="padding-top: 14px">
     + <div style="font-size: 0.95em">
BLL111: identical 1 / changed 2
  ~ BLL112_1_0.html: -20 +10
     - <div class="activity interactive" number="1C">
     - <div class="col-12">
     - <div class="cv2-interactive cv2-int-ref" data-cv2-index="1" data-cv2-ref="BLL112-01-01" style="border: 8px sol
     - <div style="display: flex; align-items: center; gap: 14px"><span style="flex: 1; text-align: center; font-weig
     - <div class="cv2-int-raw" style="display: grid; grid-template-rows: 0fr; transition: grid-template-rows 0.35s e
     - <div style="min-height: 0; overflow: hidden">
     - <div style="padding-top: 14px">
     - <div class="cv2-interactive" data-cv2-index="1" style="border: 3px dashed #d9480f; background: #fff4e6; paddin
     - <p style="color: #d9480f; font-weight: bold">⚙ INTERACTIVE (un-built) #1: dragAndDrop — Activity (inline) — se
     - <div style="font-size: 0.95em">
     - <p>When you have made a correct word, can you tell your supervisor a sentence that has that word in it? For ex
     - <p>on the chair.”</p>
     - </div>
     - </div>
     - <div class="col-md-8 col-12">
     - <div class="row">
     - </div>
     - <div class="row">
     - </div>
     - </div>
     + <div class="cv2-interactive cv2-int-ref" data-cv2-index="1" data-cv2-ref="BLL112-01-01" style="border: 8px sol
     + <div style="display: flex; align-items: center; gap: 14px"><span style="flex: 1; text-align: center; font-weig
     + <div class="cv2-interactive" data-cv2-index="1" style="border: 3px dashed #d9480f; background: #fff4e6; paddin
     + <p style="color: #d9480f; font-weight: bold">⚙ INTERACTIVE (un-built) #1: dragAndDrop — Activity (inline) — se
     + <p>When you have made a correct word, can you tell your supervisor a sentence that has that word in it? For ex
     + <p>on the chair.”</p>
     + <div class="cv2-int-raw" style="display: grid; grid-template-rows: 0fr; transition: grid-template-rows 0.35s e
     + <div style="min-height: 0; overflow: hidden">
     + <div style="padding-top: 14px">
     + <div style="font-size: 0.95em">
BLL112: identical 2 / changed 1
  ~ BLL113_1_0.html: -62 +52
     - <div class="activity interactive" number="1C">
     - <div class="row">
     - <div class="col-12">
     - <div class="cv2-interactive cv2-int-ref" data-cv2-index="2" data-cv2-ref="BLL113-01-02" style="border: 8px sol
     - <div style="display: flex; align-items: center; gap: 14px"><span style="flex: 1; text-align: center; font-weig
     - <div class="cv2-int-raw" style="display: grid; grid-template-rows: 0fr; transition: grid-template-rows 0.35s e
     - <div style="min-height: 0; overflow: hidden">
     - <div style="padding-top: 14px">
     - <div class="cv2-interactive" data-cv2-index="2" style="border: 3px dashed #d9480f; background: #fff4e6; paddin
     - <p style="color: #d9480f; font-weight: bold">⚙ INTERACTIVE (un-built) #2: selfCheck + selfCheck + selfCheck — 
     - <div style="font-size: 0.95em">
     - <p>Click on the word ‘on’.</p>
     - <div class="table-responsive">
     - <table class="table table-bordered">
     - <tr>
     - <th> on </th>
     - <th>in</th>
     - <th> on </th>
     - <th> on </th>
     - <th>no</th>
     - <th>in</th>
     - <th>no</th>
     - <th> on </th>
     - </tr>
     - </table>
     - </div>
     - <p>Click on the word ‘the’.</p>
     - <div class="table-responsive">
     - <table class="table table-bordered">
     - <tr>
     - <th> the </th>
     - <th> the </th>
     - <th>het</th>
     - <th>that</th>
     - <th> the </th>
     - <th>eht</th>
     - <th> the </th>
     - <th>there</th>
     - </tr>
     - </table>
     - … 22 more removed
     + <div class="cv2-interactive cv2-int-ref" data-cv2-index="2" data-cv2-ref="BLL113-01-02" style="border: 8px sol
     + <div style="display: flex; align-items: center; gap: 14px"><span style="flex: 1; text-align: center; font-weig
     + <div class="cv2-interactive" data-cv2-index="2" style="border: 3px dashed #d9480f; background: #fff4e6; paddin
     + <p style="color: #d9480f; font-weight: bold">⚙ INTERACTIVE (un-built) #2: selfCheck + selfCheck + selfCheck — 
     + <p>Click on the word ‘on’.</p>
     + <th> on </th>
     + <th> on </th>
     + <th> on </th>
     + <th>no</th>
     + <th>in</th>
     + <th>no</th>
     + <th> on </th>
     + <p>Click on the word ‘the’.</p>
     + <div class="table-responsive">
     + <table class="table table-bordered">
     + <th> the </th>
     + <th> the </th>
     + <th>het</th>
     + <th>that</th>
     + <th> the </th>
     + … 32 more added
BLL113: identical 2 / changed 1
  ~ BLL114_2_0.html: -19 +9
     - <div class="activity interactive" number="2C">
     - <div class="row">
     - <div class="col-12">
     - <div class="cv2-interactive cv2-int-ref" data-cv2-index="4" data-cv2-ref="BLL114-02-01" style="border: 8px sol
     - <div style="display: flex; align-items: center; gap: 14px"><span style="flex: 1; text-align: center; font-weig
     - <div class="cv2-int-raw" style="display: grid; grid-template-rows: 0fr; transition: grid-template-rows 0.35s e
     - <div style="min-height: 0; overflow: hidden">
     - <div style="padding-top: 14px">
     - <div class="cv2-interactive" data-cv2-index="4" style="border: 3px dashed #d9480f; background: #fff4e6; paddin
     - <p style="color: #d9480f; font-weight: bold">⚙ INTERACTIVE (un-built) #4: dragAndDrop — Activity (inline) — se
     - <div style="font-size: 0.95em">
     - <p>When you have made a correct word, can you tell your supervisor a sentence that has that word in it? For ex
     - </div>
     - </div>
     - <div class="col-md-8 col-12">
     - <div class="row">
     - </div>
     - </div>
     - </div>
     + <div class="cv2-interactive cv2-int-ref" data-cv2-index="4" data-cv2-ref="BLL114-02-01" style="border: 8px sol
     + <div style="display: flex; align-items: center; gap: 14px"><span style="flex: 1; text-align: center; font-weig
     + <div class="cv2-interactive" data-cv2-index="4" style="border: 3px dashed #d9480f; background: #fff4e6; paddin
     + <p style="color: #d9480f; font-weight: bold">⚙ INTERACTIVE (un-built) #4: dragAndDrop — Activity (inline) — se
     + <p>When you have made a correct word, can you tell your supervisor a sentence that has that word in it? For ex
     + <div class="cv2-int-raw" style="display: grid; grid-template-rows: 0fr; transition: grid-template-rows 0.35s e
     + <div style="min-height: 0; overflow: hidden">
     + <div style="padding-top: 14px">
     + <div style="font-size: 0.95em">
BLL114: identical 2 / changed 1
BLL115: identical 3 / changed 0
BLL116: identical 3 / changed 0
BLL117: identical 3 / changed 0
BLL120: identical 1 / changed 0
BLL121: identical 3 / changed 0
  ~ BLL122_1_0.html: -49 +39
     - <div class="activity interactive" number="1D">
     - <div class="row">
     - <div class="col-12">
     - <div class="cv2-interactive cv2-int-ref" data-cv2-index="2" data-cv2-ref="BLL122-01-02" style="border: 8px sol
     - <div style="display: flex; align-items: center; gap: 14px"><span style="flex: 1; text-align: center; font-weig
     - <div class="cv2-int-raw" style="display: grid; grid-template-rows: 0fr; transition: grid-template-rows 0.35s e
     - <div style="min-height: 0; overflow: hidden">
     - <div style="padding-top: 14px">
     - <p class="cv2-note" style="color: red; font-weight: bold;">Writers Note: ⬇️ ⬇️ ⬇️ ⬇️<br />Is it possible to sn
     - <div class="cv2-interactive" data-cv2-index="2" style="border: 3px dashed #d9480f; background: #fff4e6; paddin
     - <p style="color: #d9480f; font-weight: bold">⚙ INTERACTIVE (un-built) #2: dragAndDrop + dragAndDrop — Activity
     - <div style="font-size: 0.95em">
     - <p>Let’s make 3 sound words first (remember when we need to end with ‘ck’ we will have 4 letters but 3 sounds)
     - <div class="table-responsive">
     - <table class="table table-bordered">
     - <tr>
     - <th>a</th>
     - <th>ck</th>
     - <th>c</th>
     - <th>d</th>
     - <th>e</th>
     - <th>h</th>
     - <th>i</th>
     - <th>k</th>
     - <th>p</th>
     - <th>t</th>
     - <th>s</th>
     - <th>r</th>
     - <th>n</th>
     - <th>m</th>
     - </tr>
     - </table>
     - </div>
     - <div class="table-responsive">
     - <table class="table table-bordered">
     - <tr>
     - <th></th>
     - <th></th>
     - <th></th>
     - </tr>
     - … 9 more removed
     + <div class="cv2-interactive cv2-int-ref" data-cv2-index="2" data-cv2-ref="BLL122-01-02" style="border: 8px sol
     + <div style="display: flex; align-items: center; gap: 14px"><span style="flex: 1; text-align: center; font-weig
     + <p class="cv2-note" style="color: red; font-weight: bold;">Writers Note: ⬇️ ⬇️ ⬇️ ⬇️<br />Is it possible to sn
     + <div class="cv2-interactive" data-cv2-index="2" style="border: 3px dashed #d9480f; background: #fff4e6; paddin
     + <p style="color: #d9480f; font-weight: bold">⚙ INTERACTIVE (un-built) #2: dragAndDrop + dragAndDrop — Activity
     + <p>Let’s make 3 sound words first (remember when we need to end with ‘ck’ we will have 4 letters but 3 sounds)
     + <th>ck</th>
     + <th>c</th>
     + <th>d</th>
     + <th>e</th>
     + <th>h</th>
     + <th>i</th>
     + <th>k</th>
     + <th>p</th>
     + <th>t</th>
     + <th>s</th>
     + <th>r</th>
     + <th>n</th>
     + <th>m</th>
     + <th></th>
     + … 19 more added
BLL122: identical 2 / changed 1
  ~ BLL123_2_0.html: -27 +17
     - <div class="activity interactive" number="2B">
     - <div class="row">
     - <div class="col-12">
     - <div class="cv2-interactive cv2-int-ref" data-cv2-index="8" data-cv2-ref="BLL123-02-02" style="border: 8px sol
     - <div style="display: flex; align-items: center; gap: 14px"><span style="flex: 1; text-align: center; font-weig
     - <div class="cv2-int-raw" style="display: grid; grid-template-rows: 0fr; transition: grid-template-rows 0.35s e
     - <div style="min-height: 0; overflow: hidden">
     - <div style="padding-top: 14px">
     - <div class="cv2-interactive" data-cv2-index="8" style="border: 3px dashed #d9480f; background: #fff4e6; paddin
     - <p style="color: #d9480f; font-weight: bold">⚙ INTERACTIVE (un-built) #8: selfCheck — Activity (inline) — see 
     - <div style="font-size: 0.95em">
     - <p>Which line on the grid is completed?</p>
     - <p>Once you have identified your winning line, look through the grid to see if you can read all the words that
     - <p><b>You might like to play Bingo at home with your supervisor:</b></p>
     - <ul>
     - <li>Write all the words from the grid onto small pieces of paper and place them in a pile.</li>
     - <li>Each player (you and your supervisor) writes down 3 words from the grid.</li>
     - <li>Take turns flipping over the pieces of paper. If you have that word on your list, circle it.</li>
     - <li>The first person to circle all 3 of their words wins!</li>
     - </ul>
     - </div>
     - </div>
     - <div class="col-md-8 col-12">
     - </div>
     - <div class="row">
     - </div>
     - </div>
     + <div class="cv2-interactive cv2-int-ref" data-cv2-index="8" data-cv2-ref="BLL123-02-02" style="border: 8px sol
     + <div style="display: flex; align-items: center; gap: 14px"><span style="flex: 1; text-align: center; font-weig
     + <div class="cv2-interactive" data-cv2-index="8" style="border: 3px dashed #d9480f; background: #fff4e6; paddin
     + <p style="color: #d9480f; font-weight: bold">⚙ INTERACTIVE (un-built) #8: selfCheck — Activity (inline) — see 
     + <p>Which line on the grid is completed?</p>
     + <p>Once you have identified your winning line, look through the grid to see if you can read all the words that
     + <p><b>You might like to play Bingo at home with your supervisor:</b></p>
     + <ul>
     + <li>Write all the words from the grid onto small pieces of paper and place them in a pile.</li>
     + <li>Each player (you and your supervisor) writes down 3 words from the grid.</li>
     + <li>Take turns flipping over the pieces of paper. If you have that word on your list, circle it.</li>
     + <li>The first person to circle all 3 of their words wins!</li>
     + </ul>
     + <div class="cv2-int-raw" style="display: grid; grid-template-rows: 0fr; transition: grid-template-rows 0.35s e
     + <div style="min-height: 0; overflow: hidden">
     + <div style="padding-top: 14px">
     + <div style="font-size: 0.95em">
BLL123: identical 2 / changed 1
  ~ BLL124_1_0.html: -48 +28
     - <div class="activity interactive" number="1E">
     - <div class="row">
     - <div class="col-12">
     - <div class="cv2-interactive cv2-int-ref" data-cv2-index="5" data-cv2-ref="BLL124-01-04" style="border: 8px sol
     - <div style="display: flex; align-items: center; gap: 14px"><span style="flex: 1; text-align: center; font-weig
     - <div class="cv2-int-raw" style="display: grid; grid-template-rows: 0fr; transition: grid-template-rows 0.35s e
     - <div style="min-height: 0; overflow: hidden">
     - <div style="padding-top: 14px">
     - <div class="cv2-interactive" data-cv2-index="5" style="border: 3px dashed #d9480f; background: #fff4e6; paddin
     - <p style="color: #d9480f; font-weight: bold">⚙ INTERACTIVE (un-built) #5: dragAndDrop — Activity (inline) — se
     - <div style="font-size: 0.95em">
     - <p>Read each sentence below and decide if it is asking a question (needs a question mark) or if it is showing 
     - </div>
     - </div>
     - <div class="col-md-8 col-12">
     - <div class="activity interactive" number="1F">
     - <div class="row">
     - <div class="col-12">
     - <div class="cv2-interactive cv2-int-ref" data-cv2-index="6" data-cv2-ref="BLL124-01-05" style="border: 8px sol
     - <div style="display: flex; align-items: center; gap: 14px"><span style="flex: 1; text-align: center; font-weig
     - <div class="cv2-int-raw" style="display: grid; grid-template-rows: 0fr; transition: grid-template-rows 0.35s e
     - <div style="min-height: 0; overflow: hidden">
     - <div style="padding-top: 14px">
     - <div class="cv2-interactive" data-cv2-index="6" style="border: 3px dashed #d9480f; background: #fff4e6; paddin
     - <p style="color: #d9480f; font-weight: bold">⚙ INTERACTIVE (un-built) #6: selfCheck — Activity (inline) — see 
     - <div style="font-size: 0.95em">
     - <div class="table-responsive">
     - <table class="table table-bordered">
     - <tr>
     - <th><b>Question Mark Column (?)</b> (Asking a question)</th>
     - <th><b>Exclamation Mark Column (!)</b> (Showing excitement/emphasis)</th>
     - </tr>
     - <tr>
     - <td> Did Ken sip the drink / Did the kid rest / Did the men drink it / Did the tap drip / Did the men sit in i
     - <td> Ken had a cap / Kick it / He did skid at the end / Ken had a big kick / He had a rest </td>
     - </tr>
     - </table>
     - </div>
     - </div>
     - </div>
     - … 8 more removed
     + <div class="cv2-interactive cv2-int-ref" data-cv2-index="5" data-cv2-ref="BLL124-01-04" style="border: 8px sol
     + <div style="display: flex; align-items: center; gap: 14px"><span style="flex: 1; text-align: center; font-weig
     + <div class="cv2-interactive" data-cv2-index="5" style="border: 3px dashed #d9480f; background: #fff4e6; paddin
     + <p style="color: #d9480f; font-weight: bold">⚙ INTERACTIVE (un-built) #5: dragAndDrop — Activity (inline) — se
     + <p>Read each sentence below and decide if it is asking a question (needs a question mark) or if it is showing 
     + <div class="cv2-interactive cv2-int-ref" data-cv2-index="6" data-cv2-ref="BLL124-01-05" style="border: 8px sol
     + <div style="display: flex; align-items: center; gap: 14px"><span style="flex: 1; text-align: center; font-weig
     + <div class="cv2-int-raw" style="display: grid; grid-template-rows: 0fr; transition: grid-template-rows 0.35s e
     + <div style="min-height: 0; overflow: hidden">
     + <div style="padding-top: 14px">
     + <div class="cv2-interactive" data-cv2-index="6" style="border: 3px dashed #d9480f; background: #fff4e6; paddin
     + <p style="color: #d9480f; font-weight: bold">⚙ INTERACTIVE (un-built) #6: selfCheck — Activity (inline) — see 
     + <div style="font-size: 0.95em">
     + <div class="table-responsive">
     + <table class="table table-bordered">
     + <tr>
     + <th><b>Question Mark Column (?)</b> (Asking a question)</th>
     + <th><b>Exclamation Mark Column (!)</b> (Showing excitement/emphasis)</th>
     + </tr>
     + <tr>
     + … 8 more added
BLL124: identical 2 / changed 1
BLL125: identical 3 / changed 0
  ~ BLL126_1_0.html: -15 +1
     - <p class="cv2-note" style="color: red; font-weight: bold;">Writers Note: Great work. Now by moving one letter 
     - <ul>
     - <li></li>
     - </ul>
     - <div class="activity interactive" number="1C">
     - <div class="row">
     - <div class="col-12">
     - <p class="cv2-note" style="color: red; font-weight: bold;">Writers Note: There are only 3 sound boxes as ‘ck’ 
     - <div class="col-md-8 col-12">
     - <div class="row">
     - </div>
     - </div>
     - </div>
     - </div>
     - </div>
     + <p class="cv2-note" style="color: red; font-weight: bold;">Writers Note: Great work. Now by moving one letter 
BLL126: identical 2 / changed 1
  ~ BLL127_1_0.html: -20 +10
     - <div class="activity interactive" number="1D">
     - <div class="row">
     - <div class="col-12">
     - <div class="cv2-interactive cv2-int-ref" data-cv2-index="3" data-cv2-ref="BLL127-01-03" style="border: 8px sol
     - <div style="display: flex; align-items: center; gap: 14px"><span style="flex: 1; text-align: center; font-weig
     - <div class="cv2-int-raw" style="display: grid; grid-template-rows: 0fr; transition: grid-template-rows 0.35s e
     - <div style="min-height: 0; overflow: hidden">
     - <div style="padding-top: 14px">
     - <div class="cv2-interactive" data-cv2-index="3" style="border: 3px dashed #d9480f; background: #fff4e6; paddin
     - <p style="color: #d9480f; font-weight: bold">⚙ INTERACTIVE (un-built) #3: selfCheck — Activity (inline) — see 
     - <div style="font-size: 0.95em">
     - <p>Which line on the grid is completed? 1 2 3 4 5</p>
     - <p>Once you have identified your winning line, look through the grid to see if you can read all the words that
     - </div>
     - </div>
     - </div>
     - <div class="col-md-8 col-12">
     - <div class="row">
     - </div>
     - </div>
     + <div class="cv2-interactive cv2-int-ref" data-cv2-index="3" data-cv2-ref="BLL127-01-03" style="border: 8px sol
     + <div style="display: flex; align-items: center; gap: 14px"><span style="flex: 1; text-align: center; font-weig
     + <div class="cv2-int-raw" style="display: grid; grid-template-rows: 0fr; transition: grid-template-rows 0.35s e
     + <div style="min-height: 0; overflow: hidden">
     + <div style="padding-top: 14px">
     + <div class="cv2-interactive" data-cv2-index="3" style="border: 3px dashed #d9480f; background: #fff4e6; paddin
     + <p style="color: #d9480f; font-weight: bold">⚙ INTERACTIVE (un-built) #3: selfCheck — Activity (inline) — see 
     + <div style="font-size: 0.95em">
     + <p>Which line on the grid is completed? 1 2 3 4 5</p>
     + <p>Once you have identified your winning line, look through the grid to see if you can read all the words that
BLL127: identical 2 / changed 1
BLL130: identical 1 / changed 0
  ~ BLL131_1_0.html: -41 +31
     - <div class="activity interactive" number="1F">
     - <div class="row">
     - <div class="col-12">
     - <div class="cv2-interactive cv2-int-ref" data-cv2-index="5" data-cv2-ref="BLL131-01-04" style="border: 8px sol
     - <div style="display: flex; align-items: center; gap: 14px"><span style="flex: 1; text-align: center; font-weig
     - <div class="cv2-int-raw" style="display: grid; grid-template-rows: 0fr; transition: grid-template-rows 0.35s e
     - <div style="min-height: 0; overflow: hidden">
     - <div style="padding-top: 14px">
     - <div class="cv2-interactive" data-cv2-index="5" style="border: 3px dashed #d9480f; background: #fff4e6; paddin
     - <p style="color: #d9480f; font-weight: bold">⚙ INTERACTIVE (un-built) #5: dragAndDrop — Activity (inline) — se
     - <div style="font-size: 0.95em">
     - <div class="table-responsive">
     - <table class="table table-bordered">
     - <tr>
     - <th><a href="https://www.istockphoto.com/photo/green-number-1-gm173943775-9922820?searchscope=image%2Cfilm" ta
     - <th><a href="https://www.istockphoto.com/photo/small-girl-runner-crossing-finish-line-in-a-race-competition-in
     - </tr>
     - <tr>
     - <td><a href="https://www.istockphoto.com/photo/wheat-flour-package-gm1590642598-529405231?searchscope=image%2C
     - <td><a href="https://www.istockphoto.com/photo/perfect-light-purple-and-pink-dahlia-enlarged-isolated-on-white
     - </tr>
     - <tr>
     - <td><a href="https://www.istockphoto.com/photo/happy-little-boy-in-white-tshirt-looking-at-the-camera-through-
     - <td><a href="https://www.istockphoto.com/photo/bright-blue-sky-over-blue-water-on-a-white-sand-tropical-beach-
     - </tr>
     - <tr>
     - <td><a href="https://www.istockphoto.com/vector/knight-gm165657703-9990548?searchscope=image%2Cfilm" target="_
     - <td><a href="https://www.istockphoto.com/photo/starry-sky-and-moon-at-piha-beach-near-auckland-new-zealand-gm1
     - </tr>
     - <tr>
     - <td><a href="https://www.istockphoto.com/photo/child-blowing-away-dandelion-gm1251094150-365011466?searchscope
     - <td><a href="https://www.istockphoto.com/photo/abstract-blue-background-or-dark-paper-with-bright-center-spotl
     - </tr>
     - </table>
     - </div>
     - </div>
     - </div>
     - <div class="row">
     - <div class="col-md-8 col-12">
     - </div>
     - … 1 more removed
     + <div class="cv2-interactive cv2-int-ref" data-cv2-index="5" data-cv2-ref="BLL131-01-04" style="border: 8px sol
     + <div style="display: flex; align-items: center; gap: 14px"><span style="flex: 1; text-align: center; font-weig
     + <div class="cv2-int-raw" style="display: grid; grid-template-rows: 0fr; transition: grid-template-rows 0.35s e
     + <div style="min-height: 0; overflow: hidden">
     + <div style="padding-top: 14px">
     + <div class="cv2-interactive" data-cv2-index="5" style="border: 3px dashed #d9480f; background: #fff4e6; paddin
     + <p style="color: #d9480f; font-weight: bold">⚙ INTERACTIVE (un-built) #5: dragAndDrop — Activity (inline) — se
     + <div style="font-size: 0.95em">
     + <div class="table-responsive">
     + <table class="table table-bordered">
     + <tr>
     + <th><a href="https://www.istockphoto.com/photo/green-number-1-gm173943775-9922820?searchscope=image%2Cfilm" ta
     + <th><a href="https://www.istockphoto.com/photo/small-girl-runner-crossing-finish-line-in-a-race-competition-in
     + </tr>
     + <tr>
     + <td><a href="https://www.istockphoto.com/photo/wheat-flour-package-gm1590642598-529405231?searchscope=image%2C
     + <td><a href="https://www.istockphoto.com/photo/perfect-light-purple-and-pink-dahlia-enlarged-isolated-on-white
     + </tr>
     + <tr>
     + <td><a href="https://www.istockphoto.com/photo/happy-little-boy-in-white-tshirt-looking-at-the-camera-through-
     + … 11 more added
BLL131: identical 2 / changed 1
BLL132: identical 3 / changed 0
BLL133: identical 3 / changed 0
BLL134: identical 3 / changed 0
  ~ BLL135_1_0.html: -20 +10
     - <div class="activity interactive" number="1C">
     - <div class="row">
     - <div class="col-12">
     - <div class="cv2-interactive cv2-int-ref" data-cv2-index="2" data-cv2-ref="BLL135-01-02" style="border: 8px sol
     - <div style="display: flex; align-items: center; gap: 14px"><span style="flex: 1; text-align: center; font-weig
     - <div class="cv2-int-raw" style="display: grid; grid-template-rows: 0fr; transition: grid-template-rows 0.35s e
     - <div style="min-height: 0; overflow: hidden">
     - <div style="padding-top: 14px">
     - <div class="cv2-interactive" data-cv2-index="2" style="border: 3px dashed #d9480f; background: #fff4e6; paddin
     - <p style="color: #d9480f; font-weight: bold">⚙ INTERACTIVE (un-built) #2: dragAndDrop — Activity (inline) — se
     - <div style="font-size: 0.95em">
     - <p>On your white board or on a piece of paper, write the words ‘what’ and ‘have’ out five times each. When you
     - <p>Upload to Dropbox</p>
     - </div>
     - </div>
     - </div>
     - <div class="col-md-8 col-12">
     - <div class="row">
     - </div>
     - </div>
     + <div class="cv2-interactive cv2-int-ref" data-cv2-index="2" data-cv2-ref="BLL135-01-02" style="border: 8px sol
     + <div style="display: flex; align-items: center; gap: 14px"><span style="flex: 1; text-align: center; font-weig
     + <div class="cv2-int-raw" style="display: grid; grid-template-rows: 0fr; transition: grid-template-rows 0.35s e
     + <div style="min-height: 0; overflow: hidden">
     + <div style="padding-top: 14px">
     + <div class="cv2-interactive" data-cv2-index="2" style="border: 3px dashed #d9480f; background: #fff4e6; paddin
     + <p style="color: #d9480f; font-weight: bold">⚙ INTERACTIVE (un-built) #2: dragAndDrop — Activity (inline) — se
     + <div style="font-size: 0.95em">
     + <p>On your white board or on a piece of paper, write the words ‘what’ and ‘have’ out five times each. When you
     + <p>Upload to Dropbox</p>
BLL135: identical 2 / changed 1
BLL136: identical 2 / changed 0
BLL137: identical 3 / changed 0
BLL140: identical 1 / changed 0
BLL141: identical 3 / changed 0
BLL142: identical 3 / changed 0
  ~ BLL143_1_0.html: -24 +14
     - <div class="activity interactive" number="1D">
     - <div class="row">
     - <div class="col-12">
     - <div class="cv2-interactive cv2-int-ref" data-cv2-index="3" data-cv2-ref="BLL143-01-03" style="border: 8px sol
     - <div style="display: flex; align-items: center; gap: 14px"><span style="flex: 1; text-align: center; font-weig
     - <div class="cv2-int-raw" style="display: grid; grid-template-rows: 0fr; transition: grid-template-rows 0.35s e
     - <div style="min-height: 0; overflow: hidden">
     - <div style="padding-top: 14px">
     - <p class="cv2-note" style="color: red; font-weight: bold;">Writers Note: - have come in blue in the middle and
     - <div class="cv2-interactive" data-cv2-index="3" style="border: 3px dashed #d9480f; background: #fff4e6; paddin
     - <p style="color: #d9480f; font-weight: bold">⚙ INTERACTIVE (un-built) #3: selfCheck — Activity (inline) — see 
     - <div style="font-size: 0.95em">
     - <p>Come</p>
     - <p>What</p>
     - <p>She</p>
     - <p>you</p>
     - <p>where</p>
     - </div>
     - </div>
     - <div class="col-md-8 col-12">
     - <div class="row">
     - </div>
     - </div>
     - </div>
     + <div class="cv2-interactive cv2-int-ref" data-cv2-index="3" data-cv2-ref="BLL143-01-03" style="border: 8px sol
     + <div style="display: flex; align-items: center; gap: 14px"><span style="flex: 1; text-align: center; font-weig
     + <p class="cv2-note" style="color: red; font-weight: bold;">Writers Note: - have come in blue in the middle and
     + <div class="cv2-interactive" data-cv2-index="3" style="border: 3px dashed #d9480f; background: #fff4e6; paddin
     + <p style="color: #d9480f; font-weight: bold">⚙ INTERACTIVE (un-built) #3: selfCheck — Activity (inline) — see 
     + <p>Come</p>
     + <p>What</p>
     + <p>She</p>
     + <p>you</p>
     + <p>where</p>
     + <div class="cv2-int-raw" style="display: grid; grid-template-rows: 0fr; transition: grid-template-rows 0.35s e
     + <div style="min-height: 0; overflow: hidden">
     + <div style="padding-top: 14px">
     + <div style="font-size: 0.95em">
BLL143: identical 2 / changed 1
  ~ BLL144_1_0.html: -28 +18
     - <div class="activity interactive" number="1F">
     - <div class="row">
     - <div class="col-12">
     - <div class="cv2-interactive cv2-int-ref" data-cv2-index="6" data-cv2-ref="BLL144-01-05" style="border: 8px sol
     - <div style="display: flex; align-items: center; gap: 14px"><span style="flex: 1; text-align: center; font-weig
     - <div class="cv2-int-raw" style="display: grid; grid-template-rows: 0fr; transition: grid-template-rows 0.35s e
     - <div style="min-height: 0; overflow: hidden">
     - <div style="padding-top: 14px">
     - <p class="cv2-note" style="color: red; font-weight: bold;">Writers Note: “What is in the sack?”<br />“Get up” 
     - <div class="cv2-interactive" data-cv2-index="6" style="border: 3px dashed #d9480f; background: #fff4e6; paddin
     - <p style="color: #d9480f; font-weight: bold">⚙ INTERACTIVE (un-built) #6: dragAndDrop — Activity (inline) — se
     - <div style="font-size: 0.95em">
     - <p>Put speech marks around the correct parts of the sentence. Remember, these are parts that the character wou
     - <ul>
     - <li>The kids come to him. What is in the sack?</li>
     - <li>Get up. The kids demand.</li>
     - <li>I can see an ill magpie, says Jim. “</li>
     - </ul>
     - <p>Copy one the sentences above - make sure you remember the speech marks as you write it down.</p>
     - <p>Look at a book or a magazine you have. Highlight 6 speech marks.</p>
     - <p>Take a photo of your work and upload it to the dropbox for you kaiako to see.</p>
     - </div>
     - </div>
     - </div>
     - <div class="row">
     - <div class="col-md-8 col-12">
     - </div>
     - </div>
     + <div class="cv2-interactive cv2-int-ref" data-cv2-index="6" data-cv2-ref="BLL144-01-05" style="border: 8px sol
     + <div style="display: flex; align-items: center; gap: 14px"><span style="flex: 1; text-align: center; font-weig
     + <div class="cv2-int-raw" style="display: grid; grid-template-rows: 0fr; transition: grid-template-rows 0.35s e
     + <div style="min-height: 0; overflow: hidden">
     + <div style="padding-top: 14px">
     + <p class="cv2-note" style="color: red; font-weight: bold;">Writers Note: “What is in the sack?”<br />“Get up” 
     + <div class="cv2-interactive" data-cv2-index="6" style="border: 3px dashed #d9480f; background: #fff4e6; paddin
     + <p style="color: #d9480f; font-weight: bold">⚙ INTERACTIVE (un-built) #6: dragAndDrop — Activity (inline) — se
     + <div style="font-size: 0.95em">
     + <p>Put speech marks around the correct parts of the sentence. Remember, these are parts that the character wou
     + <ul>
     + <li>The kids come to him. What is in the sack?</li>
     + <li>Get up. The kids demand.</li>
     + <li>I can see an ill magpie, says Jim. “</li>
     + </ul>
     + <p>Copy one the sentences above - make sure you remember the speech marks as you write it down.</p>
     + <p>Look at a book or a magazine you have. Highlight 6 speech marks.</p>
     + <p>Take a photo of your work and upload it to the dropbox for you kaiako to see.</p>
BLL144: identical 2 / changed 1
  ~ BLL145_1_0.html: -47 +37
     - <div class="activity interactive" number="1B">
     - <div class="row">
     - <div class="col-12">
     - <div class="cv2-interactive cv2-int-ref" data-cv2-index="1" data-cv2-ref="BLL145-01-01" style="border: 8px sol
     - <div style="display: flex; align-items: center; gap: 14px"><span style="flex: 1; text-align: center; font-weig
     - <div class="cv2-int-raw" style="display: grid; grid-template-rows: 0fr; transition: grid-template-rows 0.35s e
     - <div style="min-height: 0; overflow: hidden">
     - <div style="padding-top: 14px">
     - <div class="cv2-interactive" data-cv2-index="1" style="border: 3px dashed #d9480f; background: #fff4e6; paddin
     - <p style="color: #d9480f; font-weight: bold">⚙ INTERACTIVE (un-built) #1: selfCheck + selfCheck — Activity (in
     - <div style="font-size: 0.95em">
     - <p>Click on the word ‘all’.</p>
     - <div class="table-responsive">
     - <table class="table table-bordered">
     - <tr>
     - <th> all </th>
     - <th>al</th>
     - <th>ill</th>
     - <th> all </th>
     - <th>lay</th>
     - <th>the</th>
     - <th> all </th>
     - <th>hey</th>
     - </tr>
     - </table>
     - </div>
     - <p>Click on the word ‘why’.</p>
     - <div class="table-responsive">
     - <table class="table table-bordered">
     - <tr>
     - <th>yhw</th>
     - <th> why </th>
     - <th>hey</th>
     - <th>yyh</th>
     - <th> why </th>
     - <th>eht</th>
     - <th> why </th>
     - <th>the</th>
     - </tr>
     - </table>
     - … 7 more removed
     + <div class="cv2-interactive cv2-int-ref" data-cv2-index="1" data-cv2-ref="BLL145-01-01" style="border: 8px sol
     + <div style="display: flex; align-items: center; gap: 14px"><span style="flex: 1; text-align: center; font-weig
     + <div class="cv2-interactive" data-cv2-index="1" style="border: 3px dashed #d9480f; background: #fff4e6; paddin
     + <p style="color: #d9480f; font-weight: bold">⚙ INTERACTIVE (un-built) #1: selfCheck + selfCheck — Activity (in
     + <p>Click on the word ‘all’.</p>
     + <th> all </th>
     + <th>al</th>
     + <th>ill</th>
     + <th> all </th>
     + <th>lay</th>
     + <th>the</th>
     + <th> all </th>
     + <th>hey</th>
     + <p>Click on the word ‘why’.</p>
     + <th>yhw</th>
     + <th> why </th>
     + <th>hey</th>
     + <th>yyh</th>
     + <th> why </th>
     + <th>eht</th>
     + … 17 more added
  ~ BLL145_1_1.html: -27 +17
     - <div class="activity interactive" number="1H">
     - <div class="row">
     - <div class="col-12">
     - <div class="cv2-interactive cv2-int-ref" data-cv2-index="5" data-cv2-ref="BLL145-02-02" style="border: 8px sol
     - <div style="display: flex; align-items: center; gap: 14px"><span style="flex: 1; text-align: center; font-weig
     - <div class="cv2-int-raw" style="display: grid; grid-template-rows: 0fr; transition: grid-template-rows 0.35s e
     - <div style="min-height: 0; overflow: hidden">
     - <div style="padding-top: 14px">
     - <div class="cv2-interactive" data-cv2-index="5" style="border: 3px dashed #d9480f; background: #fff4e6; paddin
     - <p style="color: #d9480f; font-weight: bold">⚙ INTERACTIVE (un-built) #5: selfCheck — Activity (inline) — see 
     - <div style="font-size: 0.95em">
     - <p>Which line on the grid is completed?</p>
     - <p>Once you have identified your winning line, look through the grid to see if you can read all the words that
     - <p><b>You might like to play Bingo at home with your supervisor:</b></p>
     - <ul>
     - <li>Write all the words from the grid onto small pieces of paper and place them in a pile.</li>
     - <li>Each player (you and your supervisor) writes down 3 words from the grid.</li>
     - <li>Take turns flipping over the pieces of paper. If you have that word on your list, circle it.</li>
     - <li>The first person to circle all 3 of their words wins!</li>
     - </ul>
     - </div>
     - </div>
     - <div class="col-md-8 col-12">
     - </div>
     - <div class="row">
     - </div>
     - </div>
     + <div class="cv2-interactive cv2-int-ref" data-cv2-index="5" data-cv2-ref="BLL145-02-02" style="border: 8px sol
     + <div style="display: flex; align-items: center; gap: 14px"><span style="flex: 1; text-align: center; font-weig
     + <div class="cv2-interactive" data-cv2-index="5" style="border: 3px dashed #d9480f; background: #fff4e6; paddin
     + <p style="color: #d9480f; font-weight: bold">⚙ INTERACTIVE (un-built) #5: selfCheck — Activity (inline) — see 
     + <p>Which line on the grid is completed?</p>
     + <p>Once you have identified your winning line, look through the grid to see if you can read all the words that
     + <p><b>You might like to play Bingo at home with your supervisor:</b></p>
     + <ul>
     + <li>Write all the words from the grid onto small pieces of paper and place them in a pile.</li>
     + <li>Each player (you and your supervisor) writes down 3 words from the grid.</li>
     + <li>Take turns flipping over the pieces of paper. If you have that word on your list, circle it.</li>
     + <li>The first person to circle all 3 of their words wins!</li>
     + </ul>
     + <div class="cv2-int-raw" style="display: grid; grid-template-rows: 0fr; transition: grid-template-rows 0.35s e
     + <div style="min-height: 0; overflow: hidden">
     + <div style="padding-top: 14px">
     + <div style="font-size: 0.95em">
BLL145: identical 1 / changed 2
BLL146: identical 3 / changed 0
BLL147: identical 3 / changed 0
BLL150: identical 1 / changed 0
  ~ BLL151_1_0.html: -43 +33
     - <div class="activity interactive" number="1F">
     - <div class="row">
     - <div class="col-12">
     - <div class="cv2-interactive cv2-int-ref" data-cv2-index="3" data-cv2-ref="BLL151-01-02" style="border: 8px sol
     - <div style="display: flex; align-items: center; gap: 14px"><span style="flex: 1; text-align: center; font-weig
     - <div class="cv2-int-raw" style="display: grid; grid-template-rows: 0fr; transition: grid-template-rows 0.35s e
     - <div style="min-height: 0; overflow: hidden">
     - <div style="padding-top: 14px">
     - <p class="cv2-note" style="color: red; font-weight: bold;">Writers Note: These words are already in the correc
     - <div class="cv2-interactive" data-cv2-index="3" style="border: 3px dashed #d9480f; background: #fff4e6; paddin
     - <p style="color: #d9480f; font-weight: bold">⚙ INTERACTIVE (un-built) #3: dragAndDrop — Activity (inline) — se
     - <div style="font-size: 0.95em">
     - <p><a href="https://www.istockphoto.com/vector/set-of-keep-silence-sign-illustration-gm1964155896-558009076?se
     - <div class="table-responsive">
     - <table class="table table-bordered">
     - <tr>
     - <th></th>
     - <th></th>
     - <th></th>
     - </tr>
     - <tr>
     - <td>Words that end in d or t make a /id/ sound</td>
     - <td>Adding ‘ed’ to words that end in a voiceless sound makes a /t/ sound</td>
     - <td>Adding ‘ed’ to words that end in a voiced sound makes a /d/ sound</td>
     - </tr>
     - <tr>
     - <td> /id/ </td>
     - <td> /t/ </td>
     - <td> /d/ </td>
     - </tr>
     - <tr>
     - <td>wanted / started / needed</td>
     - <td>looked / jumped / cooked</td>
     - <td>called / begged / cried</td>
     - </tr>
     - </table>
     - </div>
     - </div>
     - </div>
     - <div class="row">
     - … 3 more removed
     + <div class="cv2-interactive cv2-int-ref" data-cv2-index="3" data-cv2-ref="BLL151-01-02" style="border: 8px sol
     + <div style="display: flex; align-items: center; gap: 14px"><span style="flex: 1; text-align: center; font-weig
     + <div class="cv2-int-raw" style="display: grid; grid-template-rows: 0fr; transition: grid-template-rows 0.35s e
     + <div style="min-height: 0; overflow: hidden">
     + <div style="padding-top: 14px">
     + <p class="cv2-note" style="color: red; font-weight: bold;">Writers Note: These words are already in the correc
     + <div class="cv2-interactive" data-cv2-index="3" style="border: 3px dashed #d9480f; background: #fff4e6; paddin
     + <p style="color: #d9480f; font-weight: bold">⚙ INTERACTIVE (un-built) #3: dragAndDrop — Activity (inline) — se
     + <div style="font-size: 0.95em">
     + <p><a href="https://www.istockphoto.com/vector/set-of-keep-silence-sign-illustration-gm1964155896-558009076?se
     + <div class="table-responsive">
     + <table class="table table-bordered">
     + <tr>
     + <th></th>
     + <th></th>
     + <th></th>
     + </tr>
     + <tr>
     + <td>Words that end in d or t make a /id/ sound</td>
     + <td>Adding ‘ed’ to words that end in a voiceless sound makes a /t/ sound</td>
     + … 13 more added
BLL151: identical 2 / changed 1
BLL152: identical 3 / changed 0
BLL153: identical 3 / changed 0
BLL154: identical 3 / changed 0
  ~ BLL155_1_0.html: -30 +20
     - <div class="activity interactive" number="1E">
     - <div class="row">
     - <div class="col-12">
     - <div class="cv2-interactive cv2-int-ref" data-cv2-index="4" data-cv2-ref="BLL155-01-03" style="border: 8px sol
     - <div style="display: flex; align-items: center; gap: 14px"><span style="flex: 1; text-align: center; font-weig
     - <div class="cv2-int-raw" style="display: grid; grid-template-rows: 0fr; transition: grid-template-rows 0.35s e
     - <div style="min-height: 0; overflow: hidden">
     - <div style="padding-top: 14px">
     - <p class="cv2-note" style="color: red; font-weight: bold;">Writers Note: please have the pictures outside of t
     - <div class="cv2-interactive" data-cv2-index="4" style="border: 3px dashed #d9480f; background: #fff4e6; paddin
     - <p style="color: #d9480f; font-weight: bold">⚙ INTERACTIVE (un-built) #4: selfCheck — Activity (inline) — see 
     - <div style="font-size: 0.95em">
     - <div class="table-responsive">
     - <table class="table table-bordered">
     - <tr>
     - <th>Ending in ‘ck’ words</th>
     - <th>‘K’ words</th>
     - </tr>
     - <tr>
     - <td> [source image] pack / [source image] sack / [source image] track / [source image] stick / [source image] 
     - <td> [source image] cook / [source image] look / [source image] book / [source image] desk / [source image] ta
     - </tr>
     - </table>
     - </div>
     - </div>
     - </div>
     - <div class="col-md-8 col-12">
     - <div class="row">
     - </div>
     - </div>
     + <div class="cv2-interactive cv2-int-ref" data-cv2-index="4" data-cv2-ref="BLL155-01-03" style="border: 8px sol
     + <div style="display: flex; align-items: center; gap: 14px"><span style="flex: 1; text-align: center; font-weig
     + <p class="cv2-note" style="color: red; font-weight: bold;">Writers Note: please have the pictures outside of t
     + <div class="cv2-interactive" data-cv2-index="4" style="border: 3px dashed #d9480f; background: #fff4e6; paddin
     + <p style="color: #d9480f; font-weight: bold">⚙ INTERACTIVE (un-built) #4: selfCheck — Activity (inline) — see 
     + <th>Ending in ‘ck’ words</th>
     + <th>‘K’ words</th>
     + <td> [source image] pack / [source image] sack / [source image] track / [source image] stick / [source image] 
     + <td> [source image] cook / [source image] look / [source image] book / [source image] desk / [source image] ta
     + <div class="cv2-int-raw" style="display: grid; grid-template-rows: 0fr; transition: grid-template-rows 0.35s e
     + <div style="min-height: 0; overflow: hidden">
     + <div style="padding-top: 14px">
     + <div style="font-size: 0.95em">
     + <div class="table-responsive">
     + <table class="table table-bordered">
     + <tr>
     + </tr>
     + <tr>
     + </tr>
     + </table>
  ~ BLL155_1_1.html: -29 +19
     - <div class="activity interactive" number="1I">
     - <div class="row">
     - <div class="col-12">
     - <div class="cv2-interactive cv2-int-ref" data-cv2-index="8" data-cv2-ref="BLL155-02-01" style="border: 8px sol
     - <div style="display: flex; align-items: center; gap: 14px"><span style="flex: 1; text-align: center; font-weig
     - <div class="cv2-int-raw" style="display: grid; grid-template-rows: 0fr; transition: grid-template-rows 0.35s e
     - <div style="min-height: 0; overflow: hidden">
     - <div style="padding-top: 14px">
     - <div class="cv2-interactive" data-cv2-index="8" style="border: 3px dashed #d9480f; background: #fff4e6; paddin
     - <p style="color: #d9480f; font-weight: bold">⚙ INTERACTIVE (un-built) #8: selfCheck — Activity (inline) — see 
     - <div style="font-size: 0.95em">
     - <div class="table-responsive">
     - <table class="table table-bordered">
     - <tr>
     - <th>Long vowel (open syllable)</th>
     - <th>Short vowel (closed syllable)</th>
     - </tr>
     - <tr>
     - <td> No / Be / Go / Hi / Poo / Use / Droop </td>
     - <td> Not / Bed / Got / Hit / Pool / Us / Drip </td>
     - </tr>
     - </table>
     - </div>
     - </div>
     - </div>
     - <div class="col-md-8 col-12">
     - <div class="row">
     - </div>
     - </div>
     + <div class="cv2-interactive cv2-int-ref" data-cv2-index="8" data-cv2-ref="BLL155-02-01" style="border: 8px sol
     + <div style="display: flex; align-items: center; gap: 14px"><span style="flex: 1; text-align: center; font-weig
     + <div class="cv2-interactive" data-cv2-index="8" style="border: 3px dashed #d9480f; background: #fff4e6; paddin
     + <p style="color: #d9480f; font-weight: bold">⚙ INTERACTIVE (un-built) #8: selfCheck — Activity (inline) — see 
     + <div class="table-responsive">
     + <table class="table table-bordered">
     + <tr>
     + <th>Long vowel (open syllable)</th>
     + <th>Short vowel (closed syllable)</th>
     + </tr>
     + <tr>
     + <td> No / Be / Go / Hi / Poo / Use / Droop </td>
     + <td> Not / Bed / Got / Hit / Pool / Us / Drip </td>
     + </tr>
     + </table>
     + <div class="cv2-int-raw" style="display: grid; grid-template-rows: 0fr; transition: grid-template-rows 0.35s e
     + <div style="min-height: 0; overflow: hidden">
     + <div style="padding-top: 14px">
     + <div style="font-size: 0.95em">
BLL155: identical 1 / changed 2
  ~ BLL156_1_1.html: -26 +16
     - <div class="activity interactive" number="1I">
     - <div class="row">
     - <div class="col-12">
     - <div class="cv2-interactive cv2-int-ref" data-cv2-index="7" data-cv2-ref="BLL156-02-02" style="border: 8px sol
     - <div style="display: flex; align-items: center; gap: 14px"><span style="flex: 1; text-align: center; font-weig
     - <div class="cv2-int-raw" style="display: grid; grid-template-rows: 0fr; transition: grid-template-rows 0.35s e
     - <div style="min-height: 0; overflow: hidden">
     - <div style="padding-top: 14px">
     - <div class="cv2-interactive" data-cv2-index="7" style="border: 3px dashed #d9480f; background: #fff4e6; paddin
     - <p style="color: #d9480f; font-weight: bold">⚙ INTERACTIVE (un-built) #7: selfCheck (source of a comma) — Acti
     - <div style="font-size: 0.95em">
     - <p>When the jet is set free</p>
     - <p>the band spins.</p>
     - <p>On the jet</p>
     - <p>dad has fun!</p>
     - <p>When the wind stops</p>
     - <p>the prop lands free.</p>
     - <p>It has 2 wings</p>
     - <p>a tail and a prop.</p>
     - </div>
     - </div>
     - </div>
     - <div class="col-md-8 col-12">
     - <div class="row">
     - </div>
     - </div>
     + <div class="cv2-interactive cv2-int-ref" data-cv2-index="7" data-cv2-ref="BLL156-02-02" style="border: 8px sol
     + <div style="display: flex; align-items: center; gap: 14px"><span style="flex: 1; text-align: center; font-weig
     + <div class="cv2-interactive" data-cv2-index="7" style="border: 3px dashed #d9480f; background: #fff4e6; paddin
     + <p style="color: #d9480f; font-weight: bold">⚙ INTERACTIVE (un-built) #7: selfCheck (source of a comma) — Acti
     + <p>When the jet is set free</p>
     + <p>the band spins.</p>
     + <p>On the jet</p>
     + <p>dad has fun!</p>
     + <p>When the wind stops</p>
     + <p>the prop lands free.</p>
     + <p>It has 2 wings</p>
     + <p>a tail and a prop.</p>
     + <div class="cv2-int-raw" style="display: grid; grid-template-rows: 0fr; transition: grid-template-rows 0.35s e
     + <div style="min-height: 0; overflow: hidden">
     + <div style="padding-top: 14px">
     + <div style="font-size: 0.95em">
BLL156: identical 2 / changed 1
BLL157: identical 3 / changed 0
BLL160: identical 1 / changed 0
BLL161: identical 3 / changed 0
  ~ BLL162_1_0.html: -43 +33
     - <div class="activity interactive" number="1E">
     - <div class="row">
     - <div class="col-12">
     - <div class="cv2-interactive cv2-int-ref" data-cv2-index="5" data-cv2-ref="BLL162-01-04" style="border: 8px sol
     - <div style="display: flex; align-items: center; gap: 14px"><span style="flex: 1; text-align: center; font-weig
     - <div class="cv2-int-raw" style="display: grid; grid-template-rows: 0fr; transition: grid-template-rows 0.35s e
     - <div style="min-height: 0; overflow: hidden">
     - <div style="padding-top: 14px">
     - <p class="cv2-note" style="color: red; font-weight: bold;">Writers Note: These words are already in the correc
     - <div class="cv2-interactive" data-cv2-index="5" style="border: 3px dashed #d9480f; background: #fff4e6; paddin
     - <p style="color: #d9480f; font-weight: bold">⚙ INTERACTIVE (un-built) #5: dragAndDrop — Activity (inline) — se
     - <div style="font-size: 0.95em">
     - <p><a href="https://www.istockphoto.com/vector/set-of-keep-silence-sign-illustration-gm1964155896-558009076?se
     - <div class="table-responsive">
     - <table class="table table-bordered">
     - <tr>
     - <th></th>
     - <th></th>
     - <th></th>
     - </tr>
     - <tr>
     - <td>Words that end in d or t make a /id/ sound</td>
     - <td>Adding ‘ed’ to words that end in a voiceless sound makes a /t/ sound</td>
     - <td>Adding ‘ed’ to words that end in a voiced sound makes a /d/ sound</td>
     - </tr>
     - <tr>
     - <td> /id/ </td>
     - <td> /t/ </td>
     - <td> /d/ </td>
     - </tr>
     - <tr>
     - <td>twisted / rented / salted</td>
     - <td>fished / jumped / camped</td>
     - <td>grilled / banged / drilled</td>
     - </tr>
     - </table>
     - </div>
     - </div>
     - </div>
     - <div class="col-md-8 col-12">
     - … 3 more removed
     + <div class="cv2-interactive cv2-int-ref" data-cv2-index="5" data-cv2-ref="BLL162-01-04" style="border: 8px sol
     + <div style="display: flex; align-items: center; gap: 14px"><span style="flex: 1; text-align: center; font-weig
     + <div class="cv2-int-raw" style="display: grid; grid-template-rows: 0fr; transition: grid-template-rows 0.35s e
     + <div style="min-height: 0; overflow: hidden">
     + <div style="padding-top: 14px">
     + <p class="cv2-note" style="color: red; font-weight: bold;">Writers Note: These words are already in the correc
     + <div class="cv2-interactive" data-cv2-index="5" style="border: 3px dashed #d9480f; background: #fff4e6; paddin
     + <p style="color: #d9480f; font-weight: bold">⚙ INTERACTIVE (un-built) #5: dragAndDrop — Activity (inline) — se
     + <div style="font-size: 0.95em">
     + <p><a href="https://www.istockphoto.com/vector/set-of-keep-silence-sign-illustration-gm1964155896-558009076?se
     + <div class="table-responsive">
     + <table class="table table-bordered">
     + <tr>
     + <th></th>
     + <th></th>
     + <th></th>
     + </tr>
     + <tr>
     + <td>Words that end in d or t make a /id/ sound</td>
     + <td>Adding ‘ed’ to words that end in a voiceless sound makes a /t/ sound</td>
     + … 13 more added
BLL162: identical 2 / changed 1
  ~ BLL163_1_1.html: -43 +33
     - <div class="activity interactive" number="1H">
     - <div class="row">
     - <div class="col-12">
     - <div class="cv2-interactive cv2-int-ref" data-cv2-index="8" data-cv2-ref="BLL163-02-01" style="border: 8px sol
     - <div style="display: flex; align-items: center; gap: 14px"><span style="flex: 1; text-align: center; font-weig
     - <div class="cv2-int-raw" style="display: grid; grid-template-rows: 0fr; transition: grid-template-rows 0.35s e
     - <div style="min-height: 0; overflow: hidden">
     - <div style="padding-top: 14px">
     - <p class="cv2-note" style="color: red; font-weight: bold;">Writers Note: Please have the words outside of the 
     - <div class="cv2-interactive" data-cv2-index="8" style="border: 3px dashed #d9480f; background: #fff4e6; paddin
     - <p style="color: #d9480f; font-weight: bold">⚙ INTERACTIVE (un-built) #8: selfCheck — Activity (inline) — see 
     - <div style="font-size: 0.95em">
     - <p>See if you can work out which words are irregular and which words are regular and drag them to the correct 
     - <div class="table-responsive">
     - <table class="table table-bordered">
     - <tr>
     - <th>Irregular words</th>
     - <th>Regular words</th>
     - </tr>
     - <tr>
     - <td>said</td>
     - <td>look</td>
     - </tr>
     - <tr>
     - <td>the</td>
     - <td>rush</td>
     - </tr>
     - <tr>
     - <td>he</td>
     - <td>moon</td>
     - </tr>
     - <tr>
     - <td>was</td>
     - <td>yum</td>
     - </tr>
     - </table>
     - </div>
     - </div>
     - </div>
     - <div class="col-md-8 col-12">
     - … 3 more removed
     + <div class="cv2-interactive cv2-int-ref" data-cv2-index="8" data-cv2-ref="BLL163-02-01" style="border: 8px sol
     + <div style="display: flex; align-items: center; gap: 14px"><span style="flex: 1; text-align: center; font-weig
     + <p class="cv2-note" style="color: red; font-weight: bold;">Writers Note: Please have the words outside of the 
     + <div class="cv2-interactive" data-cv2-index="8" style="border: 3px dashed #d9480f; background: #fff4e6; paddin
     + <p style="color: #d9480f; font-weight: bold">⚙ INTERACTIVE (un-built) #8: selfCheck — Activity (inline) — see 
     + <p>See if you can work out which words are irregular and which words are regular and drag them to the correct 
     + <div class="table-responsive">
     + <table class="table table-bordered">
     + <tr>
     + <th>Irregular words</th>
     + <th>Regular words</th>
     + </tr>
     + <tr>
     + <td>said</td>
     + <td>look</td>
     + </tr>
     + <tr>
     + <td>the</td>
     + <td>rush</td>
     + </tr>
     + … 13 more added
BLL163: identical 2 / changed 1
BLL164: identical 3 / changed 0
BLL165: identical 3 / changed 0
  ~ BLL166_1_0.html: -20 +10
     - <div class="activity interactive" number="1B">
     - <div class="row">
     - <div class="col-12">
     - <div class="cv2-interactive cv2-int-ref" data-cv2-index="2" data-cv2-ref="BLL166-01-02" style="border: 8px sol
     - <div style="display: flex; align-items: center; gap: 14px"><span style="flex: 1; text-align: center; font-weig
     - <div class="cv2-int-raw" style="display: grid; grid-template-rows: 0fr; transition: grid-template-rows 0.35s e
     - <div style="min-height: 0; overflow: hidden">
     - <div style="padding-top: 14px">
     - <div class="cv2-interactive" data-cv2-index="2" style="border: 3px dashed #d9480f; background: #fff4e6; paddin
     - <p style="color: #d9480f; font-weight: bold">⚙ INTERACTIVE (un-built) #2: selfCheck — Activity (inline) — see 
     - <div style="font-size: 0.95em">
     - <p>Which line on the grid is completed? 1 2 3 4 5</p>
     - <p>Once you have identified your winning line, look through the grid to see if you can read all the words that
     - </div>
     - </div>
     - </div>
     - <div class="col-md-8 col-12">
     - <div class="row">
     - </div>
     - </div>
     + <div class="cv2-interactive cv2-int-ref" data-cv2-index="2" data-cv2-ref="BLL166-01-02" style="border: 8px sol
     + <div style="display: flex; align-items: center; gap: 14px"><span style="flex: 1; text-align: center; font-weig
     + <div class="cv2-interactive" data-cv2-index="2" style="border: 3px dashed #d9480f; background: #fff4e6; paddin
     + <p style="color: #d9480f; font-weight: bold">⚙ INTERACTIVE (un-built) #2: selfCheck — Activity (inline) — see 
     + <p>Which line on the grid is completed? 1 2 3 4 5</p>
     + <p>Once you have identified your winning line, look through the grid to see if you can read all the words that
     + <div class="cv2-int-raw" style="display: grid; grid-template-rows: 0fr; transition: grid-template-rows 0.35s e
     + <div style="min-height: 0; overflow: hidden">
     + <div style="padding-top: 14px">
     + <div style="font-size: 0.95em">
BLL166: identical 2 / changed 1
BLL167: identical 3 / changed 0
BLL170: identical 1 / changed 0
BLL171: identical 3 / changed 0
BLL172: identical 3 / changed 0
BLL173: identical 3 / changed 0
BLL174: identical 3 / changed 0
BLL175: identical 4 / changed 0
BLL176: identical 3 / changed 0
BLL177: identical 3 / changed 0
BLL210: identical 1 / changed 0
BLL211: identical 3 / changed 0
BLL212: identical 3 / changed 0
BLL213: identical 3 / changed 0
BLL214: identical 3 / changed 0
BLL215: identical 3 / changed 0
  ~ BLL216_1_0.html: -48 +38
     - <div class="activity interactive" number="1C">
     - <div class="col-12">
     - <div class="dragAndDrop" layout="standard">
     - <div class="row">
     - <div class="col-6 questionContainer">
     - <div class="question"><p>un</p></div>
     - <div class="question"><p>un</p></div>
     - <div class="question"><p>mis</p></div>
     - <div class="question"><p>mis</p></div>
     - <div class="question"><p>re</p></div>
     - <div class="question"><p>re</p></div>
     - <div class="question"><p>up</p></div>
     - <div class="question"><p>up</p></div>
     - <div class="col-6 ddContainer">
     - <div class="dropContainer">
     - <div class="drop" option="1"></div>
     - <div class="drop" option="2"></div>
     - <div class="drop" option="3"></div>
     - <div class="drop" option="4"></div>
     - <div class="drop" option="5"></div>
     - <div class="drop" option="6"></div>
     - <div class="drop" option="7"></div>
     - <div class="drop" option="8"></div>
     - </div>
     - <div class="dragContainer">
     - <div class="drag" option="1"><p>well</p></div>
     - <div class="drag" option="2"><p>lucky</p></div>
     - <div class="drag" option="3"><p>match</p></div>
     - <div class="drag" option="4"><p>place</p></div>
     - <div class="drag" option="5"><p>read</p></div>
     - <div class="drag" option="6"><p>open</p></div>
     - <div class="drag" option="7"><p>hill</p></div>
     - <div class="drag" option="8"><p>wards</p></div>
     - </div>
     - </div>
     - <div class="row">
     - <div class="activityButton reset">Reset</div>
     - <div class="activityButton undo hidden">Undo</div>
     - <div class="activityButton checkAnswer hidden">Check answers</div>
     - </div>
     - … 8 more removed
     + <div class="dragAndDrop" layout="standard">
     + <div class="col-6 questionContainer">
     + <div class="question"><p>un</p></div>
     + <div class="question"><p>un</p></div>
     + <div class="question"><p>mis</p></div>
     + <div class="question"><p>mis</p></div>
     + <div class="question"><p>re</p></div>
     + <div class="question"><p>re</p></div>
     + <div class="question"><p>up</p></div>
     + <div class="question"><p>up</p></div>
     + <div class="col-6 ddContainer">
     + <div class="dropContainer">
     + <div class="drop" option="1"></div>
     + <div class="drop" option="2"></div>
     + <div class="drop" option="3"></div>
     + <div class="drop" option="4"></div>
     + <div class="drop" option="5"></div>
     + <div class="drop" option="6"></div>
     + <div class="drop" option="7"></div>
     + <div class="drop" option="8"></div>
     + … 18 more added
BLL216: identical 2 / changed 1
BLL217: identical 3 / changed 0
BLL220: identical 1 / changed 0
BLL221: identical 3 / changed 0
BLL222: identical 3 / changed 0
BLL223: identical 3 / changed 0
BLL224: identical 3 / changed 0
BLL225: identical 3 / changed 0
BLL226: identical 3 / changed 0
BLL227: identical 3 / changed 0
BLL230: identical 1 / changed 0
BLL231: identical 3 / changed 0
BLL232: identical 3 / changed 0
BLL233: identical 3 / changed 0
BLL234: identical 3 / changed 0
BLL235: identical 3 / changed 0
BLL236: identical 3 / changed 0
BLL237: identical 3 / changed 0
  ~ BLL240_1_1.html: -51 +41
     - <div class="activity interactive" number="1B">
     - <div class="row">
     - <div class="col-12">
     - <div class="cv2-interactive cv2-int-ref" data-cv2-index="1" data-cv2-ref="BLL240-02-01" style="border: 8px sol
     - <div style="display: flex; align-items: center; gap: 14px"><span style="flex: 1; text-align: center; font-weig
     - <div class="cv2-int-raw" style="display: grid; grid-template-rows: 0fr; transition: grid-template-rows 0.35s e
     - <div style="min-height: 0; overflow: hidden">
     - <div style="padding-top: 14px">
     - <div class="cv2-interactive" data-cv2-index="1" style="border: 3px dashed #d9480f; background: #fff4e6; paddin
     - <p style="color: #d9480f; font-weight: bold">⚙ INTERACTIVE (un-built) #1: dragAndDrop — Activity (inline) — se
     - <div style="font-size: 0.95em">
     - <div class="table-responsive">
     - <table class="table table-bordered">
     - <tr>
     - <th> [Audio needed] </th>
     - <th> [Images] </th>
     - <th> Correct answer </th>
     - </tr>
     - <tr>
     - <td>[wrist]</td>
     - <td><a href="https://media.istockphoto.com/id/903479832/photo/studio-shot-of-young-boy-with-wrist-pain-sport-i
     - <td> Wrist </td>
     - </tr>
     - <tr>
     - <td>[wring]</td>
     - <td><a href="https://www.shutterstock.com/shutterstock/photos/1863011332/display_1500/stock-photo-closeup-youn
     - <td> Wring </td>
     - </tr>
     - <tr>
     - <td>[wrapper]</td>
     - <td><a href="https://www.shutterstock.com/shutterstock/photos/41127697/display_1500/stock-photo-chocolate-loll
     - <td> Wrapper </td>
     - </tr>
     - <tr>
     - <td>[wreck]</td>
     - <td><a href="https://media.istockphoto.com/id/1498154330/photo/amazing-sunken-ship-in-the-middle-of-the-sea-wi
     - <td> Wreck </td>
     - </tr>
     - <tr>
     - <td>[wrinkled]</td>
     - … 11 more removed
     + <div class="cv2-interactive cv2-int-ref" data-cv2-index="1" data-cv2-ref="BLL240-02-01" style="border: 8px sol
     + <div style="display: flex; align-items: center; gap: 14px"><span style="flex: 1; text-align: center; font-weig
     + <div class="cv2-interactive" data-cv2-index="1" style="border: 3px dashed #d9480f; background: #fff4e6; paddin
     + <p style="color: #d9480f; font-weight: bold">⚙ INTERACTIVE (un-built) #1: dragAndDrop — Activity (inline) — se
     + <th> [Audio needed] </th>
     + <th> [Images] </th>
     + <th> Correct answer </th>
     + <td>[wrist]</td>
     + <td><a href="https://media.istockphoto.com/id/903479832/photo/studio-shot-of-young-boy-with-wrist-pain-sport-i
     + <td> Wrist </td>
     + <td>[wring]</td>
     + <td><a href="https://www.shutterstock.com/shutterstock/photos/1863011332/display_1500/stock-photo-closeup-youn
     + <td> Wring </td>
     + <td>[wrapper]</td>
     + <td><a href="https://www.shutterstock.com/shutterstock/photos/41127697/display_1500/stock-photo-chocolate-loll
     + <td> Wrapper </td>
     + <td>[wreck]</td>
     + <td><a href="https://media.istockphoto.com/id/1498154330/photo/amazing-sunken-ship-in-the-middle-of-the-sea-wi
     + <td> Wreck </td>
     + <td>[wrinkled]</td>
     + … 21 more added
BLL240: identical 8 / changed 1
BLL241: identical 3 / changed 0
BLL242: identical 3 / changed 0
BLL244: identical 3 / changed 0
  ~ BLL245_1_0.html: -20 +10
     - <div class="activity interactive" number="1C">
     - <div class="row">
     - <div class="col-12">
     - <div class="cv2-interactive cv2-int-ref" data-cv2-index="3" data-cv2-ref="BLL245-01-02" style="border: 8px sol
     - <div style="display: flex; align-items: center; gap: 14px"><span style="flex: 1; text-align: center; font-weig
     - <div class="cv2-int-raw" style="display: grid; grid-template-rows: 0fr; transition: grid-template-rows 0.35s e
     - <div style="min-height: 0; overflow: hidden">
     - <div style="padding-top: 14px">
     - <div class="cv2-interactive" data-cv2-index="3" style="border: 3px dashed #d9480f; background: #fff4e6; paddin
     - <p style="color: #d9480f; font-weight: bold">⚙ INTERACTIVE (un-built) #3: selfCheck — Activity (inline) — see 
     - <div style="font-size: 0.95em">
     - <p>Which line on the grid is completed? 1 2 3 4 5</p>
     - <p>Once you have identified your completed line, look through the grid to see if you can read all the words th
     - </div>
     - </div>
     - <div class="col-md-8 col-12">
     - <div class="row">
     - </div>
     - </div>
     - </div>
     + <div class="cv2-interactive cv2-int-ref" data-cv2-index="3" data-cv2-ref="BLL245-01-02" style="border: 8px sol
     + <div style="display: flex; align-items: center; gap: 14px"><span style="flex: 1; text-align: center; font-weig
     + <div class="cv2-interactive" data-cv2-index="3" style="border: 3px dashed #d9480f; background: #fff4e6; paddin
     + <p style="color: #d9480f; font-weight: bold">⚙ INTERACTIVE (un-built) #3: selfCheck — Activity (inline) — see 
     + <p>Which line on the grid is completed? 1 2 3 4 5</p>
     + <p>Once you have identified your completed line, look through the grid to see if you can read all the words th
     + <div class="cv2-int-raw" style="display: grid; grid-template-rows: 0fr; transition: grid-template-rows 0.35s e
     + <div style="min-height: 0; overflow: hidden">
     + <div style="padding-top: 14px">
     + <div style="font-size: 0.95em">
BLL245: identical 2 / changed 1
BLL246: identical 3 / changed 0
  ~ BLL251_1_0.html: -20 +10
     - <div class="activity interactive" number="1B">
     - <div class="row">
     - <div class="col-12">
     - <div class="cv2-interactive cv2-int-ref" data-cv2-index="2" data-cv2-ref="BLL251-01-02" style="border: 8px sol
     - <div style="display: flex; align-items: center; gap: 14px"><span style="flex: 1; text-align: center; font-weig
     - <div class="cv2-int-raw" style="display: grid; grid-template-rows: 0fr; transition: grid-template-rows 0.35s e
     - <div style="min-height: 0; overflow: hidden">
     - <div style="padding-top: 14px">
     - <div class="cv2-interactive" data-cv2-index="2" style="border: 3px dashed #d9480f; background: #fff4e6; paddin
     - <p style="color: #d9480f; font-weight: bold">⚙ INTERACTIVE (un-built) #2: selfCheck — Activity (inline) — see 
     - <div style="font-size: 0.95em">
     - <p>Which line on the grid is completed? 1 2 3 4 5</p>
     - <p>Once you have identified your winning line, look through the grid to see if you can read all the words that
     - </div>
     - </div>
     - <div class="col-md-8 col-12">
     - </div>
     - <div class="row">
     - </div>
     - </div>
     + <div class="cv2-interactive cv2-int-ref" data-cv2-index="2" data-cv2-ref="BLL251-01-02" style="border: 8px sol
     + <div style="display: flex; align-items: center; gap: 14px"><span style="flex: 1; text-align: center; font-weig
     + <div class="cv2-interactive" data-cv2-index="2" style="border: 3px dashed #d9480f; background: #fff4e6; paddin
     + <p style="color: #d9480f; font-weight: bold">⚙ INTERACTIVE (un-built) #2: selfCheck — Activity (inline) — see 
     + <p>Which line on the grid is completed? 1 2 3 4 5</p>
     + <p>Once you have identified your winning line, look through the grid to see if you can read all the words that
     + <div class="cv2-int-raw" style="display: grid; grid-template-rows: 0fr; transition: grid-template-rows 0.35s e
     + <div style="min-height: 0; overflow: hidden">
     + <div style="padding-top: 14px">
     + <div style="font-size: 0.95em">
BLL251: identical 2 / changed 1
BLL252: identical 3 / changed 0
BLL253: identical 3 / changed 0
BLL254: identical 3 / changed 0
BLL262: identical 3 / changed 0
BLL263: identical 3 / changed 0
BLLR201: identical 8 / changed 0
BLLR202: identical 12 / changed 0
BLLR203: identical 10 / changed 0
  ~ CBI1004_3_0.html: -43 +33
     - <div class="activity interactive" number="3B">
     - <div class="row">
     - <div class="col-12">
     - <div class="cv2-interactive cv2-int-ref" data-cv2-index="3" data-cv2-ref="CBI1004-03-01" style="border: 8px so
     - <div style="display: flex; align-items: center; gap: 14px"><span style="flex: 1; text-align: center; font-weig
     - <div class="cv2-int-raw" style="display: grid; grid-template-rows: 0fr; transition: grid-template-rows 0.35s e
     - <div style="min-height: 0; overflow: hidden">
     - <div style="padding-top: 14px">
     - <div class="cv2-interactive" data-cv2-index="3" style="border: 3px dashed #d9480f; background: #fff4e6; paddin
     - <p style="color: #d9480f; font-weight: bold">⚙ INTERACTIVE (un-built) #3: multiChoiceQuiz — Activity (inline) 
     - <div style="font-size: 0.95em">
     - <ol>
     - <li>Genetic characteristics are determined by the sequence of bases (As, Ts, Cs and Gs)</li>
     - </ol>
     - <p>a. True</p>
     - <p>b. False</p>
     - <ol>
     - <li>Are human beings more closely related to chimpanzees or bananas?</li>
     - </ol>
     - <p>a. Chimpanzees</p>
     - <p>b. Bananas</p>
     - <ol>
     - <li>Do your nerve cells have the same genetic information as your heart cells?</li>
     - </ol>
     - <p>A. Yes the DNA is identical</p>
     - <p>b. No the DNA is different</p>
     - <ol>
     - <li>Do skin cells from different people have the same genetic information or different genetic information?</l
     - </ol>
     - <p>a. The same genetic information</p>
     - <p>b. Different genetic information</p>
     - <p>Check answers</p>
     - <p>Reset</p>
     - <ol>
     - <li>a 2. a 3. a 4. b</li>
     - </ol>
     - </div>
     - </div>
     - </div>
     - <div class="col-md-8 col-12">
     - … 3 more removed
     + <div class="cv2-interactive cv2-int-ref" data-cv2-index="3" data-cv2-ref="CBI1004-03-01" style="border: 8px so
     + <div style="display: flex; align-items: center; gap: 14px"><span style="flex: 1; text-align: center; font-weig
     + <div class="cv2-int-raw" style="display: grid; grid-template-rows: 0fr; transition: grid-template-rows 0.35s e
     + <div style="min-height: 0; overflow: hidden">
     + <div style="padding-top: 14px">
     + <div class="cv2-interactive" data-cv2-index="3" style="border: 3px dashed #d9480f; background: #fff4e6; paddin
     + <p style="color: #d9480f; font-weight: bold">⚙ INTERACTIVE (un-built) #3: multiChoiceQuiz — Activity (inline) 
     + <div style="font-size: 0.95em">
     + <ol>
     + <li>Genetic characteristics are determined by the sequence of bases (As, Ts, Cs and Gs)</li>
     + </ol>
     + <p>a. True</p>
     + <p>b. False</p>
     + <ol>
     + <li>Are human beings more closely related to chimpanzees or bananas?</li>
     + </ol>
     + <p>a. Chimpanzees</p>
     + <p>b. Bananas</p>
     + <ol>
     + <li>Do your nerve cells have the same genetic information as your heart cells?</li>
     + … 13 more added
CBI1004: identical 10 / changed 1
CBI1005: identical 11 / changed 0
CBI1008: identical 3 / changed 0
CBI1009: identical 4 / changed 0
CEDK101: identical 1 / changed 0

TOTAL: identical 484 / changed 32 / missing 0 over 132 modules
CHANGED: AGH1008/AGH1008_5_0.html ANZH203/ANZH203_3_0.html ANZH301/ANZH301_7_0.html ANZH302/ANZH302_7_0.html BLL111/BLL111_1_0.html BLL111/BLL111_2_0.html BLL112/BLL112_1_0.html BLL113/BLL113_1_0.html BLL114/BLL114_2_0.html BLL122/BLL122_1_0.html BLL123/BLL123_2_0.html BLL124/BLL124_1_0.html BLL126/BLL126_1_0.html BLL127/BLL127_1_0.html BLL131/BLL131_1_0.html BLL135/BLL135_1_0.html BLL143/BLL143_1_0.html BLL144/BLL144_1_0.html BLL145/BLL145_1_0.html BLL145/BLL145_1_1.html BLL151/BLL151_1_0.html BLL155/BLL155_1_0.html BLL155/BLL155_1_1.html BLL156/BLL156_1_1.html BLL162/BLL162_1_0.html BLL163/BLL163_1_1.html BLL166/BLL166_1_0.html BLL216/BLL216_1_0.html BLL240/BLL240_1_1.html BLL245/BLL245_1_0.html BLL251/BLL251_1_0.html CBI1004/CBI1004_3_0.html
