AGH1001: identical 6 / changed 0
AGH1002: identical 7 / changed 0
AGH1003: identical 9 / changed 0
AGH1004: identical 7 / changed 0
  ~ AGH1005_2_0.html: -11 +21
     - <p class="cv2-note" style="color: red; font-weight: bold;">Red Flag: [video] with no URL found — add the video
     - <h3>Match the label to the correct part of the plant.</h3>
     - <p>Phloem</p>
     - <p>Epidermis</p>
     - <p>Xylem</p>
     - <p>Pith</p>
     - <div class="cv2-interactive cv2-int-ref" data-cv2-index="6" data-cv2-ref="AGH1005-02-01" style="border: 8px so
     - <div class="row">
     - <div class="col-md-8 col-12">
     - </div>
     - </div>
     + <h3>Match the label to the correct part of the plant.</h3>
     + <div class="cv2-interactive cv2-int-ref" data-cv2-index="5" data-cv2-ref="AGH1005-02-01" style="border: 8px so
     + <div class="cv2-interactive" data-cv2-index="5" style="border: 3px dashed #d9480f; background: #fff4e6; paddin
     + <p style="color: #d9480f; font-weight: bold">⚙ INTERACTIVE (un-built) #5: dragAndDrop — Activity (inline) — se
     + <p>Phloem</p>
     + <p>Epidermis</p>
     + <p>Xylem</p>
     + <p>Pith</p>
     + <p class="cv2-note" style="color: red; font-weight: bold;">Red Flag: [video] with no URL found — add the video
     + <div class="cv2-interactive cv2-int-ref" data-cv2-index="6" data-cv2-ref="AGH1005-02-02" style="border: 8px so
     + <div style="display: flex; align-items: center; gap: 14px"><span style="flex: 1; text-align: center; font-weig
     + <div class="cv2-int-raw" style="display: grid; grid-template-rows: 0fr; transition: grid-template-rows 0.35s e
     + <div style="min-height: 0; overflow: hidden">
     + <div style="padding-top: 14px">
     + <div style="font-size: 0.95em">
     + </div>
     + </div>
     + </div>
     + </div>
     + </div>
     + … 1 more added
AGH1005: identical 8 / changed 1
  ~ AGH1006_4_0.html: -10 +24
     - <p class="cv2-note" style="color: red; font-weight: bold;">Red Flag: [video] with no URL found — add the video
     - <h3>Knowledge CheckTrue/False</h3>
     - <ol>
     - <li>Glasshouses are less productive than open air cropping.□</li>
     - <li>Consumer demand is driving the market for more productive and sustainable crops.□</li>
     - <li>The price of producing crops means more productive methods are necessary.□</li>
     - <li>Glasshouses make it more difficult to control plant growth. □</li>
     - <li>Aspects of m anaakitanga are seen in the relationship between workers and owners.□</li>
     - </ol>
     - <p class="cv2-note" style="color: red; font-weight: bold;">Writers Note: Answers: 1. False, 2. True, 3. True, 
     + <h3>Knowledge CheckTrue/False</h3>
     + <div class="cv2-interactive cv2-int-ref" data-cv2-index="13" data-cv2-ref="AGH1006-04-03" style="border: 8px s
     + <div style="display: flex; align-items: center; gap: 14px"><span style="flex: 1; text-align: center; font-weig
     + <div class="cv2-int-raw" style="display: grid; grid-template-rows: 0fr; transition: grid-template-rows 0.35s e
     + <div style="min-height: 0; overflow: hidden">
     + <div style="padding-top: 14px">
     + <p class="cv2-note" style="color: red; font-weight: bold;">Writers Note: Answers: 1. False, 2. True, 3. True, 
     + <div class="cv2-interactive" data-cv2-index="13" style="border: 3px dashed #d9480f; background: #fff4e6; paddi
     + <p style="color: #d9480f; font-weight: bold">⚙ INTERACTIVE (un-built) #13: radioQuiz — Activity (inline) — see
     + <div style="font-size: 0.95em">
     + <ol>
     + <li>Glasshouses are less productive than open air cropping.□</li>
     + <li>Consumer demand is driving the market for more productive and sustainable crops.□</li>
     + <li>The price of producing crops means more productive methods are necessary.□</li>
     + <li>Glasshouses make it more difficult to control plant growth. □</li>
     + <li>Aspects of m anaakitanga are seen in the relationship between workers and owners.□</li>
     + </ol>
     + </div>
     + </div>
     + </div>
     + … 4 more added
AGH1006: identical 9 / changed 1
AGH1007: identical 10 / changed 0
AGH1008: identical 10 / changed 0
AGH1009: identical 10 / changed 0
ANZH101: identical 4 / changed 0
ANZH103: identical 2 / changed 0
ANZH104: identical 8 / changed 0
ANZH105: identical 8 / changed 0
ANZH203: identical 7 / changed 0
ANZH205: identical 7 / changed 0
ANZH301: identical 11 / changed 0
ANZH302: identical 11 / changed 0
ANZH303: identical 7 / changed 0
ANZH304: identical 7 / changed 0
ANZH401: identical 14 / changed 0
ANZH404: identical 7 / changed 0
ANZHFUN05: identical 1 / changed 0
ARFUN01: identical 1 / changed 0
ARFUN02: identical 1 / changed 0
ARFUN03: identical 1 / changed 0
ARFUN04: identical 1 / changed 0
ARFUN05: identical 1 / changed 0
ART1002: identical 8 / changed 0
ART1003: identical 1 / changed 0
ART1004: identical 1 / changed 0
ART1005: identical 1 / changed 0
ART1006: identical 6 / changed 0
BLL110: identical 1 / changed 0
BLL111: identical 3 / changed 0
BLL112: identical 3 / changed 0
BLL113: identical 3 / changed 0
BLL114: identical 3 / changed 0
BLL115: identical 3 / changed 0
BLL116: identical 3 / changed 0
BLL117: identical 3 / changed 0
BLL120: identical 1 / changed 0
BLL121: identical 3 / changed 0
BLL122: identical 3 / changed 0
BLL123: identical 3 / changed 0
BLL124: identical 3 / changed 0
BLL125: identical 3 / changed 0
BLL126: identical 3 / changed 0
BLL127: identical 3 / changed 0
BLL130: identical 1 / changed 0
BLL131: identical 3 / changed 0
BLL132: identical 3 / changed 0
BLL133: identical 3 / changed 0
BLL134: identical 3 / changed 0
BLL135: identical 3 / changed 0
BLL136: identical 2 / changed 0
BLL137: identical 3 / changed 0
BLL140: identical 1 / changed 0
BLL141: identical 3 / changed 0
BLL142: identical 3 / changed 0
BLL143: identical 3 / changed 0
BLL144: identical 3 / changed 0
BLL145: identical 3 / changed 0
BLL146: identical 3 / changed 0
BLL147: identical 3 / changed 0
BLL150: identical 1 / changed 0
BLL151: identical 3 / changed 0
BLL152: identical 3 / changed 0
BLL153: identical 3 / changed 0
BLL154: identical 3 / changed 0
BLL155: identical 3 / changed 0
BLL156: identical 3 / changed 0
BLL157: identical 3 / changed 0
BLL160: identical 1 / changed 0
BLL161: identical 3 / changed 0
BLL162: identical 3 / changed 0
BLL163: identical 3 / changed 0
BLL164: identical 3 / changed 0
BLL165: identical 3 / changed 0
BLL166: identical 3 / changed 0
BLL167: identical 3 / changed 0
BLL170: identical 1 / changed 0
BLL171: identical 3 / changed 0
BLL172: identical 3 / changed 0
BLL173: identical 3 / changed 0
BLL174: identical 3 / changed 0
BLL175: identical 4 / changed 0
BLL176: identical 3 / changed 0
BLL177: identical 3 / changed 0
BLL210: identical 1 / changed 0
BLL211: identical 3 / changed 0
BLL212: identical 3 / changed 0
BLL213: identical 3 / changed 0
BLL214: identical 3 / changed 0
BLL215: identical 3 / changed 0
BLL216: identical 3 / changed 0
BLL217: identical 3 / changed 0
BLL220: identical 1 / changed 0
BLL221: identical 3 / changed 0
BLL222: identical 3 / changed 0
BLL223: identical 3 / changed 0
BLL224: identical 3 / changed 0
BLL225: identical 3 / changed 0
BLL226: identical 3 / changed 0
BLL227: identical 3 / changed 0
BLL230: identical 1 / changed 0
BLL231: identical 3 / changed 0
BLL232: identical 3 / changed 0
BLL233: identical 3 / changed 0
BLL234: identical 3 / changed 0
BLL235: identical 3 / changed 0
BLL236: identical 3 / changed 0
BLL237: identical 3 / changed 0
BLL240: identical 9 / changed 0
BLL241: identical 3 / changed 0
BLL242: identical 3 / changed 0
BLL244: identical 3 / changed 0
BLL245: identical 3 / changed 0
BLL246: identical 3 / changed 0
BLL251: identical 3 / changed 0
BLL252: identical 3 / changed 0
BLL253: identical 3 / changed 0
BLL254: identical 3 / changed 0
BLL262: identical 3 / changed 0
BLL263: identical 3 / changed 0
BLLR201: identical 8 / changed 0
BLLR202: identical 12 / changed 0
BLLR203: identical 10 / changed 0
CBI1004: identical 11 / changed 0
CBI1005: identical 11 / changed 0
CBI1008: identical 3 / changed 0
CBI1009: identical 4 / changed 0
CEDK101: identical 1 / changed 0

TOTAL: identical 514 / changed 2 / missing 0 over 132 modules
CHANGED: AGH1005/AGH1005_2_0.html AGH1006/AGH1006_4_0.html
