changed paired pages 84: up 28 / down 24 / same 32; SCAFFOLD pp-sum +27.7 (mean +0.33pp per page); RAW pp-sum +24.4
  BLL114 BLL114_2_0.html scaffold 60.0 -> 53.7 (-6.3)   raw 38.4 -> 37.1 (-1.3)
  BLL111 BLL111_1_0.html scaffold 58.5 -> 52.4 (-6.1)   raw 32.5 -> 32.5 (+0.0)
  BLL144 BLL144_1_0.html scaffold 57.1 -> 51.2 (-6.0)   raw 22.3 -> 19.6 (-2.7)
  BLL113 BLL113_1_0.html scaffold 26.3 -> 21.5 (-4.8)   raw 18.6 -> 15.1 (-3.5)
  XMES103 XMES103_2_0.html scaffold 42.8 -> 38.4 (-4.4)   raw 27.0 -> 22.2 (-4.8)
  ENGC102 ENGC102_7_0.html scaffold 56.4 -> 52.3 (-4.1)   raw 27.7 -> 25.4 (-2.2)
  BLL111 BLL111_2_0.html scaffold 54.0 -> 50.2 (-3.7)   raw 38.2 -> 37.5 (-0.7)
  BLL122 BLL122_1_0.html scaffold 48.8 -> 45.9 (-2.9)   raw 24.1 -> 22.7 (-1.4)
  BLL166 BLL166_1_0.html scaffold 77.5 -> 74.6 (-2.8)   raw 48.8 -> 47.0 (-1.8)
  BLL251 BLL251_1_0.html scaffold 55.4 -> 53.0 (-2.4)   raw 29.1 -> 28.5 (-0.6)
  BLL124 BLL124_1_0.html scaffold 40.4 -> 38.1 (-2.3)   raw 22.8 -> 21.1 (-1.7)
  ENGI101 ENGI101_1_1.html scaffold 60.0 -> 57.7 (-2.3)   raw 36.8 -> 35.7 (-1.2)
  HIS1005 HIS1005_6_1.html scaffold 52.9 -> 51.0 (-2.0)   raw 38.9 -> 37.5 (-1.4)
  BLL112 BLL112_1_0.html scaffold 78.5 -> 77.0 (-1.5)   raw 52.3 -> 51.4 (-0.9)
  BLL143 BLL143_1_0.html scaffold 60.8 -> 59.6 (-1.2)   raw 24.8 -> 24.8 (+0.0)
  BLL123 BLL123_2_0.html scaffold 61.6 -> 60.5 (-1.1)   raw 34.4 -> 33.8 (-0.6)
  BLL156 BLL156_1_1.html scaffold 57.9 -> 56.9 (-1.0)   raw 40.8 -> 40.1 (-0.6)
  BLL240 BLL240_1_1.html scaffold 41.0 -> 40.3 (-0.7)   raw 26.7 -> 25.8 (-0.9)
  BLL145 BLL145_1_0.html scaffold 49.7 -> 49.0 (-0.6)   raw 26.3 -> 27.4 (+1.1)
  HIS1005 HIS1005_5_1.html scaffold 58.2 -> 57.6 (-0.6)   raw 41.9 -> 41.6 (-0.3)
  MXDI102 MXDI102_3_0.html scaffold 34.7 -> 34.2 (-0.5)   raw 14.3 -> 12.7 (-1.5)
  XGF9001 XGF9001_2_0.html scaffold 18.9 -> 18.6 (-0.3)   raw 13.2 -> 8.7 (-4.5)
  MXFL103 MXFL103_1_1.html scaffold 26.1 -> 25.8 (-0.3)   raw 19.0 -> 20.5 (+1.4)
  SSFUN07 SSFUN07_2_0.html scaffold 6.1 -> 6.0 (-0.0)   raw 4.4 -> 4.8 (+0.5)
  ANZH203 ANZH203_3_0.html scaffold 62.7 -> 62.7 (+0.0)   raw 48.7 -> 48.7 (+0.0)
  ANZH301 ANZH301_7_0.html scaffold 55.6 -> 55.6 (+0.0)   raw 50.8 -> 50.8 (+0.0)
  ANZH302 ANZH302_7_0.html scaffold 30.0 -> 30.0 (+0.0)   raw 27.2 -> 27.2 (+0.0)
  BLL126 BLL126_1_0.html scaffold 76.8 -> 76.8 (+0.0)   raw 57.6 -> 57.6 (+0.0)
  BLL127 BLL127_1_0.html scaffold 44.4 -> 44.4 (+0.0)   raw 23.7 -> 23.7 (+0.0)
  BLL145 BLL145_1_1.html scaffold 58.2 -> 58.2 (+0.0)   raw 30.0 -> 29.4 (-0.6)
  BLL151 BLL151_1_0.html scaffold 75.9 -> 75.9 (+0.0)   raw 59.6 -> 58.7 (-0.9)
  BLL162 BLL162_1_0.html scaffold 71.3 -> 71.3 (+0.0)   raw 41.8 -> 41.1 (-0.7)
  BLL163 BLL163_1_1.html scaffold 65.9 -> 65.9 (+0.0)   raw 40.7 -> 39.3 (-1.4)
  BLL216 BLL216_1_0.html scaffold 35.7 -> 35.7 (+0.0)   raw 22.1 -> 30.4 (+8.3)
  BLL245 BLL245_1_0.html scaffold 62.3 -> 62.3 (+0.0)   raw 23.5 -> 23.5 (+0.0)
  CEDO105 CEDO105_5_0.html scaffold 61.3 -> 61.3 (+0.0)   raw 41.8 -> 41.8 (+0.0)
  DAN1006 DAN1006_1_0.html scaffold 41.2 -> 41.2 (+0.0)   raw 37.1 -> 37.1 (+0.0)
  ENFUN04 ENFUN04_0_0.html scaffold 54.0 -> 54.0 (+0.0)   raw 32.4 -> 32.2 (-0.3)
  ENGI101 ENGI101_1_0.html scaffold 39.1 -> 39.1 (+0.0)   raw 25.4 -> 24.6 (-0.8)
  ENGI405 ENGI405_5_0.html scaffold 44.1 -> 44.1 (+0.0)   raw 32.7 -> 32.7 (+0.0)
  ENGJ102 ENGJ102_1_0.html scaffold 33.6 -> 33.6 (+0.0)   raw 17.3 -> 15.8 (-1.5)
  FRFUN06 FRFUN06_2_0.html scaffold 42.9 -> 42.9 (+0.0)   raw 34.8 -> 34.8 (+0.0)
  FRFUN06 FRFUN06_4_0.html scaffold 35.1 -> 35.1 (+0.0)   raw 20.9 -> 20.9 (+0.0)
  HIS1003 HIS1003_6_0.html scaffold 23.7 -> 23.7 (+0.0)   raw 12.6 -> 12.6 (+0.0)
  HIS1004 HIS1004_1_0.html scaffold 57.6 -> 57.6 (+0.0)   raw 50.7 -> 50.7 (+0.0)
  HIS1004 HIS1004_7_0.html scaffold 34.1 -> 34.1 (+0.0)   raw 22.8 -> 22.8 (+0.0)
  HIS1004 HIS1004_9_0.html scaffold 49.2 -> 49.2 (+0.0)   raw 35.5 -> 35.5 (+0.0)
  HPRE203 HPRE203_3_0.html scaffold 70.5 -> 70.5 (+0.0)   raw 47.8 -> 46.7 (-1.0)
  MXDB102 MXDB102_10_0.html scaffold 53.4 -> 53.4 (+0.0)   raw 17.2 -> 17.2 (+0.0)
  MXDI102 MXDI102_1_0.html scaffold 29.0 -> 29.0 (+0.0)   raw 18.0 -> 18.0 (+0.0)
  MXDI102 MXDI102_4_0.html scaffold 39.8 -> 39.8 (+0.0)   raw 12.6 -> 12.2 (-0.4)
  MXEO301 MXEO301_3_0.html scaffold 54.1 -> 54.1 (+0.0)   raw 27.1 -> 27.1 (+0.0)
  MXFL203 MXFL203_10_0.html scaffold 38.8 -> 38.8 (+0.0)   raw 19.7 -> 19.4 (-0.3)
  MXFL203 MXFL203_11_0.html scaffold 50.8 -> 50.8 (+0.0)   raw 33.9 -> 33.4 (-0.5)
  XGF9004 XGF9004_2_0.html scaffold 26.2 -> 26.2 (+0.0)   raw 16.7 -> 16.7 (+0.0)
  XGF9004 XGF9004_6_0.html scaffold 33.8 -> 33.8 (+0.0)   raw 19.9 -> 19.9 (+0.0)
  WJFUN115 WJFUN115_0_0.html scaffold 53.9 -> 54.2 (+0.3)   raw 34.9 -> 34.8 (-0.1)
  ENFUN02 ENFUN02_0_0.html scaffold 59.6 -> 59.9 (+0.4)   raw 37.8 -> 38.0 (+0.2)
  HIS1008 HIS1008_7_0.html scaffold 56.6 -> 57.1 (+0.5)   raw 41.7 -> 41.7 (+0.0)
  HIS1008 HIS1008_6_0.html scaffold 53.3 -> 53.9 (+0.6)   raw 31.8 -> 32.2 (+0.4)
  ENGI303 ENGI303_3_0.html scaffold 53.5 -> 54.2 (+0.7)   raw 33.2 -> 33.8 (+0.6)
  SCES201 SCES201_2_0.html scaffold 63.7 -> 64.6 (+0.9)   raw 35.3 -> 35.7 (+0.5)
  HIS1003 HIS1003_2_0.html scaffold 44.9 -> 45.8 (+0.9)   raw 29.9 -> 30.5 (+0.6)
  HPRE203 HPRE203_6_0.html scaffold 73.4 -> 74.4 (+1.0)   raw 49.8 -> 50.5 (+0.7)
  MXEO202 MXEO202_1_0.html scaffold 54.1 -> 55.2 (+1.1)   raw 34.0 -> 33.3 (-0.7)
  MXFL102 MXFL102_7_0.html scaffold 54.0 -> 55.2 (+1.1)   raw 44.2 -> 44.2 (+0.0)
  BLL135 BLL135_1_0.html scaffold 66.7 -> 67.9 (+1.2)   raw 48.0 -> 48.9 (+0.9)
  ENGJ202 ENGJ202_4_0.html scaffold 62.0 -> 63.3 (+1.3)   raw 50.2 -> 50.2 (+0.0)
  HIS1004 HIS1004_8_0.html scaffold 44.4 -> 45.9 (+1.5)   raw 38.1 -> 39.4 (+1.3)
  MXDI103 MXDI103_6_0.html scaffold 42.6 -> 44.1 (+1.5)   raw 20.1 -> 20.5 (+0.3)
  FRFUN06 FRFUN06_1_0.html scaffold 47.4 -> 49.1 (+1.7)   raw 37.2 -> 40.6 (+3.4)
  XDLS909 XDLS909_4_0.html scaffold 27.0 -> 28.9 (+1.8)   raw 14.3 -> 14.6 (+0.3)
  HIS1004 HIS1004_10_0.html scaffold 30.2 -> 32.3 (+2.1)   raw 23.0 -> 24.7 (+1.6)
  HIS1005 HIS1005_9_1.html scaffold 43.5 -> 45.8 (+2.3)   raw 38.5 -> 39.9 (+1.4)
  HPRE203 HPRE203_5_0.html scaffold 49.7 -> 52.1 (+2.5)   raw 30.2 -> 31.3 (+1.2)
  MXDI102 MXDI102_2_0.html scaffold 33.6 -> 36.4 (+2.8)   raw 18.3 -> 19.0 (+0.6)
  HIS1007 HIS1007_3_1.html scaffold 43.2 -> 46.4 (+3.2)   raw 38.0 -> 40.1 (+2.1)
  CBI1004 CBI1004_3_0.html scaffold 48.4 -> 52.3 (+3.9)   raw 38.3 -> 40.4 (+2.1)
  XMES201 XMES201_4_0.html scaffold 55.7 -> 60.9 (+5.2)   raw 31.3 -> 34.3 (+3.0)
  ENGC401 ENGC401_5_0.html scaffold 63.0 -> 68.9 (+5.9)   raw 47.2 -> 55.6 (+8.5)
  ENGS404 ENGS404_2_0.html scaffold 44.1 -> 50.5 (+6.4)   raw 28.9 -> 31.3 (+2.4)
  AGH1008 AGH1008_5_0.html scaffold 50.0 -> 57.9 (+7.9)   raw 39.1 -> 46.3 (+7.2)
  FRFUN06 FRFUN06_3_0.html scaffold 34.3 -> 46.5 (+12.2)   raw 28.1 -> 36.5 (+8.5)
  BLL131 BLL131_1_0.html scaffold 36.3 -> 51.0 (+14.7)   raw 20.7 -> 27.9 (+7.3)
