======================================================================
 SCOPED SHIP — affected=../../outputs/_affected_r412.txt (18 modules), toggle=HEADTABLE_OFF
======================================================================
[0] toggle-exists invariant (HEADTABLE_OFF)
    OK — HEADTABLE_OFF found in app/js (the last-shipped corpus == this toggle OFF).

[1] content-hash 0-stale (mtime false-alarm defeated)
[content-manifest] content-hash 0-stale vs _content_manifest.txt
  affected set: 18 module(s) (must be freshly regenerated)
  unaffected  : 473 module(s) (must be byte-identical to the manifest; mtime IGNORED)
  OK — 0 truly stale. 18 affected regenerated; the untouched corpus is byte-identical to the manifest (mtime false-alarm defeated).

[2] containment — actually-changed modules must be a subset of the affected set
    OK — 18 changed module(s) are a subset of 18 affected (the true set ⊆ the detector set).

[3] completeness spot-check (a mis-specified P is caught here)
[spotcheck] verifying 12 non-affected modules regenerated WITH the fix ON
  OK — all 12 sampled non-affected modules are BYTE-IDENTICAL under the fix (P's no-op claim holds on the sample).

[4] exact gate proof (decomposition vs the last-ship baseline)
re-scoring 30 affected module(s): AGH1004 AGH1006 BLL131 BLL164 BLL240 CEDW201 DAN1006 ENGJ102 EXBP901 EXIP901 HES1002 HPFUN102 HPFUN201 HPFUN302 PWY1007 PWY1009 SCES201 TEDC401 TEFUN05 TEFUN06 TWHA904 TWHA905 TWHA906 WJFUN110 WJFUN208 WJFUN211 WJFUN212 WJFUN304 WJFUN305 XGF9003
baseline taken: 2026-09-20T03:24:54Z
(unaffected modules unchanged by construction — corpus aggregate moves by exactly the affected-set delta)

  metric                                 baseline        new     delta  verdict
  -----------------------------------------------------------------------------
  skeleton SCAFFOLD mean %                  53.79      53.81     +0.01  IMPROVED
  skeleton pages >=50%                       1406       1408        +2  IMPROVED
  skeleton pages >=75%                        236        236         0  HELD
  compare_structure exact chain             14175      14174        -1  REGRESSED
  compare_structure EXTRA container           186        186         0  HELD
  compare_structure missing container         690        690         0  HELD
  body_compare ANY breakdown                  248        248         0  HELD
  defect structurally-clean %               98.27      98.27      0.00  HELD
  literal-[tag] leak (occ)                     73         73         0  HELD
  literal-[tag] leak (pages)                   44         44         0  HELD

  context (no pass/fail): sk_pages: 2349->2349  cs_matched: 16470->16469  body_pages: 2548->2548  df_total: 2548->2548  df_clean: 2504->2504

RESULT: FAIL — REGRESSED: compare_structure exact chain
        (inner-loop only — investigate before the ship checkpoint; toggle the fix OFF and re-run to isolate.)

[6] periodic full-ship backstop cadence
[ledger] last full ship: round None (2026-09-19T10:31:42Z); scoped ships since: 4 (cadence 8, hard 16)
  OK — a full-ship backstop is not yet due (4 scoped ship(s) of headroom).

SCOPED SHIP: FAILED — see the log above.
