[snapshot] running cs (full corpus)
  $ python3 compare_structure.py
[snapshot] running bc (full corpus)
  $ python3 body_compare.py
[snapshot] running skeleton (full corpus)
  $ python3 _skeleton_compare.py --json /mnt/c/Users/Gavin/TeKura/FINAL_MODULE_DATA/CONVERTER_V2/outputs/_fastloop_baseline/skeleton.json
[snapshot] running defect (full corpus)
  $ python3 _structural_defect_audit.py --json /mnt/c/Users/Gavin/TeKura/FINAL_MODULE_DATA/CONVERTER_V2/outputs/_fastloop_baseline/defect.json

[snapshot] baseline complete -> /mnt/c/Users/Gavin/TeKura/FINAL_MODULE_DATA/CONVERTER_V2/outputs/_fastloop_baseline

BASELINE aggregates (paste these into the changelog round):
  skeleton SCAFFOLD mean %                  53.93
  skeleton pages >=50%                       1415
  skeleton pages >=75%                        238
  compare_structure exact chain             14168
  compare_structure EXTRA container           186
  compare_structure missing container         683
  body_compare ANY breakdown                  247
  defect structurally-clean %               98.27
  literal-[tag] leak (occ)                     73
  literal-[tag] leak (pages)                   44
  (context: sk_pages=2349  cs_matched=16456  body_pages=2548  df_total=2548  df_clean=2504)
