CEDK102: identical 1 / changed 0
CEDK501: identical 14 / changed 0
CEDO102: identical 1 / changed 0
CEDO105: identical 6 / changed 0
CEDO202: identical 1 / changed 0
CEDO204: identical 1 / changed 0
CEDO301: identical 6 / changed 0
CEDO501: identical 16 / changed 0
CEDO502: identical 10 / changed 0
CEDR201: identical 1 / changed 0
CEDR204: identical 1 / changed 0
CEDR301: identical 1 / changed 0
CEDR302: identical 1 / changed 0
CEDR501: identical 11 / changed 0
CEDT101: identical 1 / changed 0
CEDT104: identical 1 / changed 0
CEDT201: identical 1 / changed 0
CEDT202: identical 1 / changed 0
CEDT203: identical 1 / changed 0
CEDT204: identical 1 / changed 0
CEDT207: identical 8 / changed 0
CEDT208: identical 1 / changed 0
CEDT301: identical 7 / changed 0
CEDT404: identical 1 / changed 0
CEDT501: identical 15 / changed 0
CEDW101: identical 1 / changed 0
  ~ CEDW201_0_0.html: -0 +4
     + <h3>Concrete poems</h3>
     + <h3>Found poems</h3>
     + <h3>Word art</h3>
     + <h3>Short story</h3>
CEDW201: identical 0 / changed 1
CEDW501: identical 13 / changed 0
CHFUN01: identical 1 / changed 0
CHFUN04: identical 1 / changed 0
CHFUN05: identical 1 / changed 0
CHFUN06: identical 1 / changed 0
CHFUN07: identical 1 / changed 0
CHFUN08: identical 1 / changed 0
CHI1003: identical 9 / changed 0
CHI1004: identical 10 / changed 0
CHI1005: identical 8 / changed 0
CHWHA: identical 1 / changed 0
COM1002: identical 9 / changed 0
  ~ COM1005_3_0.html: -1 +1
     - <h3><a href="https://tekura.desire2learn.com/d2l/le/content/12105/viewContent/138972/View" target="_blank">htt
     + <h3>Copy Activity 2A of ECO1004 in the module as well as in the learning journal. Label it as 3C. Provide answ
  ~ COM1005_5_0.html: -1 +1
     - <h3><a href="https://docs.google.com/document/d/1PU97YXeXx9XMJK2FEzFDg1vntw2GOPIAb_EPp4akrGo/edit" target="_bl
     + <h3>Copy Activity 5A from ECO1004. Number it as 5B. Copy it in the learning journal too. Provide answers at th
COM1005: identical 6 / changed 2
COM1006: identical 10 / changed 0
DAN1003: identical 10 / changed 0
DAN1004: identical 4 / changed 0
DAN1006: identical 4 / changed 0
DTC1004: identical 8 / changed 0
DTC1005: identical 21 / changed 0
ENFUN01: identical 1 / changed 0
ENFUN02: identical 1 / changed 0
ENFUN03: identical 1 / changed 0
ENFUN04: identical 1 / changed 0
ENFUN05: identical 1 / changed 0
ENFUN07: identical 1 / changed 0
ENFUN08: identical 1 / changed 0
ENFUN09: identical 1 / changed 0
ENG1004: identical 8 / changed 0
ENG1005: identical 6 / changed 0
ENG1007: identical 1 / changed 0
ENGC101: identical 6 / changed 0
  ~ ENGC102_1_0.html: -1 +2
     - <h3>Read each of these cards and then drag them into the correct column to show that they would come from a fi
     + <h3>Fiction or nonfiction</h3>
     + <p>Read each of these cards and then drag them into the correct column to show that they would come from a fic
ENGC102: identical 7 / changed 1
ENGC201: identical 7 / changed 0
ENGC202: identical 9 / changed 0
  ~ ENGC204_2_0.html: -1 +1
     - <h3><a href="https://tekura.desire2learn.com/d2l/le/content/18418/viewContent/166414/View" target="_blank">htt
     + <h3>Merge ‘Read these instructions task<a href="https://tekura.desire2learn.com/d2l/le/content/18418/viewConte
ENGC204: identical 6 / changed 1
ENGC206: identical 8 / changed 0
ENGC301: identical 8 / changed 0
ENGC302: identical 8 / changed 0
ENGC401: identical 8 / changed 0
ENGC403: identical 16 / changed 0
ENGFUN02: identical 5 / changed 0
  ~ ENGI101_1_0.html: -0 +1
     + <h3>Adjectives</h3>
ENGI101: identical 3 / changed 1
ENGI102: identical 7 / changed 0
ENGI103: identical 7 / changed 0
ENGI201: identical 5 / changed 0
ENGI202: identical 7 / changed 0
ENGI203: identical 11 / changed 0
ENGI301: identical 6 / changed 0
ENGI302: identical 7 / changed 0
ENGI303: identical 7 / changed 0
ENGI400: identical 4 / changed 0
ENGI401: identical 12 / changed 0
  ~ ENGI405_5_0.html: -1 +1
     - <h3>ooking at precise word choice</h3>
     + <h3>Looking at precise word choice</h3>
ENGI405: identical 7 / changed 1
ENGJ101: identical 5 / changed 0
ENGJ102: identical 6 / changed 0
ENGJ201: identical 7 / changed 0
ENGJ202: identical 6 / changed 0
ENGJ301: identical 8 / changed 0
ENGJ302: identical 10 / changed 0
ENGJ402: identical 9 / changed 0
ENGJ403: identical 10 / changed 0
ENGR101: identical 8 / changed 0
ENGR102: identical 7 / changed 0
ENGR201: identical 7 / changed 0
ENGR202: identical 8 / changed 0
ENGR301: identical 9 / changed 0
ENGR302: identical 8 / changed 0
  ~ ENGS101_4_0.html: -1 +2
     - <h3>What is a wabub?</h3>
     + <h3>My Wabub</h3>
     + <p>What is a wabub?</p>
ENGS101: identical 5 / changed 1
  ~ ENGS102_3_0.html: -1 +1
     - <h3><a href="https://tekuradev.desire2learn.com/d2l/le/content/7801/viewContent/90179/View" target="_blank">ht
     + <h3>Activity to function like this monster making one. <a href="https://tekuradev.desire2learn.com/d2l/le/cont
ENGS102: identical 6 / changed 1
ENGS201: identical 9 / changed 0
ENGS202: identical 7 / changed 0
ENGS301: identical 8 / changed 0
  ~ ENGS302_6_0.html: -0 +1
     + <h3>Filming Your Shots</h3>
ENGS302: identical 6 / changed 1
ENGS401: identical 7 / changed 0
ENGS404: identical 12 / changed 0
ENGS405: identical 1 / changed 0
ENO2060: identical 6 / changed 0
EXBP901: identical 6 / changed 0
EXIP901: identical 6 / changed 0
EXPFUN02: identical 1 / changed 0
EXPFUN03: identical 1 / changed 0
EXPFUN04: identical 1 / changed 0
EXPFUN05: identical 1 / changed 0
EXPFUN06: identical 1 / changed 0
EXPFUN07: identical 1 / changed 0
FRFUN06: identical 10 / changed 0
FRFUN07: identical 9 / changed 0
FRFUN08: identical 11 / changed 0
FRNO901: identical 9 / changed 0
FRNO902: identical 9 / changed 0
  ~ GENO901_3_4.html: -0 +2
     + <h3>Rename as Activity 3G</h3>
     + <h3>Rename as Activity 3H</h3>
GENO901: identical 22 / changed 1
GEO1004: identical 3 / changed 0
GEO1005: identical 7 / changed 0
GEO1006: identical 4 / changed 0

TOTAL: identical 700 / changed 11 / missing 0 over 121 modules
CHANGED: CEDW201/CEDW201_0_0.html COM1005/COM1005_3_0.html COM1005/COM1005_5_0.html ENGC102/ENGC102_1_0.html ENGC204/ENGC204_2_0.html ENGI101/ENGI101_1_0.html ENGI405/ENGI405_5_0.html ENGS101/ENGS101_4_0.html ENGS102/ENGS102_3_0.html ENGS302/ENGS302_6_0.html GENO901/GENO901_3_4.html
