re-scoring 19 affected module(s): AGH1007 BLL110 BLL120 BLL130 BLL132 BLL140 BLL150 BLL160 BLL170 ENGS202 EXPFUN03 FRFUN06 HPFUN101 MXFL301 OSAH401 PNR104 XDLS911 XGF9003 XWHA01
baseline taken: 2026-09-21T04:38:02Z
(unaffected modules unchanged by construction — corpus aggregate moves by exactly the affected-set delta)

  metric                                 baseline        new     delta  verdict
  -----------------------------------------------------------------------------
  skeleton SCAFFOLD mean %                  54.21      54.21     -0.00  REGRESSED
  skeleton pages >=50%                       1441       1441         0  HELD
  skeleton pages >=75%                        238        238         0  HELD
  compare_structure exact chain             14170      14170         0  HELD
  compare_structure EXTRA container           186        186         0  HELD
  compare_structure missing container         683        683         0  HELD
  body_compare ANY breakdown                  247        247         0  HELD
  defect structurally-clean %               98.27      98.27      0.00  HELD
  literal-[tag] leak (occ)                     73         73         0  HELD
  literal-[tag] leak (pages)                   44         44         0  HELD

  context (no pass/fail): sk_pages: 2349->2349  cs_matched: 16458->16458  body_pages: 2548->2548  df_total: 2548->2548  df_clean: 2504->2504

RESULT: MOVED, ACCEPTED AS NAMED — skeleton SCAFFOLD mean %
        Every mover was named on the command line and must be decomposed in the
        round's changelog entry (which page, which mechanism). Recorded in the manifest.
[commit] fast-loop baseline PATCHED (2349 pages) + content manifest refreshed — this is now the shipped state the next inner loop measures against.
[commit] recorded accepted named movement: skeleton SCAFFOLD mean %
