=== page 1.0 isOverview=false items 116
0	tag	h1	ELEMENT	tag	«[Title] [H1] [Novice Page 2] .»	after«2.The nose sounds»	consumed=false
1	tag	lesson content	SECTION_MARKER	tag	«[Fundamental content]»	after«»	consumed=false
2	tag	tab n	SUBTAG	tag	«[Side tab navigation]»	after«»	consumed=false
3	table	5x1	«🔴[RED TEXT] I // 🔴[RED TEXT] a // 🔴[RED TEXT] o»	consumed=false
4	tag	tab n	SUBTAG	tag	«[Side tab navigation] Introduction»	after«»	consumed=false
5	tag	h2	ELEMENT	tag	«[Title] [H2]»	after«Introduction»	consumed=false
6	tag	body	ELEMENT	tag	«[Body]»	after«In this section on learning the sounds, »	consumed=false
7	tag	body	ELEMENT	tag	«[Body]»	after«These sounds are the building blocks of »	consumed=false
8	tag	data marker	SUBTAG	tag	«[Audiovisual item 4]»	after«Audiovisual Request Template FUN06 Pronu»	consumed=false
9	tag	tab n	SUBTAG	tag	«[Side tab navigation]»	after«an/am/en/em»	consumed=false
10	tag	h2	ELEMENT	tag	«[Title] [H2]»	after«– **Meet the sound** an/am/en/em - **One»	consumed=false
11	tag	body	ELEMENT	tag	«[Body]»	after«Watch the video for the sound **an/am**.»	consumed=false
12	tag	video	ELEMENT	tag	«[Video 8]»	after«https://mytekuraschool.sharepoint.com/:v»	consumed=false
13	tag	body	ELEMENT	tag	«[Body]»	after«Notice how the mouth opens, and that the»	consumed=false
14	tag	body	ELEMENT	tag	«[Body]»	after«Repeat slowly and replay if needed.»	consumed=false
15	tag	body	ELEMENT	tag	«[Body]»	after«Feel the air and say the sound.»	consumed=false
16	tag	body	ELEMENT	tag	«[Body]»	after«Use this image to help you remind of the»	consumed=false
17	tag	image	ELEMENT	tag	«AudioImage 8 [Image 8]»	after«**https://mytekuraschool.sharepoint.com/»	consumed=false
18	tag	embed	ELEMENT	tag	«[Embed Audio 8 into image to be clickable»	after«**https://mytekuraschool.sharepoint.com/»	consumed=false
19	tag	?		noise	«]»	after«»	consumed=false
20	tag	body	ELEMENT	tag	«[Body]»	after«Place a finger gently under your nose.»	consumed=false
21	tag	body	ELEMENT	tag	«[Body]»	after«You should feel air moving.»	consumed=false
22	table	1x1	«🔴[RED TEXT] [»	consumed=false
23	tag	activity	CONTAINER_OPEN	tag	«[Activity 1A]»	after«»	consumed=false
24	tag	title bar	SECTION_MARKER	tag	«[Title]»	after«**Find the sound**»	consumed=false
25	tag	drag and drop	INTERACTIVE	tag	«[drag and drop column autocheck] please jumble up words at d»	after«»	consumed=true
26	tag	body	ELEMENT	tag	«[Body]»	after«Drag the words into the correct column.»	consumed=true
27	table	2x2	«Words contain |Words contain  // **maman dans**|Temps / Vent /»	consumed=true
28	tag	body	ELEMENT	tag	«[Body]»	after«Notice that for us as learners of French»	consumed=false
29	tag	h3	ELEMENT	tag	«[Title] [H3]»	after«Self-check»	consumed=false
30	tag	body	ELEMENT	tag	«[Body]»	after«Now you can:»	consumed=false
31	black	«• hear the nose sound»	consumed=false
32	black	«• correctly not say the “n” sound at the end»	consumed=false
33	black	«• read simple words.»	consumed=false
34	tag	tab n	SUBTAG	tag	«[Side tab navigation]»	after«on/om»	consumed=false
35	tag	h2	ELEMENT	tag	«[Title] [H2]»	after«**Meet the sound** on/om»	consumed=false
36	tag	body	ELEMENT	tag	«[Body]»	after«Watch the video for **on/om**.»	consumed=false
37	tag	video	ELEMENT	tag	«[Video 9]»	after«https://mytekuraschool.sharepoint.com/:v»	consumed=false
38	tag	body	ELEMENT	tag	«[Body]»	after«Notice that the lips round slightly and »	consumed=false
39	tag	body	ELEMENT	tag	«[Body]»	after«Use this image of pushing the top of you»	consumed=false
40	tag	image	ELEMENT	tag	«[Image 9]»	after«https://mytekuraschool.sharepoint.com/:i»	consumed=false
41	tag	image	ELEMENT	tag	«[Embed Audio 9 into image»	after«https://mytekuraschool.sharepoint.com/:u»	consumed=false
42	tag	?		noise	«]»	after«»	consumed=false
43	tag	h3	ELEMENT	tag	«[Title] [H3]»	after«**Meet the “on/om” sound inside words.**»	consumed=false
44	tag	body	ELEMENT	tag	«[Body]»	after«These two words have the “on/om” sound i»	consumed=false
45	tag	body	ELEMENT	tag	«[Body]»	after«Listen then read them out to yourself an»	consumed=false
46	black	«nom»	consumed=false
47	tag	image	ELEMENT	tag	«[Embed Audiovisual item 5 into image]»	after«bonjour»	consumed=false
48	tag	image	ELEMENT	tag	«[Embed Audiovisual item 6 into image]»	after«»	consumed=false
49	tag	activity	CONTAINER_OPEN	tag	«[Activity 3C]»	after«»	consumed=false
50	tag	title bar	SECTION_MARKER	tag	«[Title]»	after«**Find the sound [**»	consumed=false
51	black	«»	consumed=false
52	tag	body	ELEMENT	tag	«[Body]»	after«**Which of these words contain the “on” »	consumed=false
53	tag	mcq	INTERACTIVE	tag	«[multichoice checklist autocheck]»	after«**bonjour nom maman rose son papa**»	consumed=true
54	tag	h3	ELEMENT	tag	«[Title] [H3]»	after«**Self check**»	consumed=false
55	tag	body	ELEMENT	tag	«[Body]»	after«Now you can:»	consumed=false
56	black	«- round your lips - hear the difference from “o” - read simple words.»	consumed=false
57	tag	tab n	SUBTAG	tag	«[Side tab navigation]»	after«in/im/ain/ ein»	consumed=false
58	tag	h2	ELEMENT	tag	«[Title] [H2]»	after«**Meet the sound** in/im/ain/ ein»	consumed=false
59	tag	body	ELEMENT	tag	«[Body]»	after«Watch the video for the sound **in**.»	consumed=false
60	tag	video	ELEMENT	tag	«[Video 10]»	after«https://mytekuraschool.sharepoint.com/:v»	consumed=false
61	tag	h3	ELEMENT	tag	«[Title] [H3]»	after«**One sound, four spellings**»	consumed=false
62	tag	body	ELEMENT	tag	«[Body]»	after«This sound can be written in these four »	consumed=false
63	black	«in im ain ein»	consumed=false
64	tag	body	ELEMENT	tag	«[Body]»	after«When you are learning to say this sound »	consumed=false
65	tag	body	ELEMENT	tag	«[Body]»	after«You can also use the image below to remi»	consumed=false
66	tag	body	ELEMENT	tag	«[Body]»	after«Click on the image to hear the sound, th»	consumed=false
67	tag	image	ELEMENT	tag	«[Image 10]»	after«https://mytekuraschool.sharepoint.com/:i»	consumed=false
68	tag	audio	ELEMENT	tag	«[Please embed [Audio 10] into this image for clicking»	after«https://mytekuraschool.sharepoint.com/:u»	consumed=false
69	tag	?		noise	«]»	after«»	consumed=false
70	tag	h3	ELEMENT	tag	«[Title] [H3]»	after«– **Meet the “in” sound inside words**»	consumed=false
71	tag	body	ELEMENT	tag	«[Body]»	after«Read and listen to the following words t»	consumed=false
72	black	«cinq»	consumed=false
73	tag	audio	ELEMENT	tag	«[Please embed audio 10 a»	after«https://mytekuraschool.sharepoint.com/:u»	consumed=false
74	tag	?		noise	«]»	after«pain»	consumed=false
75	tag	audio	ELEMENT	tag	«[Please embed audio 10 b]»	after«matin»	consumed=false
76	tag	audio	ELEMENT	tag	«[Please embed audio 10 c]»	after«»	consumed=false
77	tag	activity	CONTAINER_OPEN	tag	«[Activity 4B]»	after«»	consumed=false
78	tag	title bar	SECTION_MARKER	tag	«[Title]»	after«**Spot the sound**»	consumed=false
79	tag	body	ELEMENT	tag	«[Body]»	after«Click all the words that contain the “in»	consumed=false
80	tag	mcq	INTERACTIVE	tag	«[multichoice checklist autocheck] correct answers are highli»	after«»	consumed=true
81	black	«**pain matin rose main chat cinq**»	consumed=true
82	tag	h3	ELEMENT	tag	«[Title] [H3]»	after«**Self check**»	consumed=false
83	tag	body	ELEMENT	tag	«[Body]»	after«Now you can:»	consumed=false
84	black	«☐ recognise different spellings ☐ hear the nose sound ☐ read simple wo»	consumed=false
85	tag	tab n	SUBTAG	tag	«[Side tab navigation]»	after«un/um»	consumed=false
86	tag	h2	ELEMENT	tag	«[Title] [H2]»	after«**Meet the sound** un/um»	consumed=false
87	tag	body	ELEMENT	tag	«[Body]»	after«Watch the video for the sound **un**»	consumed=false
88	tag	video	ELEMENT	tag	«[Video 11]»	after«https://mytekuraschool.sharepoint.com/:v»	consumed=false
89	tag	body	ELEMENT	tag	«[Body]»	after«Notice that:»	consumed=false
90	black	«• the lips slightly rounded • the sound travels through the nose • the»	consumed=false
91	tag	body	ELEMENT	tag	«[Body]»	after«Notice how the shape of the mouth is sim»	consumed=false
92	tag	body	ELEMENT	tag	«[Body]»	after«Use this image to help you to connect wi»	consumed=false
93	tag	image	ELEMENT	tag	«[Image 11 -»	after«https://mytekuraschool.sharepoint.com/:i»	consumed=false
94	tag	?		noise	«]»	after«»	consumed=false
95	tag	embed	ELEMENT	tag	«[Embed Audio 11 https://mytekuraschool.sharepoint.com/:u:/s/»	after«»	consumed=false
96	tag	body	ELEMENT	tag	«[Body text]»	after«Repeat slowly and replay if needed.»	consumed=false
97	black	«Say : un… un … un.»	consumed=false
98	tag	audio	ELEMENT	tag	«[Audio]»	after«**5a Hear the « un” sound in words**»	consumed=false
99	tag	body	ELEMENT	tag	«[Body text] L»	after«isten to the words below that contain th»	consumed=false
100	black	«un»	consumed=false
101	tag	audio	ELEMENT	tag	«[Audio 11 -»	after«https://mytekuraschool.sharepoint.com/:u»	consumed=false
102	tag	?		noise	«]»	after«»	consumed=false
103	black	«lundi»	consumed=false
104	tag	audio	ELEMENT	tag	«[Audio 11a -»	after«https://mytekuraschool.sharepoint.com/:u»	consumed=false
105	tag	?		noise	«]»	after«»	consumed=false
106	tag	radio quiz	INTERACTIVE	tag	«[Radio Buttons Quiz autocheck]»	after«**5b – Spot the sound [**»	consumed=true
107	tag	correct	SUBTAG	tag	«correct answer highlighted in green,]»	after«»	consumed=true
108	black	«un -»	consumed=true
109	tag	audio	ELEMENT	tag	«[audio 11»	after«https://mytekuraschool.sharepoint.com/:u»	consumed=true
110	tag	?		noise	«]»	after«»	consumed=true
111	tag	body	ELEMENT	tag	«[Body text]»	after«Question: Which sound do you hear?»	consumed=true
112	black	«Options: un in»	consumed=true
113	tag	h3	ELEMENT	tag	«[Title] [H3]»	after«**Self check**»	consumed=false
114	tag	body	ELEMENT	tag	«[Body]»	after«Now you can:»	consumed=false
115	black	«☐ hear this sound ☐ ensure that you do not pronounce the “n” ☐ read si»	consumed=false
