=== XOTPB09
--- adapted stream: 75 blocks (title «»)
0	para	🔴[RED TEXT] [TITLE BAR] [/RED TEXT]🔴**Where do my Beans Come from?**
1	para	🔴[RED TEXT] [LESSON 1] [/RED TEXT]🔴
2	para	🔴[RED TEXT] [Lesson Overview] [/RED TEXT]🔴
3	para	In this module, ākonga will:
4	para	Overview Set 2-Emergent
5	para	🔴[RED TEXT] [H2] [/RED TEXT]🔴Introduction | He kupu whakataki
6	para	🔴[RED TEXT] [Body] [/RED TEXT]🔴In this module you will read a story about growing beans. You will learn about what hel
7	para	🔴[RED TEXT] [Carousel] [/RED TEXT]🔴
8	para	link to reader here
9	para	TEXT
10	para	CS: Please change ‘crunch’ to crunchy - author is happy with this
11	para	🔴[RED TEXT] [alert] [/RED TEXT]🔴
12	para	🔴[RED TEXT] [H3] [/RED TEXT]🔴Story Questions
13	para	🔴[RED TEXT] [Body] [/RED TEXT]🔴Talk about the story using the following questions as a guide.
14	para	• Look at the bean seeds in the packet. Where do you think you could buy some seeds like that?
15	para	• What is the next step after the seeds are planted in the soil?
16	para	• What do you think the bamboo poles are for?
17	para	• How are the beans cooked?
18	para	🔴[RED TEXT] [End alert] [/RED TEXT]🔴
19	para	🔴[RED TEXT] [Activity] [/RED TEXT]🔴
20	para	🔴[RED TEXT] [H3] [/RED TEXT]🔴Fill the gaps
21	para	🔴[RED TEXT] [Body] [/RED TEXT]🔴Use the words in the box to fill the gaps. Read the sentences.
22	para	🔴[RED TEXT] [drag and drop] [/RED TEXT]🔴
23	para	CS: Create a drag and drop activity:
24	para	🔴[RED TEXT] (Answers in order: Look, seeds, looking, beans, putting, pot) [/RED TEXT]🔴
25	para	🔴[RED TEXT] [Activity] [/RED TEXT]🔴
26	para	🔴[RED TEXT] [Body] [/RED TEXT]🔴Match the six pictures and sentences
27	para	🔴[RED TEXT] [drag and drop] [/RED TEXT]🔴
28	para	**CS: Create a picture/sentence matching activity**
29	para	**Answer is the sentence under each picture. Use pictures directly from the text if they are clearer/easier of you.**
30	para	**Look at me planting the seeds.**
31	para	**Look at the seeds sprouting.**
32	para	**Look at the new leaves.**
33	para	**Look at the tendrils climbing.**
34	para	**Look at me picking the beans.**
35	para	**Look at me putting the**
36	para	**beans in a pot.**
37	para	🔴[RED TEXT] [Activity] [/RED TEXT]🔴
38	para	🔴[RED TEXT] [H3] [/RED TEXT]🔴What’s next?
39	para	🔴[RED TEXT] [Body] [/RED TEXT]🔴Talk, write or draw about what might happen next in the story.
40	para	🔴[RED TEXT] [speech bubble] [/RED TEXT]🔴
41	para	🔴[RED TEXT] (Please position the think bubble above the photo at left) [/RED TEXT]🔴
42	para	🔴[RED TEXT] [End page] [/RED TEXT]🔴
43	para	🔴[RED TEXT] [LESSON 2] [/RED TEXT]🔴
44	para	🔴[RED TEXT] [Lesson Overview] [/RED TEXT]🔴
45	para	In this module, ākonga will:
46	para	Overview Set 2-Emergent
47	para	🔴[RED TEXT] [Activity] [/RED TEXT]🔴
48	para	🔴[RED TEXT] [H3] [/RED TEXT]🔴Word Fun
49	para	🔴[RED TEXT] [Body] [/RED TEXT]🔴Choose 6 words from the story. Use the choice board below to select activities for each
50	para	🔴[RED TEXT] [flip cards] [/RED TEXT]🔴
51	para	To CS: Create a series of 6 flip boxes Each one to have a different colour and perhaps a question mark?. On the flip sid
52	para	Where would you find it?
53	para	What does it remind you of?
54	para	What does it feel like?
55	para	Write a sentence about it.
56	para	Draw a picture of it.
57	para	What rhymes with it?
58	para	Record your responses and send them to your kaiako.
59	para	🔴[RED TEXT] [Activity] [/RED TEXT]🔴
60	para	🔴[RED TEXT] [H3] [/RED TEXT]🔴Kei a koe/Your turn
61	para	🔴[RED TEXT] Insert 4 activities here [/RED TEXT]🔴
62	para	🔴[RED TEXT] [Body] [/RED TEXT]🔴Choose at least two activities to do:
63	para	• Have a go at planting some seeds in a planter box or in your garden. Check that they get some sun and that you water t
64	para	• Draw some pictures of your plants growing. What do you notice? How do they change? Do they have flowers?
65	para	• Have a look for some recipes that you could make using the vegetables that you are growing in the garden. Follow the r
66	para	• Create a picture of a healthy garden with lots of different flowers and fruits and vegetables that you would like to g
67	para	You decide! This could be a visit to your local library to borrow some recipe books or stories about cooking, growing ve
68	para	🔴[RED TEXT] [Activity] [/RED TEXT]🔴
69	para	🔴[RED TEXT] [H3] [/RED TEXT]🔴Share with your teacher | Tohaina ki tōu kaiako
70	para	🔴[RED TEXT] [Body] [/RED TEXT]🔴Your Te Kura kaiako wants to know how well you are doing with your learning. Contact th
71	para	Upload scans, audio, photos or video of all the work you have done so your kaiako can see how well you are doing.
72	para	🔴[RED TEXT] [button] [/RED TEXT]🔴 Upload to dropbox
73	para	🔴[RED TEXT] [button] [/RED TEXT]🔴 Go to assessment quiz
74	para	🔴[RED TEXT] [End page] [/RED TEXT]🔴
--- pages: 2
  1.0	isOverview=false	items=41	title=«Introduction | He kupu whakataki»
  2.0	isOverview=false	items=30	title=«»
  note[info]: Activity-table template adapted (round 425): 5 activity box(es) over 2 page(s), the Overview row as each page's menu, 7 row(s) not emitted (the Quiz / 'I can' self-assessment rows are the D2L quiz, ne
  note[warn]: No media list found — acknowledgements will hold the standing items plus per-lesson designer-media check lines only.
  note[info]: HTML conventions from series XOTPB (deviation over Leaving to Learn|1-3): overview menu tabs, lesson menu two_col_li.
  note[info]: Title-bar-only opening segment folded into lesson 1 as a lesson page — this module has no overview page (round 425).
=== XOTPG04
--- adapted stream: 92 blocks (title «»)
0	para	🔴[RED TEXT] [TITLE BAR] [/RED TEXT]🔴**My Drum Kit**
1	para	🔴[RED TEXT] [LESSON 1] [/RED TEXT]🔴
2	para	🔴[RED TEXT] [Lesson Overview] [/RED TEXT]🔴
3	para	This resource provides a reading text and activities for beginning readers (of all ages) working at early phase one. It 
4	para	**Understand**
5	para	Communication helps us to share our ideas, to connect with each other and to find out who we are.
6	para	**Know**
7	para	Words and pictures in a story give key information, ideas and details and this connects with my life and interests.
8	para	**Do**
9	para	I can:
10	para	use pictures and words to work out what is happening in the story
11	para	use my knowledge of letters and sounds to work out some words
12	para	read some common (high frequency) words
13	para	retell the story in order
14	para	talk about and respond to the story.
15	para	Read the online story on your own or with help. Talk about the pictures and what is happening in each one. If this is a 
16	para	Your Te Kura kaiako wants to help you and to know how you are going with your learning. Please upload any completed work
17	para	🔴[RED TEXT] [H2] [/RED TEXT]🔴Introduction | He kupu whakataki
18	para	🔴[RED TEXT] [Body] [/RED TEXT]🔴Do you play a musical instrument? Read this story to find out more about playing the dr
19	para	🔴[RED TEXT] [Carousel] [/RED TEXT]🔴
20	para	**Insert as per Feeding Time at the Pet Shop (link below)**
21	para	My Drum Kit
22	para	🔴[RED TEXT] [alert] [/RED TEXT]🔴
23	para	🔴[RED TEXT] [H3] [/RED TEXT]🔴Story questions
24	para	🔴[RED TEXT] [Body] [/RED TEXT]🔴Talk about the story using the following questions as a guide.
25	para	• Look at the drum kit. Describe what you see.
26	para	• What shape is the cymbal?
27	para	• Look at the drums and the cymbals. How are they the same and how are they different?
28	para	• Name the two things he uses to create the drum sound.
29	para	🔴[RED TEXT] [End alert] [/RED TEXT]🔴
30	para	🔴[RED TEXT] [H2] [/RED TEXT]🔴Rhymes and Syllables
31	para	🔴[RED TEXT] [Activity 1A] [/RED TEXT]🔴
32	para	🔴[RED TEXT] [H3] [/RED TEXT]🔴Rhymes
33	para	🔴[RED TEXT] [Body] [/RED TEXT]🔴Match the rhyming words.
34	para	🔴[RED TEXT] [drag and drop] [/RED TEXT]🔴
35	para	🔴[RED TEXT] (Create activity as per Feeding Time at the Pet Shop) [/RED TEXT]🔴
36	para	**Possible matching rhyming words: drum/crumb, play/tray, pedal/medal, stick/lick, kit/mitt, stool/pool**
37	para	Can you think of another word that rhymes with each of these pairs?
38	para	🔴[RED TEXT] [Activity 1B] [/RED TEXT]🔴
39	para	🔴[RED TEXT] [H3] [/RED TEXT]🔴Odd One Out
40	para	🔴[RED TEXT] [Body] [/RED TEXT]🔴Tick the word that does not rhyme with the first word.
41	para	🔴[RED TEXT] [multi choice] [/RED TEXT]🔴
42	para	**(Tick box exercise as per Feeding Time at the Pet Shop) Use the following words:**
43	para	**Odd One Out**
44	para	🔴[RED TEXT] [Activity 1C] [/RED TEXT]🔴
45	para	🔴[RED TEXT] [H3] [/RED TEXT]🔴Syllable Count
46	para	🔴[RED TEXT] [Body] [/RED TEXT]🔴Clap and count the number of syllables you can hear in each of these words as you say t
47	para	**Reproduce chart**
48	para	Syllable
49	para	Practice taking turns saying and clapping the syllables you can hear in different words.
50	para	🔴[RED TEXT] [End page] [/RED TEXT]🔴
51	para	🔴[RED TEXT] [LESSON 2] [/RED TEXT]🔴
52	para	🔴[RED TEXT] [Lesson Overview] [/RED TEXT]🔴
53	para	This resource provides a reading text and activities for beginning readers (of all ages) working at early phase one. It 
54	para	**Understand**
55	para	Communication helps us to share our ideas, to connect with each other and to find out who we are.
56	para	**Know**
57	para	Words and pictures in a story give key information, ideas and details and this connects with my life and interests.
58	para	**Do**
59	para	I can:
60	para	use pictures and words to work out what is happening in the story
61	para	use my knowledge of letters and sounds to work out some words
62	para	read some common (high frequency) words
63	para	retell the story in order
64	para	talk about and respond to the story.
65	para	Read the online story on your own or with help. Talk about the pictures and what is happening in each one. If this is a 
66	para	Your Te Kura kaiako wants to help you and to know how you are going with your learning. Please upload any completed work
67	para	🔴[RED TEXT] [Activity 2A] [/RED TEXT]🔴
68	para	🔴[RED TEXT] [H3] [/RED TEXT]🔴Word Challenge
69	para	🔴[RED TEXT] [Body] [/RED TEXT]🔴**Reproduce chart below with the following instructions:**
70	para	Pick six words from the book. Create a chart like this one using paper or a word document. Do the five activities. Share
71	para	🔴[RED TEXT] [Activity 2B] [/RED TEXT]🔴
72	para	🔴[RED TEXT] [H3] [/RED TEXT]🔴Sequence Activity
73	para	🔴[RED TEXT] [Body] [/RED TEXT]🔴Put the pictures in order to show what happens in the story. Describe what is happening
74	para	🔴[RED TEXT] [drag and drop] [/RED TEXT]🔴
75	para	**Create an online activity with six empty boxes and six photos from the story. Use the following photos and mix up the 
76	para	**Sequence**
77	para	🔴[RED TEXT] [Activity 2C] [/RED TEXT]🔴
78	para	🔴[RED TEXT] [H3] [/RED TEXT]🔴Kei a koe/Your turn
79	para	🔴[RED TEXT] [Body] [/RED TEXT]🔴Choose at least two activities to do:
80	para	• Find objects in your house that you can use to create your own DIY drum kit. Buckets and jars work well. Practise play
81	para	• Look in the library to find books about drums, or other musical instruments.
82	para	• Add different amounts of water to glass jars and listen to the various sounds they make when tapped.
83	para	• Draw a drum kit and label the parts.
84	para	• You decide! Pick a music themed activity to do. This could be recording your own music, visiting a music venue, or som
85	para	🔴[RED TEXT] [Activity] [/RED TEXT]🔴
86	para	🔴[RED TEXT] [H3] [/RED TEXT]🔴Share with your kaiako | Tohaina ki tōu kaiako
87	para	🔴[RED TEXT] [Body] [/RED TEXT]🔴Your Te Kura kaiako wants to know how well you are doing with your learning. Contact th
88	para	Upload scans, audio, photos or video of all the work you have done so your kaiako can see how well you are doing.
89	para	🔴[RED TEXT] [button] [/RED TEXT]🔴 Upload to dropbox
90	para	🔴[RED TEXT] [button] [/RED TEXT]🔴 Go to assessment quiz
91	para	🔴[RED TEXT] [End page] [/RED TEXT]🔴
