re-scoring 20 affected module(s): AGH1002 ARFUN01 BLL137 BLL170 BLL176 BLL250 BLL260 BLL270 CEDK401 CEDO402 CEDR101 CEDR401 CHFUN05 CHI1003 ENFUN04 ENGI202 TEFUN07 TWHT903 WJFUN116 WJFUN305
baseline taken: 2026-09-21T23:41:22Z
(unaffected modules unchanged by construction — corpus aggregate moves by exactly the affected-set delta)

  metric                                 baseline        new     delta  verdict
  -----------------------------------------------------------------------------
  skeleton SCAFFOLD mean %                  54.12      54.14     +0.02  IMPROVED
  skeleton pages >=50%                       1531       1531         0  HELD
  skeleton pages >=75%                        254        254         0  HELD
  compare_structure exact chain             15131      15372      +241  IMPROVED
  compare_structure EXTRA container           194        195        +1  REGRESSED
  compare_structure missing container         773        790       +17  REGRESSED
  body_compare ANY breakdown                  265        262        -3  IMPROVED
  defect structurally-clean %               98.32      98.33     +0.01  IMPROVED
  literal-[tag] leak (occ)                     75         75         0  HELD
  literal-[tag] leak (pages)                   46         45        -1  IMPROVED

  context (no pass/fail): sk_pages: 2491->2491  cs_matched: 17624->17901  body_pages: 2736->2691  df_total: 2736->2691  df_clean: 2690->2646

RESULT: MOVED, ACCEPTED AS NAMED — compare_structure EXTRA container, compare_structure missing container
        Every mover was named on the command line and must be decomposed in the
        round's changelog entry (which page, which mechanism). Recorded in the manifest.
[commit] fast-loop baseline PATCHED (2491 pages) + content manifest refreshed — this is now the shipped state the next inner loop measures against.
[commit] recorded accepted named movement: compare_structure EXTRA container, compare_structure missing container
