PWY1002: identical 10 / changed 0
PWY1007: identical 9 / changed 0
PWY1008: identical 10 / changed 0
PWY1009: identical 9 / changed 0
PWYWHA1: identical 1 / changed 0
SCBI301: identical 9 / changed 0
SCCH301: identical 9 / changed 0
SCES201: identical 5 / changed 0
SCFUN01: identical 1 / changed 0
SCPH301: identical 9 / changed 0
SPA1004: identical 3 / changed 0
SSCI205: identical 10 / changed 0
SSFUN01: identical 1 / changed 0
SSFUN02: identical 1 / changed 0
SSFUN03: identical 1 / changed 0
SSFUN05: identical 1 / changed 0
SSFUN06: identical 1 / changed 0
SSFUN07: identical 5 / changed 0
SSFUN08: identical 1 / changed 0
SSOG101: identical 8 / changed 0
SSOG103: identical 7 / changed 0
SSOG301: identical 8 / changed 0
TEDC401: identical 8 / changed 0
TEDC402: identical 11 / changed 0
TEFUN01: identical 1 / changed 0
TEFUN02: identical 1 / changed 0
TEFUN03: identical 1 / changed 0
TEFUN04: identical 1 / changed 0
TEFUN05: identical 1 / changed 0
TEFUN06: identical 1 / changed 0
TEFUN07: identical 1 / changed 0
TEFUN08: identical 1 / changed 0
TRR102: identical 6 / changed 0
TRR103: identical 4 / changed 0
TRR104: prep refused (no-wt)
TRR105: prep refused (no-wt)
TRR106: identical 2 / changed 0
TRR107: identical 3 / changed 0
TRR108: identical 3 / changed 0
TRR109: identical 6 / changed 0
TRR111: identical 6 / changed 0
TRR112: identical 5 / changed 0
TRR113: identical 5 / changed 0
TRR114: identical 4 / changed 0
TRR115: prep refused (no-wt)
TRR116: identical 5 / changed 0
TRR203: identical 4 / changed 0
TRR301: identical 4 / changed 0
TRR304: identical 3 / changed 0
TWHA901: identical 1 / changed 0
TWHA902: identical 1 / changed 0
TWHA903: identical 1 / changed 0
TWHA904: identical 1 / changed 0
TWHA905: identical 1 / changed 0
TWHA906: identical 1 / changed 0
TWHK901: identical 1 / changed 0
TWHK903: identical 1 / changed 0
WJFUN105: identical 1 / changed 0
WJFUN106: identical 1 / changed 0
WJFUN107: identical 1 / changed 0
WJFUN108: identical 1 / changed 0
WJFUN109: identical 1 / changed 0
WJFUN110: identical 1 / changed 0
WJFUN112: identical 1 / changed 0
WJFUN113: identical 1 / changed 0
WJFUN115: identical 1 / changed 0
WJFUN116: identical 1 / changed 0
WJFUN205: identical 1 / changed 0
WJFUN206: identical 1 / changed 0
WJFUN208: identical 1 / changed 0
WJFUN210: identical 1 / changed 0
WJFUN211: identical 1 / changed 0
WJFUN212: identical 1 / changed 0
WJFUN304: identical 1 / changed 0
WJFUN305: identical 1 / changed 0
WJFUN306: identical 1 / changed 0
WJFUN307: identical 1 / changed 0
WJFUN308: identical 1 / changed 0
XDLS501: identical 8 / changed 0
XDLS502: identical 5 / changed 0
XDLS901: identical 5 / changed 0
XDLS902: identical 8 / changed 0
XDLS903: identical 8 / changed 0
XDLS904: identical 8 / changed 0
XDLS905: identical 8 / changed 0
XDLS906: identical 8 / changed 0
XDLS908: identical 9 / changed 0
XDLS909: identical 5 / changed 0
XDLS911: identical 2 / changed 0
XDLS912: identical 6 / changed 0
XFUN01: identical 1 / changed 0
XFUN02: identical 7 / changed 0
XGF9001: identical 7 / changed 0
XGF9002: identical 10 / changed 0
XGF9003: identical 6 / changed 0
XGF9004: identical 18 / changed 0
XGF9006: identical 8 / changed 0
XLP01: identical 5 / changed 0
XLP02: identical 7 / changed 0
XLP03: identical 6 / changed 0
XLP04: identical 5 / changed 0
XLP05: identical 6 / changed 0
XLP06: identical 3 / changed 0
XMES101: identical 9 / changed 0
XMES102: identical 6 / changed 0
XMES103: identical 6 / changed 0
XMES201: identical 6 / changed 0
XMES203: identical 6 / changed 0
XOTPB08: identical 2 / changed 0
XOTPB09: identical 2 / changed 0
XOTPB10: identical 2 / changed 0
XOTPB11: identical 2 / changed 0
XOTPB12: identical 2 / changed 0
XOTPB13: identical 2 / changed 0
XOTPG01: identical 2 / changed 0
XOTPG03: identical 2 / changed 0
XOTPG04: identical 2 / changed 0
XOTPG05: identical 2 / changed 0
XOTPG06: identical 2 / changed 0
XOTPO01: identical 2 / changed 0
XTAS101: identical 5 / changed 0
XTAS102: identical 6 / changed 0
XTAS103: identical 7 / changed 0
XWHA01: identical 2 / changed 0
XWHA02: identical 6 / changed 0

TOTAL: identical 487 / changed 0 / missing 0 over 125 modules
