[10:36:26] ship ledger: record-full (the backstop after scoped #8)
[ledger] recorded FULL ship (round 425); scoped-since counter reset to 0.
[ledger] last full ship: round 425 (2026-09-21T22:36:26Z); scoped ships since: 0 (cadence 8, hard 16)
  OK — a full-ship backstop is not yet due (8 scoped ship(s) of headroom).
[10:36:26] fast-loop baseline re-snapshot
  rc=0
  literal-[tag] leak (pages)                   44
  (context: sk_pages=2377  cs_matched=16620  body_pages=2576  df_total=2576  df_clean=2532)
[10:39:15] content manifest snapshot
  rc=0
[content-manifest] wrote 2583 pages / 504 modules -> /mnt/c/Users/Gavin/TeKura/FINAL_MODULE_DATA/CONVERTER_V2/outputs/_content_manifest.txt
[10:39:25] selftests
  rc=0  PASS/GREEN lines: 49  FAIL lines: 0
[10:40:48] feature index
  rc=0
  ok   SAFETY: feature "flipCard" resolves to 258 modules (non-empty)
  ok   SAFETY: feature "clickDrop" resolves to 191 modules (non-empty)
SELFTEST build_feature_index: GREEN
[10:41:02] DIFF MINER (§1d — after every regeneration)
  miner rc=0
pairs 2377 / modules 496 / parse errors 0 / diff lines 265432 / classes 8969 (CANDIDATE 184, below floor 8505) in 83.7 s
wrote /mnt/c/Users/Gavin/TeKura/FINAL_MODULE_DATA/CONVERTER_V2/outputs/_diff_miner.json
wrote /mnt/c/Users/Gavin/TeKura/FINAL_MODULE_DATA/DIFF_QUEUE.md
[10:42:30] POSTSHIP_DONE
