BLL240   tab-black-repeat gold panels  8  WT: tab-bare  0 tab-black 13 tab-inner  0 page  2 lesson  0 endpage  9 | labels 7: tab-black/tab-black/tab-black/tab-black/tab-black/tab-black/tab-black
           crumbs: wh | tch | dge | air | ear | ere | eer
BLL250   tab-black-repeat gold panels  6  WT: tab-bare  0 tab-black 10 tab-inner  0 page  1 lesson  0 endpage  8 | labels 6: tab-black/tab-black/tab-black/tab-black/tab-black/tab-black
           crumbs: Introduction | Silent b | sc | eigh | augh | ough
BLL260   tab-black-repeat gold panels  7  WT: tab-bare  0 tab-black  7 tab-inner  0 page  6 lesson  0 endpage  7 | labels 6: tab-black/tab-black/tab-black/tab-black/tab-black/tab-black
           crumbs: str | spr | spl | scr | shr | thr
CEDK401  mixed            gold panels  9  WT: tab-bare  0 tab-black  0 tab-inner  0 page  0 lesson  0 endpage  2 | labels 9: text/text/text/h2/text/text/text/text/text
           crumbs: Intro | People produce food | Research skills | Interacting with texts | The harvest | Food sustainability | Community initiative | Taking action | Ma
CEDK501  mixed            gold panels  8  WT: tab-bare  0 tab-black  0 tab-inner  0 page  0 lesson  0 endpage 12 | labels 8: text/h2/text/h2/h2/text/h2/text
           crumbs: Intro | Dream it, plan it, do it | Costing it out: budgeting for success | Staying on track | Assessment | From personal goals to making team plans | 
CEDO201  tab-inner        gold panels  6  WT: tab-bare  0 tab-black  1 tab-inner  5 page  0 lesson  0 endpage  2 | labels 6: tab-inner/h2/tab-inner/tab-inner/tab-inner/text
           crumbs: Biotechnology | Bees | Honey | Honeycomb | Antibacterial | Product
CEDO204  page-h2          gold panels  6  WT: tab-bare  0 tab-black  0 tab-inner  0 page  3 lesson  0 endpage  2 | labels 6: text/text/text/text/text/text
           crumbs: Intro | Bird nests | Beaver dams and lodges | Insect builders | Spiders | Designing structures
CEDO402  mixed            gold panels  6  WT: tab-bare  0 tab-black  0 tab-inner  0 page  0 lesson  0 endpage  6 | labels 6: text/h2/text/text/text/h2
           crumbs: Intro: History/Culture | Hauora | Timing a race | Calculating time | DST triangle | Plan of action
CEDR101  tab-black-repeat gold panels  8  WT: tab-bare  0 tab-black  9 tab-inner  0 page  0 lesson  0 endpage  2 | labels 8: tab-black/tab-black/tab-black/tab-black/tab-black/tab-black/tab-black/ABSENT
           crumbs: Introduction | Games in Te Ao Māori | Choice – Follow-the-leader | Choice – Learning from whānau | Choice – Referees | Choice – Team captains | Choice
CEDR201  EMPTY-WT         gold panels  6  WT: tab-bare  0 tab-black  0 tab-inner  0 page  0 lesson  0 endpage  2 | labels 6: text/ABSENT/ABSENT/text/text/ABSENT
           crumbs: Intro | Wonder | Explore | Connect | Act | Reflect
CEDR203  mixed            gold panels  5  WT: tab-bare  0 tab-black  4 tab-inner  0 page  0 lesson  0 endpage  4 | labels 5: h2/tab-black/tab-black/tab-black/tab-black
           crumbs: Introduction | Aotearoa Eco-leaders | Kaitiakitanga | Meaningful Messages | Become an Eco-leader
CEDR301  EMPTY-WT         gold panels  6  WT: tab-bare  0 tab-black  0 tab-inner  0 page  0 lesson  0 endpage  2 | labels 6: text/ABSENT/ABSENT/text/text/ABSENT
           crumbs: Intro | Wonder | Explore | Connect | Act | Reflect
CEDR302  EMPTY-WT         gold panels  6  WT: tab-bare  0 tab-black  0 tab-inner  0 page  0 lesson  0 endpage  2 | labels 6: text/ABSENT/ABSENT/text/text/ABSENT
           crumbs: Intro | Wonder | Explore | Connect | Act | Reflect
CEDR401  tab-black-repeat gold panels  6  WT: tab-bare  0 tab-black  9 tab-inner  0 page  0 lesson  0 endpage  2 | labels 6: tab-black/tab-black/tab-black/tab-black/tab-black/tab-black
           crumbs: Introduction | Reading about leadership | Reading across texts | Data for leaders | Surprises in the data | Bringing it all together
CEDT102  mixed            gold panels  5  WT: tab-bare  0 tab-black  0 tab-inner  0 page  0 lesson  0 endpage  6 | labels 5: h2/text/h2/h2/h2
           crumbs: Introduction | Diversity | Matariki | Giraffes | Zootopia
CEDT104  lesson           gold panels  8  WT: tab-bare  0 tab-black  0 tab-inner  0 page  0 lesson  4 endpage  3 | labels 8: text/ABSENT/text/ABSENT/text/text/text/text
           crumbs: Introduction | Waiata moves | Pepeha | Waiata time | Waiata poi | E Rere Taku Poi | Rākau | Learn the lyrics
CEDT201  EMPTY-WT         gold panels  6  WT: tab-bare  0 tab-black  0 tab-inner  0 page  0 lesson  0 endpage  2 | labels 6: text/ABSENT/ABSENT/text/text/ABSENT
           crumbs: Intro | Wonder | Explore | Connect | Act | Reflect
CEDT202  EMPTY-WT         gold panels  6  WT: tab-bare  0 tab-black  0 tab-inner  0 page  0 lesson  0 endpage  2 | labels 6: text/ABSENT/ABSENT/text/text/ABSENT
           crumbs: Intro | Wonder | Explore | Connect | Act | Reflect
CEDT203  EMPTY-WT         gold panels  6  WT: tab-bare  0 tab-black  0 tab-inner  0 page  0 lesson  0 endpage  2 | labels 6: text/ABSENT/ABSENT/text/text/ABSENT
           crumbs: Intro | Wonder | Explore | Connect | Act | Reflect
CEDT204  EMPTY-WT         gold panels  6  WT: tab-bare  0 tab-black  0 tab-inner  0 page  0 lesson  0 endpage  2 | labels 6: text/ABSENT/ABSENT/text/text/ABSENT
           crumbs: Intro | Wonder | Explore | Connect | Act | Reflect
CEDT207  mixed            gold panels  7  WT: tab-bare  0 tab-black  0 tab-inner  0 page  1 lesson  0 endpage  7 | labels 7: h2/h2/text/ABSENT/text/text/h2
           crumbs: Introduction | About Me | My Whakapapa | Art Expression | Patterns in Art | Symbols in Art | Visual Pepeha
CEDT208  mixed            gold panels  4  WT: tab-bare  0 tab-black  3 tab-inner  0 page  0 lesson  0 endpage  4 | labels 4: h2/tab-black/tab-black/tab-black
           crumbs: Introduction | Ngatu tapa | Transformation | Creating
CEDT301  mixed            gold panels  7  WT: tab-bare  0 tab-black  0 tab-inner  0 page  1 lesson  0 endpage  6 | labels 7: text/h2/h2/h2/h2/text/text
           crumbs: Intro | Mauri | Mana | Wairua | Hikoi | Investigation | Collage
CEDW201  mixed            gold panels  5  WT: tab-bare  0 tab-black  4 tab-inner  0 page  0 lesson  0 endpage  4 | labels 5: h2/tab-black/tab-black/tab-black/tab-black
           crumbs: Introduction | Legends | Poetry art | Video fun | LEGO story
CEDW303  mixed            gold panels  6  WT: tab-bare  0 tab-black  0 tab-inner  0 page  0 lesson  0 endpage  1 | labels 6: text/text/text/text/text/text
           crumbs: Intro | Wonder | Explore | Connect | Act | Reflect
TWHA905  tab-inner        gold panels  7  WT: tab-bare  0 tab-black  0 tab-inner  4 page  0 lesson  0 endpage  0 | labels 7: text/tab-inner/h2/text/text/h2/ABSENT
           crumbs: Introduction | Scenario | Think like a social scientist | Think like a scientist | Think like a mathematician | Think like an innovator | Reflection
TWHK901  mixed            gold panels  5  WT: tab-bare  0 tab-black  0 tab-inner  0 page  0 lesson  0 endpage  5 | labels 5: text/text/text/text/text
           crumbs: Introduction | What is sustainability? | Mātauranga Māori | The problem of rubbish and recycling | My role in the 4 R's of sustainability
TWHK902  mixed            gold panels  5  WT: tab-bare  0 tab-black  0 tab-inner  0 page  0 lesson  0 endpage  6 | labels 5: text/text/text/text/text
           crumbs: Introduction | Climate | Maramataka | Impacts | Action
TWHR905  mixed            gold panels  5  WT: tab-bare  0 tab-black  0 tab-inner  0 page  0 lesson  0 endpage  1 | labels 5: text/text/text/text/text
           crumbs: Introduction | Organisation for school | Making a learning timetable | Prioritising time | Taking breaks
TWHT903  mixed            gold panels  5  WT: tab-bare  0 tab-black  0 tab-inner  0 page  0 lesson  0 endpage  4 | labels 5: text/text/text/text/text
           crumbs: Introduction | Identity: Who am I? | Exploring diversity | Judgement and bias? | My digital identity
CEDK102  tab-black-repeat gold panels  6  WT: tab-bare  0 tab-black 11 tab-inner  0 page  0 lesson  0 endpage  2 | labels 6: text/tab-black/tab-black/tab-black/tab-black/tab-black
           crumbs: Intro | Snapshots | Capture and edit | Storytelling | Avatars | Digital Kaitiaki
CEDO202  mixed            gold panels 10  WT: tab-bare  0 tab-black  0 tab-inner  0 page  0 lesson  0 endpage  2 | labels 10: text/h2/text/text/text/text/text/text/text/text
           crumbs: Intro | The seasons | Making observations | How do the seasons work? | Bringing the seasons to life | Exploring autumn | Exploring winter | Exploring 
CEDR204  tab-black-repeat gold panels  6  WT: tab-bare  0 tab-black  8 tab-inner  0 page  0 lesson  0 endpage  4 | labels 6: text/tab-black/tab-black/tab-black/tab-black/tab-black
           crumbs: Introduction | Exploring sounds | Soundscapes | Rhythmic patterns | Tune creation | Showcase sounds
TWHA902  tab-inner        gold panels  9  WT: tab-bare  0 tab-black  5 tab-inner  3 page  0 lesson  0 endpage  0 | labels 9: text/ABSENT/text/tab-black/ABSENT/tab-black/tab-inner-black/text/tab-black
           crumbs: Introduction | Listening, speaking, reading, writing | Active listening | Body language | Using technology | Artistic expression | Feedback | The powe
TWHA904  tab-inner        gold panels  7  WT: tab-bare  0 tab-black  0 tab-inner  4 page  0 lesson  0 endpage  0 | labels 7: text/text/h2/text/text/text/ABSENT
           crumbs: Introduction | Scenario | Think like a social scientist | Think like a scientist | Think like a mathematician | Think like an innovator | Reflection
TWHK907  mixed            gold panels  5  WT: tab-bare  0 tab-black  0 tab-inner  0 page  0 lesson  0 endpage  1 | labels 5: text/h2/h2/text/text
           crumbs: Introduction | Volunteering | Manaakitanga | Mahi tahi and hononga | Learning through hāpori
TWHR907  mixed            gold panels  4  WT: tab-bare  0 tab-black  0 tab-inner  0 page  0 lesson  0 endpage  1 | labels 4: text/text/text/text
           crumbs: Introduction | Values | Communication | Leadership styles

by dialect: {'tab-black-repeat': 7, 'mixed': 17, 'tab-inner': 4, 'page-h2': 1, 'EMPTY-WT': 7, 'lesson': 1}
