[14:54:47] run_all_gates.sh
  rc=0
13:— selftest: DETECTION (an injected divergence must be flagged) —
16:  ✓ dynamic differ SEES a real option divergence (imageMode P vs D)
17:RESULT: PASS (entry parity holds)
23:pairs skipped (parse error): 0
87:STRUCTURALLY CLEAN pages (zero structural defects): 2646/2691 = 98.3%
91:  A_literal_tag_leak                         75 occ |   45 pages
94:  GENO901     16  {'A_literal_tag_leak': 16}
95:  DTC1005     14  {'A_literal_tag_leak': 14}
96:  PWY1009      4  {'A_literal_tag_leak': 4}
97:  MUS1004      4  {'A_literal_tag_leak': 4}
98:  XGF9004      2  {'A_literal_tag_leak': 2}
99:  TRR116       2  {'A_literal_tag_leak': 2}
100:  MXS1004      2  {'A_literal_tag_leak': 2}
101:  MXFU302      2  {'A_literal_tag_leak': 2}
102:  HIS1005      2  {'A_literal_tag_leak': 2}
103:  ENGI102      2  {'A_literal_tag_leak': 2}
104:  ENFUN09      2  {'A_literal_tag_leak': 2}
105:  CBI1008      2  {'A_literal_tag_leak': 2}
106:  BLL260       2  {'A_literal_tag_leak': 2}
107:  TRR304       1  {'A_literal_tag_leak': 1}
108:  TRR106       1  {'A_literal_tag_leak': 1}
109:  TRR102       1  {'A_literal_tag_leak': 1}
110:  TEFUN07      1  {'A_literal_tag_leak': 1}
111:  SSFUN05      1  {'A_literal_tag_leak': 1}
112:  MXFUN01      1  {'A_literal_tag_leak': 1}
113:  MXEO301      1  {'A_literal_tag_leak': 1}
114:  MXDI201      1  {'A_literal_tag_leak': 1}
115:  JPN1004      1  {'A_literal_tag_leak': 1}
116:  HIS1006      1  {'A_literal_tag_leak': 1}
117:  HIS1002      1  {'A_literal_tag_leak': 1}
118:  HIS1001      1  {'A_literal_tag_leak': 1}
121:  GENO901_7_3.html            16  {'A_literal_tag_leak': 16}
122:  DTC1005_1_0.html             5  {'A_literal_tag_leak': 5}
123:  PWY1009_1_1_0.html           4  {'A_literal_tag_leak': 4}
124:  XGF9004_7_0.html             2  {'A_literal_tag_leak': 2}
125:  TRR116_9_0.html              2  {'A_literal_tag_leak': 2}
126:  ENGI102_0_0.html             2  {'A_literal_tag_leak': 2}
127:  ENFUN09_0_0.html             2  {'A_literal_tag_leak': 2}
128:  DTC1005_16_0.html            2  {'A_literal_tag_leak': 2}
129:  DTC1005_13_0.html            2  {'A_literal_tag_leak': 2}
[14:59:11] skeleton state (--json) + delta vs r427
  rc=0
OLD pairs 2491  SCAFFOLD 54.1406%  RAW 38.069%  >=50 1531  >=75 254  >=90 23
NEW pairs 2491  SCAFFOLD 54.3468%  RAW 38.217%  >=50 1536  >=75 254  >=90 23
delta SCAFFOLD +0.2062pp  RAW +0.148pp  >=50 +5  >=75 +0  >=90 +0
movers 17 (up 17 / down 0), pp-sum +513.6
movers outside the affected set: 0 []
new-only pages: 0  gone pages: 0
  CEDR101    CEDR101_0_0.html           11.0 ->   68.1  (+57.1)
  CEDO201    CEDO201_0_0.html           19.7 ->   67.8  (+48.1)
  BLL250     BLL250_0_0.html             6.7 ->   54.1  (+47.4)
  CEDT208    CEDT208_0_0.html           14.9 ->   58.3  (+43.4)
  TWHT903    TWHT903_0_0.html           12.6 ->   52.9  (+40.3)
  CEDW201    CEDW201_0_0.html           13.7 ->   48.6  (+34.9)
  CEDR401    CEDR401_0_0.html            9.7 ->   40.6  (+30.9)
  BLL260     BLL260_0_0.html             7.3 ->   36.6  (+29.3)
  CEDT102    CEDT102_0_0.html           13.9 ->   42.3  (+28.4)
  CEDK401    CEDK401_0_0.html           10.1 ->   35.2  (+25.1)
  CEDO402    CEDO402_0_0.html           11.8 ->   34.3  (+22.5)
  TWHK902    TWHK902_0_0.html           11.0 ->   32.8  (+21.8)
  TWHA905    TWHA905_0_0.html           10.5 ->   30.2  (+19.7)
  CEDR203    CEDR203_0_0.html           13.4 ->   32.3  (+18.9)
[15:00:42] gatecheck verdict vs gate_baseline.json (intake values)
  rc=2
[15:00:45] selftests
  rc=0  PASS/GREEN lines: 49  FAIL lines: 0
[15:02:00] feature index
  rc=0
SELFTEST build_feature_index: GREEN
[15:02:16] ship ledger check
  OK — a full-ship backstop is not yet due (5 scoped ship(s) of headroom).
[15:02:16] DIFF MINER (§1d — after every regeneration)
  miner rc=0
pairs 2491 / modules 533 / parse errors 0 / diff lines 285420 / classes 9437 (CANDIDATE 196, below floor 8940) in 87.5 s
wrote /mnt/c/Users/Gavin/TeKura/FINAL_MODULE_DATA/CONVERTER_V2/outputs/_diff_miner.json
wrote /mnt/c/Users/Gavin/TeKura/FINAL_MODULE_DATA/DIFF_QUEUE.md
[15:03:55] POSTSHIP_DONE
