=== page 0.0 isOverview=true items 344
0	tag	title bar	SECTION_MARKER	tag	«[TITLE BAR]»	after«Be a Communicator *MODULE TITLE TE REO: »	consumed=false
1	tag	h1	ELEMENT	tag	«[H1]»	after«**Tirohanga Whānui | Overview**»	consumed=false
2	black	«Tab Nav layout with the following layout:»	consumed=false
3	table	1x1	«**Introduction»	consumed=false
4	tag	h2	ELEMENT	tag	«[H2]»	after«**Whāinga Ako |** **Learning Intentions*»	consumed=false
5	black	«I am learning:»	consumed=false
6	black	«• to meet the needs of my audience when communicating»	consumed=false
7	black	«• to use artistic expression when communicating»	consumed=false
8	black	«• how to write, read and speak well»	consumed=false
9	black	«• to be an active listener»	consumed=false
10	black	«• to demonstrate non-verbal cues»	consumed=false
11	black	«• to use digital tools when communicating»	consumed=false
12	black	«• to apply feedback skills effectively»	consumed=false
13	black	«• the value of using other languages such as te reo Māori.»	consumed=false
14	tag	h2	ELEMENT	tag	«[H2]»	after«**Paearu Angitu |** **How will I know if»	consumed=false
15	black	«**I can:**»	consumed=false
16	black	«• identify ways of engaging with my audience»	consumed=false
17	black	«• use artistic expression when communicating my ideas»	consumed=false
18	black	«• apply different ways of writing, reading and speaking well»	consumed=false
19	black	«• be an active listener»	consumed=false
20	black	«• demonstrate non-verbal cues to help engage my audience»	consumed=false
21	black	«• use digital tools when communicating with others»	consumed=false
22	black	«• apply feedback skills when communicating with others»	consumed=false
23	black	«• use other languages such as te reo Māori when communicating with my »	consumed=false
24	tag	h2	ELEMENT	tag	«[H2]»	after«**Whakamaheretia tō wā |** **Planning yo»	consumed=false
25	tag	body	ELEMENT	tag	«[Body text]»	after«Allow six to eight hours for the learnin»	consumed=false
26	black	«It may take more or less time, depending on what you know and can do a»	consumed=false
27	tag	h2	ELEMENT	tag	«[H2]»	after«**He aha tāku hei tīmata? | What do I ne»	consumed=false
28	tag	h2	ELEMENT	tag	«[H2]»	after«**Hononga | Connections**»	consumed=false
29	tag	?		instruction	«In this section outline any connections this module has with»	after«»	consumed=false
30	tag	body	ELEMENT	tag	«[Body text]»	after«Learning connected to this module can be»	consumed=false
31	tag	?		noise	«and/or…»	after«If you’ve enjoyed this you might like to»	consumed=false
32	black	«• *Subject name*»	consumed=false
33	black	«• *EXPlore*»	consumed=false
34	black	«• *ConnectED*»	consumed=false
35	black	«• *Leaving to Learn*»	consumed=false
36	tag	h2	ELEMENT	tag	«[H2]»	after«**Aromatawai | Assessment for Learning**»	consumed=false
37	tag	body	ELEMENT	tag	«[Body text] Outline any relevant information relating to ass»	after«»	consumed=false
38	tag	tab n	SUBTAG	tag	«[Tab 1: Introduction]»	after«»	consumed=false
39	black	«https://www.istockphoto.com/photo/cheerful-friends-sitting-at-beach-ag»	consumed=false
40	black	«**Ko tōku reo**»	consumed=false
41	black	«**tōku ohooho**»	consumed=false
42	black	«**Ko tōku reo**»	consumed=false
43	black	«**tōku māpihi maurea**»	consumed=false
44	black	«**My language is my awakening.**»	consumed=false
45	black	«**My language is the window to my soul.**»	consumed=false
46	black	«This whakatauki refers to the way language is a part of knowing yourse»	consumed=false
47	tag	?		instruction	«Dev team to recreate image with whakatauki like this image.»	after«»	consumed=false
48	tag	?		instruction	«Please add macrons as per comments section.»	after«»	consumed=false
49	black	«Kia Ora, welcome to this module on being a communicator.»	consumed=false
50	black	«In this module we look at all the many ways we can communicate to be a»	consumed=false
51	black	«Let’s take a closer look at what these ways look and sound like. We wi»	consumed=false
52	black	«Take a look at these stories about what being a communicator looks and»	consumed=false
53	tag	video	ELEMENT	tag	«[interactive: video]»	after«https://www.youtube.com/watch?v=ORv-EhdX»	consumed=false
54	tag	body	ELEMENT	tag	«[Body]»	after«From this video we can see that being a »	consumed=false
55	black	«• Analysing body language – reading the messages from our faces and bo»	consumed=false
56	black	«• speaking clearly and honestly, to the right people, at the right tim»	consumed=false
57	black	«• listening to others»	consumed=false
58	black	«• writing down your thoughts»	consumed=false
59	black	«• reading.»	consumed=false
60	tag	tab n	SUBTAG	tag	«[Tab 2]»	after«»	consumed=false
61	tag	h3	ELEMENT	tag	«[H3]»	after«Listening, speaking, reading and writing»	consumed=false
62	tag	body	ELEMENT	tag	«[Body]»	after«When we listen, speak, read and write we»	consumed=false
63	black	«Let’s look more closely at each of these communication skills.»	consumed=false
64	tag	h4	ELEMENT	tag	«[H4]»	after«Listening»	consumed=false
65	black	«Listening is about holding attention for the speaker and putting our o»	consumed=false
66	black	«Good listening helps us and those around us in lots of ways:»	consumed=false
67	black	«• It brings us closer together.»	consumed=false
68	black	«• It helps people feel seen, and heard.»	consumed=false
69	black	«• It makes others feel valued and important.»	consumed=false
70	black	«• It prevents mistakes and confusion from happening.»	consumed=false
71	tag	h4	ELEMENT	tag	«[H4]»	after«Speaking»	consumed=false
72	black	«Speaking in a tone of voice that is clear, calm and confident can have»	consumed=false
73	black	«If you think about what you want to say, before you say it, it also he»	consumed=false
74	tag	drag and drop	INTERACTIVE	tag	«[Interactive: Drag and drop]Activity 1A: Speaking Match up»	after«»	consumed=true
75	black	«Drag these tips for speaking well to match the correct picture:»	consumed=true
76	table	5x3	«Image||Description // two teenagers ||1. Speak at a  // two people tal||2. Keep eye co»	consumed=true
77	tag	h4	ELEMENT	tag	«[H4]»	after«Reading»	consumed=false
78	black	«Being able to read for information is a skill we need for so many lear»	consumed=false
79	black	«• learning new skills and knowledge»	consumed=false
80	black	«• navigating and driving»	consumed=false
81	black	«• following instructions»	consumed=false
82	black	«• being able to find and use information»	consumed=false
83	black	«The best way to grow your reading ability is to read more. Reading boo»	consumed=false
84	tag	h4	ELEMENT	tag	«[H4]»	after«Writing»	consumed=false
85	black	«Writing is another skill that we use to communicate. Knowing how to wr»	consumed=false
86	black	«We need writing to be able to:»	consumed=false
87	black	«• give instructions»	consumed=false
88	black	«• send information via email or text»	consumed=false
89	black	«• complete written tasks such as essays and expressing ourselves.»	consumed=false
90	black	«Try these activities to improve your speaking, listening, reading and »	consumed=false
91	tag	?		instruction	«Dev team: makes these activities coloured tabs for each phas»	after«»	consumed=false
92	table	3x2	«🔴[RED TEXT] A|Activity 1C: P // students liste|Choose one of  // »	consumed=true
93	black	«Portfolio reflection»	consumed=false
94	black	«How would you rate your listening, speaking, reading and writing skill»	consumed=false
95	black	«None»	consumed=false
96	black	«Strong»	consumed=false
97	black	«What could you do to improve your listening, speaking, reading and wri»	consumed=false
98	tag	button	ELEMENT	tag	«[Button]»	after«Go to portfolio»	consumed=false
99	black	«Well done! We hope you will use these to become a confident communicat»	consumed=false
100	tag	end tab n	CONTAINER_CLOSE	tag	«[End tab]»	after«»	consumed=false
101	tag	tab n	SUBTAG	tag	«[Tab 3]»	after«»	consumed=false
102	tag	h3	ELEMENT	tag	«[H3]»	after«Active listening»	consumed=false
103	tag	body	ELEMENT	tag	«[Body]»	after«Active listening means to be fully prese»	consumed=false
104	black	«Active listeners are able to:»	consumed=false
105	black	«• use eye contact and positive body language to be fully present to th»	consumed=false
106	black	«• think about what the speaker is saying rather than thinking about yo»	consumed=false
107	black	«• giving the speaker space to talk about what is happening for them wi»	consumed=false
108	black	«• not interrupting them mid-sentence.»	consumed=false
109	black	«• asking questions about what they are saying to check you understand »	consumed=false
110	black	«• sharing back to them what they’ve said to make sure you are clear ab»	consumed=false
111	black	«This video explains active listening in a practical way:»	consumed=false
112	tag	video	ELEMENT	tag	«[interactive: Video – The art of listening]»	after«»	consumed=true
113	black	«https://youtu.be/rzsVh8YwZEQ»	consumed=true
114	black	«Here is a summary of what active listening looks and sounds like:»	consumed=true
115	black	«• Being attentive.»	consumed=true
116	black	«• Making eye contact.»	consumed=true
117	black	«• Asking questions of the speaker – “door openers”.»	consumed=true
118	black	«• Checking for understanding – “is that what you mean?”»	consumed=true
119	black	«• Hearing the “feelings” in what people are saying.»	consumed=true
120	black	«Often people say things that show their feelings about something.»	consumed=true
121	tag	dropdown	INTERACTIVE	tag	«[Interactive: Dropdown quiz]»	after«»	consumed=true
122	tag	?		instruction	«Dev same four options for the drop down – friendly, sad, lon»	after«»	consumed=true
123	tag	activity	CONTAINER_OPEN	tag	«[Activity 2A]»	after«Choose the feeling»	consumed=true
124	black	«Read the statement and then select the correct feeling that matches wi»	consumed=true
125	table	5x2	«Statements:|🔴[RED TEXT] A // 1. “Hi, it’s g|Friendly // 2. “I don’t wa|Sad»	consumed=true
126	table	3x2	«🔴[RED TEXT] A|Activity 2C: P // Here is a list|The active lis // Checklist / Wh»	consumed=true
127	black	«Portfolio reflection»	consumed=true
128	black	«How would you rate your use of active listening when communicating wit»	consumed=true
129	black	«None»	consumed=true
130	black	«Strong»	consumed=true
131	black	«What could you do to be more “active” in your listening with your futu»	consumed=true
132	tag	button	ELEMENT	tag	«[Button]»	after«Go to portfolio»	consumed=true
133	black	«Ka pai! You have completed this lesson on being an active listener. No»	consumed=true
134	tag	tab n	SUBTAG	tag	«[Tab 4]»	after«Body language»	consumed=true
135	tag	body	ELEMENT	tag	«[Body]»	after«Body language is like a secret code that»	consumed=true
136	tag	flip card	INTERACTIVE	tag	«[Flip cards]»	after«»	consumed=true
137	tag	?		noise	«Facing»	after«https://www.istockphoto.com/photo/portra»	consumed=true
138	tag	?		noise	«Reverse»	after«Smiling means you’re happy or friendly.»	consumed=true
139	tag	?		noise	«Facing»	after«https://www.istockphoto.com/photo/upset-»	consumed=true
140	tag	?		noise	«Reverse»	after«Crossing your arms might mean you’re fee»	consumed=true
141	tag	?		noise	«Facing»	after«https://www.istockphoto.com/photo/adorab»	consumed=true
142	tag	?		noise	«Reverse»	after«Thumbs up or nodding your head shows you»	consumed=true
143	tag	?		noise	«Facing»	after«https://www.istockphoto.com/photo/teenag»	consumed=true
144	tag	?		noise	«Reverse»	after«Rolling your eyes can mean you’re annoye»	consumed=true
145	tag	body	ELEMENT	tag	«[Body]»	after«It’s like a special language that most p»	consumed=false
146	tag	activity	CONTAINER_OPEN	tag	«[Interactive activity] Drag and drop [Dev mix the pictures u»	after«»	consumed=true
147	tag	h2	ELEMENT	tag	«[H2]»	after«Understanding body language»	consumed=false
148	tag	?		instruction	«Activity 3A: Body language match up»	after«»	consumed=false
149	tag	body	ELEMENT	tag	«[Body]»	after«Drag the picture to gesture that the pic»	consumed=false
150	table	6x2	«Gesture|Picture // Sad or upset.|https://www.is // Bored or unint|https://www.is»	consumed=false
151	table	2x3	«🔴[RED TEXT] A|Activity 3C: P // Try this body |No way|Go away!»	consumed=true
152	black	«2.»	consumed=false
153	table	1x3	«Stop!|Shhhh (correct|Go away!»	consumed=false
154	black	«3.»	consumed=false
155	table	1x3	«Ok!|Hi!|I’m listening »	consumed=false
156	black	«4.»	consumed=false
157	table	1x3	«Help!|Stop! (correct|Ok»	consumed=false
158	black	«5.»	consumed=false
159	table	1x3	«I’m surprised |Shhhh|Go away!»	consumed=false
160	black	«Charades is a word guessing game.»	consumed=false
161	black	«A player acts out a word or phrase (for example a movie or a book), wh»	consumed=false
162	black	«Antarctic Ocean – places»	consumed=false
163	black	«Playing guitar – action»	consumed=false
164	black	«Sesame Street – TV show»	consumed=false
165	black	«Mouse – animal»	consumed=false
166	black	«Take turns with a partner or your team to act out clues and then guess»	consumed=false
167	black	«Checklist»	consumed=false
168	black	«Which of the following skills did you use while completing your activi»	consumed=false
169	black	«• Noticed others body language such as facial expressions and gestures»	consumed=false
170	black	«• Used body language cues to identify what another person is feeling o»	consumed=false
171	black	«Portfolio reflection»	consumed=false
172	black	«How would you rate your use of non-verbal cues when communicating with»	consumed=false
173	black	«None»	consumed=false
174	black	«Strong»	consumed=false
175	black	«What could you do to be more effective at non-verbal cues when communi»	consumed=false
176	tag	button	ELEMENT	tag	«[Button]»	after«Go to portfolio»	consumed=false
177	black	«Well done! You have completed this part of becoming a strong communica»	consumed=false
178	tag	h3	ELEMENT	tag	«[Tab 5] [H3] Using technology»	after«»	consumed=false
179	tag	body	ELEMENT	tag	«[Body]»	after«Technology has many tools to help us com»	consumed=false
180	black	«There are also tools to help assist us if we struggle to communicate, »	consumed=false
181	tag	activity	CONTAINER_OPEN	tag	«[Activity 4A]»	after«Communication timeline»	consumed=true
182	tag	timeline	INTERACTIVE	tag	«[Reorder interactive timeline: Title: Timeline of communicat»	after«»	consumed=true
183	black	«Look at this timeline of how technology has changed since 1920.»	consumed=true
184	black	«Match the pictures to their correct place in history.»	consumed=true
185	table	2x6	«radio frequenc|personal compu|smart phones|emails|Early TVs|internet // 🔴[RED TEXT] 1|🔴[RED TEXT] 1|🔴[RED TEXT] 1|🔴[RED TEXT] 1|🔴[RED TEXT] 1|🔴[RED TEXT] 2»	consumed=true
186	tag	?		instruction	«Answers:1920 = Radio, 1930-1940 = TV, 1970 = Email, 1970-199»	after«»	consumed=true
187	black	«Technology can also have its disadvantages. These include:»	consumed=true
188	black	«• less face-to-face contact and more social isolation»	consumed=true
189	black	«• privacy and online cyber safety issues»	consumed=true
190	black	«• information overload – too many ways to communicate can be overwhelm»	consumed=true
191	black	«• health issues – eye strain and sleep can be affected by being on dev»	consumed=true
192	tag	?		instruction	«Dev team: make these activities coloured tabs for each phase»	after«»	consumed=true
193	table	7x2	«🔴[RED TEXT] A|Activity 4C: P // Organise this |🔴[RED TEXT] A // 2. Distracts u|🔴[RED TEXT] D»	consumed=true
194	tag	?		instruction	«Answers: 1 = A, 2 = D, 3 = D, 4 = A, 5 = D, 6 = A»	after«»	consumed=true
195	black	«Complete the technology quiz!»	consumed=true
196	tag	mcq	INTERACTIVE	tag	«[Multichoice quiz] Dev correct answer indicated with A.»	after«»	consumed=true
197	black	«1. What does ‘www’ stand for in a website address?»	consumed=true
198	black	«1. World wide web.»	consumed=true
199	tag	?		noise	«A»	after«»	consumed=true
200	black	«1. Wild wild west.»	consumed=true
201	black	«1. World web wonders.»	consumed=true
202	black	«1. Emails are sent over the internet. What does ‘email’ stand for?»	consumed=true
203	black	«1. Extraordinary mail.»	consumed=true
204	black	«1. Electrical mail.»	consumed=true
205	black	«1. Electronic mail.»	consumed=true
206	tag	?		noise	«A»	after«»	consumed=true
207	black	«1. What is ‘coding’ used for in technology?»	consumed=true
208	black	«1. Sending messages.»	consumed=true
209	black	«1. Writing instructions for computers.»	consumed=true
210	tag	?		noise	«A»	after«»	consumed=true
211	black	«1. Decoding ancient hieroglyphics.»	consumed=true
212	black	«1. Which of these is an input device for a computer?»	consumed=true
213	black	«1. Monitor.»	consumed=true
214	black	«1. Speaker.»	consumed=true
215	black	«1. Keyboard.»	consumed=true
216	tag	?		noise	«A»	after«»	consumed=true
217	black	«1. What does ‘AI’ stand for in technology?»	consumed=true
218	black	«1. Artificial intelligence.»	consumed=true
219	tag	?		noise	«A»	after«»	consumed=true
220	black	«1. Automatic invention.»	consumed=true
221	black	«1. Artistic impression.»	consumed=true
222	black	«1. Which of these is a popular social media platform?»	consumed=true
223	black	«1. Twitter.»	consumed=true
224	tag	?		noise	«A»	after«»	consumed=true
225	black	«1. Facebook.»	consumed=true
226	tag	?		noise	«A»	after«»	consumed=true
227	black	«1. Instagram.»	consumed=true
228	tag	?		noise	«A»	after«»	consumed=true
229	black	«A feature on MTK you might not know about is our text-to-speech functi»	consumed=true
230	black	«Checklist»	consumed=true
231	black	«Which of the following did you use while completing your activity?»	consumed=true
232	black	«• Identified how technology tools can help us communicate»	consumed=true
233	black	«• Reflected on how technology can help us and distract us»	consumed=true
234	black	«• Developed your knowledge of technology tools over time»	consumed=true
235	black	«• Tried a communication tool like speech-to-text»	consumed=true
236	black	«Portfolio reflection»	consumed=true
237	black	«How would you rate your use of technology when communicating?»	consumed=true
238	black	«None»	consumed=true
239	black	«Strong»	consumed=true
240	black	«What could you do to make better use of technology when communicating »	consumed=true
241	tag	button	ELEMENT	tag	«[Button]»	after«Go to portfolio»	consumed=true
242	black	«Well done! You’ve looked at how technology can help us communicate. Le»	consumed=true
243	tag	tab n	SUBTAG	tag	«[Tab 6]»	after«Artistic expression»	consumed=true
244	tag	body	ELEMENT	tag	«[Body]»	after«Artistic expression is when people use t»	consumed=false
245	tag	flip card	INTERACTIVE	tag	«[Flip cards] Facing»	after«https://www.istockphoto.com/photo/teenag»	consumed=true
246	tag	?		noise	«Reverse»	after«**Drawing or painting:** using pencils, »	consumed=true
247	tag	?		noise	«Facing»	after«https://www.istockphoto.com/photo/teenag»	consumed=true
248	tag	?		noise	«Reverse»	after«**Music:** composing your own music, pla»	consumed=true
249	tag	?		noise	«Facing»	after«https://www.istockphoto.com/photo/teenag»	consumed=true
250	tag	?		noise	«Reverse»	after«**Dance:** moving your body to show emot»	consumed=true
251	tag	?		noise	«Facing»	after«https://www.istockphoto.com/photo/artist»	consumed=true
252	tag	?		noise	«Reverse»	after«**Writing:** creating stories, poems or »	consumed=true
253	tag	?		noise	«Facing»	after«https://www.istockphoto.com/photo/smilin»	consumed=true
254	tag	?		noise	«Reverse»	after«**Crafts:** making things with your hand»	consumed=true
255	tag	end flip card	CONTAINER_CLOSE	tag	«[End flip cards]»	after«»	consumed=false
256	tag	body	ELEMENT	tag	«[Body]»	after«Artistic expression is a fun way to show»	consumed=false
257	table	2x2	«🔴[RED TEXT] A|Activity 5C: P // This zentangle|What is the me»	consumed=false
258	black	«Portfolio reflection»	consumed=false
259	black	«How would you rate your use of artistic expression when you’re communi»	consumed=false
260	black	«None»	consumed=false
261	black	«Strong»	consumed=false
262	black	«What could you do to be more artistic in your future communication?»	consumed=false
263	tag	button	ELEMENT	tag	«[Button]»	after«Go to portfolio»	consumed=false
264	black	«Ka pai! You’ve looked at how artistic expression can help you communic»	consumed=false
265	tag	h3	ELEMENT	tag	«[Tab 7] [H3]»	after«Feedback»	consumed=false
266	tag	h3	ELEMENT	tag	«[H3]»	after«Receiving feedback»	consumed=false
267	tag	body	ELEMENT	tag	«[Body]»	after«Feedback is when someone tells you what »	consumed=false
268	black	«• https://www.istockphoto.com/photo/online-learning-using-laptop-teach»	consumed=false
269	black	«• https://www.istockphoto.com/photo/pro-golfer-aids-younger-girl-golfe»	consumed=false
270	black	«• https://www.istockphoto.com/photo/serious-indian-guy-sharing-problem»	consumed=false
271	tag	h3	ELEMENT	tag	«[H3]»	after«How to **receive** feedback»	consumed=false
272	tag	body	ELEMENT	tag	«[Body]»	after«Receiving feedback is an important part »	consumed=false
273	tag	carousel	INTERACTIVE	tag	«[Carousel] [Dev don’t include numbers, they’re just to show »	after«»	consumed=true
274	black	«1. https://www.istockphoto.com/photo/preteen-boy-sits-quietly-while-li»	consumed=true
275	black	«1. **https://www.istockphoto.com/photo/young-woman-relaxes-on-lake-pie»	consumed=true
276	black	«1. **https://www.istockphoto.com/photo/teenage-girl-meets-with-teacher»	consumed=true
277	black	«1. **https://www.istockphoto.com/photo/mother-saying-goodbye-to-daught»	consumed=true
278	black	«1. **https://www.istockphoto.com/photo/serious-student-thinking-e-lear»	consumed=true
279	black	«1. **https://www.istockphoto.com/photo/student-girl-writing-on-whitebo»	consumed=true
280	tag	h3	ELEMENT	tag	«[H3]»	after«How to **give** feedback»	consumed=true
281	black	«The sandwich technique is a way to give feedback that makes it easier »	consumed=true
282	tag	?		instruction	«Dev - could you create an image where students click on the »	after«»	consumed=true
283	tag	?		instruction	«Pop-up diagrams have been used in Ag hort (AGH1000 eg AGH100»	after«»	consumed=true
284	black	«1. **Start with a positive comment**: Begin by saying something nice a»	consumed=true
285	black	«1. Example: “You did a great job on your science project. The presenta»	consumed=true
286	black	«• **Give constructive feedback**: Next, share the area where they can »	consumed=true
287	black	«1. Example: “One thing you could work on is adding more details to you»	consumed=true
288	black	«• **End with another positive comment**: Finish with another positive »	consumed=true
289	black	«1. Example: “Overall, you did an amazing job, and I can see how much e»	consumed=true
290	black	«This technique helps make feedback feel balanced and supportive.»	consumed=true
291	table	3x2	«🔴[RED TEXT] A|Activity 6B: P // Now it is your|Now it is your // Checklist / Wh»	consumed=true
292	black	«Portfolio reflection»	consumed=true
293	black	«How would you rate your use of feedback when communicating with others»	consumed=true
294	black	«None»	consumed=true
295	black	«Strong»	consumed=true
296	black	«What could you do to be better at giving and receiving feedback in you»	consumed=true
297	tag	button	ELEMENT	tag	«[Button]»	after«Go to portfolio»	consumed=false
298	black	«Well done! You have completed this part of being a successful communic»	consumed=false
299	tag	tab n	SUBTAG	tag	«[Tab 8]»	after«»	consumed=false
300	tag	h3	ELEMENT	tag	«[H3]»	after«The power of other languages»	consumed=false
301	tag	body	ELEMENT	tag	«[Body]»	after«Learning and using another language can »	consumed=false
302	black	«• respect for other cultures and their language»	consumed=false
303	black	«• allows us to connect with a wider group of people»	consumed=false
304	black	«• improves our relationships to others.»	consumed=false
305	black	«New Zealand sign language is recognised as one our official languages »	consumed=false
306	black	«Try this interactive activity by going to the NZSL dictionary site and»	consumed=false
307	tag	drag and drop	INTERACTIVE	tag	«[interactive: Drag and drop] Dev – answers align in the tabl»	after«»	consumed=true
308	tag	activity	CONTAINER_OPEN	tag	«[Activity 7A]»	after«New Zealand Sign language match up»	consumed=true
309	black	«Drag and drop the correct sign language action to the correct word.»	consumed=true
310	table	4x2	«Actions: sign |Words // https://www.nz|1. Thank you // https://www.nz|2. Aroha»	consumed=true
311	black	«Hopefully you can see your brain is working more to communicate, which»	consumed=true
312	black	«It also means we can now send these messages to a wider group of peopl»	consumed=true
313	black	«Look at these two videos. Both are hello songs.»	consumed=true
314	black	«Which video uses more languages to communicate with a wider group of p»	consumed=true
315	tag	?		instruction	«Dev team please place both videos in a carousel so learners »	after«»	consumed=true
316	black	«https://youtu.be/LrWyfjfR8ms https://youtu.be/TXkEQ4QpXn4»	consumed=true
317	table	3x2	«🔴[RED TEXT] A|Activity 7B: P // https://www.nz|https://www.nz // Checklist / Wh»	consumed=true
318	black	«Portfolio reflection»	consumed=true
319	black	«How would you rate your use of other languages when communicating, inc»	consumed=true
320	black	«None»	consumed=true
321	black	«Strong»	consumed=true
322	black	«What could you do to use other languages more frequently in your futur»	consumed=true
323	tag	button	ELEMENT	tag	«[Button]»	after«Go to portfolio»	consumed=true
324	black	«Well done! You’ve completed this lesson on the power of other language»	consumed=true
325	tag	tab n	SUBTAG	tag	«[Tab 9]»	after«Know your audience»	consumed=true
326	black	«To be a great communicator you must know your audience.»	consumed=true
327	black	«This means understanding who they are, their needs, preferences, inter»	consumed=true
328	black	«• For example, when messaging, some people like to use text messages o»	consumed=true
329	black	«It also means clearly understanding what your audience expects from yo»	consumed=true
330	black	«This includes:»	consumed=true
331	tag	click drop	INTERACTIVE	tag	«[interactive: click and drop]»	after«»	consumed=true
332	table	4x2	«Images|Captions // person questio|**Expectations // person giving |**Communicatio»	consumed=true
333	tag	?		instruction	«Dev team: makes these coloured tabs for each phase.»	after«»	consumed=true
334	table	5x3	«🔴[RED TEXT] A|Activity 8B: P // Try this activ|Think about ho // young girl|teenage boy|»	consumed=true
335	black	«Portfolio reflection»	consumed=true
336	black	«How would you rate your ability to know your audience when communicati»	consumed=true
337	black	«None»	consumed=true
338	black	«Strong»	consumed=true
339	black	«What could you do to be better at knowing your audience in your future»	consumed=true
340	tag	alert	CONTAINER_OPEN	tag	«[Alert box]»	after«»	consumed=false
341	black	«• Remember to be aware of what is important to your audience before yo»	consumed=false
342	tag	button	ELEMENT	tag	«[Button]»	after«Go to portfolio»	consumed=false
343	black	«Ka pai! You have completed the last part of being a good communicator »	consumed=false
