=== page 0.0 isOverview=true items 355
0	tag	title bar	SECTION_MARKER	tag	«[TITLE BAR] Moving through the seasons»	after«*MODULE TITLE TE REO*»	consumed=false
1	tag	h1	ELEMENT	tag	«[H1]»	after«**Tirohanga Whānui | Overview**»	consumed=false
2	black	«In this module you will learn about the seasons and their traits. You »	consumed=false
3	tag	h2	ELEMENT	tag	«[H2]»	after«**Understand:**»	consumed=false
4	black	«• Making connections across diverse contexts and learning areas (scien»	consumed=false
5	tag	h2	ELEMENT	tag	«[H2]»	after«**Know:**»	consumed=false
6	black	«• Appreciate that science is a way of explaining the world and that sc»	consumed=false
7	black	«• Learning about our world through movement strengthens our understand»	consumed=false
8	tag	h2	ELEMENT	tag	«[H2]»	after«**Do:**»	consumed=false
9	black	«• Extend experiences and personal explanations of the natural world th»	consumed=false
10	black	«• Explore and make movements to communicate ideas and knowledge.»	consumed=false
11	tag	h2	ELEMENT	tag	«[H2]»	after«**Learning Intentions**»	consumed=false
12	black	«*We are learning:*»	consumed=false
13	black	«• *to identify the seasons and when they occur*»	consumed=false
14	black	«• *to be able to identify the different traits associated with the dif»	consumed=false
15	black	«• *to make observations using the world around us*»	consumed=false
16	black	«• *about how to make movement using different processes*»	consumed=false
17	black	«• *to make movement and dance that communicates an idea*»	consumed=false
18	black	«• *to create a short dance for sharing.*»	consumed=false
19	tag	h2	ELEMENT	tag	«[H2]»	after«**Success Criteria**»	consumed=false
20	black	«*I will:*»	consumed=false
21	black	«• *list the seasons and describe the different traits of the different»	consumed=false
22	black	«• *explain why we have seasons and some of the reasoning behind it*»	consumed=false
23	black	«• *share how Māori understood the seasons*»	consumed=false
24	black	«• *create movements to show the four different seasons*»	consumed=false
25	black	«• *practise dance and movement so that I remember what I created*»	consumed=false
26	black	«• *share dance and movement with others.*»	consumed=false
27	tag	h2	ELEMENT	tag	«[H2]»	after«**Whakamaheretia tō wā |** **Planning yo»	consumed=false
28	tag	?		instruction	«(not needed for Y1-10 resources)»	after«»	consumed=false
29	tag	body	ELEMENT	tag	«[Body text]»	after«Allow *10* hours for the learning in thi»	consumed=false
30	black	«It may take more or less time, depending on what you know and can do a»	consumed=false
31	tag	h2	ELEMENT	tag	«[H2]»	after«**He aha tāku hei tīmata? | What do I ne»	consumed=false
32	black	«For this learning you will need something to film yourself with and ma»	consumed=false
33	tag	?		instruction	«Tabs required in this module are as follows. Inserts as righ»	after«»	consumed=false
34	tag	?		instruction	«Tab one heading: The seasons»	after«»	consumed=false
35	tag	?		instruction	«Tab two heading: Making observations»	after«»	consumed=false
36	tag	?		instruction	«Tab three heading: How do the seasons work?»	after«»	consumed=false
37	tag	?		instruction	«Tab four heading: Bringing the seasons to life»	after«»	consumed=false
38	tag	?		instruction	«Tab five heading: Exploring autumn»	after«»	consumed=false
39	tag	?		instruction	«Tab six heading: Exploring winter»	after«»	consumed=false
40	tag	?		instruction	«Tab seven heading: Exploring spring»	after«»	consumed=false
41	tag	?		instruction	«Tab eight heading: Exploring summer»	after«»	consumed=false
42	tag	?		instruction	«Tab nine heading: Creating and sharing your dance»	after«»	consumed=false
43	tag	module introduction	SECTION_MARKER	tag	«[MODULE INTRODUCTION]»	after«»	consumed=false
44	black	«In this module you will be exploring the seasons and moving your body!»	consumed=false
45	black	«[Insert images side by side across the page]»	consumed=false
46	black	«https://www.istockphoto.com/photo/child-boy-breakdancing-at-skateboard»	consumed=false
47	black	«https://www.istockphoto.com/photo/beautiful-girl-with-umbrella-dancing»	consumed=false
48	black	«https://www.istockphoto.com/photo/afro-american-man-having-fun-walking»	consumed=false
49	black	«https://www.istockphoto.com/photo/beautiful-ballet-dancer-jumping-insi»	consumed=false
50	black	«You will explore:»	consumed=false
51	black	«• what seasons are»	consumed=false
52	black	«• the characteristics of each season»	consumed=false
53	black	«• how and why do we have seasons»	consumed=false
54	black	«• how you can further explore the seasons using your body and movement»	consumed=false
55	tag	image	ELEMENT	tag	«[insert image]»	after«»	consumed=false
56	black	«https://www.istockphoto.com/photo/four-season-tree-photo-manipulation-»	consumed=false
57	black	«‘Iti noa ana he pito mata’ - From the withered tree a flower blooms»	consumed=false
58	black	«This whakataukī speaks to the idea of growth, cycles, seasons and rene»	consumed=false
59	black	«Whakataukī often also tell us something about life. What else do you t»	consumed=false
60	tag	tab n	SUBTAG	tag	«[Insert Right click tab – ‘The seasons’]»	after«»	consumed=false
61	tag	h2	ELEMENT	tag	«[H2]»	after«The seasons»	consumed=false
62	black	«Seasons are a period of the year that are based on changes in the weat»	consumed=false
63	black	«We have four seasons:»	consumed=false
64	black	«• Spring»	consumed=false
65	black	«• Summer»	consumed=false
66	black	«• AutumnKnown as fall in America.»	consumed=false
67	black	«»	consumed=false
68	black	«• Winter»	consumed=false
69	black	«Each season has its own features that characteriseIs a character of, »	consumed=false
70	black	«»	consumed=false
71	black	«Here is a playful and silly video about the seasons!»	consumed=false
72	black	«https://www.youtube.com/watch?v=JxOMEUYKzvs»	consumed=false
73	tag	activity	CONTAINER_OPEN	tag	«[Activity 1A]»	after«Trait of the seasons»	consumed=true
74	black	«Drag and drop the traitsa unique quality or characteristic to the co»	consumed=true
75	black	«»	consumed=true
76	tag	image	ELEMENT	tag	«[Insert the image alongside each of the seasons and drag the»	after«»	consumed=true
77	tag	heading	ELEMENT	tag	«[Insert heading]»	after«Winter»	consumed=true
78	tag	activity heading	ELEMENT	tag	«[Insert image for heading]»	after«https://www.istockphoto.com/photo/the-wi»	consumed=true
79	tag	drag and drop	INTERACTIVE	tag	«[Correct text for drag and drop]»	after«»	consumed=true
80	black	«Cold weather.»	consumed=true
81	black	«Little daylight.»	consumed=true
82	black	«Limited plant growth.»	consumed=true
83	tag	heading	ELEMENT	tag	«[Insert heading]»	after«Spring»	consumed=true
84	tag	activity heading	ELEMENT	tag	«[Insert image for heading]»	after«https://www.istockphoto.com/photo/baby-l»	consumed=true
85	tag	drag and drop	INTERACTIVE	tag	«[Correct text for drag and drop]»	after«»	consumed=true
86	black	«Plants sprout.»	consumed=true
87	black	«Flowers blossom e.g. daffodils.»	consumed=true
88	black	«Baby animals are born (lambs»	consumed=true
89	tag	?		instruction	«[Hover: baby sheep]»	after«, foals»	consumed=true
90	tag	?		instruction	«[Hover: baby horse]»	after«, calves»	consumed=true
91	tag	?		instruction	«[Hover: baby cows]»	after«, ducklings).»	consumed=true
92	tag	heading	ELEMENT	tag	«[Insert heading]»	after«Summer»	consumed=true
93	tag	activity heading	ELEMENT	tag	«[Insert image for heading]»	after«https://www.istockphoto.com/photo/the-po»	consumed=true
94	tag	drag and drop	INTERACTIVE	tag	«[Correct text for drag and drop]»	after«»	consumed=true
95	black	«Warmest time of the year.»	consumed=true
96	black	«Longest daylight hours.»	consumed=true
97	black	«Plants have sprouted but grow quickly.»	consumed=true
98	tag	heading	ELEMENT	tag	«[Insert heading]»	after«Autumn»	consumed=true
99	tag	activity heading	ELEMENT	tag	«[Insert image for heading]»	after«https://www.istockphoto.com/photo/autumn»	consumed=true
100	tag	drag and drop	INTERACTIVE	tag	«[Correct text for drag and drop]»	after«»	consumed=true
101	black	«Temperatures begin to drop.»	consumed=true
102	black	«Leaves begin to turn orange and brown.»	consumed=true
103	black	«Trees begin to lose their leaves.»	consumed=true
104	tag	h3	ELEMENT	tag	«[H3]»	after«Maramataka»	consumed=false
105	black	«Before the Europeans came to AotearoaThe Māori name for New Zealand »	consumed=false
106	black	«»	consumed=false
107	black	«Their knowledge of the seasons was connected to the Māori lunar calend»	consumed=false
108	tag	format	INLINE_FORMAT	tag	«[Bold maramataka].»	after«Māori planned their farming, fishing, an»	consumed=false
109	black	«Here is a video about how some people are using maramataka.»	consumed=false
110	tag	video	ELEMENT	tag	«[Insert video]»	after«https://www.youtube.com/watch?v=b9QusNEq»	consumed=false
111	tag	image	ELEMENT	tag	«[Insert image:»	after«https://www.istockphoto.com/photo/pleiad»	consumed=false
112	tag	?		noise	«]»	after«»	consumed=false
113	black	«Māori also observed the stars, such as Matariki (the cluster of stars »	consumed=false
114	black	«»	consumed=false
115	black	«Here are some videos about Matariki!»	consumed=false
116	tag	carousel	INTERACTIVE	tag	«[Insert videos side by side or in a carousel]»	after«»	consumed=true
117	black	«https://www.youtube.com/watch?v=1ph_Ko4AalI»	consumed=true
118	black	«https://www.youtube.com/watch?v=30V9_BUPt50»	consumed=true
119	tag	activity	CONTAINER_OPEN	tag	«[Activity 1B]»	after«What have you learnt?»	consumed=false
120	tag	heading	ELEMENT	tag	«[Insert this image as a small icon beside this heading:»	after«https://www.istockphoto.com/vector/team-»	consumed=false
121	black	«Try telling someone (your supervisor, your friends or someone from you»	consumed=false
122	tag	tab n	SUBTAG	tag	«[Insert Right click tab – ‘Making observations’]»	after«»	consumed=false
123	tag	h3	ELEMENT	tag	«[H3]»	after«Making observations»	consumed=false
124	black	«Now that you know some of the features of the seasons you are going to»	consumed=false
125	tag	image	ELEMENT	tag	«[Insert image]»	after«»	consumed=false
126	black	«https://www.istockphoto.com/vector/curious-woman-with-magnifier-hide-i»	consumed=false
127	tag	alert	CONTAINER_OPEN	tag	«[Insert as alert box on the right side of the page]»	after«A ‘scientific observation’ is an experie»	consumed=false
128	tag	body	ELEMENT	tag	«[Finish alert box text]»	after«»	consumed=false
129	tag	body	ELEMENT	tag	«[Body text continues]»	after«»	consumed=false
130	tag	image	ELEMENT	tag	«[Insert image]»	after«»	consumed=false
131	black	«https://www.istockphoto.com/vector/young-man-standing-with-thoughtful-»	consumed=false
132	black	«Activity 2A: Find a spot outside to sit or go for a walk. This could b»	consumed=false
133	black	«1. What weather patterns do you notice:»	consumed=false
134	black	«1. Is the temperature warm, cold or cool?»	consumed=false
135	black	«1. Has it been raining or is it dry?»	consumed=false
136	black	«1. What do you notice about the plant life:»	consumed=false
137	black	«1. What colours do you see in the flowers and leaves?»	consumed=false
138	black	«1. Are trees and plants blooming or losing their leaves?»	consumed=false
139	black	«1. What do you notice about the daylight?»	consumed=false
140	black	«1. What time is sunrise and sunset?»	consumed=false
141	black	«1. How long is the daylight? Is it getting shorter or longer each day?»	consumed=false
142	black	«1. What do you notice about animal behaviours?»	consumed=false
143	black	«1. Have you seen any animals? Are they active or hibernating?Inactive»	consumed=false
144	black	«»	consumed=false
145	black	«1. Do you see or hear any birds?»	consumed=false
146	black	«1. What do you notice about human behaviours?»	consumed=false
147	black	«1. What are people wearing?»	consumed=false
148	black	«1. What sort of activities are people doing at the moment? E.g. playin»	consumed=false
149	tag	image	ELEMENT	tag	«[Insert image]»	after«https://www.istockphoto.com/vector/a-gro»	consumed=false
150	black	«From the findings from your scientific observation can you tell what s»	consumed=false
151	black	«Record your findings from your observation in your journal.»	consumed=false
152	tag	external link	INLINE	tag	«[Insert a link to journal]»	after«»	consumed=false
153	tag	tab n	SUBTAG	tag	«[Insert Right tab click – How do the seasons work?]»	after«»	consumed=false
154	tag	h2	ELEMENT	tag	«[H2]»	after«How do the seasons work?»	consumed=false
155	tag	h2	ELEMENT	tag	«[H2]»	after«The months of the seasons»	consumed=false
156	black	«There are 12 months in a year.»	consumed=false
157	tag	image	ELEMENT	tag	«[Insert image]»	after«https://www.istockphoto.com/vector/calen»	consumed=false
158	black	«Drag the months into the chronological orderThe order that something »	consumed=false
159	black	«»	consumed=false
160	tag	drag and drop	INTERACTIVE	tag	«[Insert drag and drop of the months – putting them into the »	after«»	consumed=true
161	black	«January/Hānuere»	consumed=true
162	black	«February/Pēpuere»	consumed=true
163	black	«March/Māehe»	consumed=true
164	black	«April/Āpereira»	consumed=true
165	black	«May/Mei»	consumed=true
166	black	«June/Hune»	consumed=true
167	black	«July/Hūrae»	consumed=true
168	black	«August/Ākuhata»	consumed=true
169	black	«September/Hepetema»	consumed=true
170	black	«October/Oketopa»	consumed=true
171	black	«November/Noema»	consumed=true
172	black	«December/Tīhema»	consumed=true
173	black	«Seasons are cyclical»	consumed=true
174	tag	?		instruction	«[hover: Happen in cycles, like a series of events that happe»	after«In Aotearoa New Zealand the seasons happ»	consumed=true
175	black	«Click the flip cards below to see what months the seasons are.»	consumed=true
176	tag	flip card	INTERACTIVE	tag	«[Insert flip cards]»	after«»	consumed=true
177	tag	shape n	SUBTAG	tag	«[Tile]»	after«December/Tīhema, January/Hānuere, Februa»	consumed=true
178	tag	?		instruction	«[When clicked reveal]»	after«Summer!»	consumed=true
179	tag	shape n	SUBTAG	tag	«[Tile]»	after«March/Māehe, April/Āpereira, May/Mei»	consumed=true
180	tag	?		instruction	«[When clicked reveal]»	after«Autumn!»	consumed=true
181	tag	shape n	SUBTAG	tag	«[Tile]»	after«June/Hune, July/Hūrae, August/Ākuhata»	consumed=true
182	tag	?		instruction	«[When clicked reveal]»	after«Winter!»	consumed=true
183	tag	shape n	SUBTAG	tag	«[Tile]»	after«September/Hepetema, October/Oketopa, Nov»	consumed=true
184	tag	?		instruction	«[When clicked reveal]»	after«Spring!»	consumed=true
185	tag	image	ELEMENT	tag	«[Insert image]»	after«https://www.istockphoto.com/photo/four-s»	consumed=true
186	tag	h2	ELEMENT	tag	«[H2]»	after«Seasons around the world»	consumed=true
187	tag	image	ELEMENT	tag	«[Insert image]»	after«https://www.istockphoto.com/vector/varie»	consumed=true
188	black	«Although these are the months that the seasons happen in Aotearoa New »	consumed=true
189	tag	image	ELEMENT	tag	«[Insert image]»	after«https://www.istockphoto.com/vector/four-»	consumed=true
190	tag	h3	ELEMENT	tag	«[H3]»	after«Why and how?»	consumed=false
191	black	«Watch this video that explains how seasons work around the world.»	consumed=false
192	tag	video	ELEMENT	tag	«[Insert Youtube video – Seasons and the sun: Crash course ki»	after«»	consumed=false
193	black	«https://www.youtube.com/watch?v=b25g4nZTHvM&t=1s»	consumed=false
194	black	«Activity 3A»	consumed=false
195	black	«What did you learn from the video? Answer the multi choice questions b»	consumed=false
196	tag	mcq	INTERACTIVE	tag	«[insert multi choice quiz after the video]»	after«»	consumed=true
197	tag	question	SUBTAG	tag	«[Question 1]»	after«How long does it take for the earth to g»	consumed=true
198	black	«1. 24 hours (one day).»	consumed=true
199	tag	data marker	SUBTAG	tag	«[Incorrect]»	after«»	consumed=true
200	black	«1. 365 days (one year).»	consumed=true
201	tag	correct	SUBTAG	tag	«[Correct]»	after«»	consumed=true
202	black	«1. Seven days (one week).»	consumed=true
203	tag	data marker	SUBTAG	tag	«[Incorrect]»	after«»	consumed=true
204	tag	question	SUBTAG	tag	«[Question 2]»	after«What is the Earth’s axis?»	consumed=true
205	black	«1. The invisible line on which the earth spins.»	consumed=true
206	tag	correct	SUBTAG	tag	«[Correct]»	after«»	consumed=true
207	black	«1. Where the ocean meets the sand.»	consumed=true
208	tag	data marker	SUBTAG	tag	«[Incorrect]»	after«»	consumed=true
209	black	«1. The equator.»	consumed=true
210	tag	data marker	SUBTAG	tag	«[Incorrect]»	after«»	consumed=true
211	tag	question	SUBTAG	tag	«[Question 3]»	after«How many hemispheres are there?»	consumed=true
212	black	«1. Seven.»	consumed=true
213	tag	data marker	SUBTAG	tag	«[Incorrect]»	after«»	consumed=true
214	black	«1. Two (northern and southern).»	consumed=true
215	tag	correct	SUBTAG	tag	«[Correct]»	after«»	consumed=true
216	tag	?		instruction	«When they get this one correct reveal the following addition»	after«»	consumed=true
217	tag	question	SUBTAG	tag	«[Question 4]»	after«If the hemisphere is in direct sunlight»	consumed=true
218	tag	format	INLINE_FORMAT	tag	«[bold the words direct sunlight]»	after«it will experience …»	consumed=true
219	black	«1. Warmer temperatures, longer days and shorter nights.»	consumed=true
220	tag	correct	SUBTAG	tag	«[Correct]»	after«»	consumed=true
221	black	«1. Cooler temperatures, shorter days and longer nights.»	consumed=true
222	tag	data marker	SUBTAG	tag	«[Incorrect]»	after«»	consumed=true
223	tag	end mcq	CONTAINER_CLOSE	tag	«[End of multichoice quiz]»	after«»	consumed=false
224	tag	end other	CONTAINER_CLOSE	tag	«[End of content for ‘How do they work?’]»	after«»	consumed=false
225	tag	activity	CONTAINER_OPEN	tag	«[Activity 3B]»	after«What have you learnt?»	consumed=true
226	tag	heading	ELEMENT	tag	«[Insert this image as a small icon beside this heading:»	after«https://www.istockphoto.com/vector/team-»	consumed=true
227	tag	?		noise	«]»	after«»	consumed=true
228	black	«Try explaining to someone (your supervisor, your friends or someone fr»	consumed=true
229	tag	image	ELEMENT	tag	«[Insert image]»	after«https://www.istockphoto.com/vector/earth»	consumed=true
230	tag	tab n	SUBTAG	tag	«[Insert Right click Tab – Bringing the seasons to life]»	after«»	consumed=true
231	tag	h2	ELEMENT	tag	«[H2]»	after«Bringing the seasons to life»	consumed=false
232	tag	h2	ELEMENT	tag	«[H2]»	after«Exploring the seasons»	consumed=false
233	tag	image	ELEMENT	tag	«[Insert image]»	after«https://www.istockphoto.com/photo/a-dron»	consumed=false
234	black	«We can use the arts to communicate ideas about the world around us! We»	consumed=false
235	black	«There are many examples where the arts communicate about the world aro»	consumed=false
236	black	«Kapa haka is an example of this! In kapa haka there is a movement call»	consumed=false
237	tag	image	ELEMENT	tag	«[Insert images beside one another]»	after«»	consumed=false
238	black	«https://www.istockphoto.com/photo/group-of-new-zealand-maori-folk-danc»	consumed=false
239	black	«https://www.istockphoto.com/photo/group-of-new-zealand-maori-folk-danc»	consumed=false
240	black	«Another example of an artist representing the world around them is Viv»	consumed=false
241	black	«»	consumed=false
242	black	«You can have a listen in the video below. It is quite a different styl»	consumed=false
243	tag	video	ELEMENT	tag	«[Insert video :»	after«https://www.youtube.com/watch?v=GRxofEmo»	consumed=false
244	tag	?		noise	«]»	after«»	consumed=false
245	tag	h2	ELEMENT	tag	«[H2]»	after«Exploring the seasons through movement»	consumed=false
246	tag	image	ELEMENT	tag	«[Insert image]»	after«»	consumed=false
247	black	«https://www.istockphoto.com/vector/dancer-set-collection-contemporary-»	consumed=false
248	black	«We are going to explore using our bodies to communicate the seasons. W»	consumed=false
249	black	«When you make movement or dance there is no right or wrong»	consumed=false
250	tag	format	INLINE_FORMAT	tag	«[bold: there is no right or wrong]»	after«! You are going to be creative and move »	consumed=false
251	tag	tab n	SUBTAG	tag	«[Insert Right click Tab – Exploring Autumn]»	after«»	consumed=false
252	tag	h2	ELEMENT	tag	«[H2]»	after«Exploring autumn»	consumed=false
253	black	«We are going to explore autumn»	consumed=false
254	tag	format	INLINE_FORMAT	tag	«[bold the word autumn]»	after«using movement.»	consumed=false
255	black	«A feature of autumn is that many trees begin to shed their leaves. The»	consumed=false
256	black	«Watch the autumn video of the leaves falling from trees.»	consumed=false
257	tag	video	ELEMENT	tag	«[insert video]»	after«»	consumed=false
258	black	«https://www.youtube.com/watch?v=h_xkDB9tNtc»	consumed=false
259	black	«What words would you use to describe the way the leaves are moving?»	consumed=false
260	black	«Note down some words to describe how the leaves are moving.»	consumed=false
261	tag	image	ELEMENT	tag	«[Insert image]»	after«»	consumed=false
262	black	«https://www.istockphoto.com/vector/young-man-standing-with-thoughtful-»	consumed=false
263	black	«Click the pictures below to reveal some words that could be used to de»	consumed=false
264	black	«You may have words similar to the ones below. You may have also though»	consumed=false
265	tag	image	ELEMENT	tag	«[Insert multiple images of leaves – each image reveals a wor»	after«»	consumed=false
266	tag	image	ELEMENT	tag	«[Image similar to this:»	after«https://www.istockphoto.com/vector/maple»	consumed=false
267	tag	?		noise	«]»	after«»	consumed=false
268	table	4x5	«Falling|Slowly|Drifting|Floating|Rustling // Graceful|Dropping|Tumbling|Flowing|Lowering // Quickly|Softly|Gently|Descending|Settling»	consumed=false
269	tag	activity	CONTAINER_OPEN	tag	«[Activity 5A]»	after«Exploring autumn through movement»	consumed=false
270	black	«Now that you have watched the video and thought about how to describe »	consumed=false
271	black	«1. Start by stretching up tall reaching your arms in any direction.»	consumed=false
272	black	«1. Slowly make your way to the ground like a leaf falling from a tree.»	consumed=false
273	black	«1. Try this three times and see if you can make your movement slightly»	consumed=false
274	black	«1. Choose your favourite version!»	consumed=false
275	black	«1. Film yourself so that you can remember it.»	consumed=false
276	tag	tab n	SUBTAG	tag	«[Insert Right click Tab – Exploring Winter]»	after«»	consumed=false
277	tag	activity	CONTAINER_OPEN	tag	«[Activity 6A]»	after«Exploring winter through movement»	consumed=true
278	black	«Now that you have explored communicating autumn through your movements»	consumed=true
279	black	«We are going to make some shapes and movements to show the idea of win»	consumed=true
280	black	«1. Click on the action cards below and try the ideas with your body.»	consumed=true
281	tag	flip card	INTERACTIVE	tag	«[insert the below table as flip cards (make these colourful)»	after«»	consumed=true
282	table	8x2	«The temperatur|Make a shape w // Some animals h|Make a shape w // In winter the |How could you »	consumed=true
283	black	«1. Choose three of your favourite action cards that you tried and put »	consumed=true
284	black	«1. You could try the moves you made to some different songs. Do you no»	consumed=true
285	black	«1. Film yourself so that you can remember it!»	consumed=true
286	tag	h2	ELEMENT	tag	«[H2]»	after«Rehearsal»	consumed=false
287	black	«Practising and rehearsing is an important aspect of dance and movement»	consumed=false
288	black	«Activity 6B Practise the two short movement phrasesA movement phrase »	consumed=false
289	black	«»	consumed=false
290	black	«1. Autumn»	consumed=false
291	black	«1. Winter»	consumed=false
292	tag	image	ELEMENT	tag	«[Insert image]»	after«»	consumed=false
293	black	«https://www.istockphoto.com/vector/flat-element-of-dancing-people-with»	consumed=false
294	tag	tab n	SUBTAG	tag	«[Insert Right click Tab – Exploring Spring]»	after«»	consumed=false
295	tag	h2	ELEMENT	tag	«[H2]»	after«Exploring spring»	consumed=false
296	tag	image	ELEMENT	tag	«[Insert image to the right of the below text -»	after«https://www.istockphoto.com/photo/new-ze»	consumed=false
297	black	«During spring, the Earth starts to warm up with the Earth's axis tilti»	consumed=false
298	black	«»	consumed=false
299	black	«Spring is a time of growth!»	consumed=false
300	black	«Watch the videos below to see time-lapses of plants growing during spr»	consumed=false
301	tag	carousel	INTERACTIVE	tag	«[insert the videos in a carousel]»	after«»	consumed=true
302	black	«https://www.youtube.com/watch?v=T6pjGwkK2po»	consumed=true
303	black	«https://www.youtube.com/watch?v=x5mHzwEOpp4»	consumed=true
304	black	«https://www.youtube.com/watch?v=B8vRvN69esE»	consumed=true
305	black	«https://www.youtube.com/watch?v=uFNWEKHHBFQ»	consumed=true
306	tag	activity	CONTAINER_OPEN	tag	«[Activity 7A]»	after«Exploring Spring through movement»	consumed=false
307	black	«We are going to show spring using our body by making a short series of»	consumed=false
308	black	«1. Start by making a very small shape. Start on a low level and make y»	consumed=false
309	black	«1. Slowly make your way up like a plant starting to grow.»	consumed=false
310	black	«1. Keep moving until you are reaching up tall and stretching. Make you»	consumed=false
311	black	«1. Try this three times and see if you can make your movement slightly»	consumed=false
312	black	«1. Choose your favourite version!»	consumed=false
313	black	«1. Film yourself so that you can remember it.»	consumed=false
314	tag	activity	CONTAINER_OPEN	tag	«[Activity 7B]»	after«Rehearsal»	consumed=false
315	black	«Practise the three short movement phrasesA movement phrase is a short»	consumed=false
316	black	«»	consumed=false
317	black	«1. Autumn»	consumed=false
318	black	«1. Winter»	consumed=false
319	black	«1. Spring»	consumed=false
320	tag	tab n	SUBTAG	tag	«[Insert Right click Tab – Exploring Summer]»	after«»	consumed=false
321	tag	h2	ELEMENT	tag	«[H2]»	after«Exploring summer»	consumed=false
322	black	«When summer comes, the Earth is tilted even more toward the Sun, which»	consumed=false
323	tag	image	ELEMENT	tag	«[Insert image]»	after«https://www.istockphoto.com/photo/pohutu»	consumed=false
324	tag	activity	CONTAINER_OPEN	tag	«[Activity 8A]»	after«Exploring summer through movement»	consumed=true
325	black	«1. What sorts of movements do you think would represent summer?»	consumed=true
326	black	«1. Small movements or large movements?»	consumed=true
327	black	«1. Slow movements or fast movements?»	consumed=true
328	black	«1. Energetic movements or soft movements?»	consumed=true
329	tag	image	ELEMENT	tag	«[Insert image]»	after«https://www.istockphoto.com/photo/enjoyi»	consumed=true
330	black	«In summer you might see jumping, leaping, splashing, big, joyful and e»	consumed=true
331	black	«We are going to explore some jumping, skipping, leaping and hopping mo»	consumed=true
332	black	«1. Try each of these three short movement recipes below to explore jum»	consumed=true
333	black	«Remember – there is no right or wrong!»	consumed=true
334	table	1x3	«Jump off two f|Jump from one |Leap forward. »	consumed=true
335	black	«1. Choose your favourite and practise this to make a short phrase of m»	consumed=true
336	tag	tab n	SUBTAG	tag	«[Insert Right click Tab – Creating and sharing your dance]»	after«»	consumed=true
337	tag	activity	CONTAINER_OPEN	tag	«[Activity 8B]»	after«Creating a dance»	consumed=true
338	black	«Now you should have made four short movement phrasesA movement phrase»	consumed=true
339	black	«»	consumed=true
340	black	«1. Autumn»	consumed=true
341	black	«1. Winter»	consumed=true
342	black	«1. Spring»	consumed=true
343	black	«1. Summer»	consumed=true
344	black	«Now that you have four short phrases you can connect them together to »	consumed=true
345	black	«Once you have linked the different phrases – practise it many times so»	consumed=true
346	tag	h2	ELEMENT	tag	«[H2]»	after«Performing and sharing»	consumed=true
347	black	«Well done you have choreographedThe process of making dance. your ve»	consumed=true
348	black	«»	consumed=true
349	black	«Once you have practised many times and you feel confident remembering »	consumed=true
350	black	«You may like to show your supervisor, a friend or someone from your wh»	consumed=true
351	black	«Film yourself and upload it to the drop box to share with your kaiako!»	consumed=true
352	tag	dropdown	INTERACTIVE	tag	«[Insert drop box]»	after«»	consumed=true
353	tag	image	ELEMENT	tag	«[Insert image]»	after«»	consumed=true
354	black	«https://www.istockphoto.com/photo/abstract-image-of-hip-hop-dancers-pe»	consumed=true
