pages 2699; pages with >=1 duplicated region element: 22; duplicated elements: 24; modules: 22
  EXBP901    pages  1  dup   2  e.g. EXBP901_4_0.html 2/5
  EXIP901    pages  1  dup   2  e.g. EXIP901_5_0.html 2/5
  MXFUN02    pages  1  dup   1  e.g. MXFUN02_0_0.html 1/46
  MXFUN03    pages  1  dup   1  e.g. MXFUN03_0_0.html 1/67
  CEDR201    pages  1  dup   1  e.g. CEDR201_0_0.html 1/1
  CEDR301    pages  1  dup   1  e.g. CEDR301_0_0.html 1/1
  CEDR302    pages  1  dup   1  e.g. CEDR302_0_0.html 1/38
  CEDT201    pages  1  dup   1  e.g. CEDT201_0_0.html 1/1
  CEDT202    pages  1  dup   1  e.g. CEDT202_0_0.html 1/1
  CEDT203    pages  1  dup   1  e.g. CEDT203_0_0.html 1/1
  CEDT204    pages  1  dup   1  e.g. CEDT204_0_0.html 1/1
  XDLS903    pages  1  dup   1  e.g. XDLS903_5_0.html 1/5
  XDLS909    pages  1  dup   1  e.g. XDLS909_0_0.html 1/23
  ANZH205    pages  1  dup   1  e.g. ANZH205_0_0.html 1/14
  DAN1003    pages  1  dup   1  e.g. DAN1003_0_0.html 1/28
  ENG1004    pages  1  dup   1  e.g. ENG1004_0_0.html 1/10
  ENG1007    pages  1  dup   1  e.g. ENG1007_0_0.html 1/10
  ENGC403    pages  1  dup   1  e.g. ENGC403_3_0.html 1/4
  ENGI202    pages  1  dup   1  e.g. ENGI202_0_0.html 1/24
  GEO1006    pages  1  dup   1  e.g. GEO1006_2_0.html 1/4
  GER1002    pages  1  dup   1  e.g. GER1002_2_0.html 1/21
  MXFU302    pages  1  dup   1  e.g. MXFU302_1_0.html 1/2
