=== page 0.0 isOverview=true items 184
0	tag	title bar	SECTION_MARKER	tag	«[TITLE BAR]»	after«**Sustainability** *Toitūtanga*»	consumed=false
1	tag	h1	ELEMENT	tag	«[H1]»	after«**Tirohanga Whānui | Overview**»	consumed=false
2	tag	h2	ELEMENT	tag	«[H2]»	after«**Understand:** Understand our role in h»	consumed=false
3	tag	h2	ELEMENT	tag	«[H2]»	after«**Know:** Know about sustainability as a»	consumed=false
4	tag	h2	ELEMENT	tag	«[H2]»	after«**Do:**»	consumed=false
5	black	«• Explore what sustainability means from a local to a global perspecti»	consumed=false
6	black	«• Investigate the problem of rubbish and recycling, and the importance»	consumed=false
7	black	«• Investigate how I can act responsibly to support the reduction and e»	consumed=false
8	black	«• Identify the impact of pollution in the environment for land, sea an»	consumed=false
9	black	«• Identify the 4 R’s of waste disposal.»	consumed=false
10	tag	h2	ELEMENT	tag	«[H2]»	after«**Whāinga Ako |** **Learning Intentions*»	consumed=false
11	black	«1. *I am learning to identify what sustainability is, at a local and g»	consumed=false
12	black	«1. *I am learning to identify issues associated with rubbish and recyc»	consumed=false
13	black	«1. *I am learning about Mātauranga Māori approaches to sustainability »	consumed=false
14	black	«1. *I am learning about how I can affect positive change as a consumer»	consumed=false
15	tag	h2	ELEMENT	tag	«[H2]»	after«**Paearu Angitu |** **How will I know if»	consumed=false
16	black	«1. *I can recognise the key issues within sustainability.*»	consumed=false
17	black	«1. *I can identify Mātauranga Māori concepts related to sustainability»	consumed=false
18	black	«1. *I can describe some ways I can help sustain my local environment t»	consumed=false
19	black	«1. *I can name some of the key issues regarding waste generation and r»	consumed=false
20	tag	h2	ELEMENT	tag	«[H2]»	after«**Whakamaheretia tō wā |** **Planning yo»	consumed=false
21	tag	body	ELEMENT	tag	«[Body text]»	after«Allow *2* hours for the learning in this»	consumed=false
22	black	«It may take more or less time, depending on what you know and can do a»	consumed=false
23	tag	h2	ELEMENT	tag	«[H2]»	after«**He aha tāku hei tīmata? | What do I ne»	consumed=false
24	tag	h2	ELEMENT	tag	«[H2]»	after«**Hononga | Connections**»	consumed=false
25	tag	?		instruction	«In this section outline any connections this module has with»	after«»	consumed=false
26	tag	body	ELEMENT	tag	«[Body text]»	after«Learning connected to this module can be»	consumed=false
27	tag	?		noise	«and/or…»	after«If you’ve enjoyed this you might like to»	consumed=false
28	black	«• *Subject name*»	consumed=false
29	black	«• *EXPlore*»	consumed=false
30	black	«• *ConnectED*»	consumed=false
31	black	«• *Leaving to Learn*»	consumed=false
32	tag	h2	ELEMENT	tag	«[H2]»	after«**Aromatawai | Assessment for Learning**»	consumed=false
33	tag	body	ELEMENT	tag	«[Body text] Outline any relevant information relating to ass»	after«»	consumed=false
34	tag	h1	ELEMENT	tag	«[H1] INTRODUCTION»	after«»	consumed=false
35	black	«Welcome to this module on sustainability. It is part of a series of le»	consumed=false
36	black	«They are:»	consumed=false
37	black	«1. What is sustainability?»	consumed=false
38	black	«2. Mātauranga Māori approaches to sustainability.»	consumed=false
39	black	«3. The problem of rubbish and recycling.»	consumed=false
40	black	«4. Your role in helping to protect our resources.»	consumed=false
41	tag	?		instruction	«Module Side Tabs»	after«»	consumed=false
42	table	1x1	«**Introduction»	consumed=false
43	tag	h3	ELEMENT	tag	«[H3]»	after«**Whakataukī**»	consumed=false
44	black	«This whakataukī means that our ability to thrive depends on how well w»	consumed=false
45	tag	lesson	PAGE_BOUNDARY	tag	«[LESSON 1]»	after«»	consumed=false
46	tag	lesson overview	SECTION_MARKER	tag	«[Lesson Overview]»	after«»	consumed=false
47	black	«We are learning to:»	consumed=false
48	black	«• *identify what sustainability is, at a local and global level.*»	consumed=false
49	black	«You will show your understanding by:»	consumed=false
50	black	«• *recognising the key issues within sustainability, both locally and »	consumed=false
51	tag	lesson content	SECTION_MARKER	tag	«[Lesson content]»	after«»	consumed=false
52	tag	h2	ELEMENT	tag	«[H2] Lesson 1:»	after«*What is sustainability?*»	consumed=false
53	tag	body	ELEMENT	tag	«[Body]»	after«Sustainability is made up of two words “»	consumed=false
54	black	«The resources we currently have for our use and enjoyment can be group»	consumed=false
55	black	«• **Renewable** resources – which can be regenerated»	consumed=false
56	black	«• **Non-renewable** resources – which are finite. There is a limited a»	consumed=false
57	tag	drag and drop	INTERACTIVE	tag	«[Interactive Activity 1A: Drag and Drop. Title: Renewable an»	after«»	consumed=true
58	black	«Here is a list of **Renewable** and **Non-renewable** resources.»	consumed=true
59	black	«Can you sort them into their correct category?»	consumed=true
60	table	9x2	«Renewable|Non-Renewable // | // |»	consumed=true
61	tag	?		instruction	«Answers: Renewable = Solar energy, Wind energy, Hydro energy»	after«»	consumed=true
62	black	«This video gives a description of sustainability under three key pilla»	consumed=true
63	black	«• Environmental»	consumed=true
64	black	«• Social»	consumed=true
65	black	«• Economic»	consumed=true
66	tag	activity	CONTAINER_OPEN	tag	«[interactive Activity 1B: Pillars Activity]»	after«»	consumed=true
67	black	«Drag and drop the images into their correct category:»	consumed=true
68	table	4x3	«Environment|Social|Economic // Conservation|Education acce|Responsible bu // Renewable ener|Healthcare acc|Green jobs»	consumed=true
69	tag	?		instruction	«Answers: Environment = Conservation, renewable energy, susta»	after«»	consumed=true
70	tag	h3	ELEMENT	tag	«[H3]»	after«Local vs. Global Sustainability»	consumed=false
71	tag	body	ELEMENT	tag	«[Body]»	after«Sustainability occurs at both a localar»	consumed=false
72	black	«»	consumed=false
73	black	«»	consumed=false
74	black	«Some aspects of **local** sustainability include:»	consumed=false
75	tag	carousel	INTERACTIVE	tag	«[interactive: carousel]»	after«»	consumed=true
76	table	6x2	«Image|Captions // |**Urban Planni // |**Local Food S»	consumed=true
77	tag	activity	CONTAINER_OPEN	tag	«[interactive: Activity 1C: Local Sustainability Activity]»	after«»	consumed=true
78	black	«Have a go at the sustainability game called Kiwi Kai. It will help you»	consumed=true
79	tag	button	ELEMENT	tag	«[Button:»	after«Kiwikai»	consumed=true
80	tag	?		noise	«]»	after«»	consumed=true
81	tag	h4	ELEMENT	tag	«[H4]»	after«**Global** sustainability looks at issue»	consumed=true
82	black	«This includes:»	consumed=true
83	tag	flip card	INTERACTIVE	tag	«[interactive: Flip cards]»	after«»	consumed=true
84	table	5x2	«Images|Captions // |**Climate Chan // |**Species Cons»	consumed=true
85	tag	h3	ELEMENT	tag	«[H3]»	after«Sustainable Development Goals SDGs»	consumed=false
86	tag	body	ELEMENT	tag	«[Body]»	after«Do you know what SDGs are? They are a se»	consumed=false
87	tag	video	ELEMENT	tag	«[Interactive: Video: Sustainable Development Goals]»	after«»	consumed=false
88	tag	h4	ELEMENT	tag	«[H4]»	after«**Reflect:** What can you do in your hom»	consumed=false
89	black	«Here are some other sustainability activities to help with your unders»	consumed=false
90	black	«Can you identify which SDG each one relates to?»	consumed=false
91	tag	activity	CONTAINER_OPEN	tag	«Interactive Activity 1D, Activity 1E, Activity 1F]»	after«»	consumed=true
92	table	2x3	«🔴[RED TEXT] A|🔴[RED TEXT] A|🔴[RED TEXT] A // Help save the |Help generate |Find out how e»	consumed=true
93	tag	body	ELEMENT	tag	«[Body]»	after«Well done! You’ve completed lesson 1. We»	consumed=false
94	tag	lesson	PAGE_BOUNDARY	tag	«[LESSON 2]»	after«»	consumed=false
95	tag	lesson overview	SECTION_MARKER	tag	«[Lesson Overview]»	after«»	consumed=false
96	black	«We are learning about:»	consumed=false
97	black	«• *mātauranga Māori approaches to sustainability such as mahinga kai, »	consumed=false
98	black	«You will show your understanding by:»	consumed=false
99	black	«• *identifying mātauranga Māori concepts and strategies related to sus»	consumed=false
100	tag	lesson content	SECTION_MARKER	tag	«[Lesson content]»	after«»	consumed=false
101	tag	h2	ELEMENT	tag	«[H2]»	after«*Lesson 2: Mātauranga Māori approaches t»	consumed=false
102	tag	body	ELEMENT	tag	«[Body]»	after«Māori first arrived in New Zealand from »	consumed=false
103	black	«Key principles and values for Māori were about never taking too much a»	consumed=false
104	black	«In practice this includes:»	consumed=false
105	tag	flip card	INTERACTIVE	tag	«[interactive: flip card]»	after«»	consumed=true
106	table	3x2	«|**1. Partnersh // |**2. Cultural  // |**3. Sustainab»	consumed=true
107	black	«We have a responsibility to honour the principles upheld within the Tr»	consumed=true
108	black	«Our management of the whenua (land), awa (rivers) and moana (sea) must»	consumed=true
109	black	«Watch the following video to learn more about how Te Ao Māori principl»	consumed=true
110	tag	mcq	INTERACTIVE	tag	«[interactive: Activity 2A: Knowledge Check Quiz]»	after«»	consumed=true
111	black	«Tick the following statements that are correct in this multichoice qui»	consumed=true
112	table	4x3	«Questions:|Correct Answer|Tick // 1.Mahinga kai|a. Making lots|☐ ☐☐ // 2. Kaitiakitan|a. Looking aft|☐ ☐☐»	consumed=true
113	tag	?		instruction	«Answers: 1 = C, 2 = B, 3 = A»	after«»	consumed=true
114	black	«This next video gives a local example of kaitiakitanga and manaakitang»	consumed=true
115	tag	video	ELEMENT	tag	«[interactive: video: Te Kahu]»	after«»	consumed=false
116	black	«Let’s review the strategies Te Kahu are using to ensure sustainability»	consumed=false
117	tag	activity	CONTAINER_OPEN	tag	«Interactive: Matching Activity 2B: Te Kahu Farms]»	after«»	consumed=true
118	black	«Match the strategy to its correct kaitiakitanga priority:»	consumed=true
119	table	6x2	«Principle:|Strategy: // 1. Leadership:|a. Riparian pl // 2. Biodiversit|b. Consulting »	consumed=true
120	tag	?		instruction	«Answers: 1 = e. 2 = a. 3 = d. 4 = c. 5 = b.»	after«»	consumed=true
121	black	«Well done! You have finished lesson 2. Now check out our next lesson o»	consumed=true
122	tag	lesson	PAGE_BOUNDARY	tag	«[LESSON 3]»	after«»	consumed=false
123	tag	lesson overview	SECTION_MARKER	tag	«[Lesson Overview]»	after«»	consumed=false
124	black	«We are learning to:»	consumed=false
125	black	«• *identify issues associated with rubbish and recycling.*»	consumed=false
126	black	«You will show your understanding by:»	consumed=false
127	black	«• *naming some of the key issues regarding waste generation and recycl»	consumed=false
128	tag	lesson content	SECTION_MARKER	tag	«[Lesson content]»	after«»	consumed=false
129	tag	h2	ELEMENT	tag	«[H2]»	after«*Lesson 3: The problem of rubbish and re»	consumed=false
130	tag	body	ELEMENT	tag	«[Body]»	after«**What is rubbish?**»	consumed=false
131	black	«Rubbish is something that is unwanted or no longer needed by humans. I»	consumed=false
132	black	«When we purchase something as consumers, there is often waste produced»	consumed=false
133	black	«We can sort rubbish or waste into several categories:»	consumed=false
134	tag	flip card	INTERACTIVE	tag	«[interactive: Flip cards]»	after«»	consumed=true
135	table	8x2	«Image|Captions // |**Organic Wast // |**Recyclable W»	consumed=true
136	black	«As you can see, waste occurs in every area of our society. In New Zeal»	consumed=true
137	black	«»	consumed=false
138	black	«This infographic shows us what lives in our typical household rubbish »	consumed=false
139	black	«How could you reduce your household waste based on this data?»	consumed=false
140	tag	h3	ELEMENT	tag	«[H3]»	after«Why is rubbish a problem?»	consumed=false
141	tag	body	ELEMENT	tag	«[Body]»	after«Rubbish emits toxic gases into the atmos»	consumed=false
142	black	«»	consumed=false
143	black	«Take a look at this video from the cyclone:»	consumed=false
144	tag	video	ELEMENT	tag	«[interactive: Video]»	after«»	consumed=false
145	tag	h3	ELEMENT	tag	«[H3]»	after«What have we done to solve this problem?»	consumed=false
146	tag	body	ELEMENT	tag	«[Body]»	after«The earth is directly affected by the am»	consumed=false
147	black	«When we throw something “away” it doesn’t really go away. It goes into»	consumed=false
148	black	«One of our biggest rubbish issues is the problem of plastic. Plastic a»	consumed=false
149	black	«Take these quizzes to check your knowledge about the problem of plasti»	consumed=false
150	table	1x2	«🔴[RED TEXT] A|🔴[RED TEXT] A»	consumed=false
151	black	«Let’s look at lesson 4 and see how we can reduce the amount of waste w»	consumed=false
152	tag	lesson	PAGE_BOUNDARY	tag	«[LESSON 4]»	after«»	consumed=false
153	tag	lesson overview	SECTION_MARKER	tag	«[Lesson Overview]»	after«»	consumed=false
154	black	«We are learning about:»	consumed=false
155	black	«• *how we can affect positive change as consumers to help sustain and »	consumed=false
156	black	«You will show your understanding by:»	consumed=false
157	black	«• *describing some ways you can help sustain your local environment th»	consumed=false
158	tag	lesson content	SECTION_MARKER	tag	«[Lesson content]»	after«»	consumed=false
159	tag	h2	ELEMENT	tag	«[H2]»	after«*Lesson 4: The 4R’s and how we can help.»	consumed=false
160	tag	body	ELEMENT	tag	«[Body]»	after«How we process our waste will determine »	consumed=false
161	black	«The 4 R's approach to waste management stands for **Reduce, Reuse, Rec»	consumed=false
162	tag	carousel	INTERACTIVE	tag	«[interactive: Carousel]»	after«»	consumed=true
163	table	5x2	«Image|Captions // |**Reduce:** Cu // |**Reuse:** Fin»	consumed=true
164	tag	h3	ELEMENT	tag	«[H3]»	after«What is biomass?»	consumed=false
165	tag	body	ELEMENT	tag	«[Body]»	after«Our ability to process organic waste int»	consumed=false
166	tag	video	ELEMENT	tag	«[interactive: video – Biomass Energy]»	after«»	consumed=true
167	black	«Take a look at this video on biomass energy.»	consumed=true
168	black	«Try these interactive games to learn more about ways you can help sust»	consumed=true
169	tag	flip card	INTERACTIVE	tag	«[interactive: Flip Card. Title: Ways we can help]»	after«»	consumed=true
170	table	2x3	«🔴[RED TEXT] A|🔴[RED TEXT] A|🔴[RED TEXT] A // 🔴[RED TEXT] T|🔴[RED TEXT] T|🔴[RED TEXT] C»	consumed=true
171	tag	h3	ELEMENT	tag	«[H3]»	after«Responsible Consumers»	consumed=false
172	tag	body	ELEMENT	tag	«[Body]»	after«Sustaining our environment starts with u»	consumed=false
173	black	«Here are some ideas and suggestions:»	consumed=false
174	tag	flip card	INTERACTIVE	tag	«[interactive: Flip card]»	after«»	consumed=true
175	table	6x2	«🔴[RED TEXT] I|🔴[RED TEXT] C // |**Shop respons // |**Conserve Ene»	consumed=true
176	black	«These are just a few ways you can help sustain our beautiful planet fo»	consumed=true
177	black	«Remember this whakataukī:»	consumed=true
178	tag	h4	ELEMENT	tag	«[H4]»	after«**Reflect:**»	consumed=false
179	black	«What will we leave behind for future generations to clean up? Interest»	consumed=false
180	tag	button	ELEMENT	tag	«[Button:»	after«Genless»	consumed=false
181	tag	?		noise	«]»	after«»	consumed=false
182	black	«Everything we do can help the planet so our future children can live w»	consumed=false
183	tag	?		instruction	«Designer and Copyright: many of the requested images are tak»	after«»	consumed=false
