re-scoring 35 affected module(s): ANZH104 ART1006 BLL145 BLL242 CBI1009 CEDO204 COM1002 COM1005 COM1006 DAN1003 DAN1004 ENGR102 EXPFUN02 GEO1004 HES1006 HIS1002 HIS1007 MUS1004 MUS1006 MXDI101 MXEO201 MXEX201 MXFL103 OSSC401 PES1005 PNR102 SCFUN01 TEFUN03 TEFUN04 TWHK901 WJFUN212 XDLS501 XGF9004 XLP03 XOTPG06
baseline taken: 2026-09-22T05:35:18Z
(unaffected modules unchanged by construction — corpus aggregate moves by exactly the affected-set delta)

  metric                                 baseline        new     delta  verdict
  -----------------------------------------------------------------------------
  skeleton SCAFFOLD mean %                  54.36      54.42     +0.06  IMPROVED
  skeleton pages >=50%                       1537       1540        +3  IMPROVED
  skeleton pages >=75%                        254        255        +1  IMPROVED
  compare_structure exact chain             15460      15462        +2  IMPROVED
  compare_structure EXTRA container           195        195         0  HELD
  compare_structure missing container         790        793        +3  REGRESSED
  body_compare ANY breakdown                  262        262         0  HELD
  defect structurally-clean %               98.33      98.33      0.00  HELD
  literal-[tag] leak (occ)                     75         75         0  HELD
  literal-[tag] leak (pages)                   45         45         0  HELD

  context (no pass/fail): sk_pages: 2491->2491  cs_matched: 17968->17973  body_pages: 2691->2691  df_total: 2691->2691  df_clean: 2646->2646

RESULT: MOVED, ACCEPTED AS NAMED — compare_structure missing container
        Every mover was named on the command line and must be decomposed in the
        round's changelog entry (which page, which mechanism). Recorded in the manifest.
[commit] fast-loop baseline PATCHED (2491 pages) + content manifest refreshed — this is now the shipped state the next inner loop measures against.
[commit] recorded accepted named movement: compare_structure missing container
