=== page 0.0 isOverview=true items 223
0	tag	title bar	SECTION_MARKER	tag	«[TITLE BAR]»	after«**Te Mana Rangatiratanga** **| The Essen»	consumed=false
1	tag	h1	ELEMENT	tag	«[H1]»	after«**Tirohanga Whānui | Overview**»	consumed=false
2	tag	h2	ELEMENT	tag	«[H2]»	after«**Understand:**»	consumed=false
3	black	«• An effective leader is governed by their values.»	consumed=false
4	black	«• To be an effective leader you need to have clear and concise communi»	consumed=false
5	tag	h2	ELEMENT	tag	«[H2]»	after«**Know:**»	consumed=false
6	black	«• Understand and know about concepts of values and beliefs, and how th»	consumed=false
7	black	«• Understand how Ngā Uara (values and purpose of life) have contribute»	consumed=false
8	tag	h2	ELEMENT	tag	«[H2]»	after«**Do:**»	consumed=false
9	black	«• Identify my core values and beliefs.»	consumed=false
10	black	«• Apply my values and beliefs to my leadership.»	consumed=false
11	black	«• Use effective communication to lead others.»	consumed=false
12	tag	h2	ELEMENT	tag	«[H2]»	after«**Whāinga Ako |** **Learning Intentions*»	consumed=false
13	black	«**I am learning to:**»	consumed=false
14	black	«• identify my core values and beliefs and recognise how these influenc»	consumed=false
15	black	«• communicate effectively.»	consumed=false
16	tag	h2	ELEMENT	tag	«[H2]»	after«**Paearu Angitu |** **Success Criteria**»	consumed=false
17	black	«**I can:**»	consumed=false
18	black	«• identify my core values and beliefs and recognise how these influenc»	consumed=false
19	black	«• communicate effectively.»	consumed=false
20	tag	h2	ELEMENT	tag	«[H2]»	after«**Whakamaheretia tō wā |** **Planning yo»	consumed=false
21	tag	body	ELEMENT	tag	«[Body text]»	after«Allow 3 hours for the learning in this m»	consumed=false
22	black	«It may take more or less time, depending on what you know and can do a»	consumed=false
23	tag	h2	ELEMENT	tag	«[H2]»	after«**He aha tāku hei tīmata? | What do I ne»	consumed=false
24	black	«•»	consumed=false
25	tag	h2	ELEMENT	tag	«[H2]»	after«**Hononga | Connections**»	consumed=false
26	tag	?		instruction	«In this section outline any connections this module has with»	after«»	consumed=false
27	tag	body	ELEMENT	tag	«[Body text]»	after«Learning connected to this module can be»	consumed=false
28	tag	?		noise	«and/or…»	after«If you’ve enjoyed this you might like to»	consumed=false
29	black	«• *Subject name*»	consumed=false
30	black	«• *EXPlore*»	consumed=false
31	black	«• *ConnectED*»	consumed=false
32	black	«• *Leaving to Learn*»	consumed=false
33	tag	h2	ELEMENT	tag	«[H2]»	after«**Aromatawai | Assessment for Learning**»	consumed=false
34	tag	body	ELEMENT	tag	«[Body text] Outline any relevant information relating to ass»	after«»	consumed=false
35	tag	module introduction	SECTION_MARKER	tag	«[MODULE INTRODUCTION]»	after«»	consumed=false
36	tag	?		instruction	«[DEV] This is a huinga ako module and therefore navigation i»	after«»	consumed=false
37	tag	tab n	SUBTAG	tag	«[New side tab]»	after«Introduction»	consumed=false
38	tag	h2	ELEMENT	tag	«[H2] [Introductory whakataukī]»	after«»	consumed=false
39	black	«**He aha te kai a te rangatira?**»	consumed=false
40	black	«**He kōrero, he kōrero, he kōrero.**»	consumed=false
41	black	«**What is the food of the leader?**»	consumed=false
42	black	«**It is knowledge. It is communication.**»	consumed=false
43	black	«As a leader we gain knowledge, and we communicate knowledge with other»	consumed=false
44	tag	lesson content	SECTION_MARKER	tag	«[Lesson content]»	after«»	consumed=false
45	tag	h3	ELEMENT	tag	«[H3]»	after«What is leadership?»	consumed=false
46	tag	body	ELEMENT	tag	«[Body]»	after«»	consumed=false
47	black	«**Leadership** is like being the captain of a team. It’s about helping»	consumed=false
48	tag	carousel	INTERACTIVE	tag	«[Insert carousel slideshow] Dev – image with caption please»	after«»	consumed=true
49	tag	h2	ELEMENT	tag	«[H2]»	after«Read about some of New Zealand’s greates»	consumed=true
50	tag	?		instruction	«Media item 2 –»	after«Dame Whina Cooper – was a respected *kui»	consumed=true
51	tag	?		noise	«Hover»	after«Māori elder), who worked for many years »	consumed=true
52	tag	?		instruction	«Media item 3 –»	after«Richie McCaw – Captain of the All Blacks»	consumed=true
53	tag	?		instruction	«Media item 4 –»	after«Witi Ihimaera – decided to become a writ»	consumed=true
54	tag	?		instruction	«Media item 5»	after«– Dame Jacinda Ardern – New Zealand Prim»	consumed=true
55	tag	?		instruction	«Media item 6 –»	after«Sir Edmund Hillary – In May 1953 Hillary»	consumed=true
56	tag	?		noise	«hover»	after«– top of the mountain) of Mt Everest. Be»	consumed=true
57	tag	body	ELEMENT	tag	«[Body]»	after«A good leader is someone who:»	consumed=true
58	black	«• **influences** others to do their best»	consumed=true
59	black	«• **inspires** people to work together»	consumed=true
60	black	«• **guides** the team in the right direction.»	consumed=true
61	black	«Leadership happens everywhere:»	consumed=true
62	black	«• in **companies** where people work together to make products or prov»	consumed=true
63	black	«• in **government** where leaders make decisions for the country»	consumed=true
64	black	«• in **schools** where teachers and students work on projects»	consumed=true
65	black	«• in **sports** where teams play to win games»	consumed=true
66	black	«• in **neighborhoods** where people come together to improve their com»	consumed=true
67	black	«A leader is someone who:»	consumed=true
68	black	«• makes everyone feel like they belong and have a purpose»	consumed=true
69	black	«• encourages people to do great things»	consumed=true
70	black	«• creates a positive environment where everyone can do their best.»	consumed=true
71	black	«In short, leadership is all about being a positive influence and helpi»	consumed=true
72	tag	activity	CONTAINER_OPEN	tag	«[Individual activity]»	after«»	consumed=false
73	tag	h3	ELEMENT	tag	«[H3]»	after«Listen to people»	consumed=false
74	tag	body	ELEMENT	tag	«[Body]»	after«Watch the short clip of former US presid»	consumed=false
75	tag	image	ELEMENT	tag	«[Insert media item 1]»	after«»	consumed=false
76	black	«‘To be a good leader you have to be a great listener.’ – Sir Richard B»	consumed=false
77	black	«Answer in your portfolio – in what ways is listening important in lead»	consumed=false
78	tag	button	ELEMENT	tag	«[Button]»	after«Go to portfolio.»	consumed=false
79	tag	end tab n	CONTAINER_CLOSE	tag	«[End tab]»	after«»	consumed=false
80	tag	tab n	SUBTAG	tag	«[New side tab]»	after«Values»	consumed=false
81	tag	image	ELEMENT	tag	«[Insert media item 15] Dev please remove the heading from th»	after«»	consumed=false
82	tag	body	ELEMENT	tag	«[Body]»	after«Values guide your life and work. They de»	consumed=false
83	black	«Māori leadership is about being a good role model, helping others, and»	consumed=false
84	black	«• whakaiti (humility)»	consumed=false
85	black	«• ko tau rourou and manaakitanga (shared responsibility, concern for t»	consumed=false
86	black	«• whanaungatanga (close connections with others)»	consumed=false
87	black	«• tāria te wā and kaitiakitanga (long-term thinking, guardianship)»	consumed=false
88	black	«• tikanga Māori (cultural authenticity).»	consumed=false
89	tag	h3	ELEMENT	tag	«[H3]»	after«What do values have to do with leadershi»	consumed=false
90	tag	body	ELEMENT	tag	«[Body]»	after«Clear values provide a decision-making f»	consumed=false
91	tag	activity	CONTAINER_OPEN	tag	«[Individual activity]»	after«»	consumed=false
92	tag	h3	ELEMENT	tag	«[H3]»	after«Defining your values»	consumed=false
93	tag	body	ELEMENT	tag	«[Body]»	after«Watch the following video that guides yo»	consumed=false
94	tag	image	ELEMENT	tag	«[Insert media item 16]»	after«»	consumed=false
95	black	«Questions to answer in your portfolio:»	consumed=false
96	black	«What personal values guide your decisions and actions?»	consumed=false
97	black	«How do your values influence the way you interact with others?»	consumed=false
98	black	«Think about a time when you took the lead. What leadership qualities d»	consumed=false
99	tag	button	ELEMENT	tag	«[Button]»	after«Go to portfolio.»	consumed=false
100	tag	end tab n	CONTAINER_CLOSE	tag	«[End tab]»	after«»	consumed=false
101	tag	tab n	SUBTAG	tag	«[New side tab]»	after«Communication»	consumed=false
102	black	«To be a good leader, you must be good at talking and listening to peop»	consumed=false
103	tag	tabs	INTERACTIVE	tag	«[Tabs]»	after«»	consumed=true
104	tag	h3	ELEMENT	tag	«[H3]»	after«1. Assertive»	consumed=true
105	tag	body	ELEMENT	tag	«[Body]»	after«Assertiveness means expressing your poin»	consumed=true
106	black	«How to be assertive?»	consumed=true
107	black	«1. Value yourself and your rights.»	consumed=true
108	black	«1. Voice your needs and wants confidently, using “I” statements.»	consumed=true
109	black	«1. Acknowledge that you can’t control other people’s behaviour.»	consumed=true
110	black	«1. Express yourself in a positive way.»	consumed=true
111	black	«1. Be open to criticism and compliments.»	consumed=true
112	black	«Watch the video below which demonstrates an assertive communication st»	consumed=true
113	tag	image	ELEMENT	tag	«[Insert media item 7]»	after«»	consumed=true
114	black	«Can you think of an example when you have used assertive communication»	consumed=true
115	tag	tab n	SUBTAG	tag	«[Tab]»	after«»	consumed=true
116	tag	h3	ELEMENT	tag	«[H3]»	after«2. Clear and concise»	consumed=true
117	tag	image	ELEMENT	tag	«[Insert media item 8]»	after«»	consumed=true
118	tag	body	ELEMENT	tag	«[Body]»	after«Did you know that the average human atte»	consumed=true
119	black	«How to be clear and concise?»	consumed=true
120	black	«1. Know your purpose. Make sure the point you are making is very clear»	consumed=true
121	black	«1. Prepare well. If you know your stuff you don’t need to waffle to fi»	consumed=true
122	black	«1. Don’t over explain or over-contribute. Only give additional or back»	consumed=true
123	tag	tab n	SUBTAG	tag	«[Tab]»	after«»	consumed=true
124	tag	h3	ELEMENT	tag	«[H3]»	after«3. Listening»	consumed=false
125	tag	body	ELEMENT	tag	«[Body]»	after«The key to good leadership is listening.»	consumed=false
126	black	«• being fully present in the conversation»	consumed=false
127	black	«• showing interest by practising eye contact»	consumed=false
128	black	«• noticing (and using) nonverbal cues»	consumed=false
129	black	«• asking open ended questions to encourage further responses»	consumed=false
130	black	«• paraphrasing and reflecting back what has been said»	consumed=false
131	black	«• withholding judgement and advice.»	consumed=false
132	tag	activity	CONTAINER_OPEN	tag	«[Individual activity]»	after«»	consumed=true
133	tag	h3	ELEMENT	tag	«[H3]»	after«Active Listening»	consumed=true
134	tag	body	ELEMENT	tag	«[Body]»	after«Watch the video clip below from the Lega»	consumed=true
135	tag	image	ELEMENT	tag	«[Insert media item 9]»	after«»	consumed=true
136	tag	dropdown	INTERACTIVE	tag	«[Drop down quiz]»	after«»	consumed=true
137	black	«Did you see these active listening skills being used in the movie clip»	consumed=true
138	tag	?		instruction	«[Dev – drop down to have two options – yes or no]»	after«»	consumed=true
139	black	«• Being fully present in the conversation»	consumed=true
140	tag	?		noise	«Y»	after«»	consumed=true
141	black	«• Showing interest by practicing eye contact»	consumed=true
142	tag	?		noise	«Y»	after«»	consumed=true
143	black	«• Noticing (and using) nonverbal cues»	consumed=true
144	tag	?		noise	«Y»	after«»	consumed=true
145	black	«• Asking open ended questions to encourage further responses»	consumed=true
146	tag	?		noise	«N»	after«»	consumed=true
147	black	«• Paraphrasing and reflecting back what has been said»	consumed=true
148	tag	?		noise	«Y»	after«»	consumed=true
149	black	«• Withholding judgement and advice»	consumed=true
150	tag	?		noise	«Y»	after«»	consumed=true
151	tag	tab n	SUBTAG	tag	«[Tab]»	after«»	consumed=false
152	tag	h3	ELEMENT	tag	«[H3]»	after«4. Nonverbal communication»	consumed=false
153	tag	body	ELEMENT	tag	«[Body]»	after«Did you know that words make up just sev»	consumed=false
154	tag	flip card	INTERACTIVE	tag	«[Flip cards 1] Facing»	after«»	consumed=true
155	tag	image	ELEMENT	tag	«[Insert media item 10]»	after«Facial expressions»	consumed=true
156	tag	?		noise	«Reverse side»	after«The human face is extremely expressive, »	consumed=true
157	tag	flip card	INTERACTIVE	tag	«[Flip cards 2] Facing»	after«»	consumed=true
158	tag	image	ELEMENT	tag	«[Insert media item 11]»	after«Gestures»	consumed=true
159	tag	?		noise	«Reverse side»	after«Gestures are woven into the fabric of ou»	consumed=true
160	tag	flip card	INTERACTIVE	tag	«[Flip cards 3] Facing»	after«»	consumed=true
161	tag	image	ELEMENT	tag	«[Insert media item 12]»	after«Posture»	consumed=true
162	tag	?		noise	«Reverse side»	after«The way you move and carry yourself comm»	consumed=true
163	tag	flip card	INTERACTIVE	tag	«[Flip cards 4] Facing»	after«»	consumed=true
164	tag	image	ELEMENT	tag	«[Insert media item 13]»	after«Tone of voice»	consumed=true
165	tag	?		noise	«Reverse»	after«When you speak, other people “read” your»	consumed=true
166	tag	h3	ELEMENT	tag	«[Individual activity] [H3]»	after«Communication and leadership quiz»	consumed=true
167	tag	mcq	INTERACTIVE	tag	«[Insert multichoice quiz] Dev – correct answer is in bold»	after«»	consumed=true
168	black	«1. Effective leadership communication involves:»	consumed=true
169	black	«a) One-way communication»	consumed=true
170	black	«b) Verbal communication only»	consumed=true
171	black	«**c) Active listening and clear speech**»	consumed=true
172	black	«d) Excessive use of technical jargon»	consumed=true
173	black	«2. What is the role of listening in leadership communication?»	consumed=true
174	black	«a) To dominate conversations»	consumed=true
175	black	«b) To impress others with vocabulary»	consumed=true
176	black	«**c) To understand and connect with team members**»	consumed=true
177	black	«d) To avoid communication altogether»	consumed=true
178	black	«3. How do effective leaders handle conflicts within a team?»	consumed=true
179	black	«a) Avoid conflicts altogether»	consumed=true
180	black	«**b) Address conflicts promptly and seek win-win solutions**»	consumed=true
181	black	«c) Assign blame to specific team members»	consumed=true
182	black	«d) Escalate conflicts to higher management»	consumed=true
183	black	«4. How do effective leaders adapt their communication style to differe»	consumed=true
184	black	«a) They always maintain a consistent communication approach»	consumed=true
185	black	«**b) They tailor their communication based on individual preferences a»	consumed=true
186	black	«c) They avoid adjusting their style to prevent confusion»	consumed=true
187	black	«d) They rely solely on written communication»	consumed=true
188	black	«5. What role does trust play in effective leadership communication? Se»	consumed=true
189	black	«a) Trust is irrelevant; communication is about conveying information»	consumed=true
190	black	«b) Trust is only important in personal relationships, not professional»	consumed=true
191	black	«c) Leaders don’t need to earn trust; it’s automatically given»	consumed=true
192	black	«**d) Trust fosters open dialogue, transparency, and collaboration**»	consumed=true
193	black	«6. Why is seeking feedback crucial for leaders’ growth?»	consumed=true
194	black	«**a) Feedback helps leaders recognise blind spots and refine their com»	consumed=true
195	black	«b) Leaders should avoid feedback to maintain authority»	consumed=true
196	black	«c) Leaders don’t need feedback; they already know everything»	consumed=true
197	black	«d) Feedback is only relevant for junior team members»	consumed=true
198	tag	h3	ELEMENT	tag	«[H3]»	after«Reflection»	consumed=false
199	black	«Answer the questions into your portfolio:»	consumed=false
200	black	«1. What role does active listening play in effective communication?»	consumed=false
201	black	«1. How do you change your communication style depending on your audien»	consumed=false
202	black	«1. Can you share an example of a leader who communicates really well? »	consumed=false
203	tag	button	ELEMENT	tag	«[Button]»	after«Go to portfolio.»	consumed=false
204	tag	end tab n	CONTAINER_CLOSE	tag	«[End tab]»	after«»	consumed=false
205	tag	tab n	SUBTAG	tag	«[New side tab]»	after«Leadership styles»	consumed=false
206	tag	body	ELEMENT	tag	«[Body]»	after«Leadership styles are different approach»	consumed=false
207	tag	activity	CONTAINER_OPEN	tag	«[Individual activity]»	after«»	consumed=true
208	tag	h3	ELEMENT	tag	«[H3]»	after«Styles of Leadership»	consumed=false
209	black	«Watch the video below. Your task is to drag and drop the leadership at»	consumed=false
210	tag	image	ELEMENT	tag	«[Insert media item 14]»	after«»	consumed=false
211	tag	?		instruction	«[Dev] The three bold headings are the headings for the drag »	after«»	consumed=false
212	table	2x4	«Leadership sty|**Autocratic**|**Democratic**|**Laissez-fair // |Full authority|Share decision|Leader provide»	consumed=false
213	tag	h3	ELEMENT	tag	«[Individual activity] [H3]»	after«A leader I admire»	consumed=false
214	tag	body	ELEMENT	tag	«[Body]»	after«Reflect in your portfolio – Who is a lea»	consumed=false
215	tag	alert	CONTAINER_OPEN	tag	«[Alert]»	after«To help you reflect in your portfolio us»	consumed=false
216	black	«The leader I greatly admire is [Name], who …»	consumed=false
217	black	«Their leadership style can be described as …»	consumed=false
218	black	«They lead by example through …»	consumed=false
219	black	«Their leadership has positively impacted .....»	consumed=false
220	tag	button	ELEMENT	tag	«[Button]»	after«Go to portfolio.»	consumed=false
221	tag	end tab n	CONTAINER_CLOSE	tag	«[End tab]»	after«»	consumed=false
222	tag	?		instruction	«MEDIA LIST -»	after«How to Complete the Media List.pdf»	consumed=false
