=== page 0.0 isOverview=true items 264
0	tag	title bar	SECTION_MARKER	tag	«[TITLE BAR]»	after«**Te Mōhio ki te Wā: Ngā Rautaki Pūkenga»	consumed=false
1	tag	h1	ELEMENT	tag	«[H1]»	after«**Tirohanga Whānui | Overview**»	consumed=false
2	tag	h2	ELEMENT	tag	«[H2]»	after«**Understand:**»	consumed=false
3	black	«• Effective management of my time will allow me to feel more in contro»	consumed=false
4	tag	h2	ELEMENT	tag	«[H2]»	after«**Know:**»	consumed=false
5	black	«• A timetable can help me manage my time effectively and prioritise wh»	consumed=false
6	black	«• Breaks during learning are beneficial and can increase productivity.»	consumed=false
7	tag	h2	ELEMENT	tag	«[H2]»	after«**Do:**»	consumed=false
8	black	«• Create routines by making a timetable.»	consumed=false
9	black	«• Use the time management matrix to prioritise time.»	consumed=false
10	black	«• Have a list of beneficial activities to do when taking a break.»	consumed=false
11	tag	h2	ELEMENT	tag	«[H2]»	after«**Whāinga Ako |** **Learning Intentions*»	consumed=false
12	black	«I am learning:»	consumed=false
13	black	«• to write a timetable with all my commitments scheduled»	consumed=false
14	black	«• to use the time management matrix to prioritise my time»	consumed=false
15	black	«• what activities I like to do, for example, creative, physical, and m»	consumed=false
16	tag	h2	ELEMENT	tag	«[H2]»	after«**Paearu Angitu |** **How will I know if»	consumed=false
17	black	«I can:»	consumed=false
18	black	«• write a timetable with all my commitments scheduled»	consumed=false
19	black	«• prioritise my time through using the time management matrix»	consumed=false
20	black	«• do a beneficial activity during my learning break.»	consumed=false
21	tag	h2	ELEMENT	tag	«[H2]»	after«**Whakamaheretia tō wā |** **Planning yo»	consumed=false
22	tag	body	ELEMENT	tag	«[Body text]»	after«Allow three hours for the learning in th»	consumed=false
23	black	«It may take more or less time, depending on what you know and can do a»	consumed=false
24	tag	h2	ELEMENT	tag	«[H2]»	after«**He aha tāku hei tīmata? | What do I ne»	consumed=false
25	tag	h2	ELEMENT	tag	«[H2]»	after«**Hononga | Connections**»	consumed=false
26	tag	?		instruction	«In this section outline any connections this module has with»	after«»	consumed=false
27	tag	body	ELEMENT	tag	«[Body text]»	after«Learning connected to this module can be»	consumed=false
28	tag	?		noise	«and/or…»	after«If you’ve enjoyed this you might like to»	consumed=false
29	black	«• *Subject name*»	consumed=false
30	black	«• *EXPlore*»	consumed=false
31	black	«• *ConnectED*»	consumed=false
32	black	«• *Leaving to Learn*»	consumed=false
33	tag	h2	ELEMENT	tag	«[H2]»	after«**Aromatawai | Assessment for Learning**»	consumed=false
34	tag	body	ELEMENT	tag	«[Body text] Outline any relevant information relating to ass»	after«»	consumed=false
35	tag	module introduction	SECTION_MARKER	tag	«[MODULE INTRODUCTION]»	after«»	consumed=false
36	tag	?		instruction	«[DEV] This is a huinga ako module and therefore navigation i»	after«»	consumed=false
37	tag	tab n	SUBTAG	tag	«[New side tab]»	after«Introduction»	consumed=false
38	tag	h2	ELEMENT	tag	«[H2] [Introductory whakataukī]»	after«»	consumed=false
39	black	«**He manako te kōura i kore ai**»	consumed=false
40	black	«**Wishing for the crayfish won’t bring it.**»	consumed=false
41	black	«This whakataukī conveys the idea that dreams and wishes alone won't ma»	consumed=false
42	tag	lesson content	SECTION_MARKER	tag	«[Lesson content]»	after«»	consumed=false
43	tag	image	ELEMENT	tag	«[Insert media item 1]»	after«»	consumed=false
44	tag	h3	ELEMENT	tag	«[H3]»	after«Why is time management important?»	consumed=false
45	tag	body	ELEMENT	tag	«[Body]»	after«Time management helps us get more done e»	consumed=false
46	tag	?		instruction	«[hover – Wellbeing]»	after«in a positive way. You will be able to p»	consumed=false
47	tag	image	ELEMENT	tag	«[Insert media item 9]»	after«»	consumed=false
48	tag	end tab n	CONTAINER_CLOSE	tag	«[End tab]»	after«»	consumed=false
49	tag	tab n	SUBTAG	tag	«[New tab]»	after«Organisation for school»	consumed=false
50	tag	flip card	INTERACTIVE	tag	«[Flip card 1] Facing [Body]»	after«What does it mean to be organised?»	consumed=true
51	tag	body	ELEMENT	tag	«Reverse side [Body]»	after«Being organised involves having good sys»	consumed=true
52	tag	image	ELEMENT	tag	«[Insert media item 6]»	after«»	consumed=true
53	tag	flip card	INTERACTIVE	tag	«[Flip card 2] Facing [Body]»	after«What are the benefits of being organised»	consumed=true
54	tag	body	ELEMENT	tag	«Reverse side [Body]»	after«Being organised has many benefits! It he»	consumed=true
55	black	«• save time finding things/information»	consumed=true
56	black	«• focus on the task at hand»	consumed=true
57	black	«• perform to the best of your abilities»	consumed=true
58	black	«• feel confident and equipped to handle the next challenge»	consumed=true
59	black	«• be less stressed!»	consumed=true
60	tag	h3	ELEMENT	tag	«[H3]»	after«Organising your learning space»	consumed=true
61	tag	image	ELEMENT	tag	«[Insert media item 7]»	after«»	consumed=true
62	tag	body	ELEMENT	tag	«[Body]»	after«Here are some tips to help you prepare y»	consumed=true
63	tag	carousel	INTERACTIVE	tag	«[Slideshow]»	after«»	consumed=true
64	black	«• Choose a location:»	consumed=true
65	black	«• Find a quiet spot where you won’t be disturbed. If possible, use noi»	consumed=true
66	black	«• Add motivational quotes, plants, or artwork to create a positive atm»	consumed=true
67	black	«• Listen to a playlist if it helps your concentration.»	consumed=true
68	tag	image	ELEMENT	tag	«[Insert media item 16]»	after«»	consumed=true
69	black	«• Good lighting:»	consumed=true
70	black	«• Ensure your study area is well lit. Natural light is ideal, but if t»	consumed=true
71	tag	image	ELEMENT	tag	«[Insert media item 15]»	after«»	consumed=true
72	black	«• Comfortable seating:»	consumed=true
73	black	«• Invest in a comfortable chair and desk. Proper ergonomics»	consumed=true
74	tag	?		instruction	«[hover = Arranging a workplace and equipment in a way that m»	after«can prevent discomfort during long study»	consumed=true
75	tag	image	ELEMENT	tag	«[Insert media item 14].»	after«»	consumed=true
76	black	«• Remove clutter:»	consumed=true
77	black	«• Clear your desk of unnecessary items. A clutter-free space helps mai»	consumed=true
78	tag	image	ELEMENT	tag	«[Insert media item 13]»	after«»	consumed=true
79	black	«• Computer organisation:»	consumed=true
80	black	«• Keep your laptop and charger cable together.»	consumed=true
81	black	«• Make a folder for each subject and keep all the journal and assessme»	consumed=true
82	tag	image	ELEMENT	tag	«[Insert image 17]»	after«»	consumed=true
83	tag	mcq	INTERACTIVE	tag	«[Individual activity multichoice quiz] 1A»	after«»	consumed=true
84	black	«1. What is the first step to staying organised as a student?»	consumed=true
85	black	«1. Colour-coding your notes»	consumed=true
86	black	«1. Creating a learning timetable»	consumed=true
87	tag	correct	SUBTAG	tag	«[correct answer]»	after«»	consumed=true
88	black	«1. Using sticky notes»	consumed=true
89	black	«1. Keeping all materials in a messy pile»	consumed=true
90	black	«1. Which of the following is a benefit of maintaining an organised lea»	consumed=true
91	black	«1. Increased productivity»	consumed=true
92	tag	correct	SUBTAG	tag	«[correct answer]»	after«»	consumed=true
93	black	«1. Enhanced creativity»	consumed=true
94	black	«1. More distractions»	consumed=true
95	black	«1. Better memory retention»	consumed=true
96	black	«1. How often should you contact your teacher to ask for help with scho»	consumed=true
97	black	«1. Once a month»	consumed=true
98	black	«1. As often as you need it»	consumed=true
99	tag	correct	SUBTAG	tag	«[correct answer]»	after«»	consumed=true
100	black	«1. Once in a term»	consumed=true
101	black	«1. Never»	consumed=true
102	black	«1. Which digital tool can help you organize your assignments and deadl»	consumed=true
103	black	«1. Social media»	consumed=true
104	black	«1. Calendar app»	consumed=true
105	tag	correct	SUBTAG	tag	«[correct answer]»	after«»	consumed=true
106	black	«1. Video games»	consumed=true
107	black	«1. None of the above»	consumed=true
108	black	«1. What should you do with completed assignments and notes?»	consumed=true
109	black	«1. Delete them immediately»	consumed=true
110	black	«1. Keep them in a designated folder»	consumed=true
111	tag	correct	SUBTAG	tag	«[correct answer]»	after«»	consumed=true
112	black	«1. Share them with your friends»	consumed=true
113	black	«1. Forget all the information you learnt for the assignment»	consumed=true
114	tag	activity	CONTAINER_OPEN	tag	«[Individual activity] 1B»	after«»	consumed=false
115	tag	h3	ELEMENT	tag	«[H3]»	after«Your challenges to organisation»	consumed=false
116	black	«1. In your portfolio, create a list of challenges you face when it com»	consumed=false
117	black	«1. For each challenge discuss why this aspect of personal organisation»	consumed=false
118	black	«1. Now decide on a couple of actions to add into your routine to overc»	consumed=false
119	tag	image	ELEMENT	tag	«[Insert media item 8]»	after«»	consumed=false
120	tag	button	ELEMENT	tag	«[Button]»	after«Go to portfolio»	consumed=false
121	tag	end tab n	CONTAINER_CLOSE	tag	«[End tab]»	after«»	consumed=false
122	tag	tab n	SUBTAG	tag	«[New tab]»	after«Making a learning timetable»	consumed=false
123	tag	body	ELEMENT	tag	«[Body]»	after«You can control your learning by making »	consumed=false
124	tag	carousel	INTERACTIVE	tag	«[Insert slideshow image with caption] Screenshots taken from»	after«»	consumed=true
125	tag	data marker	SUBTAG	tag	«[Caption]»	after«An example of a timetable with one hour »	consumed=true
126	tag	data marker	SUBTAG	tag	«[Caption]»	after«This timetable is broken into two hour t»	consumed=true
127	tag	data marker	SUBTAG	tag	«[Caption]»	after«A student who wants to make lots of prog»	consumed=true
128	tag	body	ELEMENT	tag	«[Body]»	after«Creating an effective learning timetable»	consumed=true
129	black	«1. Assess Your schedule.»	consumed=true
130	black	«1. Start by understanding your existing commitments, such as online cl»	consumed=true
131	black	«1. Aim for three – five hours of schoolwork per day.»	consumed=true
132	black	«1. Identify available time slots for completing subject work.»	consumed=true
133	black	«1. Prioritise subjects and tasks.»	consumed=true
134	black	«1. List the subjects or topics you need to work on.»	consumed=true
135	black	«1. Prioritise based on urgency, difficulty, and upcoming assessments.»	consumed=true
136	black	«1. Each subject should have a minimum of four hours a week dedicated i»	consumed=true
137	black	«1. Ideally you should be completing a module per subject every two wee»	consumed=true
138	black	«1. Allocate time blocks.»	consumed=true
139	black	«1. Divide your available study time into blocks (for example 30 minute»	consumed=true
140	black	«1. Assign specific subjects or tasks to each block.»	consumed=true
141	black	«1. Include breaks.»	consumed=true
142	black	«1. Schedule short breaks between learning sessions to recharge.»	consumed=true
143	black	«1. Avoid long sessions without breaks.»	consumed=true
144	black	«1. Be realistic.»	consumed=true
145	black	«1. Set achievable goals for each learning session.»	consumed=true
146	black	«1. Don’t overload your timetable; allow flexibility.»	consumed=true
147	black	«1. Use tools.»	consumed=true
148	black	«1. Utilise digital tools like calendars, apps, or planners to organise»	consumed=true
149	black	«1. Set reminders for important deadlines.»	consumed=true
150	black	«1. Stick to iIt.»	consumed=true
151	black	«1. Consistency is key. Follow your timetable as best you can.»	consumed=true
152	black	«1. Adjust as needed based on progress and unforeseen events.»	consumed=true
153	black	«Remember, an effective timetable balances learning, rest, and other ac»	consumed=true
154	tag	activity	CONTAINER_OPEN	tag	«[Activity]»	after«2A»	consumed=false
155	tag	h3	ELEMENT	tag	«[H3]»	after«Create your own timetable»	consumed=false
156	tag	image	ELEMENT	tag	«[Insert media item 10] Dev please crop Saturday column off t»	after«»	consumed=false
157	tag	body	ELEMENT	tag	«[Body]»	after«Your task is to draw up a timetable that»	consumed=false
158	tag	image	ELEMENT	tag	«[Insert media item 18 as a link].»	after«»	consumed=false
159	black	«Once you have made your timetable take a screenshot to put into your p»	consumed=false
160	tag	button	ELEMENT	tag	«[Button]»	after«Go to portfolio.»	consumed=false
161	tag	end tab n	CONTAINER_CLOSE	tag	«[End tab]»	after«»	consumed=false
162	tag	tab n	SUBTAG	tag	«[New tab]»	after«Prioritising time»	consumed=false
163	tag	h3	ELEMENT	tag	«[H3]»	after«Introduction»	consumed=false
164	tag	body	ELEMENT	tag	«[Body]»	after«Sometimes it can feel like you have too »	consumed=false
165	tag	?		instruction	«[hover = Requires quick action.]»	after«.»	consumed=false
166	tag	h3	ELEMENT	tag	«[H3]»	after«The time management matrix»	consumed=false
167	tag	?		instruction	«[Dev please create a time management matrix. It needs four q»	after«»	consumed=false
168	tag	body	ELEMENT	tag	«[Body]»	after«The time management matrix, is a powerfu»	consumed=false
169	black	«**1. Do first**: Prioritise urgent and important tasks. These require »	consumed=false
170	black	«**2. Do next**: Focus on important tasks that aren’t urgent. These con»	consumed=false
171	black	«**3. Do later**: Tasks that are urgent but not as important. You may b»	consumed=false
172	tag	?		instruction	«[hover = A square or grid.]»	after«Do next tasks such as needless interrupt»	consumed=false
173	black	«**4. Don’t do**: Avoid tasks that are neither urgent nor important. Th»	consumed=false
174	tag	video	ELEMENT	tag	«[Insert video - media item 12]»	after«»	consumed=false
175	black	«Once you have categorised the importance and urgency of your tasks you»	consumed=false
176	tag	?		instruction	«DEV can you please create a task board with the headings – d»	after«»	consumed=false
177	tag	activity	CONTAINER_OPEN	tag	«[Activity] 3A»	after«»	consumed=true
178	tag	h3	ELEMENT	tag	«[H3]»	after«Applying the matrix»	consumed=true
179	black	«1.»	consumed=true
180	tag	body	ELEMENT	tag	«[Body]»	after«Phoebe is feeling overwhelmed with all t»	consumed=true
181	black	«Drag the task Phoebe needs to do to the correct quadrant of the matrix»	consumed=true
182	tag	?		instruction	«Drag and drop activity. Only show answers at the end of the »	after«»	consumed=true
183	table	2x2	«Do now / Study|Do next / Trai // Do later / Hel|Don’t do / Che»	consumed=true
184	tag	h3	ELEMENT	tag	«[H3]»	after«Your Turn»	consumed=false
185	black	«1.»	consumed=false
186	tag	body	ELEMENT	tag	«[Body]»	after«Make a list of ALL the things you curren»	consumed=false
187	black	«1. subject modules»	consumed=false
188	black	«1. assessments»	consumed=false
189	black	«1. work»	consumed=false
190	black	«1. extracurricular activities»	consumed=false
191	black	«1. family commitments»	consumed=false
192	black	«1. social/community commitments.»	consumed=false
193	black	«3. Now transfer these tasks into the time management matrix.»	consumed=false
194	black	«1. Start off by choosing which tasks are urgent, then decide how impor»	consumed=false
195	black	«1. Then work on the less urgent tasks.»	consumed=false
196	black	«1. Try not to have more than eight tasks in a quadrant.»	consumed=false
197	black	«Submit a copy of your time management matrix into your portfolio.»	consumed=false
198	tag	button	ELEMENT	tag	«[Button] Go to portfolio.»	after«»	consumed=false
199	tag	end tab n	CONTAINER_CLOSE	tag	«[End tab]»	after«»	consumed=false
200	tag	tab n	SUBTAG	tag	«[New tab]»	after«Taking breaks»	consumed=false
201	tag	radio quiz	INTERACTIVE	tag	«[Activity True false quiz] 4A Dev correct answers and explan»	after«»	consumed=true
202	tag	h3	ELEMENT	tag	«[H3]»	after«Starter activity»	consumed=true
203	tag	body	ELEMENT	tag	«[Body]»	after«Discuss with those around you, either at»	consumed=true
204	black	«1. You will produce your best work if you spend a long time working no»	consumed=true
205	tag	?		instruction	«False. Taking regular breaks helps you focus better.»	after«»	consumed=true
206	black	«1. To be the most productive you should only take a long break at lunc»	consumed=true
207	tag	?		instruction	«False. You should schedule multiple long breaks for each day»	after«»	consumed=true
208	black	«1. Taking a walk outside away from your work can help you to solve a p»	consumed=true
209	tag	?		noise	«True.»	after«»	consumed=true
210	black	«1. Checking your emails as soon as they come in helps you stay on top »	consumed=true
211	tag	?		instruction	«False. Checking emails at a specific time helps you to focus»	after«»	consumed=true
212	black	«1. Going on social media in your breaks between classes is a good way »	consumed=true
213	tag	?		instruction	«False. It is easy to get distracted on social media which ca»	after«»	consumed=true
214	black	«1. Training yourself to focus on your work is a skill that you need to»	consumed=true
215	tag	?		noise	«True.»	after«»	consumed=true
216	tag	end activity	CONTAINER_CLOSE	tag	«[End quiz/activity]»	after«»	consumed=false
217	tag	image	ELEMENT	tag	«[Insert media item 3]»	after«»	consumed=false
218	tag	body	ELEMENT	tag	«[Body]»	after«Taking breaks during study can indeed en»	consumed=false
219	tag	flip card	INTERACTIVE	tag	«[Flip card]»	after«»	consumed=true
220	tag	?		noise	«Facing side»	after«Tiny breaks»	consumed=true
221	tag	?		noise	«Reverse side»	after«five to 10 minute ‘breathers’ that let y»	consumed=true
222	tag	flip card	INTERACTIVE	tag	«[Flip card]»	after«»	consumed=true
223	tag	?		noise	«Facing side»	after«Long breaks»	consumed=true
224	tag	?		noise	«Reverse side»	after«Longer periods of time, usually 30 minut»	consumed=true
225	tag	alert	CONTAINER_OPEN	tag	«[Alert]»	after«Pre-plan your breaks into your day and w»	consumed=false
226	tag	h3	ELEMENT	tag	«[H3]»	after«What is an effective break?»	consumed=false
227	tag	image	ELEMENT	tag	«[Insert media item 5]»	after«»	consumed=false
228	tag	body	ELEMENT	tag	«[Body]»	after«In general, effective breaks help you di»	consumed=false
229	black	«One of the most common mistakes students make when taking a break from»	consumed=false
230	tag	alert	CONTAINER_OPEN	tag	«[Alert]»	after«Timers can be a useful tool to help prev»	consumed=false
231	tag	mcq	INTERACTIVE	tag	«[Activity – multichoice quiz] 4B Dev – there are no correct »	after«»	consumed=true
232	tag	h3	ELEMENT	tag	«[H3]»	after«Refreshing study break ideas»	consumed=true
233	tag	body	ELEMENT	tag	«[Body]»	after«Below is a list of ideas for purposeful »	consumed=true
234	black	«• Reconnect with nature by going outside. Whether that’s going for a w»	consumed=true
235	black	«• Meditate. There are online guided meditation sessions you could do b»	consumed=true
236	tag	image	ELEMENT	tag	«[insert link to media item 19]»	after«»	consumed=true
237	black	«• Take a bike ride or walk.»	consumed=true
238	black	«• Take a 15 to 20-minute power nap.»	consumed=true
239	black	«• Take a shower.»	consumed=true
240	black	«• Practice deep breathing.»	consumed=true
241	black	«• Tidy up/organise your workspace.»	consumed=true
242	black	«• Listen to music/have a dance party.»	consumed=true
243	black	«• Stretch – chances are your body is tense from sitting in the same po»	consumed=true
244	black	«• Phone a friend.»	consumed=true
245	black	«• Cook a healthy meal or have a healthy snack.»	consumed=true
246	black	«• Express yourself through creativity – draw, doodle, colour.»	consumed=true
247	black	«• Read a book.»	consumed=true
248	black	«• Skateboard.»	consumed=true
249	black	«In your portfolio select at least five activities that you can do to h»	consumed=true
250	tag	button	ELEMENT	tag	«[Button]»	after«Go to portfolio»	consumed=true
251	tag	end activity	CONTAINER_CLOSE	tag	«[End activity]»	after«»	consumed=false
252	tag	h3	ELEMENT	tag	«[H3]»	after«Ineffective breaks»	consumed=false
253	tag	body	ELEMENT	tag	«[Body]»	after«Scrolling on your phone or surfing the i»	consumed=false
254	tag	?		instruction	«[hover = Brain]»	after«with decision-making (Which link should »	consumed=false
255	black	«Avoid the following activities during your break:»	consumed=false
256	tag	image	ELEMENT	tag	«[Insert media item 4 to the right of text]»	after«»	consumed=false
257	black	«• Scrolling through, and posting, on social media.»	consumed=false
258	black	«• Reading and responding to emails.»	consumed=false
259	black	«• Surfing the internet, especially watching YouZTtube and TikTok video»	consumed=false
260	black	«• Gaming online.»	consumed=false
261	black	«Instead, do activities that give your mind a break and allow you to br»	consumed=false
262	tag	end tab n	CONTAINER_CLOSE	tag	«[End tab]»	after«»	consumed=false
263	tag	?		instruction	«MEDIA LIST -»	after«How to Complete the Media List.pdf»	consumed=false
