changed modules (OFF): 0
changed modules (ON): 23
changed paired pages 19: up 16 / down 3 / same 0; SCAFFOLD pp-sum +121.8 (mean +6.41pp per page); RAW pp-sum +70.4
  XGF9004 XGF9004_0_0.html scaffold 37.7 -> 34.0 (-3.7)   raw 23.0 -> 20.7 (-2.3)
  MUS1006 MUS1006_1_0.html scaffold 74.1 -> 72.7 (-1.3)   raw 61.3 -> 69.7 (+8.5)
  TWHK901 TWHK901_0_0.html scaffold 25.7 -> 25.7 (-0.0)   raw 22.3 -> 21.9 (-0.3)
  HIS1007 HIS1007_0_0.html scaffold 60.6 -> 63.0 (+2.4)   raw 48.0 -> 68.0 (+20.1)
  MUS1004 MUS1004_0_0.html scaffold 66.7 -> 69.2 (+2.6)   raw 38.1 -> 38.5 (+0.4)
  MXFL103 MXFL103_0_0.html scaffold 50.6 -> 53.5 (+2.9)   raw 35.0 -> 37.1 (+2.1)
  ART1006 ART1006_0_0.html scaffold 43.8 -> 47.1 (+3.2)   raw 50.7 -> 54.4 (+3.7)
  COM1002 COM1002_1_0.html scaffold 43.8 -> 47.5 (+3.7)   raw 39.3 -> 41.4 (+2.1)
  CBI1009 CBI1009_0_0.html scaffold 60.5 -> 64.4 (+3.9)   raw 50.4 -> 47.5 (-2.9)
  MXEO201 MXEO201_0_0.html scaffold 75.9 -> 80.9 (+5.0)   raw 46.4 -> 44.1 (-2.3)
  DAN1003 DAN1003_0_0.html scaffold 50.0 -> 56.5 (+6.5)   raw 44.1 -> 41.9 (-2.2)
  CEDO204 CEDO204_0_0.html scaffold 28.7 -> 36.3 (+7.6)   raw 19.7 -> 29.5 (+9.8)
  MXDI101 MXDI101_0_0.html scaffold 46.2 -> 55.3 (+9.2)   raw 32.4 -> 36.1 (+3.8)
  COM1006 COM1006_0_0.html scaffold 67.7 -> 77.6 (+9.8)   raw 50.9 -> 56.8 (+5.9)
  GEO1004 GEO1004_0_0.html scaffold 45.0 -> 54.8 (+9.8)   raw 23.5 -> 22.7 (-0.9)
  ANZH104 ANZH104_0_0.html scaffold 60.6 -> 71.6 (+11.0)   raw 36.4 -> 42.2 (+5.9)
  COM1005 COM1005_0_0.html scaffold 54.1 -> 67.9 (+13.9)   raw 40.8 -> 50.3 (+9.4)
  DAN1004 DAN1004_0_0.html scaffold 55.7 -> 71.7 (+16.0)   raw 46.9 -> 53.2 (+6.3)
  COM1002 COM1002_0_0.html scaffold 55.0 -> 74.5 (+19.5)   raw 40.8 -> 44.3 (+3.5)
