======================================================================
 SCOPED SHIP — affected=../../outputs/_affected_r435.txt (17 modules), toggle=MENUBODY_OFF
======================================================================
[0] toggle-exists invariant (MENUBODY_OFF)
    OK — MENUBODY_OFF found in app/js (the last-shipped corpus == this toggle OFF).

[1] content-hash 0-stale (mtime false-alarm defeated)
[content-manifest] content-hash 0-stale vs _content_manifest.txt
  affected set: 17 module(s) (must be freshly regenerated)
  unaffected  : 525 module(s) (must be byte-identical to the manifest; mtime IGNORED)
  OK — 0 truly stale. 17 affected regenerated; the untouched corpus is byte-identical to the manifest (mtime false-alarm defeated).

[2] containment — actually-changed modules must be a subset of the affected set
    OK — 17 changed module(s) are a subset of 17 affected (the true set ⊆ the detector set).

[3] completeness spot-check (a mis-specified P is caught here)
[spotcheck] verifying 12 non-affected modules regenerated WITH the fix ON
  OK — all 12 sampled non-affected modules are BYTE-IDENTICAL under the fix (P's no-op claim holds on the sample).

[4] exact gate proof (decomposition vs the last-ship baseline)
re-scoring 29 affected module(s): BLL152 BLL265 BLLR201 CHI1003 CHI1005 ENG1004 ENG1005 ENGC101 ENGC403 ENGI102 ENGI202 ENGI401 GEO1005 MXEO202 MXFL203 MXS1004 OSAI101 PES1002 PES1004 PES1005 SSFUN07 TEFUN06 XDLS901 XDLS903 XDLS904 XDLS905 XDLS906 XDLS908 XLP04
baseline taken: 2026-09-22T11:23:19Z
(unaffected modules unchanged by construction — corpus aggregate moves by exactly the affected-set delta)

  metric                                 baseline        new     delta  verdict
  -----------------------------------------------------------------------------
  skeleton SCAFFOLD mean %                  54.53      54.56     +0.02  IMPROVED
  skeleton pages >=50%                       1547       1548        +1  IMPROVED
  skeleton pages >=75%                        256        256         0  HELD
  compare_structure exact chain             15551      15576       +25  IMPROVED
  compare_structure EXTRA container           195        195         0  HELD
  compare_structure missing container         793        794        +1  REGRESSED
  body_compare ANY breakdown                  264        264         0  HELD
  defect structurally-clean %               98.33      98.33      0.00  HELD
  literal-[tag] leak (occ)                     75         75         0  HELD
  literal-[tag] leak (pages)                   45         45         0  HELD

  context (no pass/fail): sk_pages: 2491->2491  cs_matched: 18066->18092  body_pages: 2691->2691  df_total: 2691->2691  df_clean: 2646->2646

RESULT: FAIL — REGRESSED: compare_structure missing container
        (inner-loop only — investigate before the ship checkpoint; toggle the fix OFF and re-run to isolate.)

[6] periodic full-ship backstop cadence
[ledger] last full ship: round 433 (2026-09-22T10:42:01Z); scoped ships since: 2 (cadence 8, hard 16)
  OK — a full-ship backstop is not yet due (6 scoped ship(s) of headroom).

SCOPED SHIP: FAILED — see the log above.
