[23:24:13] run_all_gates.sh
  rc=0
13:— selftest: DETECTION (an injected divergence must be flagged) —
16:  ✓ dynamic differ SEES a real option divergence (imageMode P vs D)
17:RESULT: PASS (entry parity holds)
23:pairs skipped (parse error): 0
87:STRUCTURALLY CLEAN pages (zero structural defects): 2646/2691 = 98.3%
91:  A_literal_tag_leak                         75 occ |   45 pages
94:  GENO901     16  {'A_literal_tag_leak': 16}
95:  DTC1005     14  {'A_literal_tag_leak': 14}
96:  PWY1009      4  {'A_literal_tag_leak': 4}
97:  MUS1004      4  {'A_literal_tag_leak': 4}
98:  XGF9004      2  {'A_literal_tag_leak': 2}
99:  TRR116       2  {'A_literal_tag_leak': 2}
100:  MXS1004      2  {'A_literal_tag_leak': 2}
101:  MXFU302      2  {'A_literal_tag_leak': 2}
102:  HIS1005      2  {'A_literal_tag_leak': 2}
103:  ENGI102      2  {'A_literal_tag_leak': 2}
104:  ENFUN09      2  {'A_literal_tag_leak': 2}
105:  CBI1008      2  {'A_literal_tag_leak': 2}
106:  BLL260       2  {'A_literal_tag_leak': 2}
107:  TRR304       1  {'A_literal_tag_leak': 1}
108:  TRR106       1  {'A_literal_tag_leak': 1}
109:  TRR102       1  {'A_literal_tag_leak': 1}
110:  TEFUN07      1  {'A_literal_tag_leak': 1}
111:  SSFUN05      1  {'A_literal_tag_leak': 1}
112:  MXFUN01      1  {'A_literal_tag_leak': 1}
113:  MXEO301      1  {'A_literal_tag_leak': 1}
114:  MXDI201      1  {'A_literal_tag_leak': 1}
115:  JPN1004      1  {'A_literal_tag_leak': 1}
116:  HIS1006      1  {'A_literal_tag_leak': 1}
117:  HIS1002      1  {'A_literal_tag_leak': 1}
[23:28:11] skeleton state (--json) + delta vs r433
  rc=0
OLD pairs 2491  SCAFFOLD 54.5311%  RAW 38.362%  >=50 1546  >=75 256  >=90 23
NEW pairs 2491  SCAFFOLD 54.5349%  RAW 38.365%  >=50 1547  >=75 256  >=90 23
delta SCAFFOLD +0.0039pp  RAW +0.003pp  >=50 +1  >=75 +0  >=90 +0
movers 3 (up 3 / down 0), pp-sum +9.6
movers outside the affected set: 0 []
new-only pages: 0  gone pages: 0
  ARFUN05    ARFUN05_0_0.html           35.7 ->   40.0  (+4.3)
  ARFUN02    ARFUN02_0_0.html           20.4 ->   23.1  (+2.7)
  ARFUN03    ARFUN03_0_0.html           49.6 ->   52.2  (+2.6)
[23:29:34] gatecheck: cs bc FIRST (never trust a cached row), then skeleton defect
  rc=2
  rc=2
[23:29:41] ship ledger check
[ledger] last full ship: round 433 (2026-09-22T10:42:01Z); scoped ships since: 1 (cadence 8, hard 16)
  OK — a full-ship backstop is not yet due (7 scoped ship(s) of headroom).
  (the scoped ship already patched the fast-loop baseline and refreshed the content manifest)
[23:29:41] selftests
  rc=0  PASS/GREEN lines: 49  FAIL lines: 0
[23:30:55] feature index
  rc=0
SELFTEST build_feature_index: GREEN
[23:31:09] DIFF MINER (§1d — after every regeneration)
  miner rc=0
pairs 2491 / modules 533 / parse errors 0 / diff lines 279757 / classes 9307 (CANDIDATE 198, below floor 8805) in 89.0 s
wrote /mnt/c/Users/Gavin/TeKura/FINAL_MODULE_DATA/CONVERTER_V2/outputs/_diff_miner.json
wrote /mnt/c/Users/Gavin/TeKura/FINAL_MODULE_DATA/DIFF_QUEUE.md
[23:32:43] POSTSHIP_DONE
