[23:58:45] run_all_gates.sh
  rc=0
13:— selftest: DETECTION (an injected divergence must be flagged) —
16:  ✓ dynamic differ SEES a real option divergence (imageMode P vs D)
17:RESULT: PASS (entry parity holds)
23:pairs skipped (parse error): 0
87:STRUCTURALLY CLEAN pages (zero structural defects): 2646/2691 = 98.3%
91:  A_literal_tag_leak                         75 occ |   45 pages
94:  GENO901     16  {'A_literal_tag_leak': 16}
95:  DTC1005     14  {'A_literal_tag_leak': 14}
96:  PWY1009      4  {'A_literal_tag_leak': 4}
97:  MUS1004      4  {'A_literal_tag_leak': 4}
98:  XGF9004      2  {'A_literal_tag_leak': 2}
99:  TRR116       2  {'A_literal_tag_leak': 2}
100:  MXS1004      2  {'A_literal_tag_leak': 2}
101:  MXFU302      2  {'A_literal_tag_leak': 2}
102:  HIS1005      2  {'A_literal_tag_leak': 2}
103:  ENGI102      2  {'A_literal_tag_leak': 2}
104:  ENFUN09      2  {'A_literal_tag_leak': 2}
105:  CBI1008      2  {'A_literal_tag_leak': 2}
106:  BLL260       2  {'A_literal_tag_leak': 2}
107:  TRR304       1  {'A_literal_tag_leak': 1}
108:  TRR106       1  {'A_literal_tag_leak': 1}
109:  TRR102       1  {'A_literal_tag_leak': 1}
110:  TEFUN07      1  {'A_literal_tag_leak': 1}
111:  SSFUN05      1  {'A_literal_tag_leak': 1}
112:  MXFUN01      1  {'A_literal_tag_leak': 1}
113:  MXEO301      1  {'A_literal_tag_leak': 1}
114:  MXDI201      1  {'A_literal_tag_leak': 1}
115:  JPN1004      1  {'A_literal_tag_leak': 1}
116:  HIS1006      1  {'A_literal_tag_leak': 1}
117:  HIS1002      1  {'A_literal_tag_leak': 1}
[00:03:17] skeleton state (--json) + delta vs r434
  rc=0
OLD pairs 2491  SCAFFOLD 54.5579%  RAW 38.380%  >=50 1548  >=75 256  >=90 23
NEW pairs 2491  SCAFFOLD 54.5579%  RAW 38.380%  >=50 1548  >=75 256  >=90 23
delta SCAFFOLD +0.0000pp  RAW +0.000pp  >=50 +0  >=75 +0  >=90 +0
movers 0 (up 0 / down 0), pp-sum +0.0
movers outside the affected set: 0 []
new-only pages: 0  gone pages: 0
[00:04:42] gatecheck: cs bc FIRST (never trust a cached row), then skeleton defect
  rc=2
  rc=2
[00:04:48] ship ledger check
[ledger] last full ship: round 433 (2026-09-22T10:42:01Z); scoped ships since: 2 (cadence 8, hard 16)
  OK — a full-ship backstop is not yet due (6 scoped ship(s) of headroom).
  (the scoped ship already patched the fast-loop baseline and refreshed the content manifest)
[00:04:48] selftests
  rc=0  PASS/GREEN lines: 49  FAIL lines: 0
[00:06:02] feature index
  rc=0
SELFTEST build_feature_index: GREEN
[00:06:17] DIFF MINER (§1d — after every regeneration)
  miner rc=0
pairs 2491 / modules 533 / parse errors 0 / diff lines 279694 / classes 9323 (CANDIDATE 197, below floor 8822) in 90.6 s
wrote /mnt/c/Users/Gavin/TeKura/FINAL_MODULE_DATA/CONVERTER_V2/outputs/_diff_miner.json
wrote /mnt/c/Users/Gavin/TeKura/FINAL_MODULE_DATA/DIFF_QUEUE.md
[00:07:53] POSTSHIP_DONE
