=== page 0.0 isOverview=true items 153
0	tag	title bar	SECTION_MARKER	tag	«[Keep all other content in the Introduction]»	after«»	consumed=false
1	black	«Use the tabs, to begin your exploration of shadows, and prepare to mea»	consumed=false
2	black	«You will need some equipment for this inquiry. Click on the link below»	consumed=false
3	black	«*You can refer to this* **equipment list** *at any time by clicking on»	consumed=false
4	tag	accordion	INTERACTIVE	tag	«[Keep equipment list accordion]»	after«»	consumed=true
5	tag	?		noise	«WONDER»	after«»	consumed=true
6	tag	body	ELEMENT	tag	«[Body]»	after«When we wonder about light and dark, we »	consumed=true
7	tag	h2	ELEMENT	tag	«[H2] What do I know?»	after«»	consumed=true
8	black	«A good first step is to brainstorm what you know about shadows.»	consumed=true
9	black	«• Where have you seen shadows, and do they move?»	consumed=true
10	black	«• Do you see light in the sky at night?»	consumed=true
11	black	«You will find some help with brainstorming in the links on the right-h»	consumed=true
12	tag	dropdown	INTERACTIVE	tag	«[Keep the dropdown]»	after«»	consumed=true
13	tag	h2	ELEMENT	tag	«[H2] What do I want to know?»	after«»	consumed=false
14	black	«Here are some wonderings to get you started:»	consumed=false
15	black	«• Is a light needed to make a shadow?»	consumed=false
16	black	«• Are the calendar months related to light?»	consumed=false
17	black	«• Does a shadow change during the day?»	consumed=false
18	black	«• Why are there big shadows and little shadows?»	consumed=false
19	black	«• How did Earth get daytime and night-time?»	consumed=false
20	black	«• Does light travel through things?»	consumed=false
21	black	«• Have I read stories about Papatūānuku and Ranginui? What do I know a»	consumed=false
22	tag	shape n	SUBTAG	tag	«[Keep Squiggle box]»	after«»	consumed=false
23	tag	?		instruction	«[Edit: Share with us]»	after«Share your prior knowledge and ideas abo»	consumed=false
24	tag	?		noise	«EXPLORE»	after«»	consumed=false
25	tag	?		instruction	«[Edit]»	after«Click on the titles below for some video»	consumed=false
26	tag	?		instruction	«[Edit]Under Exploring Further»	after«»	consumed=false
27	tag	?		instruction	«include the following link as another Dropdown after Shadow »	after«»	consumed=false
28	black	«http://www.ngaituhoe.com/files/te_ao_maori_jun05.pdf»	consumed=false
29	black	«We have a wero for you!»	consumed=false
30	tag	?		instruction	«[Insert hover over wero / challenge]»	after«»	consumed=false
31	black	«What to do before the activity:»	consumed=false
32	black	«• Read the text we’ve included here and see if you can find the answer»	consumed=false
33	black	«**What you do**»	consumed=false
34	black	«Mix and match calendar months and what actions to be taken.»	consumed=false
35	black	«What are the dates for Te Huamata?»	consumed=false
36	black	«What are the dates for Te Pure?»	consumed=false
37	black	«Describe the actions required for each of these practices.»	consumed=false
38	black	«What other questions do you have? What are you curious about or want t»	consumed=false
39	tag	?		instruction	«[Keep Share with Us]»	after«»	consumed=false
40	tag	?		noise	«CONNECT»	after«»	consumed=false
41	tag	page	PAGE_BOUNDARY	tag	«[Edit page]»	after«»	consumed=false
42	black	«Connecting with something or someone creates a relationship or link.»	consumed=false
43	black	«You have explored some pātai and found out some new information. Now y»	consumed=false
44	tag	h2	ELEMENT	tag	«[H2] Light and the harvesting of food, Te Ao Māori [Insert b»	after«»	consumed=false
45	tag	?		noise	«include»	after«http://www.ngaituhoe.com/files/te_ao_mao»	consumed=false
46	tag	?		instruction	«example of Maramataka (calendar) relevant»	after«https://www.tepapa.govt.nz/discover-coll»	consumed=false
47	tag	?		instruction	«Follow the instructions to learn how to use the dial.»	after«»	consumed=false
48	tag	h2	ELEMENT	tag	«[H2] Phases of the moon.»	after«»	consumed=false
49	tag	?		instruction	«Drawing diagrams of the phases of the moon»	after«»	consumed=false
50	tag	?		instruction	«Describe the relationships for this time period.»	after«»	consumed=false
51	black	«Link for the moon dial: https://www.tepapa.govt.nz/discover-collection»	consumed=false
52	black	«Phases of the moon»	consumed=false
53	black	«https://c.tadst.com/gfx/600x337/moon-phases-explained.png?1»	consumed=false
54	tag	?		instruction	«[Keep remaining content]»	after«»	consumed=false
55	tag	?		noise	«ACT»	after«»	consumed=false
56	tag	?		instruction	«[No Edits]»	after«»	consumed=false
57	tag	?		noise	«REFLECT»	after«»	consumed=false
58	tag	?		instruction	«[Edits]»	after«»	consumed=false
59	tag	?		instruction	«Remove first lines of text before 3-2-1. Edit to:»	after«»	consumed=false
60	black	«You have explored and investigated areas of interest that identify and»	consumed=false
61	tag	body	ELEMENT	tag	«[Edit text:]»	after«»	consumed=false
62	black	«Share a personal reflection in My Korowai. You can use the prompts bel»	consumed=false
63	black	«What are three interesting things you learned about light and/or no li»	consumed=false
64	black	«What are you still curious about? What could you do to find out answer»	consumed=false
65	black	«There are more prompts below to guide your thinking and reflections.»	consumed=false
66	tag	?		instruction	«Remove 3-2-1 Reflect»	after«»	consumed=false
67	tag	shape n	SUBTAG	tag	«[Edit box]»	after«»	consumed=false
68	tag	?		instruction	«Edit text in box to:»	after«»	consumed=false
69	tag	?		instruction	«Share with us»	after«»	consumed=false
70	black	«Your kaimanaaki loves to find out about your learning journey in this »	consumed=false
71	black	«The question prompts connect back to the Success Criteria for this mod»	consumed=false
72	black	«[Reflect button]»	consumed=false
73	black	«What did you learn?»	consumed=false
74	tag	shape n	SUBTAG	tag	«[Use the same box please]»	after«»	consumed=false
75	black	«• Discuss the main events in the Māori creation story»	consumed=false
76	black	«• Explain what the Maramataka is and why it is signficant»	consumed=false
77	black	«• Explain two or more purposes of the Maramataka within your own regio»	consumed=false
78	black	«• Showed/explained that light cannot pass through some objects but can»	consumed=false
79	black	«• Showed how shadows are formed»	consumed=false
80	black	«• Explained / showed how shadows can change in shape and length»	consumed=false
81	black	«• Accurately measured shadows»	consumed=false
82	black	«»	consumed=false
83	black	«• Light has different properties»	consumed=false
84	black	«• Light is a form of energy»	consumed=false
85	black	«• Light and no light is important in te ao Māori»	consumed=false
86	tag	h1	ELEMENT	tag	«[H1] Are You Still Curious?»	after«»	consumed=false
87	black	«If this integrated inquiry has sparked your interest, you might want t»	consumed=false
88	tag	?		instruction	«[To come]»	after«»	consumed=false
89	tag	?		noise	«For media:»	after«»	consumed=false
90	tag	?		instruction	«If you don’t have specific media to supply, just define the »	after«»	consumed=false
91	black	«•»	consumed=false
92	tag	?		instruction	«Supply all media files separately, with the same file name a»	after«»	consumed=false
93	black	«•»	consumed=false
94	tag	?		instruction	«Please consider usage rights when sourcing media. Refer to t»	after«»	consumed=false
95	tag	video	ELEMENT	tag	«[Video]»	after«Video title; video caption. (Include URL»	consumed=false
96	tag	image	ELEMENT	tag	«[Image]»	after«Image title; image caption. (Include sou»	consumed=false
97	tag	audio	ELEMENT	tag	«[Audio]»	after«Audio title; audio caption. (Include sou»	consumed=false
98	tag	interactive	INTERACTIVE	tag	«[Interactive]»	after«Describe your idea here. Discuss with de»	consumed=true
99	tag	?		instruction	«NOTE: Both text and media components are described in the»	after«Writer’s Guide»	consumed=true
100	tag	external link	INLINE	tag	«[URL: to guide online]»	after«»	consumed=true
101	black	«Subject:»	consumed=true
102	black	«Course:»	consumed=true
103	black	«Module code: ######»	consumed=true
104	black	«Key contact: (Name), (email), (extension)»	consumed=true
105	black	«Date submitted:»	consumed=true
106	tag	title bar	SECTION_MARKER	tag	«[TITLE BAR]»	after«MODULE TITLE»	consumed=false
107	tag	?		instruction	«Adjust the text below to suit your resource.»	after«»	consumed=false
108	black	«UNDERSTAND»	consumed=false
109	black	«In this module you will:»	consumed=false
110	black	«• Learning outcome/intention»	consumed=false
111	black	«• Learning outcome/intention»	consumed=false
112	black	«• Learning outcome/intention»	consumed=false
113	black	«KNOW»	consumed=false
114	black	«This module will:»	consumed=false
115	black	«• E.g. help you …»	consumed=false
116	black	«• Enable you …»	consumed=false
117	black	«• Show you …»	consumed=false
118	black	«**DO**»	consumed=false
119	black	«This module will take approximately # hours to complete.»	consumed=false
120	black	«You will show your understanding by…»	consumed=false
121	tag	?		instruction	«Links on RHS (toolbox) to resources students will need throu»	after«»	consumed=false
122	black	«•»	consumed=false
123	tag	?		instruction	«Glossary/Vocab list/Word list»	after«»	consumed=false
124	black	«•»	consumed=false
125	tag	?		noise	«Formula sheet»	after«»	consumed=false
126	black	«•»	consumed=false
127	tag	?		noise	«Templates»	after«»	consumed=false
128	tag	module introduction	SECTION_MARKER	tag	«[MODULE INTRODUCTION]»	after«»	consumed=false
129	black	«•»	consumed=false
130	tag	?		instruction	«Brief introductory text to pique student interest.»	after«»	consumed=false
131	black	«•»	consumed=false
132	tag	?		instruction	«Appropriate introductory video to pique student interest [ma»	after«»	consumed=false
133	tag	lesson	PAGE_BOUNDARY	tag	«[LESSON]»	after«»	consumed=false
134	tag	h2	ELEMENT	tag	«[H2] Lesson # and title»	after«»	consumed=false
135	black	«**UNDERSTAND**»	consumed=false
136	black	«In this module you will:»	consumed=false
137	black	«• Learning outcome/intention»	consumed=false
138	black	«• Learning outcome/intention»	consumed=false
139	black	«• Learning outcome/intention»	consumed=false
140	black	«**KNOW**»	consumed=false
141	black	«This module will:»	consumed=false
142	black	«• E.g. help you …»	consumed=false
143	black	«• Enable you …»	consumed=false
144	black	«• Show you …»	consumed=false
145	black	«**DO**»	consumed=false
146	black	«This module will take approximately # hours to complete.»	consumed=false
147	black	«You will show your understanding by…»	consumed=false
148	black	«Success Criteria»	consumed=false
149	black	«• Success Criteria»	consumed=false
150	black	«• Success Criteria»	consumed=false
151	black	«• Success Criteria»	consumed=false
152	tag	lesson content	SECTION_MARKER	tag	«[Lesson content]»	after«»	consumed=false
