=== page 0.0 isOverview=true items 3
0	tag	lesson content	SECTION_MARKER	tag	«[Fundamental 1 code]»	after«MXFUN01»	consumed=false
1	tag	title bar	SECTION_MARKER	tag	«[Title]»	after«Number»	consumed=false
2	tag	lesson content	SECTION_MARKER	tag	«[Fundamental content]»	after«»	consumed=false
=== page 1.0 isOverview=false items 4
0	tag	body	ELEMENT	tag	«[Body]»	after«Numbers are all around us. We see them o»	consumed=false
1	black	«Click on the links below to explore the various skills within the Numb»	consumed=false
2	tag	?		instruction	«Could the below images and heading text underneath be spread»	after«»	consumed=false
3	table	1x4	«🔴[RED TEXT] [|🔴[RED TEXT] [|🔴[RED TEXT] [|🔴[RED TEXT] [»	consumed=true
=== page 2.0 isOverview=false items 79
0	tag	heading	ELEMENT	tag	«[Lesson 1 title H1]»	after«Number Sense»	consumed=false
1	tag	h2	ELEMENT	tag	«[H2]»	after«Numbers»	consumed=false
2	tag	body	ELEMENT	tag	«[Body]»	after«Our number system is based on 10.»	consumed=false
3	tag	?		instruction	«Can these images please be placed together to form a line in»	after«»	consumed=false
4	tag	image	ELEMENT	tag	«[Image]»	after«»	consumed=false
5	black	«https://www.istockphoto.com/vector/hands-with-fingers-icon-set-for-cou»	consumed=false
6	black	«https://www.istockphoto.com/vector/hands-with-fingers-icon-set-for-cou»	consumed=false
7	tag	body	ELEMENT	tag	«[Body]»	after«Numbers can be made up in lots of differ»	consumed=false
8	black	«You can make the number 10, with 7 and 3 counters.»	consumed=false
9	tag	image	ELEMENT	tag	«[Image] can this image be recreated and centred.»	after«»	consumed=false
10	tag	activity	CONTAINER_OPEN	tag	«[Activity 1A]»	after«»	consumed=false
11	tag	h3	ELEMENT	tag	«[H3]»	after«How can you make 10?»	consumed=false
12	tag	activity	CONTAINER_OPEN	tag	«[Activity Body]»	after«Using the counters, fill the tens frame »	consumed=true
13	black	«Share all the combinations you find with your supervisor»	consumed=true
14	tag	drag and drop	INTERACTIVE	tag	«[Drag and Drop] Can this be created so that there is 10 yell»	after«»	consumed=true
15	tag	supervisor note	CONTAINER_OPEN	tag	«[Supervisor button top RHS]»	after«Encourage your ākonga»	consumed=false
16	black	«Learner»	consumed=false
17	tag	?		noise	«)»	after«to use everyday items as manipulatives t»	consumed=false
18	tag	end activity	CONTAINER_CLOSE	tag	«[End Activity]»	after«»	consumed=false
19	tag	h2	ELEMENT	tag	«[H2]»	after«Subitise»	consumed=false
20	tag	body	ELEMENT	tag	«[Body]»	after«Subitising is the ability to quickly rec»	consumed=false
21	tag	image	ELEMENT	tag	«[Image]»	after«»	consumed=false
22	black	«https://www.shutterstock.com/image-photo/red-apple-gala-isolated-on-wh»	consumed=false
23	tag	activity	CONTAINER_OPEN	tag	«[Activity 1B]»	after«»	consumed=false
24	tag	h3	ELEMENT	tag	«[H3]»	after«Subitise rock!»	consumed=false
25	tag	body	ELEMENT	tag	«[Body]»	after«Watch this video and see how fast you ca»	consumed=false
26	tag	video	ELEMENT	tag	«[Video]»	after«https://www.youtube.com/watch?v=ib5Gf3GI»	consumed=false
27	tag	end activity	CONTAINER_CLOSE	tag	«[End Activity]»	after«»	consumed=false
28	tag	activity	CONTAINER_OPEN	tag	«[Activity 1C]»	after«»	consumed=false
29	tag	h3	ELEMENT	tag	«[H3]»	after«Subitise memory»	consumed=false
30	tag	activity	CONTAINER_OPEN	tag	«[Activity Body]»	after«Find the matching pairs. Match the same »	consumed=true
31	tag	memory game	INTERACTIVE	tag	«[Memory game] answer pairs are shown beside each other, coul»	after«»	consumed=true
32	table	3x4	«||| // ||| // |||»	consumed=true
33	tag	button	ELEMENT	tag	«[Button]»	after«Check answers»	consumed=true
34	tag	button	ELEMENT	tag	«[Button]»	after«Reset»	consumed=true
35	tag	h2	ELEMENT	tag	«[H2]»	after«Estimation»	consumed=false
36	tag	body	ELEMENT	tag	«[Body]»	after«Sometimes, it’s hard or impossible to co»	consumed=false
37	tag	alert	CONTAINER_OPEN	tag	«[Alert]»	after«To estimate means to make a sensible gue»	consumed=false
38	tag	body	ELEMENT	tag	«[Body]»	after«Look at this jar. We can estimate the to»	consumed=false
39	tag	image	ELEMENT	tag	«[Image] Could this image please be recreated, in place of th»	after«»	consumed=false
40	black	«https://www.istockphoto.com/vector/glass-mason-jar-outline-line-art-cl»	consumed=false
41	black	«https://www.istockphoto.com/photo/round-colorful-jelly-beans-set-reali»	consumed=false
42	tag	body	ELEMENT	tag	«[Body]»	after«Six groups of five jellybeans have been »	consumed=false
43	black	«Sensible guess.»	consumed=false
44	tag	?		noise	«)»	after«is that there are around 30 jellybeans i»	consumed=false
45	black	«When I check my answer, I see that there are two jellybeans in the jar»	consumed=false
46	black	«The exact amount of jelly beans in the jar is 30 jellybeans + 2 jellyb»	consumed=false
47	tag	activity	CONTAINER_OPEN	tag	«[Activity 1D]»	after«»	consumed=false
48	tag	h3	ELEMENT	tag	«[H3]»	after«Estimating»	consumed=false
49	tag	activity	CONTAINER_OPEN	tag	«[Activity body]»	after«Estimate the number of objects in each s»	consumed=true
50	black	«Type your estimate and then count up the objects and type the exact nu»	consumed=true
51	black	«Was your estimate close?»	consumed=true
52	tag	drag and drop	INTERACTIVE	tag	«[Drag and Drop] Can this please be created so the red outlin»	after«»	consumed=true
53	tag	?		instruction	«Could these black dots be replaced with teddy bears?»	after«»	consumed=true
54	black	«https://www.istockphoto.com/vector/vector-illustration-of-a-set-of-col»	consumed=true
55	tag	?		instruction	«[Type and Check]»	after«Estimate»	consumed=true
56	tag	?		instruction	«[Type and check]»	after«Check»	consumed=true
57	tag	?		noise	«24»	after«»	consumed=true
58	tag	?		instruction	«Could these ones please be carrots?»	after«»	consumed=true
59	black	«https://www.istockphoto.com/vector/funny-cartoon-carrot-cute-vegetable»	consumed=true
60	tag	?		instruction	«[Type and Check]»	after«Estimate»	consumed=true
61	tag	?		instruction	«[Type and check]»	after«Check»	consumed=true
62	tag	?		noise	«33»	after«»	consumed=true
63	tag	end activity	CONTAINER_CLOSE	tag	«[End activity]»	after«»	consumed=false
64	tag	h2	ELEMENT	tag	«[H2]»	after«Rounding to the nearest 10 or 100»	consumed=false
65	tag	body	ELEMENT	tag	«[Body]»	after«Rounding is when we change a number to m»	consumed=false
66	black	«If it’s five or more, you round up.»	consumed=false
67	black	«If it’s four or down, you round down.»	consumed=false
68	tag	image	ELEMENT	tag	«[Image] Could this please be recreated. Can the coloured num»	after«»	consumed=false
69	tag	activity	CONTAINER_OPEN	tag	«[Activity 1E]»	after«»	consumed=false
70	tag	h3	ELEMENT	tag	«[H3]»	after«Rounding numbers»	consumed=false
71	tag	activity	CONTAINER_OPEN	tag	«[Activity body]»	after«Watch this video to learn how to round n»	consumed=false
72	tag	video	ELEMENT	tag	«[Video]»	after«https://www.youtube.com/watch?v=VPdE5aOH»	consumed=false
73	tag	activity	CONTAINER_OPEN	tag	«[Activity body]»	after«Have a go at this quiz to practise your »	consumed=true
74	tag	typing quiz	INTERACTIVE	tag	«[Typing quiz]»	after«Round these numbers to the nearest 10 or»	consumed=true
75	tag	?		instruction	«Could the number line images below please be recreated. MTK »	after«»	consumed=true
76	table	11x2	«🔴[RED TEXT] Q|🔴[RED TEXT] A // Round 39 to th|🔴[RED TEXT] 4 // Round 13 to th|🔴[RED TEXT] 1»	consumed=true
77	tag	end activity	CONTAINER_CLOSE	tag	«[End activity]»	after«»	consumed=false
78	tag	alert	CONTAINER_OPEN	tag	«[Alert]»	after«This lesson has been about making sense »	consumed=false
=== page 3.0 isOverview=false items 71
0	tag	heading	ELEMENT	tag	«[Lesson 2 title H1]»	after«Place value»	consumed=false
1	tag	h2	ELEMENT	tag	«[H2]»	after«Number 10»	consumed=false
2	tag	body	ELEMENT	tag	«[Body]»	after«We use tens to make counting and reading»	consumed=false
3	tag	image	ELEMENT	tag	«[Image]»	after«»	consumed=false
4	tag	?		instruction	«Could these images please be recreated and colour used. Coul»	after«»	consumed=false
5	tag	body	ELEMENT	tag	«[Body]»	after«You can see how many tens are in the 'ty»	consumed=false
6	tag	image	ELEMENT	tag	«[Image] please recreate something like this»	after«»	consumed=false
7	tag	body	ELEMENT	tag	«[Body]»	after«The number 23 is made up of 2 tens and 3»	consumed=false
8	tag	image	ELEMENT	tag	«[Image] Could the same image of the place value house be use»	after«»	consumed=false
9	tag	body	ELEMENT	tag	«[Body]»	after«The number 436 is made up of 4 hundreds,»	consumed=false
10	tag	image	ELEMENT	tag	«[Image]»	after«»	consumed=false
11	tag	activity	CONTAINER_OPEN	tag	«[Activity 2A]»	after«»	consumed=true
12	tag	h3	ELEMENT	tag	«[H3]»	after«Make the number»	consumed=true
13	tag	drag and drop	INTERACTIVE	tag	«[Drag and drop]»	after«Drag and drop the place value blocks to »	consumed=true
14	tag	?		instruction	«Houses like this to be used. Could there please be hundreds,»	after«»	consumed=true
15	table	4x2	«🔴[RED TEXT] N|🔴[RED TEXT] A // 46| // 62|»	consumed=true
16	tag	button	ELEMENT	tag	«[Button]»	after«Check answer»	consumed=true
17	tag	button	ELEMENT	tag	«[Button]»	after«Reset»	consumed=true
18	tag	end activity	CONTAINER_CLOSE	tag	«[End activity]»	after«»	consumed=false
19	tag	h2	ELEMENT	tag	«[H2]»	after«Value»	consumed=false
20	tag	body	ELEMENT	tag	«[Body]»	after«When we look at a number, each digit has»	consumed=false
21	black	«In the number 26, the 2 is in the tens place. This means the value of »	consumed=false
22	tag	image	ELEMENT	tag	«[Image] Please recreate with the blocks and digits inside a »	after«»	consumed=false
23	tag	body	ELEMENT	tag	«[Body]»	after«The blocks help us to see this because w»	consumed=false
24	black	«Watch this video to learn more.»	consumed=false
25	tag	video	ELEMENT	tag	«[Video]»	after«https://www.youtube.com/watch?v=b9wa7fS-»	consumed=false
26	tag	activity	CONTAINER_OPEN	tag	«[Activity 2B]»	after«»	consumed=true
27	tag	h3	ELEMENT	tag	«[H3]»	after«What is the value?»	consumed=true
28	tag	?		instruction	«[Type and check]»	after«Type value of the underlined digit in th»	consumed=true
29	tag	?		instruction	«Could the images next to the numbers please be recreated. Tr»	after«»	consumed=true
30	table	6x3	«• 356||🔴[RED TEXT] A // • 435||🔴[RED TEXT] 4 // 3. 628||🔴[RED TEXT] 2»	consumed=true
31	tag	end other	CONTAINER_CLOSE	tag	«[End Actvity]»	after«»	consumed=false
32	tag	h2	ELEMENT	tag	«[H2]»	after«The role of zero»	consumed=false
33	tag	body	ELEMENT	tag	«[Body]»	after«Zero is an important number because it a»	consumed=false
34	tag	?		instruction	«Could these images please be recreated and centred. Could th»	after«»	consumed=false
35	tag	image	ELEMENT	tag	«[Image]»	after«»	consumed=false
36	tag	body	ELEMENT	tag	«[Body]»	after«In the number 104, there are 1 hundred, »	consumed=false
37	black	«If we don’t put in zero, we write the wrong number.»	consumed=false
38	tag	image	ELEMENT	tag	«[Image]»	after«»	consumed=false
39	tag	body	ELEMENT	tag	«[Body]»	after«Here are 3 hundreds, 0 tens and 6 ones.»	consumed=false
40	black	«This is 306. If we leave out the zero, we write 36.»	consumed=false
41	tag	image	ELEMENT	tag	«[Image]»	after«»	consumed=false
42	tag	body	ELEMENT	tag	«[Body]»	after«This is 36.»	consumed=false
43	black	«It is not the same as 306.»	consumed=false
44	tag	activity	CONTAINER_OPEN	tag	«[Activity 2C]»	after«»	consumed=true
45	tag	h3	ELEMENT	tag	«[H3]»	after«Write the correct number»	consumed=true
46	tag	activity	CONTAINER_OPEN	tag	«[Activity body]»	after«Oops! Someone has made a few mistakes wi»	consumed=true
47	black	«Type the numbers correctly with the zero in the correct place.»	consumed=true
48	tag	?		instruction	«[Type and check] Could this please be recreated, type in the»	after«»	consumed=true
49	table	6x2	«🔴[RED TEXT] Q|🔴[RED TEXT] A // • 19|🔴[RED TEXT] 1 // • 34|🔴[RED TEXT] 3»	consumed=true
50	tag	button	ELEMENT	tag	«[Button]»	after«Check answers»	consumed=true
51	tag	button	ELEMENT	tag	«[Button]»	after«Reset»	consumed=true
52	tag	end activity	CONTAINER_CLOSE	tag	«[End activity]»	after«»	consumed=false
53	tag	activity	CONTAINER_OPEN	tag	«[Activity 2D]»	after«»	consumed=true
54	tag	h3	ELEMENT	tag	«[H3]»	after«Number building»	consumed=true
55	tag	body	ELEMENT	tag	«[Body]»	after«Drag and drop the digit cards to make th»	consumed=true
56	black	«What is the smallest number you can make using these digits?»	consumed=true
57	tag	drag and drop	INTERACTIVE	tag	«[Drag and Drop]»	after«»	consumed=true
58	tag	?		instruction	«Could these cards be created so that they can be dragged and»	after«»	consumed=true
59	tag	body	ELEMENT	tag	«[Body]»	after«Think carefully about the place value to»	consumed=true
60	black	«Say each number you make out loud to your supervisor.»	consumed=true
61	tag	button	ELEMENT	tag	«[Button]»	after«Reset»	consumed=true
62	tag	?		instruction	«[Type and check]»	after«»	consumed=true
63	black	«What is the largest possible number you can make?»	consumed=true
64	tag	?		noise	«Answer 851»	after«»	consumed=true
65	black	«What is the smallest possible number you can make?»	consumed=true
66	tag	?		noise	«Answer 158»	after«»	consumed=true
67	tag	button	ELEMENT	tag	«[Button]»	after«Check answer»	consumed=true
68	tag	supervisor note	CONTAINER_OPEN	tag	«[Supervisor Button top RHS]»	after«To continue practising number and place »	consumed=false
69	tag	end activity	CONTAINER_CLOSE	tag	«[End activity]»	after«»	consumed=false
70	tag	alert	CONTAINER_OPEN	tag	«[Alert]»	after«In this lesson, you have been learning a»	consumed=false
=== page 4.0 isOverview=false items 93
0	tag	heading	ELEMENT	tag	«[Lesson 3 title H1]»	after«Operations»	consumed=false
1	tag	h2	ELEMENT	tag	«[H2]»	after«The four operations»	consumed=false
2	tag	body	ELEMENT	tag	«[Body]»	after«There are four operations in maths that »	consumed=false
3	tag	image	ELEMENT	tag	«[image] Could these signs be recreated and each sign a diffe»	after«»	consumed=false
4	tag	h4	ELEMENT	tag	«[H4]»	after«addition subtraction multiplication divi»	consumed=false
5	tag	body	ELEMENT	tag	«[Body]»	after«Each operation has a special sign and he»	consumed=false
6	tag	h2	ELEMENT	tag	«[H2]»	after«Addition»	consumed=false
7	tag	body	ELEMENT	tag	«[Body]»	after«This is the plus sign.»	consumed=false
8	tag	image	ELEMENT	tag	«[image] Use addition sign created above.»	after«»	consumed=false
9	tag	body	ELEMENT	tag	«[Body]»	after«It means we are putting things together »	consumed=false
10	tag	image	ELEMENT	tag	«[Image] Please recreate using apples from earlier in the mod»	after«»	consumed=false
11	tag	h4	ELEMENT	tag	«[H4]»	after«If you have two apples and get three mor»	consumed=false
12	tag	?		instruction	«To be under image.»	after«»	consumed=false
13	tag	body	ELEMENT	tag	«[Body]»	after«When we talk about addition, you might h»	consumed=false
14	black	«»	consumed=false
15	black	«add plus sum total more increase combine altogether»	consumed=false
16	tag	body	ELEMENT	tag	«[Body]»	after«These all mean we're putting numbers tog»	consumed=false
17	tag	activity	CONTAINER_OPEN	tag	«[Activity 3A]»	after«»	consumed=false
18	tag	h2	ELEMENT	tag	«[H2]»	after«Wordfind»	consumed=false
19	tag	activity	CONTAINER_OPEN	tag	«[Activity body]»	after«Find the word in the puzzle and click on»	consumed=true
20	tag	word find	INTERACTIVE	tag	«[Wordfind] Please create wordfind using these words.»	after«»	consumed=true
21	black	«add, plus, sum, total, more, increase, combine, altogether.»	consumed=true
22	tag	button	ELEMENT	tag	«[Button]»	after«Reset»	consumed=true
23	tag	end activity	CONTAINER_CLOSE	tag	«[End activity]»	after«»	consumed=false
24	tag	h2	ELEMENT	tag	«[H2]»	after«Subtraction»	consumed=false
25	tag	body	ELEMENT	tag	«[Body]»	after«This is the minus sign.»	consumed=false
26	tag	image	ELEMENT	tag	«[image] Use subtraction sign created above.»	after«»	consumed=false
27	tag	body	ELEMENT	tag	«[Body]»	after«It means we're taking things away or fin»	consumed=false
28	tag	image	ELEMENT	tag	«[Image] Please recreate using apples instead of the dots. Ce»	after«»	consumed=false
29	tag	h4	ELEMENT	tag	«[H4] I»	after«f you have five apples and eat two, you'»	consumed=false
30	tag	?		instruction	«To be under image.»	after«»	consumed=false
31	tag	body	ELEMENT	tag	«[Body]»	after«When we talk about subtraction you might»	consumed=false
32	black	«»	consumed=false
33	black	«subtract minus take away difference less decrease fewer how many are l»	consumed=false
34	tag	?		instruction	«‘take away’ and ‘how many are left’. all as one highlight pl»	after«»	consumed=false
35	tag	activity	CONTAINER_OPEN	tag	«[Activity 3B]»	after«»	consumed=false
36	tag	h3	ELEMENT	tag	«[H3]»	after«Subtraction vocabulary»	consumed=false
37	tag	activity	CONTAINER_OPEN	tag	«[Activity body]»	after«Watch this video and learn all about the»	consumed=false
38	tag	video	ELEMENT	tag	«[Video]»	after«https://www.youtube.com/watch?v=uPX08O5T»	consumed=false
39	tag	end activity	CONTAINER_CLOSE	tag	«[End activity]»	after«»	consumed=false
40	tag	h2	ELEMENT	tag	«[H2]»	after«Multiplication»	consumed=false
41	tag	body	ELEMENT	tag	«[Body]»	after«This is the times sign.»	consumed=false
42	tag	image	ELEMENT	tag	«[image] Use multiplication sign created above.»	after«»	consumed=false
43	tag	body	ELEMENT	tag	«[Body]»	after«It means we’re making groups of the same»	consumed=false
44	tag	h4	ELEMENT	tag	«[H4]»	after«3 × 4 = 12.»	consumed=false
45	tag	?		instruction	«Centre above image»	after«»	consumed=false
46	tag	image	ELEMENT	tag	«[Image] Is it possible to have the apples and then the bag p»	after«»	consumed=false
47	black	«https://www.istockphoto.com/vector/doodle-of-mesh-bag-isolated-on-whit»	consumed=false
48	tag	h4	ELEMENT	tag	«[H4]»	after«Three groups»	consumed=false
49	black	«Bags»	consumed=false
50	tag	?		noise	«)»	after«of four apples is twelve apples.»	consumed=false
51	tag	?		instruction	«Centred under image»	after«»	consumed=false
52	tag	body	ELEMENT	tag	«[Body]»	after«When we talk about multiplication, you m»	consumed=false
53	black	«multiply times product groups of array repeated addition»	consumed=false
54	tag	?		instruction	«‘Groups of’ and ‘repeated addition’ to be highlighted as one»	after«»	consumed=false
55	tag	activity	CONTAINER_OPEN	tag	«[Activity 3C]»	after«»	consumed=false
56	tag	h3	ELEMENT	tag	«[H3]»	after«What is multiplication?»	consumed=false
57	tag	activity	CONTAINER_OPEN	tag	«[Activity body]»	after«Watch this video to learn about multipli»	consumed=false
58	tag	video	ELEMENT	tag	«[Video]»	after«https://www.youtube.com/watch?v=dPksJHBZ»	consumed=false
59	tag	end activity	CONTAINER_CLOSE	tag	«[End Activity]»	after«»	consumed=false
60	tag	h2	ELEMENT	tag	«[H2]»	after«Division»	consumed=false
61	tag	body	ELEMENT	tag	«[Body]»	after«This is the division sign.»	consumed=false
62	tag	image	ELEMENT	tag	«[Image] please use division sign created above.»	after«»	consumed=false
63	tag	body	ELEMENT	tag	«[Body]»	after«It means we're sharing equally or findin»	consumed=false
64	tag	h4	ELEMENT	tag	«[H4]»	after«12 ÷ 3 = 4»	consumed=false
65	tag	?		instruction	«Centred above image»	after«»	consumed=false
66	tag	image	ELEMENT	tag	«[Image] Could this please be recreated using the apple image»	after«»	consumed=false
67	black	«https://www.istockphoto.com/vector/cartoon-children-avatar-set-gm82716»	consumed=false
68	black	«https://www.istockphoto.com/vector/hand-drawn-vector-illustration-of-s»	consumed=false
69	tag	h4	ELEMENT	tag	«[H4]»	after«If you have 12 apples and share them wit»	consumed=false
70	tag	?		instruction	«Centred under image»	after«»	consumed=false
71	tag	body	ELEMENT	tag	«[Body]»	after«When we talk about division, you might h»	consumed=false
72	black	«divide, share, equal groups, quotient, split, divided by»	consumed=false
73	tag	?		instruction	«‘equal groups’ and ‘divided by’ to be highlighted as one hig»	after«»	consumed=false
74	tag	activity	CONTAINER_OPEN	tag	«[Activity 3D]»	after«»	consumed=false
75	tag	h3	ELEMENT	tag	«[H3]»	after«Sharing cupcakes»	consumed=false
76	tag	activity	CONTAINER_OPEN	tag	«[Activity body]»	after«Māia baked 15 cupcakes for her birthday »	consumed=true
77	black	«She wants to share them equally among her three best friends. How many»	consumed=true
78	black	«Click on the cupcake and share them out equally between Māia’s friends»	consumed=true
79	tag	drag and drop	INTERACTIVE	tag	«[Drag and Drop] Can the image please be recreated and the cu»	after«»	consumed=true
80	tag	?		instruction	«Answer is 5 cupcakes on each plate»	after«»	consumed=true
81	black	«https://www.istockphoto.com/photo/white-ceramic-plate-isolated-on-whit»	consumed=true
82	black	«https://www.istockphoto.com/vector/cartoon-cupcake-icon-gm2098226151-5»	consumed=true
83	tag	button	ELEMENT	tag	«[Button]»	after«Check answer»	consumed=true
84	tag	button	ELEMENT	tag	«[Button]»	after«Reset»	consumed=true
85	tag	end activity	CONTAINER_CLOSE	tag	«[End activity]»	after«»	consumed=false
86	tag	activity	CONTAINER_OPEN	tag	«[Activity 3E]»	after«»	consumed=false
87	tag	h3	ELEMENT	tag	«[H3]»	after«Vocabulary quiz»	consumed=false
88	tag	activity	CONTAINER_OPEN	tag	«[Activity body]»	after«Choose the best answer for each question»	consumed=true
89	tag	mcq	INTERACTIVE	tag	«[Multichoice quiz] to trigger MTK engagement»	after«»	consumed=true
90	table	11x2	«🔴[RED TEXT] Q|🔴[RED TEXT] A // • What does ‘*|A. The answer  // • What does ‘*|🔴[RED TEXT] A»	consumed=true
91	tag	end activity	CONTAINER_CLOSE	tag	«[End activity]»	after«»	consumed=false
92	tag	alert	CONTAINER_OPEN	tag	«[Alert]»	after«In this lesson, you have been learning a»	consumed=false
=== page 5.0 isOverview=false items 101
0	tag	heading	ELEMENT	tag	«[Lesson 4 title H1]»	after«Fractions»	consumed=false
1	tag	h2	ELEMENT	tag	«[H2]»	after«What are fractions?»	consumed=false
2	tag	body	ELEMENT	tag	«[Body]»	after«Fractions are numbers that show parts of»	consumed=false
3	black	«They can be written with:»	consumed=false
4	black	«•»	consumed=false
5	tag	body	ELEMENT	tag	«[body]»	after«words»	consumed=false
6	tag	image	ELEMENT	tag	«[Image] can this please be written in coloured text similar »	after«»	consumed=false
7	black	«•»	consumed=false
8	tag	body	ELEMENT	tag	«[body]»	after«pictures»	consumed=false
9	tag	image	ELEMENT	tag	«[Image] please recreate»	after«»	consumed=false
10	black	«•»	consumed=false
11	tag	body	ELEMENT	tag	«[body]»	after«or symbols.»	consumed=false
12	tag	image	ELEMENT	tag	«[image] please recreate»	after«»	consumed=false
13	tag	body	ELEMENT	tag	«[Body]»	after«Fractions are made up of a numerator and»	consumed=false
14	tag	image	ELEMENT	tag	«[Image] please recreate»	after«»	consumed=false
15	tag	body	ELEMENT	tag	«[Body]»	after«Fractions are parts of a whole. Fraction»	consumed=false
16	tag	supervisor note	CONTAINER_OPEN	tag	«[Supervisor button RHS]»	after«Encouraging our tamariki»	consumed=false
17	black	«Children»	consumed=false
18	tag	?		noise	«)»	after«to see fractions in everyday life can ma»	consumed=false
19	tag	activity	CONTAINER_OPEN	tag	«[Activity 4A]»	after«»	consumed=false
20	tag	h3	ELEMENT	tag	«[H3]»	after«Fractions as part of a whole»	consumed=false
21	tag	body	ELEMENT	tag	«[Body]»	after«Watch this video to learn more about fra»	consumed=false
22	tag	video	ELEMENT	tag	«[Video]»	after«Fractions are Parts of a Whole | Jack Ha»	consumed=false
23	tag	end activity	CONTAINER_CLOSE	tag	«[Activity end]»	after«»	consumed=false
24	tag	activity	CONTAINER_OPEN	tag	«[Activity 4B]»	after«»	consumed=false
25	tag	h3	ELEMENT	tag	«[H3]»	after«Fraction match-up»	consumed=false
26	tag	activity	CONTAINER_OPEN	tag	«[Activity body]»	after«Drag the fraction picture to match it wi»	consumed=true
27	tag	drag and drop	INTERACTIVE	tag	«[Drag and drop]»	after«»	consumed=true
28	black	«https://www.istockphoto.com/vector/fraction-mathematics-fraction-calcu»	consumed=true
29	tag	?		instruction	«Images have been taken from this set»	after«»	consumed=true
30	tag	?		instruction	«Could the images please be able to be dragged and dropped to»	after«»	consumed=true
31	table	7x2	«• 1 / one whol| // • 1/2 / one ha| // • 1/3 / one th|»	consumed=true
32	tag	button	ELEMENT	tag	«[Button]»	after«Check answers»	consumed=true
33	tag	button	ELEMENT	tag	«[Button]»	after«Reset»	consumed=true
34	tag	end activity	CONTAINER_CLOSE	tag	«[End activity]»	after«»	consumed=false
35	tag	h2	ELEMENT	tag	«[H2]»	after«Finding fractions of amounts»	consumed=false
36	tag	body	ELEMENT	tag	«[Body]»	after«Finding a fraction of different amounts »	consumed=false
37	black	«Look at these six icecreams.»	consumed=false
38	black	«½ of this group is three. This is the same as dividing six by three.»	consumed=false
39	tag	image	ELEMENT	tag	«[Image] Please recreate»	after«»	consumed=false
40	black	«https://www.istockphoto.com/vector/ice-creams-tasty-sweet-summer-delic»	consumed=false
41	tag	activity	CONTAINER_OPEN	tag	«[Activity 4C]»	after«»	consumed=true
42	tag	h3	ELEMENT	tag	«[H3]»	after«Fractions of amounts»	consumed=true
43	tag	body	ELEMENT	tag	«[body]»	after«Find the fraction amounts and type in th»	consumed=true
44	tag	?		instruction	«[Type and check] Could this please be recreated as a type an»	after«»	consumed=true
45	table	6x3	«🔴[RED TEXT] Q|🔴[RED TEXT] Q|🔴[RED TEXT] A // 1.|🔴[RED TEXT] [| // 2.|🔴[RED TEXT] [|🔴[RED TEXT] 8»	consumed=true
46	tag	button	ELEMENT	tag	«[Button]»	after«Check answers»	consumed=true
47	tag	button	ELEMENT	tag	«[Button]»	after«Reset»	consumed=true
48	tag	end activity	CONTAINER_CLOSE	tag	«[End activity]»	after«»	consumed=false
49	tag	h2	ELEMENT	tag	«[H2]»	after«Comparing fractions»	consumed=false
50	tag	body	ELEMENT	tag	«[Body]»	after«Comparing fractions is about figuring ou»	consumed=false
51	tag	body	ELEMENT	tag	«[Body]»	after«A fraction wall is another way to show f»	consumed=false
52	black	«Watch this video to learn more about fraction walls.»	consumed=false
53	tag	video	ELEMENT	tag	«[Video]»	after«https://www.youtube.com/watch?v=58xRM3c-»	consumed=false
54	tag	?		instruction	«start from 20 seconds»	after«»	consumed=false
55	tag	activity	CONTAINER_OPEN	tag	«[Activity 4D]»	after«»	consumed=false
56	tag	h2	ELEMENT	tag	«[H2]»	after«Build a fraction wall»	consumed=false
57	tag	activity	CONTAINER_OPEN	tag	«[Activity body]»	after«Click on the fraction pieces to build th»	consumed=false
58	tag	supervisor note	CONTAINER_OPEN	tag	«[Supervisor button RHS]»	after«The fraction wall helps your ākonga see »	consumed=false
59	black	«The same.»	consumed=false
60	tag	?		noise	«)»	after«»	consumed=false
61	tag	drag and drop	INTERACTIVE	tag	«[Drag and Drop] [Image]Can this be recreated? the image belo»	after«»	consumed=true
62	tag	button	ELEMENT	tag	«[Button]»	after«Reset»	consumed=true
63	tag	activity	CONTAINER_OPEN	tag	«[Activity body]»	after«By using the fraction wall you can see h»	consumed=false
64	tag	image	ELEMENT	tag	«[Image] Please recreate»	after«»	consumed=false
65	tag	activity	CONTAINER_OPEN	tag	«[Activity body]»	after«Or how two quarters are the same as one »	consumed=false
66	tag	image	ELEMENT	tag	«[Image] Please recreate»	after«»	consumed=false
67	tag	activity	CONTAINER_OPEN	tag	«[Activity body]»	after«A fraction wall helps you compare fracti»	consumed=false
68	tag	end activity	CONTAINER_CLOSE	tag	«[End Activity]»	after«»	consumed=false
69	tag	activity	CONTAINER_OPEN	tag	«[Activity 4E]»	after«»	consumed=true
70	tag	h2	ELEMENT	tag	«[H2]»	after«Which fraction is larger?»	consumed=true
71	tag	body	ELEMENT	tag	«[Body]»	after«Use the fraction wall to check the box o»	consumed=true
72	tag	image	ELEMENT	tag	«[Image] please create, can there please be no white in betwe»	after«»	consumed=true
73	tag	mcq	INTERACTIVE	tag	«[Multi- choice quiz]»	after«»	consumed=true
74	table	7x2	«🔴[RED TEXT] Q|🔴[RED TEXT] A // • ¼ or 3/8|🔴[RED TEXT] 3 // • 2/8 or 1/2|🔴[RED TEXT] 1»	consumed=true
75	tag	button	ELEMENT	tag	«[Button]»	after«Check answers»	consumed=true
76	tag	button	ELEMENT	tag	«[Button]»	after«Reset»	consumed=true
77	tag	end activity	CONTAINER_CLOSE	tag	«[End activity]»	after«»	consumed=false
78	tag	h2	ELEMENT	tag	«[H2]»	after«Adding fractions with the same denominat»	consumed=false
79	tag	body	ELEMENT	tag	«[Body]»	after«When adding fractions with the same deno»	consumed=false
80	black	«Top number.»	consumed=false
81	tag	?		noise	«)»	after«and keep the denominator»	consumed=false
82	black	«Bottom number.»	consumed=false
83	tag	?		noise	«)»	after«the same.»	consumed=false
84	tag	image	ELEMENT	tag	«[Image] could this please be recreated»	after«»	consumed=false
85	tag	activity	CONTAINER_OPEN	tag	«[Activity 4F]»	after«»	consumed=true
86	tag	h3	ELEMENT	tag	«[H3]»	after«Adding fractions»	consumed=true
87	tag	body	ELEMENT	tag	«[Body]»	after«Add the two fractions together and then »	consumed=true
88	black	«Remember, when we add two fractions with the same denominator, the den»	consumed=true
89	tag	drag and drop	INTERACTIVE	tag	«[Drag and drop] Could the images in this please be recreated»	after«»	consumed=true
90	table	9x2	«🔴[RED TEXT] Q|🔴[RED TEXT] A // A. / ¼ + 2/4| // B. / 2/6 + 3/6|🔴[RED TEXT] 5»	consumed=true
91	tag	button	ELEMENT	tag	«[Button]»	after«Check answers»	consumed=true
92	tag	button	ELEMENT	tag	«[Button]»	after«Reset»	consumed=true
93	tag	end activity	CONTAINER_CLOSE	tag	«[End activity]»	after«»	consumed=false
94	tag	activity	CONTAINER_OPEN	tag	«[Activity 4G]»	after«»	consumed=false
95	tag	h3	ELEMENT	tag	«[H3]»	after«Fractions»	consumed=false
96	tag	activity	CONTAINER_OPEN	tag	«[Activity body]»	after«Choose the correct answer to show your u»	consumed=true
97	tag	mcq	INTERACTIVE	tag	«[Multi-choice quiz] Trigger MTK engagement»	after«»	consumed=true
98	table	11x2	«🔴[RED TEXT] Q|🔴[RED TEXT] A // 1. What is the|🔴[RED TEXT] A // 2. What is the|A. 5 🔴[RED TE»	consumed=true
99	tag	end activity	CONTAINER_CLOSE	tag	«[End activity]»	after«»	consumed=false
100	tag	alert	CONTAINER_OPEN	tag	«[Alert]»	after«In this lesson, you have been exploring »	consumed=false
=== page 6.0 isOverview=false items 4
0	tag	?		instruction	«[PHASE 2]»	after«»	consumed=false
1	tag	lesson content	SECTION_MARKER	tag	«[Fundamental 1 code]»	after«MXFUN01»	consumed=false
2	tag	title bar	SECTION_MARKER	tag	«[Title]»	after«Number»	consumed=false
3	tag	lesson content	SECTION_MARKER	tag	«[Fundamental content]»	after«»	consumed=false
=== page 6.1 isOverview=false items 4
0	tag	body	ELEMENT	tag	«[Body]»	after«Numbers are more than just symbols; they»	consumed=false
1	black	«Click on the links below to explore the various skills within the Numb»	consumed=false
2	tag	?		instruction	«Could the below images and heading text underneath be spread»	after«»	consumed=false
3	table	1x4	«🔴[RED TEXT] [|🔴[RED TEXT] [|🔴[RED TEXT] [|🔴[RED TEXT] [»	consumed=true
=== page 6.2 isOverview=false items 118
0	tag	heading	ELEMENT	tag	«[Lesson 1 title H1]»	after«Number Sense»	consumed=false
1	tag	h2	ELEMENT	tag	«[H2]»	after«Reading and writing numbers»	consumed=false
2	tag	body	ELEMENT	tag	«[Body]»	after«When we read numbers we go left to right»	consumed=false
3	tag	image	ELEMENT	tag	«[Image] Please recreate this image, has been made in canva»	after«»	consumed=false
4	tag	body	ELEMENT	tag	«[Body]»	after«In words, this number is one thousand fo»	consumed=false
5	tag	?		instruction	«Can this text please be centred under the above image.»	after«»	consumed=false
6	tag	body	ELEMENT	tag	«[Body]»	after«We read and write large numbers in group»	consumed=false
7	tag	image	ELEMENT	tag	«[Image] Please recreate this image, has been made in canva»	after«»	consumed=false
8	tag	body	ELEMENT	tag	«[Body]»	after«In words, this number is three hundred a»	consumed=false
9	tag	?		instruction	«Can this text please be centred under the above image.»	after«»	consumed=false
10	tag	activity	CONTAINER_OPEN	tag	«[Activity 1A]»	after«»	consumed=false
11	tag	h3	ELEMENT	tag	«[H3]»	after«Numbers and words»	consumed=false
12	tag	supervisor note	CONTAINER_OPEN	tag	«[Supervisor button RHS]»	after«As your ākonga explores numbers up to on»	consumed=false
13	black	«Please encourage your ākonga to read numbers they are working with out»	consumed=false
14	tag	activity	CONTAINER_OPEN	tag	«[Activity body]»	after«Match the number in words to the digits »	consumed=true
15	tag	drag and drop	INTERACTIVE	tag	«[Drag and Drop] Please could the words be stationery and the»	after«»	consumed=true
16	table	11x2	«🔴[RED TEXT] Q|🔴[RED TEXT] A // • One thousand|1,332 // • Four thousan|4,699»	consumed=true
17	tag	button	ELEMENT	tag	«[Button]»	after«Check answers»	consumed=true
18	tag	button	ELEMENT	tag	«[Button]»	after«Reset»	consumed=true
19	tag	end activity	CONTAINER_CLOSE	tag	«[End activity]»	after«»	consumed=false
20	tag	h2	ELEMENT	tag	«[H2]»	after«Ascending and descending order»	consumed=false
21	tag	body	ELEMENT	tag	«[Body]»	after«Understanding number order helps you com»	consumed=false
22	black	«We can order numbers in ascending order, or descending order.»	consumed=false
23	tag	image	ELEMENT	tag	«[Image] Can this please be recreated in colour a different c»	after«»	consumed=false
24	tag	activity	CONTAINER_OPEN	tag	«[Activity 1B]»	after«»	consumed=false
25	tag	h3	ELEMENT	tag	«[H3]»	after«Ascending order»	consumed=false
26	tag	activity	CONTAINER_OPEN	tag	«[Activity body]»	after«Arrange these numbers in **ascending** o»	consumed=true
27	tag	image	ELEMENT	tag	«[Image] Could I please get an arrow like in the above diagra»	after«»	consumed=true
28	tag	reorder	INTERACTIVE	tag	«[Reorder interactive] Could the following numbers please be »	after«»	consumed=true
29	black	«1. 1234 2567 3 890 4 321 5 678 6 789»	consumed=true
30	black	«1. 4 012 4 145 4 278 4 298 4 512 4 654»	consumed=true
31	black	«1. 51 204 52 367 53 489 54 602 54 635 58 935»	consumed=true
32	black	«1. 12 698 46 827 98 652 115 468 250 015 468 457»	consumed=true
33	tag	button	ELEMENT	tag	«[Button]»	after«Check answers»	consumed=true
34	tag	button	ELEMENT	tag	«[Button]»	after«Reset»	consumed=true
35	tag	end activity	CONTAINER_CLOSE	tag	«[End activity]»	after«»	consumed=false
36	tag	activity	CONTAINER_OPEN	tag	«[Activity 1C]»	after«»	consumed=false
37	tag	h3	ELEMENT	tag	«[H3]»	after«Descending order»	consumed=false
38	tag	activity	CONTAINER_OPEN	tag	«[Activity body]»	after«Arrange these numbers in **descending** »	consumed=true
39	tag	image	ELEMENT	tag	«[Image] Could I please get an arrow like in the above diagra»	after«»	consumed=true
40	tag	reorder	INTERACTIVE	tag	«[Reorder interactive] Could the following numbers please be »	after«»	consumed=true
41	black	«1. 8 276 7 892 5 643 3 457 2 109»	consumed=true
42	black	«1. 9 832 7 465 6 321 4 908 3 157»	consumed=true
43	black	«1. 98 765 87 654 76 543 65 432 54 321»	consumed=true
44	black	«1. 987 654 234 567 123 456 67 890 34 567»	consumed=true
45	tag	button	ELEMENT	tag	«[Button]»	after«Check answers»	consumed=true
46	tag	button	ELEMENT	tag	«[Button]»	after«Reset»	consumed=true
47	tag	end activity	CONTAINER_CLOSE	tag	«[End activity]»	after«»	consumed=false
48	tag	h2	ELEMENT	tag	«[H2]»	after«Factors»	consumed=false
49	tag	body	ELEMENT	tag	«[Body]»	after«Factors are numbers that are multiplied »	consumed=false
50	tag	image	ELEMENT	tag	«[Image] Could I please get something like this created so it»	after«»	consumed=false
51	tag	body	ELEMENT	tag	«[Body]»	after«Watch this video to learn about factors »	consumed=false
52	tag	video	ELEMENT	tag	«[Video]»	after«»	consumed=false
53	black	«https://www.youtube.com/watch?v=jn-faSlOabA **What Are Factors and How»	consumed=false
54	tag	activity	CONTAINER_OPEN	tag	«[Activity 1D]»	after«»	consumed=true
55	tag	h3	ELEMENT	tag	«[H3]»	after«Factors of 24»	consumed=true
56	tag	body	ELEMENT	tag	«[Body]»	after«Twenty-four can be arranged in many diff»	consumed=true
57	tag	?		instruction	«[Type and Check] Could these images please be recreated. The»	after«»	consumed=true
58	table	4x2	«🔴[RED TEXT] 1 // 🔴[RED TEXT] 2 // 🔴[RED TEXT] 3|🔴[RED TEXT] 4»	consumed=true
59	tag	button	ELEMENT	tag	«[Button]»	after«Check answers»	consumed=true
60	tag	button	ELEMENT	tag	«[Button]»	after«Reset»	consumed=true
61	tag	end activity	CONTAINER_CLOSE	tag	«[End activity]»	after«»	consumed=false
62	tag	h2	ELEMENT	tag	«[H2]»	after«Multiples»	consumed=false
63	tag	body	ELEMENT	tag	«[Body]»	after«A multiple is a number you get when you »	consumed=false
64	black	«For example, the multiples of three include 3, 6, 9, and 12, because y»	consumed=false
65	black	«Watch this video to learn more about multiples.»	consumed=false
66	tag	video	ELEMENT	tag	«[Video]»	after«https://www.youtube.com/watch?v=6RGVTehn»	consumed=false
67	tag	activity	CONTAINER_OPEN	tag	«[Activity 1F]»	after«»	consumed=false
68	tag	h3	ELEMENT	tag	«[H3]»	after«Factors and multiples game»	consumed=false
69	tag	activity	CONTAINER_OPEN	tag	«[Activity body]»	after«Click on the link below for a printable »	consumed=false
70	tag	button	ELEMENT	tag	«[Button link to PDF]»	after«Game https://www.twinkl.co.nz/resource/f»	consumed=false
71	tag	end activity	CONTAINER_CLOSE	tag	«[End activity]»	after«»	consumed=false
72	tag	h2	ELEMENT	tag	«[H2]»	after«Square numbers»	consumed=false
73	tag	body	ELEMENT	tag	«[Body]»	after«A square number is what you get when you»	consumed=false
74	tag	image	ELEMENT	tag	«[Image]»	after«please recreate»	consumed=false
75	tag	body	ELEMENT	tag	«[Body]»	after«Four is a square number because it's two»	consumed=false
76	black	«2 x 2 = 4.»	consumed=false
77	black	«It's like making a perfect square shape with that number of dots.»	consumed=false
78	tag	carousel	INTERACTIVE	tag	«[Slideshow]»	after«https://www.twinkl.co.nz/resource/introd»	consumed=true
79	tag	?		instruction	«Can we please use this slideshow.»	after«»	consumed=true
80	tag	activity	CONTAINER_OPEN	tag	«[Activity 1G]»	after«»	consumed=false
81	tag	h3	ELEMENT	tag	«[H3]»	after«Square number maze»	consumed=false
82	tag	activity	CONTAINER_OPEN	tag	«[Activity body]»	after«Help JJ the dog get to his bone. Start a»	consumed=false
83	tag	alert	CONTAINER_OPEN	tag	«[Alert box]»	after«Handy hint: A multiplication square is a»	consumed=false
84	tag	button	ELEMENT	tag	«[Button to PDF]»	after«Multiplication square»	consumed=false
85	tag	?		instruction	«Can this please be in the alert box.»	after«https://www.twinkl.co.nz/resource/t-n-01»	consumed=false
86	tag	flip card	INTERACTIVE	tag	«[Flipcards] Is it possible to create this So that the number»	after«»	consumed=true
87	table	9x8	«🔴[RED TEXT] [|🔴[RED TEXT] 6|🔴[RED TEXT] 1|🔴[RED TEXT] 1|14|112|70 // 5|27|12|19|🔴[RED TEXT] 2|31|95|68 // 57|11|32|7|🔴[RED TEXT] 8|39|53|30»	consumed=true
88	tag	end activity	CONTAINER_CLOSE	tag	«[End activity]»	after«»	consumed=false
89	tag	h2	ELEMENT	tag	«[H2]»	after«Rounding to the nearest 10, 100, or 1,00»	consumed=false
90	tag	body	ELEMENT	tag	«[Body]»	after«Rounding makes big numbers easier to wor»	consumed=false
91	black	«If it’s five or more, you round up.»	consumed=false
92	black	«If it’s four or down, you round down.»	consumed=false
93	tag	image	ELEMENT	tag	«[Image] Please use visual that was created in phase 1, page »	after«»	consumed=false
94	tag	body	ELEMENT	tag	«[Body]»	after«Watch this video to learn more about rou»	consumed=false
95	tag	video	ELEMENT	tag	«[Video]»	after«»	consumed=false
96	black	«https://www.youtube.com/watch?v=KkswD4iPyO0 **Step by Step Rounding | »	consumed=false
97	tag	activity	CONTAINER_OPEN	tag	«[Activity 1H]»	after«»	consumed=true
98	tag	h3	ELEMENT	tag	«[H3]»	after«Rounding whole numbers»	consumed=true
99	tag	activity	CONTAINER_OPEN	tag	«[Activity body] Round these whole numbers to the nearest 10,»	after«»	consumed=true
100	tag	?		instruction	«[Type and check]»	after«»	consumed=true
101	table	6x4	«**Number**|**Nearest 10**|**Nearest 100*|**Nearest 1000 // 567|570|600|1 000 // 673|🔴[RED TEXT] 6|🔴[RED TEXT] 7|🔴[RED TEXT] 1»	consumed=true
102	tag	button	ELEMENT	tag	«[Button]»	after«Check answers»	consumed=true
103	tag	button	ELEMENT	tag	«[Button]»	after«Reset»	consumed=true
104	tag	end activity	CONTAINER_CLOSE	tag	«[End activity]»	after«»	consumed=false
105	tag	h2	ELEMENT	tag	«[H2]»	after«Rounding decimals»	consumed=false
106	tag	body	ELEMENT	tag	«[Body]»	after«Watch this video to learn how to round d»	consumed=false
107	tag	video	ELEMENT	tag	«[Video]»	after«https://www.youtube.com/watch?v=xJIBA2L_»	consumed=false
108	tag	activity	CONTAINER_OPEN	tag	«[Activity 1G]»	after«»	consumed=false
109	tag	h3	ELEMENT	tag	«[H3]»	after«Rounding to the nearest tenth»	consumed=false
110	tag	activity	CONTAINER_OPEN	tag	«[Activity body]»	after«Flip those cards that can be rounded to »	consumed=true
111	black	«Hint: There are two correct answers in each row.»	consumed=true
112	tag	flip card	INTERACTIVE	tag	«[Flip cards]»	after«Could the numbers be face up, when the c»	consumed=true
113	table	3x6	«**5.1**|🔴[RED TEXT] 5|5.18|6.01|🔴[RED TEXT] 5|5.01 // **13.3**|13.44|13.36|🔴[RED TEXT] 1|13.11|🔴[RED TEXT] 1 // **10.4**|10.11|10.51|10.49|🔴[RED TEXT] 1|🔴[RED TEXT] 1»	consumed=true
114	tag	button	ELEMENT	tag	«[Button]»	after«Check answers»	consumed=true
115	tag	button	ELEMENT	tag	«[Button]»	after«Reset»	consumed=true
116	tag	end activity	CONTAINER_CLOSE	tag	«[End activity]»	after«»	consumed=false
117	tag	alert	CONTAINER_OPEN	tag	«[Alert]»	after«In this lesson, you have been exploring »	consumed=false
=== page 6.3 isOverview=false items 78
0	tag	heading	ELEMENT	tag	«[Lesson 2 title H1]»	after«Place value»	consumed=false
1	tag	h2	ELEMENT	tag	«[H2]»	after«Base 10 system»	consumed=false
2	tag	body	ELEMENT	tag	«[Body]»	after«Our numbers are built using the base 10s»	consumed=false
3	black	«Let’s look at the number **3,482**»	consumed=false
4	tag	body	ELEMENT	tag	«[Body] Could this text please be centred under the above ima»	after«»	consumed=false
5	black	«The **3** is in the **thousands** place, meaning its **value** is **3,»	consumed=false
6	black	«The **4** is in the **hundreds** place, meaning its **value** is **400»	consumed=false
7	black	«The **8** is in the **tens** place, meaning its **value** is **80**.»	consumed=false
8	black	«The **2** is in the **ones** place, meaning its **value** is **2.**»	consumed=false
9	tag	activity	CONTAINER_OPEN	tag	«[Activity 2A]»	after«»	consumed=true
10	tag	h3	ELEMENT	tag	«[H3]»	after«Whole numbers to one million»	consumed=true
11	tag	activity	CONTAINER_OPEN	tag	«[Activity body]»	after«Fill in the place value chart for each n»	consumed=true
12	tag	?		instruction	«[Type and Check] I couldn’t type the numbers in the table fi»	after«»	consumed=true
13	table	6x8	«| // 23 / 456|||🔴[RED TEXT] 2|🔴[RED TEXT] 3|🔴[RED TEXT] 4|🔴[RED TEXT] 5|🔴[RED TEXT] 6 // 89 / 012|||🔴[RED TEXT] 8|🔴[RED TEXT] 9|🔴[RED TEXT] 0|🔴[RED TEXT] 1|🔴[RED TEXT] 2»	consumed=true
14	tag	button	ELEMENT	tag	«[Button]»	after«Check answers»	consumed=true
15	tag	button	ELEMENT	tag	«[Button]»	after«Reset»	consumed=true
16	tag	end activity	CONTAINER_CLOSE	tag	«[End Activity]»	after«»	consumed=false
17	tag	h2	ELEMENT	tag	«[H2]»	after«Decimal place value»	consumed=false
18	tag	body	ELEMENT	tag	«[Body]»	after«Decimals are numbers that come between w»	consumed=false
19	tag	image	ELEMENT	tag	«[Image] please can something like this be recreated, the mar»	after«»	consumed=false
20	tag	body	ELEMENT	tag	«[Body»	after«] 10.4 is in between the numbers 10 and »	consumed=false
21	black	«Decimals are fractions with powers of 10as their denominators.»	consumed=false
22	black	«We can divide a whole in 10 parts. These are called tenths.»	consumed=false
23	black	«We can divide a whole into one hundred parts. These are called hundred»	consumed=false
24	black	«Hundredths are made up of 10 lots of tenths.»	consumed=false
25	tag	image	ELEMENT	tag	«[Image] please can this be recreated. Could the shaded parts»	after«»	consumed=false
26	tag	body	ELEMENT	tag	«[Body]»	after«Watch video to learn more about decimal »	consumed=false
27	tag	video	ELEMENT	tag	«[Video]»	after«**https://www.youtube.com/watch?v=KrAQne»	consumed=false
28	tag	image	ELEMENT	tag	«[Image] Please could this image be recreated. Could the grey»	after«»	consumed=false
29	tag	body	ELEMENT	tag	«[Body] Can this please be written above the decimal image al»	after«Fractions can be written as decimals. As»	consumed=false
30	tag	important	CONTAINER_OPEN	tag	«[Important box RHS]»	after«Take care when reading the values of dec»	consumed=false
31	black	«**4.2** means **4 wholes** and **2 tenths**.»	consumed=false
32	black	«**4.20** means **4 wholes**, **2 tenths** and **0 hundredths**. The la»	consumed=false
33	black	«**4.02** means **4 wholes**, **0 tenths**, and **2 hundredths**.»	consumed=false
34	tag	activity	CONTAINER_OPEN	tag	«[Activity 2B]»	after«»	consumed=true
35	tag	h3	ELEMENT	tag	«[H3]»	after«Tenths, hundredth, and decimals»	consumed=true
36	tag	activity	CONTAINER_OPEN	tag	«[Activity body]»	after«Type the correct number of tenths and hu»	consumed=true
37	black	«[Type and check] could the images please be recreated. Coloured in pur»	consumed=true
38	table	3x3	«|Tenths|🔴[RED TEXT] 2 // |Hundredths|🔴[RED TEXT] 2 // |Decimal|🔴[RED TEXT] 0»	consumed=true
39	table	3x3	«|Tenths|🔴[RED TEXT] 6 // |Hundredths|🔴[RED TEXT] 6 // |Decimal|🔴[RED TEXT] 0»	consumed=true
40	table	2x3	«|Hundredths|🔴[RED TEXT] 1 // |Decimal|🔴[RED TEXT] 0»	consumed=true
41	table	2x3	«|Hundredths|🔴[RED TEXT] 2 // |Decimal|🔴[RED TEXT] 0»	consumed=true
42	tag	button	ELEMENT	tag	«[Button]»	after«Check answers»	consumed=true
43	tag	button	ELEMENT	tag	«[Button]»	after«Reset»	consumed=true
44	tag	end activity	CONTAINER_CLOSE	tag	«[End activity]»	after«»	consumed=false
45	tag	body	ELEMENT	tag	«[Body]»	after«Just as our numbers get larger as we mov»	consumed=false
46	tag	image	ELEMENT	tag	«[Image] Please could this be recreated.»	after«»	consumed=false
47	tag	body	ELEMENT	tag	«[Body»	after«] In the number **5.12**, the **5** is i»	consumed=false
48	black	«The **decimal point** tells us we are moving into parts of whole numbe»	consumed=false
49	black	«The **1** is in the **tenths** column, its **value** is **0.1** or **1»	consumed=false
50	black	«The **2** is in the **hundredths** column, its **value** is **0.02** o»	consumed=false
51	black	«We read this number from left to right, and we say it as ‘**Five point»	consumed=false
52	tag	activity	CONTAINER_OPEN	tag	«[Activity 2C] Trigger MTK engagement.»	after«»	consumed=false
53	tag	h3	ELEMENT	tag	«[H3]»	after«What is the value?»	consumed=false
54	tag	activity	CONTAINER_OPEN	tag	«[Activity body]»	after«Use the place value chart to help you an»	consumed=true
55	tag	mcq	INTERACTIVE	tag	«[Mutlichoice quiz]»	after«»	consumed=true
56	tag	?		instruction	«Trigger MTK engagement. Correct answers are in red.»	after«»	consumed=true
57	table	11x2	«🔴[RED TEXT] Q|🔴[RED TEXT] A // • What is the |A. 8 B. 0.8 C. // • What is the |A. 4 B. 0.4 C.»	consumed=true
58	tag	button	ELEMENT	tag	«[Button] Check answers»	after«»	consumed=true
59	tag	end activity	CONTAINER_CLOSE	tag	«[End activity]»	after«»	consumed=false
60	tag	h2	ELEMENT	tag	«[H2]»	after«Powers of 10»	consumed=false
61	tag	body	ELEMENT	tag	«[Body] Can this please be recreated.»	after«»	consumed=false
62	tag	body	ELEMENT	tag	«[Body]»	after«When we multiply or divide by powers of »	consumed=false
63	black	«10, 100, 1,000 ...»	consumed=false
64	tag	?		noise	«)»	after«, each digit in a number shifts in the p»	consumed=false
65	black	«Watch this video to learn more.»	consumed=false
66	tag	video	ELEMENT	tag	«[Video]»	after«»	consumed=false
67	black	«How To Multiply And Divide By 10 100 And 1000 MADE EASY! - YouTube **H»	consumed=false
68	tag	activity	CONTAINER_OPEN	tag	«[Activity 2D]»	after«»	consumed=true
69	tag	h3	ELEMENT	tag	«[H3]»	after«Multiplying and dividing by powers of 10»	consumed=true
70	tag	activity	CONTAINER_OPEN	tag	«[Activity body]»	after«Complete this table. Print a place value»	consumed=true
71	tag	button	ELEMENT	tag	«[Button link to PDF]»	after«Place value chart https://www.twinkl.co.»	consumed=true
72	tag	?		instruction	«[Type and check] Can this please be created. Answers are in »	after«»	consumed=true
73	table	6x5	«|**x10**|**x100**|**÷10**|**÷100** // 507|🔴[RED TEXT] 5|🔴[RED TEXT] 5|🔴[RED TEXT] 5|🔴[RED TEXT] 5 // 17.6|🔴[RED TEXT] 1|🔴[RED TEXT] 1|🔴[RED TEXT] 1|🔴[RED TEXT] 0»	consumed=true
74	tag	button	ELEMENT	tag	«[Button]»	after«Check answers»	consumed=true
75	tag	button	ELEMENT	tag	«[Button]»	after«Reset»	consumed=true
76	tag	end activity	CONTAINER_CLOSE	tag	«[End activity]»	after«»	consumed=false
77	tag	alert	CONTAINER_OPEN	tag	«[Alert]»	after«In this lesson, you have been exploring »	consumed=false
=== page 6.4 isOverview=false items 60
0	tag	heading	ELEMENT	tag	«[Lesson 3 title H1]»	after«Operations»	consumed=false
1	tag	h2	ELEMENT	tag	«[H2]»	after«Multiplication facts»	consumed=false
2	tag	body	ELEMENT	tag	«[Body]»	after«Knowing your times tables by heart is im»	consumed=false
3	black	«Here are some multiplication charts you can use to help you learn your»	consumed=false
4	tag	button	ELEMENT	tag	«[Button to PDF]»	after«Multiplication square https://www.twinkl»	consumed=false
5	tag	button	ELEMENT	tag	«[Button to PDF]»	after«Times table poster https://www.twinkl.co»	consumed=false
6	tag	important	CONTAINER_OPEN	tag	«[Important info box top RHS]»	after«Knowing your times tables helps with div»	consumed=false
7	tag	h2	ELEMENT	tag	«[H2]»	after«Problem solving»	consumed=false
8	tag	body	ELEMENT	tag	«[Body]»	after«Understanding word problems in maths is »	consumed=false
9	black	«When we are reading word problems it is important to understand the vo»	consumed=false
10	tag	activity	CONTAINER_OPEN	tag	«[Activity 3B]»	after«»	consumed=false
11	tag	h3	ELEMENT	tag	«[H3]»	after«Maths operations vocabulary sorting»	consumed=false
12	tag	activity	CONTAINER_OPEN	tag	«[Activity body]»	after«Sort these words into the correct boxes »	consumed=true
13	tag	drag and drop	INTERACTIVE	tag	«[Drag and drop] Can this please be created with the words ab»	after«»	consumed=true
14	tag	?		instruction	«Could the operation images from phase 1 lesson 3 please be u»	after«»	consumed=true
15	table	2x2	«🔴[RED TEXT] +|🔴[RED TEXT] - // 🔴[RED TEXT] X|🔴[RED TEXT] ÷»	consumed=true
16	tag	button	ELEMENT	tag	«[Button]»	after«Check answers»	consumed=true
17	tag	button	ELEMENT	tag	«[Button]»	after«Reset»	consumed=true
18	tag	end activity	CONTAINER_CLOSE	tag	«[End activity]»	after«»	consumed=false
19	tag	body	ELEMENT	tag	«[Body]»	after«Watch this video for some great tips on »	consumed=false
20	tag	video	ELEMENT	tag	«[Video]»	after«https://www.youtube.com/watch?v=kn8frIzQ»	consumed=false
21	tag	activity	CONTAINER_OPEN	tag	«[Activity 3C]»	after«»	consumed=true
22	tag	h3	ELEMENT	tag	«[H3]»	after«Word problem quiz»	consumed=true
23	tag	body	ELEMENT	tag	«[Body]»	after«Read each problem carefully and choose t»	consumed=true
24	tag	mcq	INTERACTIVE	tag	«[Multi-choice quiz] Trigger MTK engagement, correct answer i»	after«»	consumed=true
25	table	11x2	«🔴[RED TEXT] Q|🔴[RED TEXT] A // 1. There are 1|🔴[RED TEXT] A // 2. A pack of C|A. Addition / »	consumed=true
26	tag	answer	SUBTAG	tag	«[Check answers]»	after«»	consumed=true
27	tag	end activity	CONTAINER_CLOSE	tag	«[End activity]»	after«»	consumed=false
28	tag	h2	ELEMENT	tag	«[H2]»	after«Estimating an answer to check reasonable»	consumed=false
29	tag	body	ELEMENT	tag	«[Body]»	after«Checking if your answer makes sense and »	consumed=false
30	black	«Watch this video to see how rounding numbers can help you to estimate,»	consumed=false
31	tag	video	ELEMENT	tag	«[Video]»	after«»	consumed=false
32	black	«https://www.youtube.com/watch?v=l0JyMFDNyjM **Reasonable and Unreasona»	consumed=false
33	tag	activity	CONTAINER_OPEN	tag	«[Activity 3D]»	after«»	consumed=false
34	tag	h3	ELEMENT	tag	«[H3]»	after«Round then estimate»	consumed=false
35	tag	activity	CONTAINER_OPEN	tag	«[Activity body]»	after«Round then estimate to find the best ans»	consumed=true
36	tag	mcq	INTERACTIVE	tag	«[Multichoice quiz] Could the quiz please be laid out vertica»	after«»	consumed=true
37	table	8x4	«🔴[RED TEXT] Q|🔴[RED TEXT] A // • 72 – 48 =|30|🔴[RED TEXT] 2|27 // • 57 + 31 =|🔴[RED TEXT] 9|15|30»	consumed=true
38	tag	button	ELEMENT	tag	«[Button]»	after«Check answers»	consumed=true
39	tag	button	ELEMENT	tag	«[Button]»	after«Reset»	consumed=true
40	tag	end activity	CONTAINER_CLOSE	tag	«[End activity]»	after«»	consumed=false
41	tag	h2	ELEMENT	tag	«[H2]»	after«Order of operations»	consumed=false
42	tag	body	ELEMENT	tag	«[Body]»	after«The order of operations is a rule that t»	consumed=false
43	black	«We use the order of operations when a math problem has more than one o»	consumed=false
44	black	«GEMA is an easy way for us to remember the order»	consumed=false
45	tag	alert	CONTAINER_OPEN	tag	«[Alert RHS]»	after«In Phase 2, we won’t be using the E for »	consumed=false
46	tag	image	ELEMENT	tag	«[Image] can this please be recreated. I made using Canva.»	after«»	consumed=false
47	tag	body	ELEMENT	tag	«[Body]»	after«Check out this problem to see how the GE»	consumed=false
48	tag	image	ELEMENT	tag	«[Image] Can this image please be recreated? Thank you»	after«»	consumed=false
49	tag	body	ELEMENT	tag	«[Body]»	after«Watch this video to learn more about the»	consumed=false
50	tag	video	ELEMENT	tag	«[Video]»	after«https://www.youtube.com/watch?v=dAgfnK52»	consumed=false
51	tag	activity	CONTAINER_OPEN	tag	«[Activity 3E]»	after«»	consumed=true
52	tag	h3	ELEMENT	tag	«[H3]»	after«Using the order of operations»	consumed=true
53	tag	activity	CONTAINER_OPEN	tag	«[Activity body]»	after«Use GEMA, the order of operations to sol»	consumed=true
54	tag	?		instruction	«[Type and check] Answer shown in red.»	after«»	consumed=true
55	table	6x2	«🔴[RED TEXT] Q|🔴[RED TEXT] A // • 6 + 3 x 2|🔴[RED TEXT] 1 // • (8 – 3) x 4|🔴[RED TEXT] 2»	consumed=true
56	tag	button	ELEMENT	tag	«[Button]»	after«Check answers»	consumed=true
57	tag	button	ELEMENT	tag	«[Button]»	after«Reset»	consumed=true
58	tag	end activity	CONTAINER_CLOSE	tag	«[End activity]»	after«»	consumed=false
59	tag	alert	CONTAINER_OPEN	tag	«[Alert]»	after«In this lesson, you have been learning a»	consumed=false
=== page 6.5 isOverview=false items 156
0	tag	heading	ELEMENT	tag	«[Lesson 4 title H1]»	after«Fractions, decimals, and percentages»	consumed=false
1	tag	h2	ELEMENT	tag	«[H2]»	after«Equivalent fractions»	consumed=false
2	tag	?		instruction	«{Body]»	after«Equivalent fractions are fractions that »	consumed=false
3	tag	h4	ELEMENT	tag	«[H4]»	after«½ is the same as 2/4 and 4/8.»	consumed=false
4	tag	?		instruction	«Can this please be centred above the image.»	after«»	consumed=false
5	tag	image	ELEMENT	tag	«[Image] can this please be recreated.»	after«»	consumed=false
6	tag	body	ELEMENT	tag	«[Body]»	after«A fraction wall is a great visual way fo»	consumed=false
7	tag	image	ELEMENT	tag	«[Image]»	after«»	consumed=false
8	black	«https://www.shutterstock.com/search/fraction-wall»	consumed=false
9	tag	activity	CONTAINER_OPEN	tag	«[Activity 4A]»	after«»	consumed=true
10	tag	h2	ELEMENT	tag	«[H2]»	after«Finding equivalent fractions»	consumed=true
11	tag	activity	CONTAINER_OPEN	tag	«[Activity body]»	after«Type the equivalent fractions. Use the f»	consumed=true
12	tag	?		instruction	«[Type and check]»	after«Could the images please be recreated, co»	consumed=true
13	table	5x2	«🔴[RED TEXT] 3|🔴[RED TEXT] 2 // 🔴[RED TEXT] 4|🔴[RED TEXT] 1 // • Using the fr»	consumed=true
14	tag	button	ELEMENT	tag	«[Button]»	after«Check answers»	consumed=true
15	tag	button	ELEMENT	tag	«[Button]»	after«Reset»	consumed=true
16	tag	end activity	CONTAINER_CLOSE	tag	«[End activity]»	after«»	consumed=false
17	tag	h2	ELEMENT	tag	«[H2]»	after«Simplifying fractions»	consumed=false
18	tag	body	ELEMENT	tag	«[Body]»	after«Simplifying fractions means to reduce th»	consumed=false
19	tag	?		instruction	«Can this please be centred above image»	after«All of these fractions are equivalent to»	consumed=false
20	tag	image	ELEMENT	tag	«[Image] please recreate»	after«»	consumed=false
21	tag	body	ELEMENT	tag	«[Body]»	after«½ is the simplest. It is the smallest fr»	consumed=false
22	tag	?		instruction	«Can this please be centred under image»	after«»	consumed=false
23	tag	body	ELEMENT	tag	«[Body]»	after«Watch this video to learn how to simplif»	consumed=false
24	tag	video	ELEMENT	tag	«[Video]»	after«https://www.youtube.com/watch?v=dUb2sT-o»	consumed=false
25	tag	important	CONTAINER_OPEN	tag	«[Important box RHS]»	after«To simplify a fraction, find the largest»	consumed=false
26	black	«Divide both the numerator and the denominator by the HCF.»	consumed=false
27	tag	image	ELEMENT	tag	«[Image] Can this please be recreated and is to go in the box»	after«»	consumed=false
28	tag	activity	CONTAINER_OPEN	tag	«[Activity 4B]»	after«»	consumed=true
29	tag	h3	ELEMENT	tag	«[H3]»	after«Simplifying fractions match-up»	consumed=true
30	black	«[Activity body] Match the fractions on the right with their simplest f»	consumed=true
31	tag	drag and drop	INTERACTIVE	tag	«[Drag and Drop] Could this please be created so the cards in»	after«»	consumed=true
32	table	7x2	«🔴[RED TEXT] Q|🔴[RED TEXT] A // 15/20|🔴[RED TEXT] 3 // 25/100|🔴[RED TEXT] 1»	consumed=true
33	tag	button	ELEMENT	tag	«[Button]»	after«Check answers»	consumed=true
34	tag	button	ELEMENT	tag	«[Button]»	after«Reset»	consumed=true
35	tag	end activity	CONTAINER_CLOSE	tag	«[End activity]»	after«»	consumed=false
36	tag	h2	ELEMENT	tag	«[H2]»	after«Improper fractions and mixed numbers»	consumed=false
37	tag	body	ELEMENT	tag	«[Body]»	after«An improper fraction is where the numera»	consumed=false
38	black	«This happens because you have one whole or more than one whole.»	consumed=false
39	tag	image	ELEMENT	tag	«[Image] Please can this be recreated»	after«»	consumed=false
40	black	«https://www.shutterstock.com/image-photo/four-pieces-pizza-isolated-on»	consumed=false
41	tag	body	ELEMENT	tag	«[Body] We can write improper fractions as a»	after«mixed number. A mixed number is made up »	consumed=false
42	black	«If you have four quarters of pizza, that's one whole pizza. Then, you »	consumed=false
43	tag	image	ELEMENT	tag	«[Image] use image from above of pizzas, and can 1 ¾ please b»	after«»	consumed=false
44	tag	body	ELEMENT	tag	«[Body]»	after«Watch this video to learn how to change »	consumed=false
45	tag	video	ELEMENT	tag	«[Video]»	after«https://www.youtube.com/watch?v=eCpOhydt»	consumed=false
46	tag	activity	CONTAINER_OPEN	tag	«[Activity 4C]»	after«»	consumed=true
47	tag	h3	ELEMENT	tag	«[H3]»	after«Mixed numbers and improper fractions»	consumed=true
48	tag	?		instruction	«[Type and check] I have put what needs to be typed in, the a»	after«»	consumed=true
49	table	8x3	«**Mixed number|🔴[RED TEXT] I|**Improper Fra // 🔴[RED TEXT] 1||🔴[RED TEXT] 7 // 🔴[RED TEXT] 1||🔴[RED TEXT] 1»	consumed=true
50	tag	button	ELEMENT	tag	«[Button]»	after«Check answers»	consumed=true
51	tag	button	ELEMENT	tag	«[Button]»	after«Reset»	consumed=true
52	tag	h3	ELEMENT	tag	«[H3]»	after«Percentages»	consumed=false
53	tag	body	ELEMENT	tag	«[Body]»	after«A percentage is an amount out of 100.»	consumed=false
54	black	«Here, 60 % has been shaded.»	consumed=false
55	tag	image	ELEMENT	tag	«[Image]»	after«»	consumed=false
56	tag	?		instruction	«please recreate in colour thank you»	after«»	consumed=false
57	black	«This is the same as 60 hundredths.»	consumed=false
58	black	«60/100 = 0.6 = 60 %»	consumed=false
59	tag	important	CONTAINER_OPEN	tag	«[Important box RHS]»	after«Percent comes from the Latin ‘per centum»	consumed=false
60	black	«It is expressed using the symbol %.»	consumed=false
61	tag	image	ELEMENT	tag	«[Image]»	after«https://www.istockphoto.com/vector/carto»	consumed=false
62	tag	?		instruction	«Can this please be in the box too. Thank you»	after«»	consumed=false
63	tag	body	ELEMENT	tag	«[Body]»	after«Watch this video to learn more about wha»	consumed=false
64	tag	video	ELEMENT	tag	«[Video]»	after«https://www.youtube.com/watch?v=09IOHCf9»	consumed=false
65	tag	activity	CONTAINER_OPEN	tag	«[Activity 4D]»	after«»	consumed=true
66	tag	h2	ELEMENT	tag	«[H2]»	after«Commonly used percentages»	consumed=true
67	tag	activity	CONTAINER_OPEN	tag	«[Activity body]»	after«This table has the most commonly used pe»	consumed=true
68	tag	?		instruction	«[Type and check] Can this table and the images please be rec»	after«»	consumed=true
69	table	5x6	«**Percentage**|**50%**|**25%**|**10%**|**75%**|**20%** // **Hundredths**|**50/100**|🔴[RED TEXT] 2|🔴[RED TEXT] 1|🔴[RED TEXT] 7|🔴[RED TEXT] 2 // **Decimal**|**0.5**|🔴[RED TEXT] 0|🔴[RED TEXT] 0|🔴[RED TEXT] 0|🔴[RED TEXT] 0»	consumed=true
70	tag	button	ELEMENT	tag	«[Button]»	after«Check answers»	consumed=true
71	tag	button	ELEMENT	tag	«[Button]»	after«Reset»	consumed=true
72	tag	end activity	CONTAINER_CLOSE	tag	«[End activity]»	after«»	consumed=false
73	tag	body	ELEMENT	tag	«[Body]»	after«Watch this video to learn how to find a »	consumed=false
74	tag	video	ELEMENT	tag	«[Video]»	after«https://www.youtube.com/watch?v=rR95Cbcj»	consumed=false
75	tag	activity	CONTAINER_OPEN	tag	«[Activity 4E]»	after«»	consumed=true
76	tag	h2	ELEMENT	tag	«[H2]»	after«Find the percentage of an amount»	consumed=true
77	tag	activity	CONTAINER_OPEN	tag	«[Activity body]»	after«Find the percentages of these amounts.»	consumed=true
78	tag	?		instruction	«[Type and check] Answers have been given in red»	after«»	consumed=true
79	table	6x2	«🔴[RED TEXT] Q|🔴[RED TEXT] A // • 25 % of 28 =|🔴[RED TEXT] 7 // • 10 % of 40 =|🔴[RED TEXT] 4»	consumed=true
80	tag	button	ELEMENT	tag	«[Button]»	after«Check answers [Button]»	consumed=true
81	tag	?		noise	«Reset»	after«»	consumed=true
82	tag	end activity	CONTAINER_CLOSE	tag	«[End activity]»	after«»	consumed=false
83	tag	h2	ELEMENT	tag	«[H2]»	after«Scaling quantities»	consumed=false
84	tag	body	ELEMENT	tag	«[Body]»	after«Scaling is when you are given informatio»	consumed=false
85	black	«We can use doubling, halving, multiplication, and division facts to sc»	consumed=false
86	black	«Look at this example:»	consumed=false
87	tag	image	ELEMENT	tag	«[Image] Could this please be placed to the RHS of the text b»	after«https://www.istockphoto.com/vector/a-lit»	consumed=false
88	black	«Miriama is having friends over for a party.»	consumed=false
89	black	«There will be eight people including»	consumed=false
90	black	«Mirama. She wants to make a cake.»	consumed=false
91	black	«She finds a recipe for four people:»	consumed=false
92	tag	image	ELEMENT	tag	«[Image]»	after«»	consumed=false
93	black	«https://www.istockphoto.com/vector/recipe-card-form-for-writing-as-coo»	consumed=false
94	tag	?		instruction	«Could the recipe ingredients below please be written on the »	after«»	consumed=false
95	table	1x1	«• 200g butter »	consumed=false
96	tag	body	ELEMENT	tag	«[Body]»	after«»	consumed=false
97	tag	?		instruction	«could this text and the equations below please be placed to »	after«Eight people is double four people.»	consumed=false
98	black	«Miriama needs to multiply the ingredients by a **scale of two**.»	consumed=false
99	black	«200 x 2 = 400 g of butter»	consumed=false
100	black	«250 x 2 = 500 g of sugar»	consumed=false
101	black	«300 x 2 = 600 g of flour»	consumed=false
102	black	«2 x 2 = 4 eggs»	consumed=false
103	tag	body	ELEMENT	tag	«[Body]»	after«The party was so awesome that Miriama de»	consumed=false
104	black	«This time 16 people will need cake. 16 is 4 x 4.»	consumed=false
105	black	«Miriama will need to multiply the recipe by a **scale of four**.»	consumed=false
106	black	«200 x 4 = 800 g of butter»	consumed=false
107	black	«250 x 4 = 1000 g of sugar»	consumed=false
108	black	«300 x 4 = 1200 g of flour»	consumed=false
109	black	«2 x 4 = 8 eggs»	consumed=false
110	tag	important	CONTAINER_OPEN	tag	«[ISide important box RHS]»	after«Miriama could make her quantities smalle»	consumed=false
111	black	«If she wanted to make a cake for just herself and one other friend, sh»	consumed=false
112	black	«200 ÷ 2 = 100 g of butter»	consumed=false
113	black	«250 ÷ 2 = 125 g of sugar»	consumed=false
114	black	«300 ÷ 2 = 150 g of flour»	consumed=false
115	black	«2 ÷ 2 = 1 egg»	consumed=false
116	tag	image	ELEMENT	tag	«[Image]»	after«https://www.istockphoto.com/vector/carto»	consumed=false
117	tag	?		instruction	«please place with the text above in the box please»	after«»	consumed=false
118	tag	body	ELEMENT	tag	«[Body] You use your multiplication and division facts to sca»	after«»	consumed=false
119	tag	modal	INTERACTIVE	tag	«[Modal]»	after«Using x and ÷»	consumed=true
120	black	«Can this info please be on the modal popout. Thank you.»	consumed=true
121	black	«**Scaling quantities using multiplication and division**»	consumed=true
122	black	«**Multiplication for increasing quantities**:»	consumed=true
123	black	«If you want to make a quantity bigger, you can use multiplication.»	consumed=true
124	black	«If you have three apples and you want three times more,»	consumed=true
125	black	«you multiply: 3 apples × 3 = 9 apples.»	consumed=true
126	black	«This means you need nine apples in total.»	consumed=true
127	tag	?		instruction	«Could this image please be recreated and placed to the RHS o»	after«»	consumed=true
128	tag	image	ELEMENT	tag	«[Image]»	after«https://www.shutterstock.com/image-photo»	consumed=true
129	black	«**Division for decreasing quantities**:»	consumed=true
130	black	«If you want to make a quantity smaller, you can use division.»	consumed=true
131	black	«If you have 12 apples and you want to share them equally between four »	consumed=true
132	black	«you divide: 12 apples ÷ 4 = 3 apples per person.»	consumed=true
133	black	«This means each person gets three apples.»	consumed=true
134	tag	image	ELEMENT	tag	«[Image]»	after«Could this please be recreated and place»	consumed=true
135	black	«**Using multiplication and division together**:»	consumed=true
136	black	«Sometimes, you need to use both to adjust a quantity.»	consumed=true
137	black	«If a recipe is for eight people and you want to make it for four peopl»	consumed=true
138	black	«you first divide by two to find the amount for four people.»	consumed=true
139	black	«If you then want to make it for 12 people, you multiply the amount for»	consumed=true
140	black	«**Example**:»	consumed=true
141	black	«A recipe needs 100g of butter for four people.»	consumed=true
142	black	«To find out how much is needed for 12 people:»	consumed=true
143	black	«First, find out how much is needed for one person: 100g ÷ 4 = 25g.»	consumed=true
144	black	«Then, multiply by 12 for 12 people: 25g × 12 = 300g.»	consumed=true
145	tag	image	ELEMENT	tag	«[Image] can this please be placed to the RHS of the example.»	after«»	consumed=true
146	black	«https://www.istockphoto.com/vector/milk-product-natural-ingredient-but»	consumed=true
147	tag	end modal	CONTAINER_CLOSE	tag	«[End modal]»	after«»	consumed=false
148	tag	activity	CONTAINER_OPEN	tag	«[Activity 4F]»	after«»	consumed=false
149	tag	h3	ELEMENT	tag	«[H3]»	after«Scaling quantities quiz»	consumed=false
150	tag	activity	CONTAINER_OPEN	tag	«[Activity body]»	after«Solve the problems and choose the correc»	consumed=true
151	tag	mcq	INTERACTIVE	tag	«[Multichoice quiz] Trigger MTK engagement. I have shown the »	after«»	consumed=true
152	table	9x2	«🔴[RED TEXT] Q|🔴[RED TEXT] A // • If a recipe |A. 2 cups / B. // • If one plant|A. 6 litres / »	consumed=true
153	tag	button	ELEMENT	tag	«[Button]»	after«Check answers»	consumed=true
154	tag	end activity	CONTAINER_CLOSE	tag	«[End activity]»	after«»	consumed=false
155	tag	alert	CONTAINER_OPEN	tag	«[Alert]»	after«In this lesson, you have been learning a»	consumed=false
=== page 7.0 isOverview=false items 17
0	tag	?		instruction	«[PHASE 3]»	after«»	consumed=false
1	tag	body	ELEMENT	tag	«[Body]»	after«In this phase we learn that there are sp»	consumed=false
2	black	«Click on the links below to explore the various skills within the Numb»	consumed=false
3	tag	?		instruction	«Note to developer: we want an intro page that allows ākonga »	after«»	consumed=false
4	tag	?		instruction	«These are sub areas of learning within the module. Informati»	after«»	consumed=false
5	tag	?		instruction	«Lesson 1 – Place value and rounding»	after«»	consumed=false
6	tag	?		instruction	«Lesson 2 – Order of operation»	after«»	consumed=false
7	tag	?		instruction	«Lesson 3 – Integers,»	after«»	consumed=false
8	tag	?		instruction	«Lesson 4 – Decimals»	after«»	consumed=false
9	tag	?		instruction	«Lesson 5 – Fractions and percentages»	after«»	consumed=false
10	table	1x5	«🔴[RED TEXT] [|🔴[RED TEXT] [|🔴[RED TEXT] [|🔴[RED TEXT] [|🔴[RED TEXT] [»	consumed=true
11	tag	?		noise	«Lesson 1»	after«»	consumed=false
12	tag	h3	ELEMENT	tag	«[H3]»	after«Place value»	consumed=false
13	tag	data marker	SUBTAG	tag	«[Merge Item] MXO301 Lesson 1.0 Know your places – Use all co»	after«https://tekura.desire2learn.com/d2l/le/c»	consumed=false
14	tag	h3	ELEMENT	tag	«[H3]»	after«Rounding»	consumed=false
15	tag	data marker	SUBTAG	tag	«[Merge Item] MXO301 Lesson 2.0 Rounding Numbers - Use all co»	after«»	consumed=false
16	black	«https://tekura.desire2learn.com/d2l/le/content/15558/viewContent/15646»	consumed=false
=== page 8.0 isOverview=false items 48
0	tag	?		noise	«Lesson 2»	after«»	consumed=false
1	tag	h2	ELEMENT	tag	«[H2]»	after«Order of operations»	consumed=false
2	tag	data marker	SUBTAG	tag	«[Merge Item] MXO301 Lesson 3.0 Order of operations – use all»	after«https://tekura.desire2learn.com/d2l/le/c»	consumed=false
3	tag	?		instruction	«Set the page out as follows:»	after«»	consumed=false
4	tag	h3	ELEMENT	tag	«[H3]»	after«Order of operations rule»	consumed=false
5	tag	body	ELEMENT	tag	«[Body]»	after«The order of operations is a rule that t»	consumed=false
6	black	«Look at this poster outlining a competition.»	consumed=false
7	tag	h3	ELEMENT	tag	«[H3]»	after«GEMA»	consumed=false
8	black	«We use the order of operations when a maths problem has more than one »	consumed=false
9	tag	image	ELEMENT	tag	«[Image] use the same image created and used in Phase 2 Funda»	after«»	consumed=false
10	tag	shape n	SUBTAG	tag	«[Solid box]»	after«»	consumed=false
11	tag	h3	ELEMENT	tag	«[H3]»	after«Exponents»	consumed=false
12	tag	body	ELEMENT	tag	«[Body]»	after«The inclusion of exponents may be new as»	consumed=false
13	black	«For example, the equation 4 x 4 x 4 can be written as The small three »	consumed=false
14	black	«The small number has a special name. It is called an exponent but it c»	consumed=false
15	black	«Let’s look at some examples.»	consumed=false
16	tag	tab n	SUBTAG	tag	«[Tab 1]»	after«»	consumed=false
17	tag	tab n	SUBTAG	tag	«[Tab 2]»	after«»	consumed=false
18	tag	h3	ELEMENT	tag	«[H3]»	after«Solving order of operations problems»	consumed=false
19	tag	body	ELEMENT	tag	«[Body]»	after«Check out this problem to see how the GE»	consumed=false
20	tag	image	ELEMENT	tag	«[Image] Can this image please be recreated?»	after«»	consumed=false
21	tag	alert	CONTAINER_OPEN	tag	«[Solid Alert]»	after«»	consumed=false
22	tag	h4	ELEMENT	tag	«[H4]»	after«Is it BEDMAS, PEMDAS or GEMA?»	consumed=false
23	tag	body	ELEMENT	tag	«[body]»	after«Different acronyms are used in different»	consumed=false
24	tag	alert	CONTAINER_OPEN	tag	«[RHS Alert]»	after«»	consumed=false
25	tag	?		instruction	«Activity 3A [Interactive – automarked]»	after«»	consumed=false
26	tag	h3	ELEMENT	tag	«[H3]»	after«Practising order of operations»	consumed=false
27	black	«What is (8-5) x (2 + 9) ?»	consumed=false
28	black	«1. 15»	consumed=false
29	black	«1.»	consumed=false
30	tag	?		noise	«33»	after«»	consumed=false
31	black	«1. 3»	consumed=false
32	black	«1. 5»	consumed=false
33	tag	?		instruction	«When b is selected, please show this response:»	after«»	consumed=false
34	black	«Ka pai! That is the right answer.»	consumed=false
35	black	«You knew to work out the brackets first:»	consumed=false
36	black	«8 - 5 = 3»	consumed=false
37	black	«2 + 9 = 11»	consumed=false
38	black	«Therefore (8-5) x (2 + 9) = 3 x 11»	consumed=false
39	black	«Now try solving a few more problems by writing the answers in the spac»	consumed=false
40	tag	?		instruction	«Answer = 17»	after«»	consumed=false
41	tag	?		instruction	«Answer = 9»	after«»	consumed=false
42	tag	?		instruction	«Answer = 2»	after«»	consumed=false
43	tag	?		instruction	«Answer = 88»	after«»	consumed=false
44	black	«Answer = 0»	consumed=false
45	black	«Answer = 5»	consumed=false
46	black	«Answer = 4»	consumed=false
47	tag	?		instruction	«Answer = 15»	after«»	consumed=false
=== page 9.0 isOverview=false items 7
0	tag	?		noise	«Lesson 3»	after«»	consumed=false
1	tag	h3	ELEMENT	tag	«[H3]»	after«Integers»	consumed=false
2	tag	data marker	SUBTAG	tag	«[Merge Item] MXO301 Lesson 4.0 Introducing Integers – use al»	after«https://tekura.desire2learn.com/d2l/le/c»	consumed=false
3	tag	h3	ELEMENT	tag	«[H3]»	after«Opposites»	consumed=false
4	tag	data marker	SUBTAG	tag	«[Merge Item] MXO301 Lesson 5.0 Learning about opposites – us»	after«https://tekura.desire2learn.com/d2l/le/c»	consumed=false
5	tag	h3	ELEMENT	tag	«[H3]»	after«Integers in the real world»	consumed=false
6	tag	data marker	SUBTAG	tag	«[Merge Item] MXO301 Lesson 6.0 Integers in the real world – »	after«https://tekura.desire2learn.com/d2l/le/c»	consumed=false
=== page 10.0 isOverview=false items 7
0	tag	?		noise	«Lesson 4»	after«»	consumed=false
1	tag	h3	ELEMENT	tag	«[H3]»	after«Decimals»	consumed=false
2	tag	data marker	SUBTAG	tag	«[Merge Item] MXO302 Parts of a Whole: Lesson 1.0 Decimals – »	after«https://tekura.desire2learn.com/d2l/le/c»	consumed=false
3	tag	h3	ELEMENT	tag	«[H3]»	after«Decimals as fractions»	consumed=false
4	tag	data marker	SUBTAG	tag	«[Merge Item] MXO302 Parts of a Whole: Lesson 2.0 Decimals as»	after«https://tekura.desire2learn.com/d2l/le/c»	consumed=false
5	tag	h3	ELEMENT	tag	«[H3]»	after«Decimals on the numberline»	consumed=false
6	tag	data marker	SUBTAG	tag	«[Merge Item] MXO302 Parts of a Whole: Lesson 3.0 Decimals on»	after«https://tekura.desire2learn.com/d2l/le/c»	consumed=false
=== page 11.0 isOverview=false items 6
0	tag	?		noise	«Lesson 5»	after«»	consumed=false
1	tag	h3	ELEMENT	tag	«[H3]»	after«Fractions»	consumed=false
2	tag	data marker	SUBTAG	tag	«[Merge Item] MXO302 Parts of a Whole: Lesson 4.0 Focus on fr»	after«https://tekura.desire2learn.com/d2l/le/c»	consumed=false
3	tag	data marker	SUBTAG	tag	«[Merge Item] MXO302 Parts of a Whole: Lesson 5.0 Fraction ty»	after«https://tekura.desire2learn.com/d2l/le/c»	consumed=false
4	tag	h3	ELEMENT	tag	«[H3]»	after«Percentages»	consumed=false
5	tag	data marker	SUBTAG	tag	«[Merge Item] MXO302 Parts of a Whole: Lesson 6.0 Percentages»	after«https://tekura.desire2learn.com/d2l/le/c»	consumed=false
=== page 12.0 isOverview=false items 12
0	tag	?		instruction	«[PHASE 4]»	after«»	consumed=false
1	tag	body	ELEMENT	tag	«[Body]»	after«In this phase, we learn that decimals ca»	consumed=false
2	tag	?		instruction	«(this can be rewritten when we receive the updated curric do»	after«»	consumed=false
3	black	«Click on the links below to explore the various skills within the Numb»	consumed=false
4	tag	?		instruction	«Note to developer: we want an intro page that allows ākonga »	after«»	consumed=false
5	tag	?		instruction	«These are sub areas of learning within the module. Informati»	after«»	consumed=false
6	tag	?		instruction	«Lesson 1 – Ordering Numbers,»	after«»	consumed=false
7	tag	?		instruction	«Lesson 2 – Order of Operations,»	after«»	consumed=false
8	tag	?		instruction	«Lesson 3 – Integers,»	after«»	consumed=false
9	tag	?		instruction	«Lesson 4 – Working with fractions,»	after«»	consumed=false
10	tag	?		instruction	«Lesson 5 – Working with percentages»	after«»	consumed=false
11	table	1x5	«🔴[RED TEXT] [|🔴[RED TEXT] [|🔴[RED TEXT] [|🔴[RED TEXT] [|🔴[RED TEXT] [»	consumed=true
=== page 13.0 isOverview=false items 122
0	tag	h2	ELEMENT	tag	«[H2]»	after«Ordering numbers and mathematical operat»	consumed=false
1	tag	h3	ELEMENT	tag	«[H3]»	after«Place value»	consumed=false
2	tag	image	ELEMENT	tag	«[image][Item 6]»	after«Decimal Place Values Stock Illustration »	consumed=false
3	tag	body	ELEMENT	tag	«[Body]»	after«Our base 10 number system adds a new dig»	consumed=false
4	black	«Let’s look at this number **417,381**»	consumed=false
5	table	3x7	«🔴[RED TEXT] T|| // 🔴[RED TEXT] H|🔴[RED TEXT] T|🔴[RED TEXT] O||🔴[RED TEXT] H|🔴[RED TEXT] T|🔴[RED TEXT] O // 🔴[RED TEXT] 4|🔴[RED TEXT] 1|🔴[RED TEXT] 7||🔴[RED TEXT] 3|🔴[RED TEXT] 8|🔴[RED TEXT] 1»	consumed=false
6	black	«There are»	consumed=false
7	black	«**4** hundred thousands»	consumed=false
8	black	«**1** ten thousands»	consumed=false
9	black	«**7** thousands»	consumed=false
10	black	«**3** hundreds»	consumed=false
11	black	«**8** tens»	consumed=false
12	black	«**1** one»	consumed=false
13	black	«Four hundred and seventeen thousand three hundred and eight one.»	consumed=false
14	tag	h4	ELEMENT	tag	«[H4]»	after«Behind the decimal point.»	consumed=false
15	tag	body	ELEMENT	tag	«[body]»	after«We don’t just use place value to describ»	consumed=false
16	black	«We can also describe the numbers behind the decimal point. We use the »	consumed=false
17	tag	video	ELEMENT	tag	«[video][Item 7]»	after«Decimals.mp4»	consumed=false
18	tag	h5	ELEMENT	tag	«[H5] Which is larger»	after«»	consumed=false
19	tag	body	ELEMENT	tag	«[Body]»	after«One of the uses of place value is to com»	consumed=false
20	black	«For example, 10 is greater than 3.»	consumed=false
21	black	«10 > 3»	consumed=false
22	black	«22 is greater than 21. Although they have the same value in the 10s co»	consumed=false
23	black	«22 > 21»	consumed=false
24	black	«295 is greater than 249. Although they have the same value in the 100s»	consumed=false
25	black	«295 > 249»	consumed=false
26	black	«Things appear a little more difficult when we look at decimal numbers,»	consumed=false
27	tag	carousel	INTERACTIVE	tag	«[slideshow carousel]»	after«»	consumed=true
28	tag	slide n	SUBTAG	tag	«[Slide 1]»	after«Compare each number from left to right u»	consumed=true
29	black	«Example one:»	consumed=true
30	tag	slide n	SUBTAG	tag	«[Slide 2]»	after«Compare each number from left to right u»	consumed=true
31	black	«Example two:»	consumed=true
32	tag	data marker	SUBTAG	tag	«[Merge source 1] [Merge Item 1.]»	after«Lesson 1.0 – Know your places - Mathemat»	consumed=true
33	tag	?		noise	«Quiz only»	after«»	consumed=true
34	tag	h3	ELEMENT	tag	«[H3]»	after«Rounding»	consumed=true
35	tag	video	ELEMENT	tag	«[Video]»	after«Rounding Decimal Places.mp4»	consumed=true
36	tag	data marker	SUBTAG	tag	«[Merge source 2] [Merge Item 1]»	after«Lesson 2.1 - Squares, square roots and r»	consumed=true
37	tag	?		instruction	«include only section “rounding” and 2C “Rounding Recap”»	after«»	consumed=true
38	tag	end shape n	CONTAINER_CLOSE	tag	«[End section]»	after«»	consumed=false
39	tag	shape n	SUBTAG	tag	«[New section]»	after«»	consumed=false
40	tag	h3	ELEMENT	tag	«[H3]»	after«Order of operation»	consumed=false
41	tag	body	ELEMENT	tag	«[Body]»	after«The point of the order of operation is t»	consumed=false
42	tag	image	ELEMENT	tag	«[Image]made with word art. Feel free to make something that »	after«»	consumed=false
43	tag	body	ELEMENT	tag	«[Body]»	after«»	consumed=false
44	black	«At Te kura we use the mnemonic **GEMA** to know our order of operation»	consumed=false
45	black	«• **G**rouping (which includes brackets, parentheses, and other forms »	consumed=false
46	black	«• **E**xponents (Roots and Powers)»	consumed=false
47	black	«• **M**ultiplication and Division (from left to right)»	consumed=false
48	black	«• **A**ddition and Subtraction (from left to right)»	consumed=false
49	black	«You may have heard of BEDMAS or even BODMAS»	consumed=false
50	black	«• **B**rackets»	consumed=false
51	black	«• **E**xponents»	consumed=false
52	black	«• **D**ivision and **M**ultiplication»	consumed=false
53	black	«• **A**ddition and Subtraction»	consumed=false
54	black	«These all do the same thing, which is give us a common way of working »	consumed=false
55	tag	carousel	INTERACTIVE	tag	«[slideshow carousel}»	after«»	consumed=true
56	tag	slide n	SUBTAG	tag	«[slide 1]»	after«Simple Examples»	consumed=true
57	tag	slide n	SUBTAG	tag	«[slide 2]»	after«Intermediate Examples»	consumed=true
58	tag	slide n	SUBTAG	tag	«[slide 3]»	after«Advanced Examples»	consumed=true
59	tag	activity	CONTAINER_OPEN	tag	«[Activity]»	after«»	consumed=false
60	black	«Practice Problems»	consumed=false
61	tag	end shape n	CONTAINER_CLOSE	tag	«[End section]»	after«»	consumed=false
62	tag	shape n	SUBTAG	tag	«[Start new section]»	after«»	consumed=false
63	tag	h3	ELEMENT	tag	«[h3]»	after«Integers»	consumed=false
64	tag	data marker	SUBTAG	tag	«[Merge Source 3] [Merge Item 1]»	after«Lesson 1.1 – Introducing integers - Math»	consumed=false
65	tag	data marker	SUBTAG	tag	«[Merge Source 3] [Merge Item 2]»	after«Lesson 2.0 – Ordering integers - Mathema»	consumed=false
66	tag	?		instruction	«Remove introduction. Remove video about sea level rise and a»	after«»	consumed=false
67	tag	data marker	SUBTAG	tag	«[Merge Source 3] [Merge Item 3]»	after«Lesson 3.0 – Adding and subtracting inte»	consumed=false
68	tag	?		instruction	«Remove the external link “Adding and Subtracting Integers”»	after«»	consumed=false
69	tag	?		instruction	«Note to designer: Move the following text up the page.»	after«»	consumed=false
70	black	«**W**riting integer additions and subtractions in different ways»	consumed=false
71	black	«You may have noticed that adding a negative number is the same as subt»	consumed=false
72	black	«**10 + −4 is the same as 10 − 4**»	consumed=false
73	black	«Often an operation with integers can be written in a different, simple»	consumed=false
74	black	«**++ and −− are the same as +** **+− and −+ are the same as −**»	consumed=false
75	tag	button	ELEMENT	tag	«In 3A remove activity 1 leave the remaining questions. Chang»	after«»	consumed=false
76	tag	activity	CONTAINER_OPEN	tag	«Go directly to [Activity] 3B»	after«»	consumed=false
77	tag	?		instruction	«Remove everything from “Deep Diving Integers” down»	after«»	consumed=false
78	tag	data marker	SUBTAG	tag	«[Merge source 3] [Merge Item 4]»	after«Lesson 4.0 – Multiplying and dividing in»	consumed=false
79	tag	data marker	SUBTAG	tag	«[Merge source 4][Merge Item 1]»	after«Lesson 3.0 – Getting into line - Mathema»	consumed=false
80	tag	?		instruction	«down from using a number line»	after«»	consumed=false
81	tag	data marker	SUBTAG	tag	«[Merge source 4][Merge Item 2]»	after«Lesson 3.1 – Getting into line - Mathema»	consumed=false
82	tag	?		instruction	«down from other decimal scales.»	after«»	consumed=false
83	tag	end shape n	CONTAINER_CLOSE	tag	«[end section]»	after«»	consumed=false
84	tag	shape n	SUBTAG	tag	«[New section]»	after«»	consumed=false
85	tag	h3	ELEMENT	tag	«[H3]»	after«Fractions»	consumed=false
86	tag	h4	ELEMENT	tag	«[H4]»	after«Simplifying Fractions with HCF»	consumed=false
87	tag	body	ELEMENT	tag	«[Body]»	after«Finding the HCF (Highest Common Factor) »	consumed=false
88	black	«Let’s look at each word first.»	consumed=false
89	black	«Highest = biggest»	consumed=false
90	black	«Common = both numbers share it»	consumed=false
91	black	«Factor = Numbers that when multiplied with another produces the desire»	consumed=false
92	black	«Let’s look at the number six. What numbers can we multiply together to»	consumed=false
93	black	«1×6 =6 & 2×3 =6 so the factors of 6 are 1,2,3 & 6»	consumed=false
94	black	«Another way to think about a HCF is the largest number that divides tw»	consumed=false
95	black	«Okay, so now we know what a highest common factor is, let’s simplify s»	consumed=false
96	tag	h5	ELEMENT	tag	«[H5]»	after«**Steps:**»	consumed=false
97	tag	body	ELEMENT	tag	«[Body]»	after«»	consumed=false
98	tag	h5	ELEMENT	tag	«[H5]»	after«Example»	consumed=false
99	tag	body	ELEMENT	tag	«[Body]»	after«»	consumed=false
100	tag	activity	CONTAINER_OPEN	tag	«[Activity]»	after«Questions for Practice»	consumed=false
101	tag	answer	SUBTAG	tag	«[typed answer]. We will need the fraction set up so ākonga c»	after«»	consumed=false
102	tag	h4	ELEMENT	tag	«[H4]»	after«Adding Fractions with like Denominators»	consumed=false
103	tag	data marker	SUBTAG	tag	«[Merge source 5][ [Merge Item 2]»	after«Lesson 6.0 – It all adds up - Mathematic»	consumed=false
104	tag	data marker	SUBTAG	tag	«[Merge source 5][ [Merge Item 2]»	after«Lesson 6.1 – It all adds up - Mathematic»	consumed=false
105	tag	h4	ELEMENT	tag	«[H4]»	after«Adding Fractions with Unlike Denominator»	consumed=false
106	tag	body	ELEMENT	tag	«[Body]»	after«When adding fractions with different den»	consumed=false
107	tag	activity	CONTAINER_OPEN	tag	«[Activity] [typed answer]. We will need the fraction set up »	after«»	consumed=false
108	tag	activity	CONTAINER_OPEN	tag	«[Activity] [typed answer]. We will need the fraction set up »	after«»	consumed=false
109	black	«**Practi**s**e** p**roblems:**»	consumed=false
110	tag	?		instruction	«Fraction multiplies and divide»	after«»	consumed=false
111	tag	data marker	SUBTAG	tag	«[Merge source 5][Merge Item 3]»	after«Lesson 7.0 – Multiplying and dividing - »	consumed=false
112	tag	end shape n	CONTAINER_CLOSE	tag	«[End Section]»	after«»	consumed=false
113	tag	shape n	SUBTAG	tag	«[New Section]»	after«»	consumed=false
114	tag	h4	ELEMENT	tag	«[H4]»	after«Percentage»	consumed=false
115	tag	data marker	SUBTAG	tag	«[Merge source 6] [Merge Item 1]»	after«Lesson 1.0 – Catching up with percentage»	consumed=false
116	tag	data marker	SUBTAG	tag	«[Merge source 6] [Merge Item 2]»	after«Lesson 1.2 – Catching up with percentage»	consumed=false
117	tag	?		noise	«checkpoint quiz»	after«»	consumed=false
118	tag	data marker	SUBTAG	tag	«[Merge source 6] [Merge Item 3]»	after«Lesson 2.0 – The other way round - Mathe»	consumed=false
119	tag	data marker	SUBTAG	tag	«[Merge source 6] [Merge Item 4]»	after«Lesson 3.0 – Finding the percentage - Ma»	consumed=false
120	tag	?		instruction	«Remove introduction animal rescue activity.»	after«»	consumed=false
121	black	«https://tekura.desire2learn.com/d2l/le/content/11925/viewContent/12970»	consumed=false
