=== page 0.0 isOverview=true items 273
0	tag	lesson content	SECTION_MARKER	tag	«[Fundamental 1 code]»	after«ENFUN02»	consumed=false
1	tag	title bar	SECTION_MARKER	tag	«[Title]»	after«Ideas»	consumed=false
2	tag	?		noise	«Phase 1»	after«»	consumed=false
3	tag	title bar	SECTION_MARKER	tag	«[Overview]»	after«»	consumed=false
4	black	«*We are learning to:*»	consumed=false
5	black	«• *get ideas and share them with others*»	consumed=false
6	black	«• *find the ideas in a story.*»	consumed=false
7	black	«*You will show your understanding by:*»	consumed=false
8	black	«• *choosing pictures that give you ideas*»	consumed=false
9	black	«• *sharing your ideas with a friend or teacher.*»	consumed=false
10	tag	lesson content	SECTION_MARKER	tag	«[Fundamental content]»	after«»	consumed=false
11	tag	title bar	SECTION_MARKER	tag	«[TITLE BAR]»	after«*Ideas*»	consumed=false
12	tag	h1	ELEMENT	tag	«[H1]»	after«Sharing our ideas»	consumed=false
13	table	1x2	«🔴[RED TEXT] [|🔴[RED TEXT] [»	consumed=false
14	tag	activity	CONTAINER_OPEN	tag	«[Activity 1]»	after«»	consumed=true
15	tag	activity heading	ELEMENT	tag	«[Activity Heading]»	after«What do you think about?»	consumed=true
16	tag	body	ELEMENT	tag	«[body]»	after«Look at this picture.»	consumed=true
17	black	«• What do you think about when you see this picture?»	consumed=true
18	black	«• What could you do if you were in this picture?»	consumed=true
19	black	«Click the sliders to see some ideas that you might have.»	consumed=true
20	table	7x2	«🔴[RED TEXT] [|🔴[RED TEXT] [ // Playing with a // Building a san»	consumed=true
21	tag	body	ELEMENT	tag	«[body]»	after«Your turn. Look at this picture. Tell yo»	consumed=false
22	tag	image	ELEMENT	tag	«[image]»	after«https://www.istockphoto.com/vector/kids-»	consumed=false
23	tag	body	ELEMENT	tag	«[body]»	after«Ka pai. When you have an idea, you can w»	consumed=false
24	tag	h3	ELEMENT	tag	«[H3]»	after«Exploring the ideas»	consumed=false
25	tag	body	ELEMENT	tag	«[Body]»	after«Listen to **The Kuia and the Spider** by»	consumed=false
26	tag	video	ELEMENT	tag	«[video]»	after«https://www.youtube.com/watch?v=F4RbAYK-»	consumed=false
27	table	1x2	«🔴[RED TEXT] [|🔴[RED TEXT] [»	consumed=false
28	tag	supervisor note	CONTAINER_OPEN	tag	«[Supervisor button]»	after«Ask your student to retell the story to »	consumed=false
29	tag	activity	CONTAINER_OPEN	tag	«[Activity 3]»	after«»	consumed=true
30	tag	activity heading	ELEMENT	tag	«[Activity Heading]»	after«Exploring the ideas»	consumed=true
31	tag	body	ELEMENT	tag	«[body]»	after«Tick the correct answer for each of thes»	consumed=true
32	tag	mcq	INTERACTIVE	tag	«[Multi choice quiz auto check]»	after«»	consumed=true
33	black	«1. What were the spider and the grandmother both proud of in that stor»	consumed=true
34	black	«Their weaving.»	consumed=true
35	tag	correct	SUBTAG	tag	«[Correct]»	after«»	consumed=true
36	black	«Baking cookies.»	consumed=true
37	tag	data marker	SUBTAG	tag	«[Incorrect]»	after«»	consumed=true
38	black	«Their grandchildren.»	consumed=true
39	tag	correct	SUBTAG	tag	«[Correct]»	after«»	consumed=true
40	black	«Working together as a team.»	consumed=true
41	tag	data marker	SUBTAG	tag	«[Incorrect]»	after«»	consumed=true
42	black	«1. What does the kuia do to show she loves her grandchildren? (tick al»	consumed=true
43	black	«She makes them mats and kits.»	consumed=true
44	tag	correct	SUBTAG	tag	«[Correct]»	after«»	consumed=true
45	black	«She tells them off.»	consumed=true
46	tag	data marker	SUBTAG	tag	«[Incorrect]»	after«»	consumed=true
47	black	«She sleeps next to them.»	consumed=true
48	tag	correct	SUBTAG	tag	«[Correct]»	after«»	consumed=true
49	black	«She turns the tv off so they play outside.»	consumed=true
50	tag	data marker	SUBTAG	tag	«[Incorrect]»	after«»	consumed=true
51	black	«3. What does the spider call the kuia? (just one answer)»	consumed=true
52	black	«Kuia»	consumed=true
53	tag	data marker	SUBTAG	tag	«[Incorrect]»	after«»	consumed=true
54	black	«Old lady»	consumed=true
55	tag	correct	SUBTAG	tag	«[Correct]»	after«»	consumed=true
56	black	«Lady»	consumed=true
57	tag	data marker	SUBTAG	tag	«[Incorrect]»	after«»	consumed=true
58	tag	activity	CONTAINER_OPEN	tag	«[Activity 4]»	after«»	consumed=true
59	tag	activity heading	ELEMENT	tag	«[Activity Heading]»	after«Reorder the ideas»	consumed=true
60	tag	body	ELEMENT	tag	«[Body]»	after«Drag and drop the images of the story id»	consumed=true
61	tag	reorder	INTERACTIVE	tag	«[Reorder Interactive 10c]»	after«»	consumed=true
62	tag	image	ELEMENT	tag	«[Source Image from video above]»	after«The kuia meets the spider.»	consumed=true
63	tag	?		instruction	«[1]»	after«»	consumed=true
64	tag	image	ELEMENT	tag	«[Source Image]»	after«They decide to have a weaving competitio»	consumed=true
65	tag	?		instruction	«[2]»	after«»	consumed=true
66	tag	image	ELEMENT	tag	«[Source Image]»	after«The kuia makes mats and kits; the spider»	consumed=true
67	tag	?		instruction	«[3]»	after«»	consumed=true
68	tag	image	ELEMENT	tag	«[Source Image]»	after«The grandchildren arrive.»	consumed=true
69	tag	?		instruction	«[4]»	after«»	consumed=true
70	tag	image	ELEMENT	tag	«[Source Image]»	after«The kuia and the spider argue about who »	consumed=true
71	tag	?		instruction	«[5]»	after«»	consumed=true
72	tag	image	ELEMENT	tag	«[Source Image]»	after«They continue to live with each other.»	consumed=true
73	tag	?		instruction	«[6]»	after«»	consumed=true
74	tag	h3	ELEMENT	tag	«[H3]»	after«Changing the ideas»	consumed=false
75	tag	body	ELEMENT	tag	«[Body]»	after«Sometimes our ideas can come from changi»	consumed=false
76	tag	accordion	INTERACTIVE	tag	«[Accordion]»	after«»	consumed=true
77	table	3x3	«Beginning|🔴[RED TEXT] [|What if the sp // Middle|🔴[RED TEXT] [|What if the co // Ending|🔴[RED TEXT] [|What if the sp»	consumed=true
78	tag	body	ELEMENT	tag	«[body]»	after«When we write, our ideas become stories »	consumed=false
79	tag	h5	ELEMENT	tag	«[H5]»	after«In summary …»	consumed=false
80	tag	body	ELEMENT	tag	«[Body]»	after«In this lesson, we have learned to think»	consumed=false
81	tag	?		noise	«Phase 2»	after«»	consumed=false
82	tag	title bar	SECTION_MARKER	tag	«[Overview]»	after«»	consumed=false
83	black	«*We are learning to:*»	consumed=false
84	black	«• generate, evaluate, and organise our ideas for communication.»	consumed=false
85	black	«*You will show your understanding by:*»	consumed=false
86	black	«• identifying where ideas come from»	consumed=false
87	black	«• developing ideas»	consumed=false
88	black	«• evaluating the effectiveness of ideas.»	consumed=false
89	tag	lesson content	SECTION_MARKER	tag	«[Fundamental content]»	after«»	consumed=false
90	tag	title bar	SECTION_MARKER	tag	«[TITLE BAR]»	after«*Ideas*»	consumed=false
91	tag	h1	ELEMENT	tag	«[H1]»	after«Sharing our ideas»	consumed=false
92	table	1x2	«🔴[RED TEXT] [|🔴[RED TEXT] [»	consumed=true
93	table	1x2	«🔴[RED TEXT] [|🔴[RED TEXT] [»	consumed=true
94	tag	body	ELEMENT	tag	«[Body]»	after«However, it is not always a tidy process»	consumed=false
95	table	1x2	«🔴[RED TEXT] [|🔴[RED TEXT] I»	consumed=false
96	tag	body	ELEMENT	tag	«[Body]»	after«Remember, it is okay to get ideas from t»	consumed=false
97	tag	activity	CONTAINER_OPEN	tag	«[Activity 1]»	after«»	consumed=true
98	tag	activity heading	ELEMENT	tag	«[Activity Heading]»	after«Ideas brainstorm»	consumed=true
99	tag	body	ELEMENT	tag	«[body]»	after«Look at each of the images below. Think »	consumed=true
100	black	«If you are stuck, flip the card to get some inspiration.»	consumed=true
101	tag	flip card	INTERACTIVE	tag	«[flipcard]»	after«»	consumed=true
102	table	2x3	«🔴[RED TEXT] [|🔴[RED TEXT] [|🔴[RED TEXT] [ // 🔴[RED TEXT] [|🔴[RED TEXT] [|🔴[RED TEXT] [»	consumed=true
103	tag	h2	ELEMENT	tag	«[H2]»	after«Ideas on the internet»	consumed=false
104	tag	body	ELEMENT	tag	«[Body]»	after«There are many places online that have w»	consumed=false
105	tag	button	ELEMENT	tag	«[Buttons]»	after«»	consumed=false
106	table	1x4	«Thoughtful Lea|100 Writing Pr|Scholastic Sto|Creative Writi»	consumed=false
107	tag	h3	ELEMENT	tag	«[H3]»	after«Collecting and storing ideas»	consumed=false
108	tag	body	ELEMENT	tag	«[Body]»	after«It is important to write down and organi»	consumed=false
109	tag	video	ELEMENT	tag	«[video]»	after«https://www.youtube.com/watch?v=8BfiKxL7»	consumed=false
110	tag	?		instruction	«(0.27-3:06)»	after«»	consumed=false
111	tag	activity	CONTAINER_OPEN	tag	«[Activity 2]»	after«»	consumed=true
112	tag	activity heading	ELEMENT	tag	«[Activity Heading]»	after«How to use a writer’s notebook»	consumed=true
113	tag	body	ELEMENT	tag	«[body]»	after«Answer the following questions about a w»	consumed=true
114	tag	dropdown	INTERACTIVE	tag	«[Dropdown Quiz 5 Large]»	after«»	consumed=true
115	black	«1. What is a writer’s notebook?»	consumed=true
116	black	«A. A book where you write down your ideas.»	consumed=true
117	black	«B. A book where you write all your stories.»	consumed=true
118	black	«C. A book from the library about a writer.»	consumed=true
119	black	«2. What are two important things to add to a writer’s notebook?»	consumed=true
120	black	«A. Details or observations you notice.»	consumed=true
121	black	«B. Reminders for stories you want to write.»	consumed=true
122	black	«C. Your full, finished stories.»	consumed=true
123	black	«3. Why is it important to write down your ideas as soon as you have th»	consumed=true
124	black	«A. So you don't forget them later.»	consumed=true
125	black	«B. Because you might need to show them to your teacher.»	consumed=true
126	black	«C. To make your notebook look more full.»	consumed=true
127	black	«4. How can you use your writer’s notebook to improve a story you’re wo»	consumed=true
128	black	«A. Add down different ways to end the story.»	consumed=true
129	black	«B. Rewrite the story exactly as it is in the notebook.»	consumed=true
130	black	«C. Leave the notebook blank until you finish the story.»	consumed=true
131	black	«5. How can your writer’s notebook help you when you’re feeling stuck w»	consumed=true
132	black	«A. Look through old notes and ideas for inspiration.»	consumed=true
133	black	«B. Ignore your notebook and wait until you feel inspired again.»	consumed=true
134	black	«C. Rip out the pages you don’t like.»	consumed=true
135	tag	h2	ELEMENT	tag	«[H2]»	after«Good ideas and bad ideas»	consumed=false
136	table	1x2	«🔴[RED TEXT] [|🔴[RED TEXT] [»	consumed=false
137	tag	h2	ELEMENT	tag	«[H2]»	after«In Summary»	consumed=false
138	tag	body	ELEMENT	tag	«[Body]»	after«Ka pai! In this lesson, we have learned »	consumed=false
139	tag	?		noise	«Phase 3»	after«»	consumed=false
140	tag	title bar	SECTION_MARKER	tag	«[Overview]»	after«»	consumed=false
141	black	«*We are learning to:*»	consumed=false
142	black	«• *understand where ideas come from*»	consumed=false
143	black	«• *elaborate on initial ideas by adding details, examples, and using f»	consumed=false
144	black	«*You will show your understanding by:*»	consumed=false
145	black	«• *recognising and identifying ideas in different forms of communicati»	consumed=false
146	black	«• *expanding a simple idea by adding details, examples, and using figu»	consumed=false
147	tag	lesson content	SECTION_MARKER	tag	«[Fundamental content]»	after«»	consumed=false
148	tag	title bar	SECTION_MARKER	tag	«[TITLE BAR]»	after«*Ideas*»	consumed=false
149	tag	h1	ELEMENT	tag	«[H1]»	after«Ideas elaborated»	consumed=false
150	table	1x2	«🔴[RED TEXT] [|🔴[RED TEXT] [»	consumed=false
151	tag	h3	ELEMENT	tag	«[H3]»	after«Ideas in writing»	consumed=false
152	table	2x2	«🔴[RED TEXT] [|🔴[RED TEXT] [ // 🔴[RED TEXT] [|🔴[RED TEXT] [»	consumed=false
153	tag	h3	ELEMENT	tag	«[H3]»	after«Sparking ideas»	consumed=false
154	tag	body	ELEMENT	tag	«[body]»	after«When you're searching for inspiration to»	consumed=false
155	black	«• **Observe the world around you**: Look for interesting things in you»	consumed=false
156	black	«• **Ask questions**: What if ...? Why ...?»	consumed=false
157	black	«• **Draw from personal experiences**: Think about something you've see»	consumed=false
158	black	«• **Use your imagination**: Let your mind wander and explore possibili»	consumed=false
159	black	«• **Find inspiration in what you read or watch**: Books, movies, and s»	consumed=false
160	tag	activity	CONTAINER_OPEN	tag	«[Activity 1]»	after«»	consumed=true
161	tag	activity heading	ELEMENT	tag	«[Activity Heading]»	after«Search for ideas»	consumed=true
162	tag	body	ELEMENT	tag	«[body]»	after«Take a close look at the image below. Yo»	consumed=true
163	tag	image	ELEMENT	tag	«[image- add zoom in feature- or any busy picture if this one»	after«https://drive.google.com/file/d/1RkuqGCQ»	consumed=true
164	tag	?		instruction	«Image retrieved from»	after«https://www.tes.com/en-nz/teaching-resou»	consumed=true
165	tag	hint slider	INTERACTIVE	tag	«[hintslider]»	after«»	consumed=true
166	table	5x2	«🔴[RED TEXT] P|Look closely,  // 🔴[RED TEXT] P|Ask questions. // 🔴[RED TEXT] P|Think about yo»	consumed=true
167	tag	h3	ELEMENT	tag	«[H3]»	after«Ideas on the Internet»	consumed=false
168	tag	?		instruction	«(this part is a repeat of the phase two buttons)»	after«»	consumed=false
169	tag	body	ELEMENT	tag	«[Body]»	after«There are many places online that have w»	consumed=false
170	tag	button	ELEMENT	tag	«[Buttons]»	after«»	consumed=false
171	table	1x4	«Thoughtful Lea|100 Writing Pr|Scholastic Sto|Creative Writi»	consumed=false
172	tag	h3	ELEMENT	tag	«[H3]»	after«Explode an idea»	consumed=false
173	tag	body	ELEMENT	tag	«[body]»	after«Once you have an idea, it is time to bri»	consumed=false
174	black	«You can explode a moment by including **figurative language features**»	consumed=false
175	tag	?		noise	«hovertrigger:»	after«The use of non-literal phrases or words »	consumed=false
176	tag	?		noise	«]»	after«, adding detail, or clarifying a point.»	consumed=false
177	black	«Hover over the thought bubble to see an idea exploded.»	consumed=false
178	tag	speech bubble	INTERACTIVE	tag	«[Thought Bubbles Position]»	after«»	consumed=true
179	table	2x2	«🔴[RED TEXT] I|🔴[RED TEXT] [ // |🔴[RED TEXT] [»	consumed=true
180	tag	h3	ELEMENT	tag	«[H3]»	after«Clarify a point»	consumed=false
181	tag	body	ELEMENT	tag	«[body]»	after«Clarifying a point means making your ide»	consumed=false
182	table	2x2	«🔴[RED TEXT] [|🔴[RED TEXT] [ // 🔴[RED TEXT] [|»	consumed=true
183	tag	h3	ELEMENT	tag	«[H3]»	after«Provide evidence to strengthen your posi»	consumed=false
184	tag	body	ELEMENT	tag	«[body]»	after«Supporting your ideas with facts, exampl»	consumed=false
185	table	2x2	«🔴[RED TEXT] [|🔴[RED TEXT] [ // |🔴[RED TEXT] [»	consumed=true
186	tag	activity	CONTAINER_OPEN	tag	«[Activity 2]»	after«»	consumed=true
187	tag	body	ELEMENT	tag	«[body]»	after«Sort the texts below into the table.»	consumed=true
188	tag	drag and drop	INTERACTIVE	tag	«[Drag and Drop]»	after«»	consumed=true
189	table	4x4	«🔴[RED TEXT] T|🔴[RED TEXT] S|🔴[RED TEXT] E|🔴[RED TEXT] T // 🔴[RED TEXT] [|Kiwi musicians|Auckland-based|Provide eviden // 🔴[RED TEXT] [|Glowworms are |The taonga of |Explode an ide»	consumed=true
190	tag	h3	ELEMENT	tag	«[H3]»	after«Ideas in reading»	consumed=false
191	tag	body	ELEMENT	tag	«[body]»	after«Knowing how to search for and identify t»	consumed=false
192	black	«**“What is the author trying to say in the text?”** and **“Why is this»	consumed=false
193	black	«Listen to the song “This is Me” and identify the main idea.»	consumed=false
194	tag	carousel	INTERACTIVE	tag	«[Carousel]»	after«»	consumed=true
195	table	2x3	«🔴[RED TEXT] S|🔴[RED TEXT] S|🔴[RED TEXT] S // https://www.yo|🔴[RED TEXT] [|🔴[RED TEXT] [»	consumed=true
196	tag	activity	CONTAINER_OPEN	tag	«[Activity 3]»	after«»	consumed=true
197	tag	activity heading	ELEMENT	tag	«[Activity Heading]»	after«Identifying the main ideas»	consumed=true
198	tag	body	ELEMENT	tag	«[Body]»	after«Read the quote and identify the main ide»	consumed=true
199	tag	dropdown	INTERACTIVE	tag	«[Dropdown Quiz]»	after«»	consumed=true
200	table	3x4	«🔴[RED TEXT] I||| // 🔴[RED TEXT] L|🔴[RED TEXT] [|🔴[RED TEXT] [|🔴[RED TEXT] [ // 🔴[RED TEXT] D|1. Making the |1. The unknown|1. Friends are»	consumed=true
201	tag	activity	CONTAINER_OPEN	tag	«[Activity 4]»	after«»	consumed=true
202	tag	activity heading	ELEMENT	tag	«[Activity Heading]»	after«Quiz»	consumed=true
203	tag	body	ELEMENT	tag	«[Body]»	after«Test your ideas knowledge.»	consumed=true
204	tag	mcq	INTERACTIVE	tag	«[Multi choice Quiz]»	after«https://docs.google.com/document/d/1ykT-»	consumed=true
205	tag	?		noise	«Phase 4»	after«»	consumed=false
206	tag	title bar	SECTION_MARKER	tag	«[Overview]»	after«»	consumed=false
207	black	«*We are learning to:*»	consumed=false
208	black	«• *identify and understand ideas and themes in different types of medi»	consumed=false
209	black	«*You will show your understanding by:*»	consumed=false
210	black	«• *matching ideas and themes to various images, paintings, poems, and »	consumed=false
211	tag	lesson content	SECTION_MARKER	tag	«[Fundamental content]»	after«»	consumed=false
212	tag	title bar	SECTION_MARKER	tag	«[TITLE BAR]»	after«*Ideas*»	consumed=false
213	tag	h1	ELEMENT	tag	«[H1]»	after«Exploring ideas»	consumed=false
214	table	1x2	«🔴[RED TEXT] [|🔴[RED TEXT] [»	consumed=false
215	tag	h3	ELEMENT	tag	«[H3]»	after«Themes»	consumed=false
216	tag	body	ELEMENT	tag	«[Body]»	after«Themes are the key messages or main less»	consumed=false
217	black	«For example:»	consumed=false
218	black	«In a story about a superhero fighting a villain:»	consumed=false
219	black	«• **An idea** could be ‘the superhero uses special powers to stop the »	consumed=false
220	black	«• **The theme** might be ‘courage and justice prevail over evil.’»	consumed=false
221	tag	activity	CONTAINER_OPEN	tag	«[Activity 1]»	after«»	consumed=true
222	tag	activity heading	ELEMENT	tag	«[Activity Heading]»	after«What theme?»	consumed=true
223	tag	body	ELEMENT	tag	«[body]»	after«Match each of these pictures to the most»	consumed=true
224	tag	drag and drop	INTERACTIVE	tag	«[DragandDrop]»	after«»	consumed=true
225	table	7x2	«https://pixaba|Freedom // https://www.is|Friendship // https://www.is|Hope and resil»	consumed=true
226	tag	activity	CONTAINER_OPEN	tag	«[Activity 2]»	after«»	consumed=true
227	tag	activity heading	ELEMENT	tag	«[Activity Heading]»	after«Ideas and themes in a painting»	consumed=true
228	tag	body	ELEMENT	tag	«[Body]»	after«Auripo Road is a famous painting by New »	consumed=true
229	tag	image	ELEMENT	tag	«[image]»	after«https://www.grahamesydney.co.nz/product/»	consumed=true
230	tag	body	ELEMENT	tag	«[Body]»	after«Think about the ideas in this painting. »	consumed=true
231	black	«• living in a remote place»	consumed=true
232	black	«• feelings of loneliness»	consumed=true
233	black	«• the beauty of nature.»	consumed=true
234	black	«Now consider the **themes** of this painting. Click on the flipcards t»	consumed=true
235	tag	flip card	INTERACTIVE	tag	«[flipcard]»	after«»	consumed=true
236	table	2x4	«1|2|3|4 // Isolation|Freedom|Nature’s beaut|Journey and ex»	consumed=true
237	tag	activity	CONTAINER_OPEN	tag	«[Activity 3]»	after«»	consumed=true
238	tag	h3	ELEMENT	tag	«[H3]»	after«Ideas and themes in a poem»	consumed=true
239	tag	body	ELEMENT	tag	«[Body]»	after«The poem below was written by Daniel Gra»	consumed=true
240	black	«*You may regret the past,*»	consumed=true
241	black	«*but it is like set cement.*»	consumed=true
242	black	«*You may regret what remains,*»	consumed=true
243	black	«*but make do with whatever is lain.*»	consumed=true
244	black	«*The future is murky*»	consumed=true
245	black	«*like the sea prior to a voyage.*»	consumed=true
246	black	«*You may catch three fish or thirty;*»	consumed=true
247	black	«*even choosing the best spots, it is uncertain.*»	consumed=true
248	black	«*To make change, examine the present –*»	consumed=true
249	black	«*it is two roads splitting apart.*»	consumed=true
250	black	«*Every moment you must choose –*»	consumed=true
251	black	«*which future is you?*»	consumed=true
252	black	«Tick which ideas and themes are present in this poem»	consumed=true
253	tag	mcq	INTERACTIVE	tag	«[Multi choice quiz auto check example]»	after«»	consumed=true
254	table	8x2	«Regret over pa|🔴[RED TEXT] c // Loneliness|🔴[RED TEXT] i // The beauty of |🔴[RED TEXT] i»	consumed=true
255	tag	activity	CONTAINER_OPEN	tag	«[Activity 4]»	after«»	consumed=false
256	tag	h3	ELEMENT	tag	«[H3]»	after«Ideas and themes in film»	consumed=false
257	tag	body	ELEMENT	tag	«[body]»	after«*Sweet As* is a short film written and d»	consumed=false
258	black	«Watch the film and consider whether you can identify any key ideas or »	consumed=false
259	tag	video	ELEMENT	tag	«[Video]»	after«https://www.youtube.com/watch?v=ZtK4XxEX»	consumed=false
260	black	«Think of a key idea or theme and when you have one in mind, flip this »	consumed=false
261	tag	interactive	INTERACTIVE	tag	«[Interactive] Please can ākonga flip a box to view these sug»	after«»	consumed=true
262	black	«• Appreciating home»	consumed=true
263	black	«• Family»	consumed=true
264	black	«• Community»	consumed=true
265	black	«• Curiosity»	consumed=true
266	black	«• Adventure»	consumed=true
267	black	«• New Zealand’s connection to the wider world»	consumed=true
268	black	«• Appreciating the natural environment»	consumed=true
269	black	«• Our own backyard»	consumed=true
270	black	«• Any other ideas that the video makes you think of»	consumed=true
271	tag	h5	ELEMENT	tag	«[H5]»	after«In summary …»	consumed=false
272	tag	body	ELEMENT	tag	«[Body]»	after«In this lesson, we explored how to ident»	consumed=false
