=== page 1.0 isOverview=false items 54
0	tag	lesson overview	SECTION_MARKER	tag	«[Lesson Overview]»	after«What are the origins of the United Natio»	consumed=false
1	tag	alert	CONTAINER_OPEN	tag	«[Alert box]»	after«In this lesson you are learning to under»	consumed=false
2	tag	lesson content	SECTION_MARKER	tag	«[Lesson content]»	after«»	consumed=false
3	tag	h2	ELEMENT	tag	«[H2] Lesson 1: The United Nations and the Universal Declarat»	after«»	consumed=false
4	tag	body	ELEMENT	tag	«[Body]»	after«The United Nations and the Universal Dec»	consumed=false
5	black	«»	consumed=false
6	tag	activity	CONTAINER_OPEN	tag	«[Activity embedded]»	after«Watch this video about the history of th»	consumed=true
7	tag	interactive	INTERACTIVE	tag	«[Interactive] Please embed video behind image of UNO:»	after«»	consumed=true
8	tag	image	ELEMENT	tag	«[Image link]»	after«https://commons.wikimedia.org/wiki/File:»	consumed=true
9	tag	video	ELEMENT	tag	«[Video link]»	after«https://www.youtube.com/watch?v=ZCtYe_3w»	consumed=false
10	tag	activity	CONTAINER_OPEN	tag	«[Interactive] Please create a True/False quiz for the follow»	after«»	consumed=true
11	table	8x3	«**Aim or Organ|**True**|**False** // The United Nat|√| // The United Nat||√»	consumed=true
12	tag	button	ELEMENT	tag	«[Add button] Check answers»	after«»	consumed=true
13	tag	button	ELEMENT	tag	«[Add button] Reset»	after«»	consumed=true
14	tag	h2	ELEMENT	tag	«[H2] Power relationships drive history»	after«»	consumed=false
15	tag	body	ELEMENT	tag	«[Body]»	after«Unfortunately, the ‘ideal’ set out by th»	consumed=false
16	tag	activity	CONTAINER_OPEN	tag	«[Activity embedded]»	after«Watch the following video about the **wh»	consumed=false
17	tag	interactive	INTERACTIVE	tag	«[Interactive] Please embed this video»	after«»	consumed=false
18	tag	video	ELEMENT	tag	«[Video link]»	after«https://www.youtube.com/watch?v=nDgIVseT»	consumed=false
19	tag	activity	CONTAINER_OPEN	tag	«[Activity]»	after«»	consumed=false
20	tag	h3	ELEMENT	tag	«[H3] Categorising rights»	after«»	consumed=false
21	tag	activity	CONTAINER_OPEN	tag	«[Activity 1A]»	after«»	consumed=true
22	black	«Drag and drop the tiles that show each of the rights in the UNDHR into»	consumed=true
23	tag	interactive	INTERACTIVE	tag	«[Interactive] The tiles that should be organised as follows.»	after«»	consumed=true
24	tag	image	ELEMENT	tag	«[Image link]»	after«https://www.facinghistory.org/resource-l»	consumed=true
25	tag	activity	CONTAINER_OPEN	tag	«[Interactive] Answers for the drag and drop activity are sho»	after«»	consumed=false
26	tag	button	ELEMENT	tag	«[Add button] Check answers»	after«»	consumed=false
27	tag	button	ELEMENT	tag	«[Add button] Reset»	after«»	consumed=false
28	tag	body	ELEMENT	tag	«[Body]»	after«The rights that directly relate to indiv»	consumed=false
29	tag	alert	CONTAINER_OPEN	tag	«[Alert box middle]»	after«“ *… the tricky thing about the right to»	consumed=false
30	black	«(*Margaret Mead, American anthropologist*)»	consumed=false
31	tag	h2	ELEMENT	tag	«[H2] Rights and protest»	after«»	consumed=false
32	tag	activity	CONTAINER_OPEN	tag	«[Activity embedded]»	after«»	consumed=false
33	black	«Watch the following video of young people expressing their perspective»	consumed=false
34	black	«As you watch think about whether you *agree* or *disagree* with what t»	consumed=false
35	tag	video	ELEMENT	tag	«[Video link]»	after«https://www.youtube.com/watch?v=7MhSrUIg»	consumed=false
36	tag	interactive	INTERACTIVE	tag	«[Interactive] Please embed video and clip to include start-0»	after«»	consumed=false
37	tag	activity	CONTAINER_OPEN	tag	«[Activity]»	after«»	consumed=false
38	tag	h3	ELEMENT	tag	«[H3] Your thoughts»	after«»	consumed=false
39	tag	activity	CONTAINER_OPEN	tag	«[Activity 1B]»	after«»	consumed=false
40	black	«Do you agree or disagree with what these young people are saying about»	consumed=false
41	tag	button	ELEMENT	tag	«[Add button] Quiz»	after«»	consumed=false
42	tag	h2	ELEMENT	tag	«[H2] Human rights update»	after«»	consumed=false
43	black	«Human rights are not a static issue. They are reviewed and change over»	consumed=false
44	tag	activity	CONTAINER_OPEN	tag	«[Activity embedded]»	after«»	consumed=false
45	black	«Watch the following video of our former Prime Minster, Jacinda Ardern,»	consumed=false
46	tag	video	ELEMENT	tag	«[Video link]»	after«https://youtu.be/ABvT_2XsIMs»	consumed=false
47	tag	activity	CONTAINER_OPEN	tag	«[Activity individual]»	after«»	consumed=false
48	tag	h3	ELEMENT	tag	«[H3] Missing rights?»	after«»	consumed=false
49	tag	activity	CONTAINER_OPEN	tag	«[Activity 1C]»	after«»	consumed=false
50	black	«People in Aotearoa New Zealand have stood up for the rights of themsel»	consumed=false
51	black	«Can you think of an example of a recent protest in Aotearoa New Zealan»	consumed=false
52	tag	button	ELEMENT	tag	«[Add button] Quiz»	after«»	consumed=false
53	tag	alert	CONTAINER_OPEN	tag	«[Alert box]»	after«You can explain the overall **purpose** »	consumed=false
=== page 10.0 isOverview=false items 23
0	tag	lesson overview	SECTION_MARKER	tag	«[Lesson Overview] The 1951 waterfront dispute and key concep»	after«»	consumed=false
1	tag	alert	CONTAINER_OPEN	tag	«[Alert box]»	after«In this lesson you are reviewing your le»	consumed=false
2	tag	lesson content	SECTION_MARKER	tag	«[Lesson content]»	after«»	consumed=false
3	tag	h2	ELEMENT	tag	«[H2]»	after«»	consumed=false
4	tag	?		instruction	«Lesson 10: Reviewing concepts»	after«»	consumed=false
5	tag	body	ELEMENT	tag	«[Body]»	after«A key idea in History is that power rela»	consumed=false
6	black	«**Vā** is another important historical concept and can be defined in s»	consumed=false
7	black	«**Vā** also includes different motivations for and ways in which polit»	consumed=false
8	black	«**Vā** has an important role to play in shaping more positive relation»	consumed=false
9	tag	interactive	INTERACTIVE	tag	«[Interactive] Please include these visual in middle of page »	after«.»	consumed=true
10	tag	?		noise	«Link»	after«: https://thumbnailer.digitalnz.org/?res»	consumed=true
11	tag	activity	CONTAINER_OPEN	tag	«[Activity individual]»	after«»	consumed=false
12	tag	h3	ELEMENT	tag	«[H3] Industrial Disputes in present day Aotearoa New Zealand»	after«»	consumed=false
13	tag	activity	CONTAINER_OPEN	tag	«[Activity 10A]»	after«»	consumed=false
14	black	«Industrial disputes have been a part of our histories for a long time.»	consumed=false
15	black	«In this activity you are going to use one or more of the following onl»	consumed=false
16	black	«**List of possible sources:**»	consumed=false
17	black	«https://www.youtube.com/user/nzheraldtv»	consumed=false
18	black	«https://www.stuff.co.nz/»	consumed=false
19	black	«https://www.rnz.co.nz/»	consumed=false
20	black	«Summarise your example using the five Ws and H (When? What? Where? Why»	consumed=false
21	tag	button	ELEMENT	tag	«[Add button] Quiz»	after«»	consumed=false
22	tag	alert	CONTAINER_OPEN	tag	«[Alert box]»	after«Congratulations on completing this modul»	consumed=false
