[snapshot] running cs (full corpus)
  $ python3 compare_structure.py
[snapshot] running bc (full corpus)
  $ python3 body_compare.py
[snapshot] running skeleton (full corpus)
  $ python3 _skeleton_compare.py --json /mnt/c/Users/Gavin/TeKura/FINAL_MODULE_DATA/CONVERTER_V2/outputs/_fastloop_baseline/skeleton.json
[snapshot] running defect (full corpus)
  $ python3 _structural_defect_audit.py --json /mnt/c/Users/Gavin/TeKura/FINAL_MODULE_DATA/CONVERTER_V2/outputs/_fastloop_baseline/defect.json

[snapshot] baseline complete -> /mnt/c/Users/Gavin/TeKura/FINAL_MODULE_DATA/CONVERTER_V2/outputs/_fastloop_baseline

BASELINE aggregates (paste these into the changelog round):
  skeleton SCAFFOLD mean %                  54.53
  skeleton pages >=50%                       1546
  skeleton pages >=75%                        256
  compare_structure exact chain             15518
  compare_structure EXTRA container           195
  compare_structure missing container         793
  body_compare ANY breakdown                  264
  defect structurally-clean %               98.33
  literal-[tag] leak (occ)                     75
  literal-[tag] leak (pages)                   45
  (context: sk_pages=2491  cs_matched=18030  body_pages=2691  df_total=2691  df_clean=2646)
