red-answer typing bundles (single, lines): 26 / modules 15; answers 178; found as a gold answer= 137 (77%)
  BLL243#9 None: 6 answers, gold-matched 0  forms {'inline': 6}  e.g. inline:'Where'<-'does the worm land after Kiwi sneezes?' | inline:'Who'<-'swoops down from the sky to speak to Kiwi?' | inline:'How'<-'does Kiwi search for food in the dirt?'
  BLL244#6 2D: 6 answers, gold-matched 6  forms {'inline': 6}  e.g. inline:'What'<-' game are Zack and Kev playing at the local school?' | inline:'Where'<-' does the music seem to be coming from?' | inline:'Who'<-' thinks the music sounds like Dan?'
  FRFUN08#3 3A: 3 answers, gold-matched 3  forms {'end': 3}  e.g. end:'au'<-'1. Je vais à le cinéma.         Answer: ' | end:'aux'<-'1. Il va à les magasins.      Answer: ' | end:'au'<-'1. Elle va à le stade.           Answer: '
  FRNO902#38 None: 1 answers, gold-matched 0  forms {'inline': 1}  e.g. inline:'1.'<-'What does the phrase “ Il a les cheveux raides’ mean ? '
  GENO901#44 None: 1 answers, gold-matched 0  forms {'inline': 1}  e.g. inline:'and workbook'<-'GRO101-workbook.docx'
  MXDB302#13 2B: 6 answers, gold-matched 6  forms {'inline': 6}  e.g. inline:'24'<-'cm' | inline:'20'<-'cm' | inline:'46'<-'m '
  MXDB302#33 5A: 5 answers, gold-matched 5  forms {'inline': 5}  e.g. inline:'24'<-' units³' | inline:'18'<-' units³' | inline:'50'<-' units³'
  MXDB302#35 5B: 17 answers, gold-matched 16  forms {'inline': 17}  e.g. inline:'6'<-' = ' | inline:'120'<-'cm³' | inline:'5'<-' × '
  MXDB302#41 6D: 15 answers, gold-matched 15  forms {'inline': 2, 'alone': 6, 'end': 7}  e.g. inline:'point)'<-'three (' | alone:'two)'<-'' | end:'nine'<-'723.91 = seven hundred and twenty-three point ('
  MXEO301#19 None: 10 answers, gold-matched 2  forms {'inline': 9, 'alone': 1}  e.g. inline:'grouping'<-', grand, gravity). These sums will be found (at the end of t' | inline:'inside brackets'<-'). The GEMA rule tells us to solve them (' | inline:'first'<-', second, last).'
  MXEO301#40 5A: 9 answers, gold-matched 9  forms {'end': 9}  e.g. end:'5'<-'Image link = 5 + Image link = 5 = 10  Image link = 5 = ' | end:'7'<-'Image link = 7 + Image link = 7 + Image link = 7 = 21 Image ' | end:'10'<-'Image link = 7 + Image link = 5 + Image link = 10 = 22 Image'
  MXEO301#42 5B: 5 answers, gold-matched 5  forms {'end': 5}  e.g. end:'11'<-'1. *y* = 5      ' | end:'16'<-'1. *y* = 10 ' | end:'56'<-'1. *y* = 50 '
  MXEO401#5 1D: 10 answers, gold-matched 0  forms {'end': 10}  e.g. end:'ANSWER: 125.68'<-'1. 125.675 (to 2dp)' | end:'ANSWER: 78.2'<-'2.  78.2125 (to 3sf) ' | end:'ANSWER: 104.5cm'<-'3.  104.7cm (to the nearest cm or half cm) '
  MXFL301#2 1C: 6 answers, gold-matched 6  forms {'inline': 6}  e.g. inline:'180'<-'°' | inline:'90'<-'°' | inline:'90'<-'° '
  MXFL301#29 4B: 5 answers, gold-matched 5  forms {'end': 5}  e.g. end:'25,000'<-'1. $4,830 × 5  $' | end:'12,000'<-'1. $2,240 × 6  $' | end:'21,000'<-'1. $3,316 × 7  $'
  MXFL301#44 6C: 9 answers, gold-matched 6  forms {'inline': 9}  e.g. inline:'248.07'<-'.' | inline:'4'<-' hours.' | inline:'Polynesian buffet'<-'.'
  MXFL302#16 3D: 1 answers, gold-matched 1  forms {'inline': 1}  e.g. inline:'8'<-'possible meal combinations with this menu.'
  MXFL302#17 3E: 3 answers, gold-matched 3  forms {'inline': 1, 'end': 2}  e.g. inline:'12'<-'possible meal combinations with this menu.' | end:'5'<-'1. If Aria was catering for 60 people, how many could she ex' | end:'30'<-'1. If Aria was catering for 90 people, how many could she ex'
  MXFL302#21 4D: 8 answers, gold-matched 7  forms {'inline': 5, 'alone': 2, 'end': 1}  e.g. inline:'5'<-'/10 5.  3/5 = 6/' | alone:'10'<-'' | end:'9'<-'1. 1/3 = 3/'
  MXFL302#29 5B: 19 answers, gold-matched 19  forms {'inline': 17, 'alone': 2}  e.g. inline:'6'<-'/10 - 3/10 = ' | inline:'3'<-'/10' | inline:'6'<-'/9 - 2/9 = '
  MXFL401#10 5A: 1 answers, gold-matched 0  forms {'alone': 1}  e.g. alone:'Answer: 15%'<-''
  MXFU301#35 8D: 9 answers, gold-matched 3  forms {'end': 9}  e.g. end:'weekday?'<-'• ' | end:'weekend day?'<-'• ' | end:'Monday/Tuesday/Wednesday?'<-'• '
  MXFU401#6 None: 1 answers, gold-matched 0  forms {'alone': 1}  e.g. alone:'Answer: 56'<-''
  MXFU402#25 4D: 9 answers, gold-matched 9  forms {'end': 9}  e.g. end:'0.6'<-'0.5933   ' | end:'0.3'<-'0.3067    ' | end:'50'<-'45.258   '
  MXFU402#29 5B: 5 answers, gold-matched 5  forms {'end': 5}  e.g. end:'0.22'<-'1. Your friend picks a chatter teeth toy, and you pick anoth' | end:'0.13'<-'1. Your friend picks a keychain, and you pick a lolly.\n P(ke' | end:'0.13'<-'1. You and your friend both pick lollies.\n P(lolly first, th'
  PHE1007#6 None: 8 answers, gold-matched 6  forms {'alone': 1, 'end': 7}  e.g. alone:'Hinge'<-'' | end:'Hip Shoulder'<-'2. Name a ball and socket joint. ' | end:'Tendons'<-'3. What attaches muscles to bone? '
