[03:35:27] r271 variation census — 16 shards
var shard 1 rc=0
var shard 2 rc=0
var shard 3 rc=0
var shard 0 rc=0
var shard 4 rc=0
var shard 5 rc=0
var shard 6 rc=0
var shard 7 rc=0
var shard 10 rc=0
var shard 9 rc=0
var shard 8 rc=0
var shard 11 rc=0
var shard 13 rc=0
var shard 14 rc=0
var shard 12 rc=0
var shard 15 rc=0
  merge rc=0
TOTAL            2910      2822          50.8%
records -> /mnt/c/Users/Gavin/TeKura/FINAL_MODULE_DATA/CONVERTER_V2/outputs/_r271_variations.json 5732
[03:36:38] r286 decline recorder — 16 shards
dec shard 1 rc=0
dec shard 2 rc=0
dec shard 3 rc=0
dec shard 0 rc=0
dec shard 4 rc=0
dec shard 5 rc=0
dec shard 6 rc=0
dec shard 7 rc=0
dec shard 10 rc=0
dec shard 8 rc=0
dec shard 9 rc=0
dec shard 11 rc=0
dec shard 13 rc=0
dec shard 14 rc=0
dec shard 12 rc=0
dec shard 15 rc=0
  merge rc=0
[03:37:49] dashboard --refresh
  rc=0
WARN: skeleton state predates the newest engine change (2026-09-24) — its rows may lag.
WARN: body_compare predates the newest engine change (2026-09-24) — its rows may lag.
WARN: feature index predates the newest engine change (2026-09-24) — its rows may lag.
[03:38:10] DASH_DONE
