over-capture pages 61
  14 unclassified
   8 dragAndDrop
   7 clickDrop
   5 dropDown
   5 carousel
   3 multiChoiceQuiz
   3 flipCard
   3 tabs
   3 accordion
   2 bilingual-unbuilt
   2 infoTrigger
   2 slider
   2 typing
   1 reorder
   1 shapeHover

== unclassified
   AGH1001/AGH1001_5_0.html over=0.45 lost=3 :: AGH1001-INT-05-01-unclassified ▼ ⚙ INTERACTIVE (un-built) #11: unclassified — Activity (inline) — see AGH1001_interactives.txt Primary Production Syst
   AGH1006/AGH1006_9_0.html over=0.4 lost=35 :: AGH1006-INT-09-01-unclassified ▼ ⚙ INTERACTIVE (un-built) #29: unclassified — Activity (inline) — see AGH1006_interactives.txt Management practices: p
   AGH1007/AGH1007_8_0.html over=0.57 lost=6 :: AGH1007-INT-08-01-unclassified ▼ ⚙ INTERACTIVE (un-built) #15: unclassified — Activity (inline) — see AGH1007_interactives.txt Answers: Image Cell/Org
   ENGJ301/ENGJ301_1_0.html over=0.62 lost=29 :: ENGJ301-INT-01-01-unclassified ▼ ⚙ INTERACTIVE (un-built) #2: unclassified + modal — Activity 1A — see ENGJ301_interactives.txt Setting Characters Plo
   ENGR101/ENGR101_5_0.html over=0.6 lost=3 :: ENGR101-INT-05-01-unclassified ▼ Writers Note: [Like this] Laid out like this using the same animals as above. ⚙ INTERACTIVE (un-built) #19: unclassif
   ENGS102/ENGS102_3_0.html over=0.42 lost=6 :: ENGS102-INT-03-01-unclassified ▼ ⚙ INTERACTIVE (un-built) #12: unclassified — Activity 3A — see ENGS102_interactives.txt Please cut out a range of the

== dragAndDrop
   ENGJ201/ENGJ201_1_0.html over=0.44 lost=3 :: ENGJ201-INT-01-01-dragAndDrop ▼ ⚙ INTERACTIVE (un-built) #1: dragAndDrop — Activity 1A — see ENGJ201_interactives.txt https://www.shutterstock.com/ima
   GENO901/GENO901_3_3.html over=0.48 lost=10 :: GENO901-INT-07-01-dragAndDrop ▼ Writers Note: [autoshuffle these words to be dragged and dropped under the headings below.] ⚙ INTERACTIVE (un-built) #
   OSGM401/OSGM401_3_0.html over=0.5 lost=6 :: OSGM401-INT-03-01-dragAndDrop ▼ ⚙ INTERACTIVE (un-built) #13: dragAndDrop — Activity 3A — see OSGM401_interactives.txt [image] https://www.istockphoto
   MXDB301/MXDB301_7_0.html over=0.59 lost=3 :: MXDB301-INT-07-02-dragAndDrop ▼ Writers Note: Akonga Instructions: Below are different drawings of a flat piece of card. Look carefully at each one an
   MXFU302/MXFU302_10_0.html over=0.53 lost=12 :: MXFU302-INT-10-01-dragAndDrop ▼ ⚙ INTERACTIVE (un-built) #21: dragAndDrop + dragAndDrop — Activity 10A — see MXFU302_interactives.txt Drag and drop th
   OSGM501/OSGM501_1_0.html over=0.44 lost=4 :: OSGM501-INT-01-01-dragAndDrop ▼ ⚙ INTERACTIVE (un-built) #3: dragAndDrop — Activity 1A — see OSGM501_interactives.txt [image] https://www.istockphoto.

== clickDrop
   ENGI301/ENGI301_1_0.html over=0.76 lost=3 :: ENGI301-INT-01-01-clickDrop ▼ ⚙ INTERACTIVE (un-built) #1: clickDrop — Activity (inline) — see ENGI301_interactives.txt Click Drop Image Image of Ritc
   PWY1007/PWY1007_7_0.html over=0.91 lost=12 :: PWY1007-INT-07-01-clickDrop ▼ ⚙ INTERACTIVE (un-built) #14: clickDrop — Activity (inline) — see PWY1007_interactives.txt [clickdrop 1] / Check every a
   SSOG103/SSOG103_1_0.html over=0.54 lost=18 :: SSOG103-INT-01-01-clickDrop ▼ Writers Note: Can tiles like image below please be created and the images in the first column of the below table please 
   CEDK501/CEDK501_3_0.html over=0.7 lost=44 :: CEDK501-INT-03-01-clickDrop ▼ ⚙ INTERACTIVE (un-built) #6: clickDrop — Activity 2C — see CEDK501_interactives.txt Kōrero 3: Ko Wairua ahau [Clickdrop 
   PHE1003/PHE1003_2_0.html over=0.76 lost=12 :: PHE1003-INT-02-01-clickDrop ▼ ⚙ INTERACTIVE (un-built) #2: clickDrop + clickDrop — Activity (inline) — see PHE1003_interactives.txt Leadership / Strat
   PHE1007/PHE1007_9_0.html over=0.4 lost=3 :: PHE1007-INT-09-01-clickDrop ▼ Writers Note: [Individual activity] [Drop down quiz] [Dev – the answers to select from are Individual, Environment or Ta

== dropDown
   ENGC202/ENGC202_7_0.html over=0.4 lost=10 :: ENGC202-INT-07-01-dropDown ▼ ⚙ INTERACTIVE (un-built) #11: dropDown (upload to) — Activity 7B — see ENGC202_interactives.txt or Take a photo of your p
   OSAH301/OSAH301_3_0.html over=0.41 lost=4 :: OSAH301-INT-03-02-dropDown ▼ ⚙ INTERACTIVE (un-built) #9: dropDown — Activity 3A — see OSAH301_interactives.txt Scenario 1 / Tama is in an online clas
   PWY1001/PWY1001_0_0.html over=0.84 lost=5 :: PWY1001-INT-00-01-dropDown ▼ ⚙ INTERACTIVE (un-built) #1: dropDown — Activity (inline) — see PWY1001_interactives.txt [Audiovisual item 1: Whai] / [Au
   OSGM501/OSGM501_3_0.html over=0.54 lost=9 :: OSGM501-INT-03-01-dropDown ▼ ⚙ INTERACTIVE (un-built) #12: dropDown — Activity 3A — see OSGM501_interactives.txt [image] http://shutterstock.com/image
   TEDC402/TEDC402_8_1.html over=0.52 lost=7 :: TEDC402-INT-09-01-dropDown ▼ ⚙ INTERACTIVE (un-built) #140: dropDown — Activity (inline) — see TEDC402_interactives.txt [dropbox] / [H3] Share your le

== carousel
   ENGI301/ENGI301_2_0.html over=0.7 lost=9 :: ENGI301-INT-02-01-carousel ▼ Writers Note: (images to use) ⚙ INTERACTIVE (un-built) #3: carousel — Activity (inline) — see ENGI301_interactives.txt ht
   ENGJ201/ENGJ201_5_0.html over=0.52 lost=6 :: ENGJ201-INT-05-01-carousel ▼ ⚙ INTERACTIVE (un-built) #11: carousel — Activity 5A — see ENGJ201_interactives.txt https://instructionalseries.tki.org.n
   MXEX401/MXEX401_0_0.html over=0.93 lost=3 :: MXEX401-INT-00-01-carousel ▼ ⚙ INTERACTIVE (un-built) #1: carousel (with timed animation via speed attribute) — Activity (inline) — see MXEX401_intera
   HES1005/HES1005_6_0.html over=0.46 lost=9 :: HES1005-INT-06-02-carousel ▼ ⚙ INTERACTIVE (un-built) #10: carousel + carousel + carousel + carousel + carousel + carousel + carousel + carousel — Act
   MXEO401/MXEO401_0_0.html over=0.96 lost=6 :: MXEO401-INT-00-01-carousel ▼ Writers Note: please create an image of this quote in large bold font: ⚙ INTERACTIVE (un-built) #1: carousel (-) — Activi

== multiChoiceQuiz
   ENGC302/ENGC302_6_0.html over=0.5 lost=5 :: ENGC302-INT-06-01-multiChoiceQuiz ▼ ⚙ INTERACTIVE (un-built) #9: multiChoiceQuiz — Activity 6A — see ENGC302_interactives.txt https://docs.google.com/
   GENO901/GENO901_3_2.html over=0.43 lost=10 :: GENO901-INT-06-02-multiChoiceQuiz ▼ ⚙ INTERACTIVE (un-built) #30: multiChoiceQuiz (quiz with) — Activity (inline) — see GENO901_interactives.txt 3B Al
   MXEX301/MXEX301_6_0.html over=0.61 lost=6 :: MXEX301-INT-07-01-multiChoiceQuiz ▼ ⚙ INTERACTIVE (un-built) #9: multiChoiceQuiz (with check) — Activity (inline) — see MXEX301_interactives.txt Activ
