## Fundamentals CHFUN01 gold_html=1 claude_pages=1 embedded=8
   [PAGE 1 Novice] (no page)
   [Page content] (no page)
   [PAGE 2 Novice] (no page)
   [Page content] (no page)
   [PAGE 3 Novice] (no page)
   [Page content] (no page)
## Fundamentals CHFUN04 gold_html=1 claude_pages=1 embedded=12
   [PAGE 1 Novice] (no page)
   [Page content] (no page)
   [PAGE 2 Novice] (no page)
   [Page content] (no page)
   [PAGE 3 Novice] (no page)
   [Page content] (no page)
## Fundamentals CHFUN05 gold_html=1 claude_pages=1 embedded=74
   [PAGE 1 Novice] (no page)
   [Page content] (no page)
   [PAGE 2 Novice] (no page)
   [Page content] (no page)
   [PAGE 3 Novice] (no page)
   [Page content] (no page)
## Fundamentals CHFUN06 gold_html=1 claude_pages=1 embedded=18
   [PAGE 1 Novice] (no page)
   [Page content] (no page)
   [PAGE 2 Novice] (no page)
   [Page content] (no page)
   [PAGE 3 Novice] (no page)
   [Page content] (no page)
## Fundamentals CHFUN07 gold_html=1 claude_pages=1 embedded=12
   [PAGE 1 Novice] (no page)
   [Page content] (no page)
   [PAGE 2 Novice] (no page)
   [Page content] (no page)
   [PAGE 3 Novice] (no page)
   [Page content] (no page)
## Fundamentals CHFUN08 gold_html=1 claude_pages=1 embedded=12
   [PAGE 1 Novice] (no page)
   [Page content] (no page)
   [PAGE 2 Novice] (no page)
   [Page content] (no page)
   [PAGE 3 Novice] (no page)
   [Page content] (no page)
## Inquiry CEDK401 gold_html=1 claude_pages=1 embedded=3
   [Lesson Summary] (no page)
   [Lesson Summary] (no page)
   [Lesson Summary] (no page)
## Inquiry CEDR302 gold_html=1 claude_pages=1 embedded=1
   [Edit page] (no page)
## Inquiry EXPFUN02 gold_html=1 claude_pages=1 embedded=1
   [ILanding page] (no page)
## Standard CEDR501 gold_html=10 claude_pages=11 embedded=1
   [The Instant Standard assessment task for this sta (no page)
## Standard CEDW501 gold_html=11 claude_pages=13 embedded=2
   [Page 2 of diary] (no page)
   [Page 3 of diary] (no page)
## Standard COM1005 gold_html=9 claude_pages=10 embedded=2
   [Copy FIG 5.1 from lesson 5 of ECO1004 module. For (no page)
   [Copy FIG 5.2 from lesson 5 of the ECO1004 module. (no page)
## Standard COM1006 gold_html=9 claude_pages=10 embedded=1
   [Copy the content from lesson 5 of ECO1003 module (no page)
## Standard DTC1005 gold_html=22 claude_pages=21 embedded=5
   [Database LESSON 2 – Parts of a Database ] (no page)
   [Database LESSON 3 – Populate a Database] (no page)
   [Database LESSON 4 – Methods of Populating a Datab (no page)
   [Database LESSON 5 – Build your own Database] (no page)
   [Programming LESSON 1 – Teaching and Learning] (no page)
## Standard ENGC204 gold_html=7 claude_pages=7 embedded=6
   [LESSON ONE] (no page)
   [LESSON TWO] (no page)
   [LESSON THREE] (no page)
   [LESSON FOUR] (no page)
   [LESSON FIVE] (no page)
   [LESSON SIX] (no page)
## Standard ENGC206 gold_html=6 claude_pages=8 embedded=5
   [This is a complete rewrite of lesson 1 from the o (no page)
   [We are using part of Lesson 3 from ENO304 (the or → opens 2.0 (29)
   [Found in Lesson 3 of old module] (no page)
   [Lesson 5 is a complete rewrite and is also the la (no page)
   [Lesson 5 – Final] (no page)
## Standard ENGC403 gold_html=16 claude_pages=16 embedded=3
   [insert lesson (no page)
   [Lesson 4.2 continued] (no page)
   [navigate forward to lesson 5] (no page)
## Standard ENGI405 gold_html=8 claude_pages=8 embedded=2
   [insert zones writing wheel from this page (no page)
   [Lesson six] (no page)
## Standard ENGS404 gold_html=12 claude_pages=12 embedded=2
   [insert lesson from ENO511 (no page)
   [Designer note: Please insert old lesson from here (no page)
## Standard GENO901 gold_html=9 claude_pages=23 embedded=3
   [GER000 GRO101 Module 1 Lesson 3B (no page)
   [GRO101 Lesson 4 4B renamed as 3D] (no page)
   [keep colour coding on student page] (no page)

BY MARKER (folded, digits→N):
   67 spans /  6 modules / opens 0: [page content]  [CHFUN01 CHFUN04 CHFUN05 CHFUN06 CHFUN07 CHFUN08]
   38 spans /  6 modules / opens 0: [page N emergent]  [CHFUN01 CHFUN04 CHFUN05 CHFUN06 CHFUN07 CHFUN08]
   30 spans /  6 modules / opens 0: [page N novice]  [CHFUN01 CHFUN04 CHFUN05 CHFUN06 CHFUN07 CHFUN08]
    3 spans /  1 modules / opens 0: [lesson summary]  [CEDK401]
    2 spans /  1 modules / opens 0: [page N of diary]  [CEDW501]
    2 spans /  2 modules / opens 0: [lesson six]  [ENGC204 ENGI405]
    1 spans /  1 modules / opens 0: [page Nemergent]  [CHFUN05]
    1 spans /  1 modules / opens 0: [edit page]  [CEDR302]
    1 spans /  1 modules / opens 0: [ilanding page]  [EXPFUN02]
    1 spans /  1 modules / opens 0: [the instant standard assessment task fo  [CEDR501]
    1 spans /  1 modules / opens 0: [copy fig N.N from lesson N of ecoN modu  [COM1005]
    1 spans /  1 modules / opens 0: [copy fig N.N from lesson N of the ecoN   [COM1005]
    1 spans /  1 modules / opens 0: [copy the content from lesson N of ecoN   [COM1006]
    1 spans /  1 modules / opens 0: [database lesson N - parts of a database  [DTC1005]
    1 spans /  1 modules / opens 0: [database lesson N - populate a database  [DTC1005]
    1 spans /  1 modules / opens 0: [database lesson N - methods of populati  [DTC1005]
    1 spans /  1 modules / opens 0: [database lesson N - build your own data  [DTC1005]
    1 spans /  1 modules / opens 0: [programming lesson N - teaching and lea  [DTC1005]
    1 spans /  1 modules / opens 0: [lesson one]  [ENGC204]
    1 spans /  1 modules / opens 0: [lesson two]  [ENGC204]
    1 spans /  1 modules / opens 0: [lesson three]  [ENGC204]
    1 spans /  1 modules / opens 0: [lesson four]  [ENGC204]
    1 spans /  1 modules / opens 0: [lesson five]  [ENGC204]
    1 spans /  1 modules / opens 0: [this is a complete rewrite of lesson N   [ENGC206]
    1 spans /  1 modules / opens 1: [we are using part of lesson N from enoN  [ENGC206]
    1 spans /  1 modules / opens 0: [found in lesson N of old module]  [ENGC206]
    1 spans /  1 modules / opens 0: [lesson N is a complete rewrite and is a  [ENGC206]
    1 spans /  1 modules / opens 0: [lesson N - final]  [ENGC206]
    1 spans /  1 modules / opens 0: [insert lesson  [ENGC403]
    1 spans /  1 modules / opens 0: [lesson N.N continued]  [ENGC403]
    1 spans /  1 modules / opens 0: [navigate forward to lesson N]  [ENGC403]
    1 spans /  1 modules / opens 0: [insert zones writing wheel from this pa  [ENGI405]
    1 spans /  1 modules / opens 0: [insert lesson from enoN  [ENGS404]
    1 spans /  1 modules / opens 0: [designer note: please insert old lesson  [ENGS404]
    1 spans /  1 modules / opens 0: [gerN groN module N lesson Nb  [GENO901]
    1 spans /  1 modules / opens 0: [groN lesson N Nb renamed as Nd]  [GENO901]
    1 spans /  1 modules / opens 0: [keep colour coding on student page]  [GENO901]
