## Fundamentals WJFUN112 pages=1 gold_html=1 mid-page lesson openers=2
   0.0#35 tag/lesson "[LESSON 1]"
   0.0#152 tag/lesson "[LESSON 2]"
## Fundamentals WJFUN205 pages=1 gold_html=1 mid-page lesson openers=5
   0.0#50 tag/lesson "[LESSON 1]"
   0.0#152 tag/lesson "[LESSON 2]"
   0.0#161 tag/h2 "[H2] Lesson 2: Adverbial Phrases and Appositives"
   0.0#217 tag/lesson "[LESSON 3]"
   0.0#225 tag/h2 "[H2] Lesson 3 Punctuation"
## Fundamentals WJFUN206 pages=1 gold_html=1 mid-page lesson openers=2
   0.0#229 tag/lesson "[LESSON 2] Expanding sentences for clarity and effect"
   0.0#410 tag/lesson "[LESSON 3] Commas and speech marks"
## Fundamentals WJFUN210 pages=1 gold_html=1 mid-page lesson openers=1
   0.0#28 tag/lesson "[LESSON 1]"
## Fundamentals WJFUN212 pages=1 gold_html=1 mid-page lesson openers=2
   0.0#31 tag/h1 "[LESSON 1] [H1] Literary Techniques"
   0.0#225 tag/lesson "[Lesson 2]"
## Fundamentals WJFUN304 pages=1 gold_html=1 mid-page lesson openers=1
   0.0#60 tag/h2 "[H2] Lesson 1: Compound-complex sentences"
## Fundamentals WJFUN305 pages=1 gold_html=1 mid-page lesson openers=1
   0.0#253 tag/lesson "[LESSON 2]"
## Inquiry TWHK901 pages=1 gold_html=1 mid-page lesson openers=8
   0.0#45 tag/lesson "[LESSON 1]"
   0.0#52 tag/h2 "[H2] Lesson 1: What is sustainability?"
   0.0#94 tag/lesson "[LESSON 2]"
   0.0#101 tag/h2 "[H2] Lesson 2: Mātauranga Māori approaches to sustainability."
   0.0#122 tag/lesson "[LESSON 3]"
   0.0#129 tag/h2 "[H2] Lesson 3: The problem of rubbish and recycling."
   0.0#152 tag/lesson "[LESSON 4]"
   0.0#159 tag/h2 "[H2] Lesson 4: The 4R’s and how we can help."
## Inquiry TWHK902 pages=1 gold_html=1 mid-page lesson openers=2
   0.0#30 tag/h2 "[H2] Lesson 2: Maramataka and the impact of climate change on Māori wa"
   0.0#71 tag/lesson "[LESSON 4] What can I do?"
## Inquiry TWHT903 pages=1 gold_html=1 mid-page lesson openers=8
   0.0#51 tag/lesson "[LESSON 1]"
   0.0#60 tag/h2 "[H2] Lesson 1: What is identity? Who am I?"
   0.0#114 tag/lesson "[LESSON 2:]"
   0.0#116 tag/h2 "[H2] Lesson 2: Exploring Diversity"
   0.0#148 tag/lesson "[LESSON 3]"
   0.0#157 tag/h2 "[H2] Lesson 3: What is judgement and bias?"
   0.0#193 tag/lesson "[LESSON 4]"
   0.0#200 tag/h2 "[H2] Lesson 4: What is a digital identity?"
## Standard XGF9001 pages=7 gold_html=15 mid-page lesson openers=15
   1.0#4 tag "Lesson 2: Greats and Gripes"
   1.0#5 tag "Lesson 3: Finding my Tribe"
   1.0#7 tag "Lesson 4: How I Learn Best"
   1.0#8 tag "Lesson 5: My Ideal Learning Environment"
   1.0#10 tag "Lesson 6: Managing my Unique Strengths and Intensities"
   1.0#11 tag "Lesson 7: The Power of the Flip!"
   1.0#13 tag "Lesson 8: Exploring my Passions"
   1.0#15 tag "Lesson 9: Visioning and Goal Setting"
TOTAL modules 11 hits 47
