
=== TRR107 TRR107 Writers Template.docx: blocks 104, standard start -1, TRIMMED 31 (tables 17); dropped shingles 4380, in gold 979 (0.22)
     0 para  |  **Kaiwhakamāori Team – The 2 peer-reviews have been checked and finished by the KWM team. JMM. 30/09/2025** -------------------------------
     1 para  | 🔴[RED TEXT] Navigation Key [/RED TEXT]🔴
     2 para  | How to Use the Navigation Key
     3 para  | *This key helps you navigate the learning module by explaining what each section means, what colour it is coded with, and provides* **quick 
     4 table | **Description** **Colour** **Links (control + click)** Whenu / Strand • Click Here Toi Mokopuna / Dispositions and attributes of learners • 
     5 para  | **Going Back to the Top**
   … last: **English** **Te Reo Māori** 🔴[RED TEXT] [H2] [/RED TEXT]🔴**Lesson 2** 🔴[RED TEXT] [H2] [/RED TEXT]🔴**Ngohe 2** 🔴[R
   first kept: 🔴[RED TEXT] [Item 21] [Image] [/RED TEXT]🔴A E H I , pureta pic.png

=== TRR108 TRR108 Writers Template.docx: blocks 95, standard start -1, TRIMMED 25 (tables 12); dropped shingles 2664, in gold 1318 (0.49)
     0 para  | **Kaiwhakamāori Team – The 2 peer-reviews have been checked and finished by the KWM team. JMM. 1/10/2025** ---------------------------------
     1 para  | 🔴[RED TEXT] Navigation Key [/RED TEXT]🔴
     2 para  | How to Use the Navigation Key
     3 para  | *This key helps you navigate the learning module by explaining what each section means, what colour it is coded with, and provides* **quick 
     4 table | **Description** **Colour** **Links (control + click)** Whenu / Strand • Click Here Toi Mokopuna / Dispositions and attributes of learners • 
     5 para  | **Going Back to the Top**
   … last: **English** **Māori** 🔴[RED TEXT] [H1] [/RED TEXT]🔴 **Proverb** 🔴[RED TEXT] [H1] [/RED TEXT]🔴 **Whakataukī | Whakata
   first kept: 🔴[RED TEXT] [H3] [/RED TEXT]🔴Karakia Tīmatanga

=== TRR112 TRR112 Writers Template.docx: blocks 117, standard start -1, TRIMMED 24 (tables 7); dropped shingles 1345, in gold 158 (0.12)
     0 para  | **Kaiwhakamāori Team – The 3 peer-reviews have been checked and finished by the KWM team. JMM. 12/03/2026** **------------------------------
     1 para  | 🔴[RED TEXT] Navigation Key [/RED TEXT]🔴
     2 para  | 🔴[RED TEXT] Navigation Key [/RED TEXT]🔴
     3 para  | How to Use the Navigation Key
     4 para  | *This key helps you navigate the learning module by explaining what each section means, what colour it is coded with, and provides* **quick 
     5 table | **Description** **Colour** **Links (control + click)** Whenu / Strand • Click Here Toi Mokopuna / Dispositions and attributes of learners • 
   … last: 🔴[RED TEXT] [Lesson 1] [/RED TEXT]🔴
   first kept: 🔴[RED TEXT] [H1] [/RED TEXT]🔴**TRR112 –The vowel blend: oa | Te oropuare pūrua: oa**

=== TRR113 TRR113 Writers Template.docx: blocks 122, standard start -1, TRIMMED 25 (tables 8); dropped shingles 1189, in gold 45 (0.04)
     0 para  | **KWM checked – The 3 peer-reviews have been checked and finished by the KWM team. JMM. 19/03/2026** **-------------------------------------
     1 para  | 🔴[RED TEXT] Navigation Key [/RED TEXT]🔴
     2 para  | 🔴[RED TEXT] Navigation Key [/RED TEXT]🔴
     3 para  | How to Use the Navigation Key
     4 para  | *This key helps you navigate the learning module by explaining what each section means, what colour it is coded with, and provides* **quick 
     5 table | **Description** **Colour** **Links (control + click)** Whenu / Strand • Click Here Toi Mokopuna / Dispositions and attributes of learners • 
   … last: 🔴[RED TEXT] [Lesson 1] [/RED TEXT]🔴
   first kept: 🔴[RED TEXT] [H1] [/RED TEXT]🔴**TRR113 –The vowel blend: ua | Te Oropuare pūrua: ua**

=== TRR114 TRR114 Writers Template.docx: blocks 173, standard start -1, TRIMMED 29 (tables 14); dropped shingles 2844, in gold 1213 (0.43)
     0 para  |  **Note: The 2 peer-reviews have been checked and finished by the Kaiwhakamāori team. JMM. 11/09/2025** ------------------------------------
     1 para  | 🔴[RED TEXT] Navigation Key [/RED TEXT]🔴
     2 para  | How to Use the Navigation Key
     3 para  | *This key helps you navigate the learning module by explaining what each section means, what colour it is coded with, and provides* **quick 
     4 table | **Description** **Colour** **Links (control + click)** Whenu / Strand • Click Here Toi Mokopuna / Dispositions and attributes of learners • 
     5 para  | **Going Back to the Top**
   … last: He aha tēnei? E hia ngā kuoro? 🔴[RED TEXT] Item 9] [Image] [/RED TEXT]🔴House 🔴[RED TEXT] 1 [/RED TEXT]🔴te kuoro 🔴[R
   first kept: 🔴[RED TEXT] [Alert Solid] [/RED TEXT]🔴 

=== TRR116 TRR116 Writers Template.docx: blocks 138, standard start -1, TRIMMED 75 (tables 52); dropped shingles 6230, in gold 2585 (0.41)
     0 para  | **Kaiwhakamāori Team – The 2 peer-reviews have been checked and finished by the KWM team. JMM. 30/10/2025** 
     1 para  | **------------------------------------------------------------------------------------------------------------------------------------------
     2 para  | 🔴[RED TEXT] Navigation Key [/RED TEXT]🔴
     3 para  | How to Use the Navigation Key
     4 para  | *This key helps you navigate the learning module by explaining what each section means, what colour it is coded with, and provides* **quick 
     5 table | **Description** **Colour** **Links (control + click)** Whenu / Strand • Click Here Toi Mokopuna / Dispositions and attributes of learners • 
   … last: **English** **Te Reo Māori** **Activity 5A:** **Ngohe 5A:** 🔴[RED TEXT] [H2] [/RED TEXT]🔴**Kei** 🔴[RED TEXT] [H2] [/R
   first kept: 🔴[RED TEXT] [Side Alert] [/RED TEXT]🔴

=== EXPFUN06 EXPFUN06 Writers Template + Media List.docx: blocks 322, standard start -1, TRIMMED 55 (tables 5); dropped shingles 626, in gold 0 (0.00)
     0 para  | **MTK WRITERS TEMPLATE – TE ARA WHAKAMUA**
     1 para  | Use this writer’s template for **creating new content** or **merging content** from existing resources in My Te Kura. 
     2 para  | **SUBMISSION CHECKLIST: On completion of the Writer’s template ensure you have checked off these tasks. Have you:**
     3 para  | Completed Section A if using content from existing My Te Kura resources? ☐Yes ☒ N/A
     4 para  | Ensured Section A is a true reflection of old content used at the completion of this writer’s copy? ☐ Yes ☒ N/A
     5 para  | Completed a **Learning Journal** (if using) for submission to Creative Services alongside this template? ☐Yes ☒ N/A
   … last: 🔴[RED TEXT] EXPFUN06 – Assessment / Aromatawai [/RED TEXT]🔴
   first kept: 🔴[RED TEXT] [H1] [/RED TEXT]🔴**Tirohanga Whānui | Overview** 

=== ART1005 ART1005 Writers Template + Media List.docx: blocks 254, standard start -1, TRIMMED 30 (tables 5); dropped shingles 481, in gold 0 (0.00)
     0 para  | **LAND, SEA AND SKY WRITERS TEMPLATE - TE ARA WHAKAMUA**
     1 para  | Use this writer’s template for **creating new content** or **merging content** from existing resources in My Te Kura. 
     2 para  | **Contents:**
     3 para  | Understanding which sections to complete 
     4 para  | Section A – Merging Resources 
     5 para  | Section B – New Content Development
   … last: 🔴[RED TEXT] [ [/RED TEXT]🔴**Land, Sea and Sky**🔴[RED TEXT] ] [/RED TEXT]🔴
   first kept:  🔴[RED TEXT] [H2] [/RED TEXT]🔴 **Understand:** 
