
=== TRR102
  WT: T[title bar: · h2:Overview · h3:In the first six months, i]
      T[h1:Strand: · h2:Technical precision: · h2:Critical awareness and inf · h2:Diplomatic and empathetic  · h2:Linguistic creativity:]
      T[h1:Dispositions and attribute · h2:Technical Precision: · h2:Critical awareness and inf · h2:Diplomatic and empathetic  · h2:Linguistic creativity:]
      T[h1:Key objectives: / Learning · h2:Technical precision · h2:Critical awareness and inf · h2:Diplomatic and empathetic  · h2:Linguistic creativity:]
      T[h1:Learning Intentions · h2:I can: · h1:Success Criteria · h2:I can: · h1:Planning your time · h1:What do I need to get star · h2:Connections]
      T[h1:TRR900 · h2:Introduction]
      P:[End Page]
  GOLD tabs: Overview | Strand | Dispositions | Key objectives | Information
   pane1: (8) h5:In the first six month · h5:By the end of the year
   pane2: (8) h5:Technical Precision: · h5:Critical awareness and · h5:Diplomatic and empathe · h5:Linguistic creativity:
   pane3: (8) h5:Technical Precision: · h5:Critical awareness and · h5:Diplomatic and empathe · h5:Linguistic creativity:
   pane4: (8) h5:Technical precision · h5:Critical awareness and · h5:Diplomatic and empathe · h5:Linguistic creativity:
   pane5: (6 paddingR|6 paddingL) h4:Learning Intentions · h5:I can: · h4:Success Criteria · h5:I can: · h5:Planning your time · h5:What do I need to get 

=== TRR103
  WT: T[title bar: · h2:Overview · h3:/ [Body] In the first 6 mo]
      T[h1:Strand: · h2:Technical Precision: · h2:Critical awareness and inf · h2:Diplomatic and empathetic  · h2:Linguistic creativity:]
      T[h1:Dispositions and attribute · h2:Technical Precision: · h2:Critical awareness and inf · h2:Diplomatic and empathetic  · h2:Linguistic creativity:]
      T[h1:Key Objectives: / Learning · h2:Technical precision · h2:Critical awareness and inf · h2:Diplomatic and empathetic  · h2:Linguistic creativity:]
      T[h1:Critical Point of Learning · h2:By the end of six months a · h2:By the end of one year at ]
      T[h1:Learning Intentions · h2:I can: · h1:Success Criteria · h2:I can: · h1:Planning your time · h1:What do I need to get star · h2:Connections]
      P:[H1]  **TRR103  The vowels: Ee | Ngā Oro
      T[h1:TRR900 · h2:Module introduction]
      P:[End Page]
  GOLD tabs: Overview | Strand | Dispositions | Key objectives | Information
   pane1: (8) h5:In the first six month
   pane2: (8) h5:Technical Precision: · h5:Critical awareness and · h5:Diplomatic and empathe · h5:Linguistic creativity:
   pane3: (8) h5:Technical Precision: · h5:Critical awareness and · h5:Diplomatic and empathe · h5:Linguistic creativity:
   pane4: (6 paddingR|6 paddingL) h4:Learning Intentions · h5:I can: · h4:Success Criteria · h5:I can: · h5:Planning your time · h5:What do I need to get 
   pane5: (8) h5:Critical Point of Lear · h5:By the end of six mont · h5:By the end of one year

=== TRR106
  WT: T[title bar: · h2:Overview · h3:In the first 6 months, in ]
      T[h1:Strand: · h2:Technical Precision: · h2:Critical awareness and inf · h2:Diplomatic and empathetic  · h2:Linguistic creativity:]
      T[h1:Dispositions and attribute · h2:Technical Precision: · h2:Critical awareness and inf · h2:Diplomatic and empathetic  · h2:Linguistic creativity:]
      T[h1:Key Objectives: / Learning · h2:Technical precision · h2:Critical awareness and inf · h2:Diplomatic and empathetic  · h2:Linguistic creativity:]
      T[h1:Critical Point of Learning · h2:By the end of six months a · h2:By the end of one year at ]
      T[h1:Learning Intentions · h2:I can: · h1:Success Criteria · h2:I can: · h1:Planning your time · h1:What do I need to get star · h2:Connections]
      P:[H1]  **TRR101  The vowels: Uu | Ngā Oro
      T[h1:TRR900 · h2:Module Introduction]
      P:[End Page]
  GOLD tabs: Overview | Strand | Dispositions | Key objectives | Information
   pane1: (8) h5:In the first six month
   pane2: (8) h5:Technical Precision: · h5:Critical awareness and · h5:Diplomatic and empathe · h5:Linguistic creativity:
   pane3: (8) h5:Technical Precision: · h5:Critical awareness and · h5:Diplomatic and empathe · h5:Linguistic creativity:
   pane4: (6 paddingR|6 paddingL) h4:Learning Intentions · h5:I can: · h4:Success Criteria · h5:I can: · h5:Planning your time · h5:What do I need to get 
   pane5: (8) h5:Critical Point of Lear · h5:By the end of six mont · h5:By the end of one year

=== TRR107
  WT: T[title bar: · h2:Overview]
      T[h1:Strand: · h2:Technical Precision: · h2:Critical awareness and inf · h2:Diplomatic and empathetic  · h2:Linguistic creativity:]
      T[h1:Dispositions and attribute · h2:Technical Precision: · h2:Critical awareness and inf · h2:Diplomatic and empathetic  · h2:Linguistic creativity:]
      T[h1:Key Objectives: · h2:Technical precision · h2:Critical awareness and inf · h2:Diplomatic and empathetic  · h2:Linguistic creativity:]
      T[h1:Critical Point of Learning · h2:By the end of six months a · h2:By the end of one year at ]
      T[h1:Learning Intentions · h2:I can: · h1:Success Criteria · h2:I can: · h1:Planning your time · h1:What do I need to get star · h2:Connections]
      T[h1:TRR900 · h2:Module Introduction · h3:Starting Prayer: / [Item 3]
      T[h1:Proverb · h3:With feathers the bird can]
      T[h2:Lesson 1 · h3:Activity Instructions: · h3:Finished! · h3:What have I learned?]
      T[h2:Lesson 1E · h3:Activity Instructions: · h3:Finished! · h3:What have I learned?]
      T[h2:Lesson 1 · h3:Activity Instructions: · h3:Finished! · h3:What have I learned?]
      T[h2:Lesson 2 · h3:Activity Instructions: · h3:Finished! · h3:What have I learned?]
      T[h2:Lesson 2 · h3:Activity Instructions:]
      P:[Item 21] [Image]  A E H I , pureta pic.
      P:[Item 22] [Image]  K M N NG , pureta pic
      P:[Item 23][Audio]  Orokati h, k, m, n, ng
      P:[Please snip each relevant consonant ima
      P:[Speech Bubble]  Awesome, friend! Check 
      P:[Item 24] [Video]  Te Arapū
      P:[Body]  Me tākaro tātou i tētahi kēmu kā
      P:[Drag a line to match consonant to conso
      T[]
      P:[Item 21] [Image]  A E H I , pureta pic.
      P:[Item 22] [Image]  K M N NG , pureta pic
      P:[Item 23][Audio]  Orokati h, k, m, n, ng
      P:[Please snip each consonant image and au
      P:[Speech Bubble] Tau kē e hoa, tirohia tē
      P:[Item 24] [Video]  Te Arapū
      P:[Alert Solid]
      P:**Remember**
      P:[Alert Solid]
      P:**Kia maumahara koe**
      P:[Body]  You are a learning champion!
      P:[Body]  He toa ako koe!
      P:[H3]  **Finished!**
      P:[H3]  **Kua oti!**
      P:[Body]  Your work is really awesome, fri
      P:[Body]  Ka rawe kē o mahi e hoa.
      P:[H3]  **What have I learned?**
      P:[H3]  **He aha tāku i ako ai?**
      P:[Body]  I learnt the sound of each conso
      P:[Body]  I ako ahau i te tangi o ia oroka
      T[h2:Lesson 2 · h3:Activity Instructions:]
      P:[Body]  Re-energize and have a brain bre
      P:[Item 30] [Video]  Waiata Mauritau
      P:[Body]  Me tākaro tātou i tētahi kēmu kā
      P:[Drag and drop. The table shows correct 
      T[]
      P:[Body]  Whakahihiko anō, ka whakatā i te
      P:[Item 30] [Video]  Waiata Mauritau
      P:[Alert Solid]
      P:**Remember**
      P:[Alert Solid]
      P:**Kia maumahara koe**
      P:[Body]  You are awesome!
      P:[Body]  He autaia koe!
      P:[H3]  **Finished!**
      P:[H3]  **Kua oti!**
      P:[Body]  You’ve done another task really 
      P:[Body]  Kua tutuki pai i a koe he mahi a
      P:[H3]  **What have I learned?**
      P:[H3]  **He aha tāku i ako ai?**
      P:[Body]  I learnt to hear a consonant and
      P:[Body]   I ako au ki te whakarongo ki te
      T[h2:Lesson 3 · h3:Activity Instructions:]
      P:[Item 31] [Image]  Tama Harikoa
      P:[Body]  Tākaro i te kēmu mahara! Kimi me
      P:[Drag and drop. The table shows correct 
      T[]
      P:[Item 31] [Image]  Tama Harikoa
      P:[Alert Solid]
      P:**Remember**
      P:[Alert Solid]
      P:**Kia maumahara koe**
      P:[Body]
      P:[Body]  He autaia koe!
      P:[H3]  **Finished!**
      P:[H3]  **Kua oti!**
      P:[Body]  You superstar, you are all finis
      P:[Body]  He whetū koe, kua oti katoa ō ma
      P:[H3]  **What have I learned?**
      P:[H3]  **He aha tāku i ako ai?**
      P:[Body]  I learnt to match capital letter
      P:[Body]  I ako au ki te tūhono i te oroka
      P:[Heading 3]  Karakia Whakakapi:
      T[]
  GOLD tabs: Overview | Strand | Dispositions | Key objectives | Critical Point of Learning | Learning Intentions
   pane1: (8) 
   pane2: (8) h5:Technical Precision: · h5:Critical awareness and · h5:Diplomatic and empathe · h5:Linguistic creativity:
   pane3: (8) h5:Technical Precision: · h5:Critical awareness and · h5:Diplomatic and empathe · h5:Linguistic creativity:
   pane4: (8) h5:Technical Precision: · h5:Critical awareness and · h5:Diplomatic and empathe · h5:Linguistic creativity:
   pane5: (8) h5:By the end of six mont · h5:By the end of one year
   pane6: (6 paddingR|6 paddingL) h4:Learning Intentions · h5:I can: · h4:Success Criteria · h5:I can: · h5:Planning your time · h5:What do I need to get 

=== TRR108
  WT: T[title bar: · h2:Overview · h3:/ [Body] In the first 6 mo]
      T[h1:Strand: · h2:Technical Precision: · h2:Critical awareness and inf · h2:Diplomatic and empathetic  · h2:Linguistic creativity:]
      T[h1:Dispositions and attribute · h2:Technical Precision: / Mok · h2:Critical awareness and inf · h2:Diplomatic and empathetic  · h2:Linguistic creativity: / M]
      T[h1:Key Objectives: / Learning · h2:Technical precision / accu · h2:Critical awareness and inf · h2:Diplomatic and empathetic  · h2:Linguistic creativity: / d]
      T[h1:Critical Point of Learning · h2:By the end of six months a · h2:By the end of one year at ]
      T[h1:Learning Intentions · h2:I can: · h1:Success Criteria · h2:I can: · h1:Planning your time · h1:What do I need to get star · h2:Connections]
      T[h1:TRR900 · h2:Module Introduction]
      T[h1:Proverb]
      P:[H3]  Karakia Tīmatanga
      P:[Item 10][Image]  Karakia Tīmatanga
      T[h2:Lesson 1 - Matching the So · h3:Activity Instructions:]
      P:[Body]  Whakarongo ki te oro orokati kei
      P:[The table below shows the layout of the
      P:[Item 11] [Audio]  P, R, T, W, WH
      T[]
      P:[Alert Solid]
      P:**Remember**
      P:[Alert Solid]
      P:**Kia maumahara koe**
      P:[Body]
      P:Listen carefully, look carefully, take y
      P:[Body]
      P:Āta whakarongo, āta titiro, āta mahi. Ke
      P:[H3]  **Finished!**
      P:[H3]  **Kua oti!**
      P:[Body]
      P:Well done! You've matched the sounds to 
      P:[Body]
      P:Tino pai! Kua hono koe i ngā oro ki ngā 
      P:[H3]  **What have I learned?**
      P:[H3]  **He aha tāku i ako ai?**
      P:[Body]  Memory Game/quiz
      P:[Body]  He Kēmu Maumahara
      T[h2:Lesson 1 - Matching the Pi · h3:Activity Instructions:]
      P:[Body]  Tirohia ngā orokati kei te pou t
      P:[The table below shows the layout of the
      T[]
      P:[Alert Solid]
      P:**Remember**
      P:[Alert Solid]
      P:**Kia maumahara koe**
      P:[Body]
      P:Look carefully, take your time. Have fun
      P:[Body]
      P:Āta titiro, āta mahi. Kia pārekareka!
      P:[H3]  **Finished!**
      P:[H3]  **Kua oti!**
      P:[Body]
      P:Well done! You've matched the consonant 
      P:[Body]
      P:Tino pai! Kua hono koe i ngā āhua reta o
      P:[H3]  **What have I learned?**
      P:[H3]  **He aha tāku i ako ai?**
      P:[Body]  To match consonants with picture
      P:[Body]  He tūhono i ngā orokati ki ngā p
      T[h2:Lesson 1 - Capital and low · h3:Activity Instructions:]
      P:[Body]  Ka taea e koe te kōwhiri i ngā o
      P:[Memory Card Match: Can you please creat
      T[]
      P:[Alert Solid]
      P:**Remember**
      P:[Alert Solid]
      P:**Kia maumahara koe**
      P:[Body]  A capital letter is bigger. Lowe
      P:[Body]  Ko te orokati pū matua he nunui 
      P:[H3]  **Finished!**
      P:[H3]  **Kua oti!**
      P:[Body]  Well done! You now know your cap
      P:[Body]  Ka rawe! Kua mōhio koe ki ngā or
      P:[H3]  **What have I learned?**
      P:[H3]  **He aha tāku i ako ai?**
      P:[Body]  Memory Game
      P:[Body]  He Kēmu Maumahara
      T[h2:Lesson 2 · h3:Activity Instructions: · h3:Finished! · h3:What have I learned?]
      P:[H3]  Karakia Whakakapi
      P:[Item 22] [Video]  Whakatau Wairua
      P:[Item 23] [Audio]  Karakia Whakakapi
      T[]
  GOLD tabs: Overview | Strand | Dispositions | Key objectives | Information
   pane1: (8) h5:In the first 6 months,
   pane2: (8) h5:Technical Precision: · h5:Critical awareness and · h5:Diplomatic and empathe · h5:Linguistic creativity:
   pane3: (8) h5:Technical Precision: · h5:Critical awareness and · h5:Diplomatic and empathe · h5:Linguistic creativity:
   pane4: (8) h5:Technical precision: · h5:Critical awareness and · h5:Diplomatic and empathe · h5:Linguistic creativity: · h5:By the end of six mont · h5:By the end of one year
   pane5: (6 paddingR|6 paddingL) h4:Learning Intentions · h5:I can: · h4:Success Criteria · h5:I can: · h5:Planning your time · h5:What do I need to get 

=== TRR109
  WT: T[title bar: · h2:Overview]
      P:KWM
      T[h2:Key objectives · h2:Learning Intentions · h1:I am learning to: · h2:Success Criteria · h1:I can:]
      T[h2:Information · h1:Planning your time · h1:What do I need to get star · h2:Connections]
      T[h1:TRR900 · h1:The vowel blends: a]
      P:[Item 1] [Video]  Oro tōpū a intro
      P:KWM
      T[]
      P:[End Page] [End Page]
  GOLD tabs: Overview | Key objectives | Information
   pane1: (8) 
   pane2: (6 paddingR) h4:Learning Intentions · h5:I am learning to: · h4:Success Criteria · h5:I can:
   pane3: (6 paddingR|6 paddingL) h5:Planning your time · h5:What do I need to get  · h5:Connections

=== TRR110
  WT: T[title bar: · h2:Overview]
      T[h2:Key objectives · h2:Learning Intentions · h1:I am learning to: · h2:Success Criteria · h1:I can:]
      T[h2:Information · h1:Planning your time · h1:What do I need to get star · h2:Connections]
      P:[Introduction]
      T[h1:TRR900 · h1:Ngā Oropuare Pūrua:e]
      P:[Item 1] [Video]  Oro tōpū e intro
      T[]
      P:[End page]
  GOLD tabs: Overview | Key objectives | Information
   pane1: (8) 
   pane2: (6 paddingR) h4:Learning Intentions · h5:I am learning to: · h4:Success Criteria · h5:I can:
   pane3: (6 paddingR|6 paddingL) h4:Planning your time · h4:What do I need to get  · h4:Connections

=== TRR111
  WT: T[title bar: · h2:Overview]
      T[h2:Key objectives · h2:Learning Intentions · h1:I am learning to: · h2:Success Criteria · h1:I can:]
      T[h2:Information · h1:Planning your time · h1:What do I need to get star · h2:Connections]
      T[h1:TRR900 · h2:Module Introduction]
      P:[End Page]
  GOLD tabs: Overview | Key objectives | Information
   pane1: (8) 
   pane2: (8) h4:Learning Intentions · h5:I am learning to: · h4:Success Criteria · h5:I can:
   pane3: (8 offset-md-0) h5:Planning your time · h5:What do I need to get  · h5:Connections

=== TRR112
  WT: T[title bar: · h2:Overview · h2:Key objectives · h2:Learning Intentions · h1:I am learning to: · h2:Success Criteria · h1:I can:]
      T[h2:Information · h1:Planning your time · h1:What do I need to get star · h2:Connections]
      T[h1:TRR900 · h2:Module Introduction]
      P:[End Page]
  GOLD tabs: 
   pane1: (8) h5:
											
   pane2: (8) h5:
											 · h5:
											 · h5:
											 · h5:
											
   pane3: (8) h5:
											 · h5:
											 · h5:
											 · h5:
											
   pane4: (8) h5:Technical precision: · h5:Critical awareness and · h5:Diplomatic and empathe · h5:Linguistic creativity: · h5:
											 · h5:
											
   pane5: (6 paddingR|6 paddingL) h4:
											 · h5:I can: · h4:
											 · h5:I can: · h5:
											 · h5:
											

=== TRR113
  WT: T[title bar: · h2:Overview]
      T[h2:Key objectives · h2:Learning Intentions · h1:I am learning to: · h2:Success Criteria · h1:I can:]
      T[h2:Information · h1:Planning your time · h1:What do I need to get star · h2:Connections]
      T[h1:TRR900 · h2:Module Introduction]
      P:[End of page]
  GOLD tabs: 
   pane1: (8) h5:
											
   pane2: (8) h5:
											 · h5:
											 · h5:
											 · h5:
											
   pane3: (8) h5:
											 · h5:
											 · h5:
											 · h5:
											
   pane4: (8) h5:Technical precision: · h5:Critical awareness and · h5:Diplomatic and empathe · h5:Linguistic creativity: · h5:
											 · h5:
											
   pane5: (6 paddingR|6 paddingL) h4:
											 · h5:I can: · h4:
											 · h5:I can: · h5:
											 · h5:
											

=== TRR114
  WT: T[title bar: · h2:Overview · h3:/ [Body] In the first 6 mo]
      T[h1:Strand: · h2:Technical Precision: · h2:Kia Mārama: Critical aware · h2:Diplomatic and empathetic  · h2:Linguistic creativity:]
      T[h1:Dispositions and attribute · h2:Technical Precision: · h2:Critical awareness and inf · h2:Diplomatic and empathetic  · h2:Linguistic creativity:]
      T[h1:Key Objectives: / Learning · h2:Technical precision · h2:Critical awareness and inf · h2:Diplomatic and empathetic  · h2:Linguistic creativity:]
      T[h1:Critical Point of Learning · h2:By the end of six months a · h2:By the end of one year at ]
      T[h1:Learning Intentions · h2:I can: · h1:Success Criteria · h2:I can: · h1:Planning your time · h1:What do I need to get star · h2:Connections]
      T[h1:TRR900 · h2:Module Introduction · h3:Karakia Tīmatanga: / [Item]
      T[h1:Proverb]
      T[h2:Lesson 1 · h3:Activity Instructions:]
      P:Please create an interactive activity:
      T[]
      P:[Alert Solid]
      P:**Remember**
      P:[Supervisors note]  Learning about sylla
      P:[Alert Solid]
      P:**Kia maumahara koe**
      P:[Supervisors note]  Mā ngā ako e pā ana 
      P:[Body]
      P:Keep trying — don’t worry if you make a 
      P:[Body]
      P:Whakamātau anō, kaua e māharahara mēnā k
      P:[H3]  **Finished!**
      P:[H3]  **Kua oti!**
      P:[Body]
      P:Awesome!
      P:You have completed the lesson.
      P:[Body]
      P:Ka mau te wehi!
      P:Kua oti i a koe ngā ngohe katoa.
      P:[H3]  **What have I learned?**
      P:[H3]  **He aha tāku i ako ai?**
      P:[Body]  I know what a syllable is, and I
      P:[Body]  E mōhio ana ahau he aha te kuoro
      T[h2:Lesson 1 · h3:Activity Instructions: · h3:Finished! · h3:What have I learned?]
      T[h2:Lesson 1 · h3:Activity Instructions:]
      P:[Item 18] [Audio]  Memory Kuoro  [Each s
      P:[Body]  Kia tākaro tāua i te kēmu maumah
      P:Ko ētahi o ngā kāri te tauira ā tuhi o t
      P:Whakapirihia ngā hoa takirua mō ngā kuor
      P:[Please create flip cards of matching wo
      P:Once the pairs are matched can they be t
      T[]
      P:[Item 18] [Audio]  Memory Kuoro  [Each s
      P:[Alert Solid]
      P:**Remember**
      P:[Alert Solid]
      P:**Kia maumahara koe**
      P:[Body]
      P:You can do it!
      P:[Body]
      P:Kia kaha e hoa!
      P:[H3]  **Finished!**
      P:[H3]  **Kua oti!**
      P:[Body]
      P:Amazing! You did it perfectly.
      P:[Body]
      P:Tūmeke! I tutuki pai noa i a koe.
      P:[H3]  **What have I learned?**
      P:[H3]  **He aha tāku i ako ai?**
      P:[Body]  Memory Game -
      P:I learned how to match audio and visual 
      P:[Body]  He Kēmu Maumahara – I ako ahau k
      T[h2:Lesson 2 · h3:Activity Instructions:]
      P:[Body]  Sing the well-known song about t
      P:[Item 20] [video ] Waiata - You tube
      P:[Body]  Pēhia te pātene oro kia rongo ai
      P:[Please create individual audio clips fo
      P:[Item 19] [Audio]  Create the Kuoro
      P:[This is the list of syllables I would l
      P:[There will be an audio for them to list
      P:[The student, will then have a cluster o
      P:Can the consonants please be black and t
      T[]
      P:[Body]  Waiatahia te waiata rongonui e p
      P:[Item 20] [video ] Waiata - You tube
      P:[Alert Solid]
      P:**Remember**
      P:[Alert Solid]
      P:**Kia maumahara koe**
      P:[Body]  You can always refer to our syll
      P:[Body]  E taea ana e koe te hoki  atu ki
      P:[H3]  **Finished!**
      P:[H3]  **Kua oti!**
      P:[Body]  Good on you, my friend. That’s a
      P:[Body]  Koia kei a koe, e hoa. He mahi n
      P:[H3]  **What have I learned?**
      P:[H3]  **He aha tāku i ako ai?**
      P:[Body]  I can join letters together to m
      P:[Body]  Ka taea e au te tūhono i ngā pū 
      T[h2:Lesson 2 · h3:Activity Instructions:]
      P:Great job! Can you use each word in a se
      P:Can you create a list of 2 syllable word
      P:[Body]  Tirohia ngā pikitia kei raro iho
      P:[Multi Choice Quiz - Can we please have 
      P:The mokopuna task is to choose the box t
      T[]
      P:Ka rawe! E taea ana e koe te whakamahi i
      P:E taea ana e koe te tuhi i tētahi rārang
      P:[Alert Solid]
      P:**To help:**
      P:[Alert Solid]
      P:**Hei āwhina:**
      P:[Body]
      P:Here’s a strategy for you to follow, to 
      P:[Body]
      P:Anei tētahi rautaki hei whai māu, hei āw
      P:[H3]  **Finished!**
      P:[H3]  **Kua oti!**
      P:[Body]  Awesome! Keep up the great work.
      P:[Body]  Ka mau te wehi! Mahia tonuhia ēn
      P:[H3]  **What have I learned?**
      P:[H3]  **He aha tāku i ako ai?**
      P:[Body]  I learned to count the number of
      P:[Body]  I ako ahau ki te tāutu i te nui 
      T[h2:Lesson 2 · h3:Activity Instructions:]
      P:[Item35] [Audio]  Kupu Kuoro Rua
      P:After each word, tell your teacher a sen
      P:Extension:
      P:1. Listen to the words again and say eac
      P:1. Try to write the two-syllable words o
      P:1. Circle the two syllables in each word
      P:1. Draw a picture for each word.
      P:1. Upload your work to Dropbox to share 
      P:[Body]  Whakarongo ki te kupu. Kōwhiria 
      P:[Scroll, Multi Choice Quiz – The student
      T[]
      P:[Item35] [Audio]  Kupu Kuoro Rua
      P:I muri iho o ia kupu, kōrero ki tō kaiak
      P:Hei tāpiri:
      P:1.Whakarongo anō ki ngā kupu, me te whak
      P:2.Whakamātau ki te tuhi i ngā kupu rua k
      P:3.Porohitahia ngā kuoro e rua o ia kupu.
      P:4. Tā i tētahi pikitia mō ia kupu.
      P:5. Tukuna āu mahi ki te pouaka kōnae hei
      P:[Alert Solid]
      P:**Remember**
      P:[Alert Solid]
      P:**Kia maumahara koe**
      P:[Body]  You are amazing, keep going!
      P:[Body]  He tino whakamīharo koe, kia kah
      P:[H3]  **Finished!**
      P:[H3]  **Kua oti!**
      P:[Body]  Kua tutuki! Whuuii!
      P:[Body]  It’s done! Woohoo!
      P:[H3]  **What have I learned?**
      P:[H3]  **He aha tāku i ako ai?**
      P:[Body]  I have learned a lot about sylla
      P:[Body]  Kua nui aku akoranga mō ngā kuor
      T[h2:Lesson 3 · h3:Activity Instructions: · h3:Finished! · h3:What have I learned?]
      T[h2:Lesson 3 · h3:Activity Instructions: · h3:Finished! · h3:What have I learned?]
      T[h2:Lesson 3 · h3:Activity Instructions: · h3:Finished! · h3:What have I learned?]
      P:[Please create the brain breaks as a tab
      T[h1:Prayer / [Body] Io, Whāia ]
      P:[Heading 3]  Karakia Whakakapi:
      T[]
  GOLD tabs: 
   pane1: (8) h5:
											
   pane2: (8) h5:
											 · h5:
											 · h5:
											 · h5:
											
   pane3: (8) h5:
											 · h5:
											 · h5:
											 · h5:
											
   pane4: (8) h5:Technical precision: · h5:Critical awareness and · h5:Diplomatic and empathe · h5:Linguistic creativity: · h5:
											 · h5:
											
   pane5: (6 paddingR|6 paddingL) h4:
											 · h5:I can: · h4:
											 · h5:I can: · h5:
											 · h5:
											

=== TRR116
  WT: T[title bar: · h2:Overview]
      T[h1:Strand: · h2:Technical Precision: · h2:Critical awareness and inf · h2:Diplomatic and empathetic  · h2:Linguistic creativity:]
      T[h1:Dispositions and attribute · h2:Technical Precision: · h2:Critical awareness and inf · h2:Diplomatic and empathetic  · h2:Linguistic creativity:]
      T[h1:Key Objectives: / Learning · h2:Technical precision · h2:Critical awareness and inf · h2:Diplomatic and empathetic  · h2:Linguistic creativity:]
      T[h1:Critical Point of Learning · h2:By the end of six months a · h2:By the end of one year at ]
      T[h1:Learning Intentions · h2:I can: · h1:Success Criteria · h2:I can: · h1:Planning your time · h1:What do I need to get star · h2:Connections]
      P:[End Page]
  GOLD tabs: Overview | Strand | Dispositions | Key objectives | Information
   pane1: (8) h5:In the first 6 months,
   pane2: (8) h4:Technical Precision: · h4:Critical awareness and · h4:Diplomatic and empathe · h4:Linguistic creativity:
   pane3: (8) h4:Technical Precision: · h4:Critical awareness and · h4:Diplomatic and empathe · h4:Linguistic creativity:
   pane4: (8|6 paddingR|6 paddingL) h4:Key Objectives · h5:Technical precision · h5:Critical awareness and · h5:Diplomatic and empathe · h5:Linguistic creativity: · h4:Learning Intentions
   pane5: (8) h4:By the end of six mont · h4:By the end of one year

=== TRR304
  WT: T[title bar:TRR304_Te Kaimahi Whakaput · h2:Overview]
      T[h2:Technical Precision: · h2:Critical awareness and inf · h2:Diplomatic and empathetic  · h2:Linguistic creativity:]
      T[h1:Key Objectives: / Learning · h2:Technical precision · h2:Critical awareness and inf · h2:Diplomatic and empathetic  · h2:Linguistic creativity:]
      T[h1:Critical Point of Learning · h2:By the end of Tau 4 at kur]
      T[h1:Learning Intentions · h1:Success Criteria · h2:I can: · h1:Planning your time · h1:What do I need to get star · h2:Connections]
      P:[END OF DROP DOWN MENU]
  GOLD tabs: Overview | Dispositions | Strand | Key objectives | Critical Point of Learning | Learning Intentions
   pane1: (8) 
   pane2: (8) h5:Technical Precision: · h5:Critical awareness and · h5:Diplomatic and empathe · h5:Linguistic creativity:
   pane3: (8) h5:Technical Precision: · h5:Critical awareness and · h5:Diplomatic and empathe · h5:Linguistic creativity:
   pane4: (8) h5:Technical precision: · h5:Critical awareness and · h5:Diplomatic and empathe · h5:Linguistic creativity:
   pane5: (8) h5:Critical Point of Lear · h5:By the end of Tau 4 at
   pane6: (6 paddingR|6 paddingL) h4:Learning Intentions · h5:I can learn: · h4:Success Criteria: · h5:I can use: · h5:Planning your time: · h5:What do I need to get 
