Bilingual	PNR101	45	std=23	paraTB=-1	tableTB=18
Bilingual	PNR102	45	std=22	paraTB=-1	tableTB=17
Bilingual	PNR104	44	std=25	paraTB=-1	tableTB=19
Bilingual	PNR107	48	std=23	paraTB=-1	tableTB=18
Bilingual	TRR102	109	std=23	paraTB=81	tableTB=16
Bilingual	TRR103	83	std=25	paraTB=-1	tableTB=16
Bilingual	TRR106	63	std=48	paraTB=-1	tableTB=16
Bilingual	TRR107	104	std=-1	paraTB=-1	tableTB=18
Bilingual	TRR108	95	std=-1	paraTB=-1	tableTB=17
Bilingual	TRR109	167	std=29	paraTB=-1	tableTB=20
Bilingual	TRR110	101	std=22	paraTB=22	tableTB=19
Bilingual	TRR111	106	std=23	paraTB=-1	tableTB=18
Bilingual	TRR112	117	std=-1	paraTB=-1	tableTB=19
Bilingual	TRR113	122	std=-1	paraTB=-1	tableTB=19
Bilingual	TRR114	173	std=-1	paraTB=-1	tableTB=18
Bilingual	TRR116	138	std=-1	paraTB=-1	tableTB=18
Bilingual	TRR203	67	std=56	paraTB=-1	tableTB=18
Bilingual	TRR301	89	std=43	paraTB=-1	tableTB=18
Bilingual	TRR304	129	std=26	paraTB=-1	tableTB=13
Fundamentals	ANZHFUN05	143	std=6	paraTB=6	tableTB=-1
Fundamentals	ARFUN01	181	std=22	paraTB=-1	tableTB=-1
Fundamentals	ARFUN02	400	std=20	paraTB=20	tableTB=-1
Fundamentals	ARFUN03	326	std=23	paraTB=23	tableTB=-1
Fundamentals	ARFUN04	1427	std=27	paraTB=27	tableTB=-1
Fundamentals	ARFUN05	421	std=27	paraTB=27	tableTB=-1
Fundamentals	CHFUN01	165	std=59	paraTB=59	tableTB=-1
Fundamentals	CHFUN04	197	std=58	paraTB=58	tableTB=-1
Fundamentals	CHFUN05	1288	std=71	paraTB=71	tableTB=-1
Fundamentals	CHFUN06	227	std=54	paraTB=54	tableTB=-1
Fundamentals	CHFUN07	219	std=59	paraTB=59	tableTB=-1
Fundamentals	CHFUN08	197	std=59	paraTB=59	tableTB=-1
Fundamentals	ENFUN01	277	std=27	paraTB=28	tableTB=-1
Fundamentals	ENFUN02	285	std=27	paraTB=28	tableTB=-1
Fundamentals	ENFUN03	271	std=27	paraTB=28	tableTB=-1
Fundamentals	ENFUN04	297	std=27	paraTB=28	tableTB=-1
Fundamentals	ENFUN05	271	std=27	paraTB=28	tableTB=-1
Fundamentals	ENFUN07	204	std=27	paraTB=29	tableTB=-1
Fundamentals	ENFUN08	310	std=27	paraTB=28	tableTB=-1
Fundamentals	ENFUN09	279	std=27	paraTB=28	tableTB=-1
Fundamentals	FRFUN06	919	std=55	paraTB=55	tableTB=-1
Fundamentals	FRFUN07	278	std=66	paraTB=66	tableTB=-1
Fundamentals	FRFUN08	280	std=56	paraTB=56	tableTB=-1
Fundamentals	HPFUN101	187	std=33	paraTB=34	tableTB=-1
Fundamentals	HPFUN102	170	std=37	paraTB=38	tableTB=-1
Fundamentals	HPFUN103	190	std=48	paraTB=49	tableTB=-1
Fundamentals	HPFUN201	205	std=53	paraTB=54	tableTB=-1
Fundamentals	HPFUN202	230	std=48	paraTB=49	tableTB=-1
Fundamentals	HPFUN203	219	std=48	paraTB=49	tableTB=-1
Fundamentals	HPFUN301	241	std=48	paraTB=49	tableTB=-1
Fundamentals	HPFUN302	228	std=48	paraTB=49	tableTB=-1
Fundamentals	HPFUN303	202	std=48	paraTB=49	tableTB=-1
Fundamentals	HPFUN401	260	std=48	paraTB=49	tableTB=-1
Fundamentals	HPFUN402	273	std=49	paraTB=50	tableTB=-1
Fundamentals	HPFUN403	247	std=48	paraTB=49	tableTB=-1
Fundamentals	HPFUN901	240	std=40	paraTB=41	tableTB=-1
Fundamentals	HPFUN902	198	std=48	paraTB=49	tableTB=-1
Fundamentals	HPFUN903	274	std=44	paraTB=45	tableTB=-1
Fundamentals	JPFUN01	271	std=66	paraTB=66	tableTB=-1
Fundamentals	JPFUN02	278	std=60	paraTB=60	tableTB=-1
Fundamentals	MXFUN01	984	std=43	paraTB=44	tableTB=-1
Fundamentals	MXFUN02	821	std=20	paraTB=22	tableTB=-1
Fundamentals	MXFUN03	653	std=19	paraTB=20	tableTB=-1
Fundamentals	SCFUN01	333	std=20	paraTB=21	tableTB=-1
Fundamentals	SSFUN01	322	std=52	paraTB=52	tableTB=-1
Fundamentals	SSFUN02	294	std=15	paraTB=-1	tableTB=-1
Fundamentals	SSFUN03	86	std=30	paraTB=31	tableTB=-1
Fundamentals	SSFUN05	331	std=26	paraTB=26	tableTB=-1
Fundamentals	SSFUN06	294	std=26	paraTB=26	tableTB=-1
Fundamentals	SSFUN08	247	std=26	paraTB=26	tableTB=-1
Fundamentals	TEFUN01	307	std=41	paraTB=41	tableTB=-1
Fundamentals	TEFUN02	360	std=35	paraTB=35	tableTB=-1
Fundamentals	TEFUN03	414	std=34	paraTB=34	tableTB=-1
Fundamentals	TEFUN04	328	std=41	paraTB=41	tableTB=-1
Fundamentals	TEFUN05	251	std=35	paraTB=35	tableTB=-1
Fundamentals	TEFUN06	295	std=41	paraTB=41	tableTB=-1
Fundamentals	TEFUN07	256	std=41	paraTB=41	tableTB=-1
Fundamentals	TEFUN08	330	std=41	paraTB=41	tableTB=-1
Fundamentals	WJFUN105	135	std=34	paraTB=34	tableTB=-1
Fundamentals	WJFUN106	202	std=37	paraTB=37	tableTB=-1
Fundamentals	WJFUN107	258	std=30	paraTB=30	tableTB=-1
Fundamentals	WJFUN108	286	std=29	paraTB=29	tableTB=-1
Fundamentals	WJFUN109	209	std=45	paraTB=45	tableTB=-1
Fundamentals	WJFUN110	252	std=45	paraTB=45	tableTB=-1
Fundamentals	WJFUN112	256	std=36	paraTB=36	tableTB=-1
Fundamentals	WJFUN113	239	std=45	paraTB=45	tableTB=-1
Fundamentals	WJFUN115	621	std=30	paraTB=30	tableTB=-1
Fundamentals	WJFUN116	629	std=26	paraTB=26	tableTB=-1
Fundamentals	WJFUN205	354	std=66	paraTB=66	tableTB=-1
Fundamentals	WJFUN206	521	std=56	paraTB=56	tableTB=-1
Fundamentals	WJFUN208	383	std=56	paraTB=56	tableTB=-1
Fundamentals	WJFUN210	303	std=64	paraTB=64	tableTB=-1
Fundamentals	WJFUN211	424	std=56	paraTB=56	tableTB=-1
Fundamentals	WJFUN212	386	std=64	paraTB=64	tableTB=-1
Fundamentals	WJFUN304	754	std=56	paraTB=56	tableTB=-1
Fundamentals	WJFUN305	553	std=69	paraTB=69	tableTB=-1
Fundamentals	WJFUN306	556	std=66	paraTB=66	tableTB=-1
Fundamentals	WJFUN307	480	std=59	paraTB=59	tableTB=-1
Fundamentals	WJFUN308	453	std=66	paraTB=66	tableTB=-1
Fundamentals	XFUN01	186	std=45	paraTB=46	tableTB=-1
Fundamentals	XFUN02	312	std=31	paraTB=31	tableTB=-1
Inquiry	BLL110	625	std=24	paraTB=24	tableTB=-1
Inquiry	BLL120	910	std=24	paraTB=24	tableTB=-1
Inquiry	BLL130	574	std=24	paraTB=24	tableTB=-1
Inquiry	BLL140	458	std=24	paraTB=24	tableTB=-1
Inquiry	BLL150	438	std=24	paraTB=24	tableTB=-1
Inquiry	BLL160	414	std=24	paraTB=24	tableTB=-1
Inquiry	BLL170	444	std=24	paraTB=24	tableTB=-1
Inquiry	BLL210	463	std=24	paraTB=24	tableTB=-1
Inquiry	BLL220	359	std=24	paraTB=24	tableTB=-1
Inquiry	BLL230	487	std=24	paraTB=24	tableTB=-1
Inquiry	BLL240	450	std=27	paraTB=27	tableTB=-1
Inquiry	BLL250	376	std=30	paraTB=30	tableTB=-1
Inquiry	BLL260	686	std=30	paraTB=30	tableTB=-1
Inquiry	BLL270	367	std=35	paraTB=35	tableTB=-1
Inquiry	CEDK101	249	std=26	paraTB=26	tableTB=-1
Inquiry	CEDK102	296	std=54	paraTB=54	tableTB=-1
Inquiry	CEDK401	621	std=34	paraTB=34	tableTB=-1
Inquiry	CEDK501	588	std=38	paraTB=38	tableTB=-1
Inquiry	CEDO102	244	std=27	paraTB=27	tableTB=-1
Inquiry	CEDO201	305	std=25	paraTB=25	tableTB=-1
Inquiry	CEDO202	343	std=20	paraTB=20	tableTB=-1
Inquiry	CEDO204	400	std=5	paraTB=5	tableTB=-1
Inquiry	CEDO402	314	std=4	paraTB=4	tableTB=-1
Inquiry	CEDR101	473	std=46	paraTB=46	tableTB=-1
Inquiry	CEDR201	192	std=133	paraTB=133	tableTB=-1
Inquiry	CEDR203	443	std=46	paraTB=46	tableTB=-1
Inquiry	CEDR204	404	std=54	paraTB=54	tableTB=-1
Inquiry	CEDR301	209	std=150	paraTB=150	tableTB=-1
Inquiry	CEDR302	208	std=48	paraTB=48	tableTB=-1
Inquiry	CEDR401	431	std=24	paraTB=24	tableTB=-1
Inquiry	CEDT101	269	std=9	paraTB=9	tableTB=-1
Inquiry	CEDT102	234	std=8	paraTB=8	tableTB=-1
Inquiry	CEDT104	703	std=49	paraTB=49	tableTB=-1
Inquiry	CEDT201	169	std=110	paraTB=110	tableTB=-1
Inquiry	CEDT202	185	std=126	paraTB=126	tableTB=-1
Inquiry	CEDT203	171	std=112	paraTB=112	tableTB=-1
Inquiry	CEDT204	203	std=144	paraTB=144	tableTB=-1
Inquiry	CEDT207	337	std=8	paraTB=8	tableTB=-1
Inquiry	CEDT208	196	std=25	paraTB=25	tableTB=-1
Inquiry	CEDT301	359	std=8	paraTB=8	tableTB=-1
Inquiry	CEDT404	242	std=10	paraTB=10	tableTB=-1
Inquiry	CEDW101	258	std=27	paraTB=27	tableTB=-1
Inquiry	CEDW201	272	std=24	paraTB=24	tableTB=-1
Inquiry	CEDW303	129	std=51	paraTB=51	tableTB=-1
Inquiry	CHWHA	68	std=6	paraTB=6	tableTB=-1
Inquiry	ENGFUN02	183	std=3	paraTB=3	tableTB=-1
Inquiry	EXPFUN02	545	std=28	paraTB=28	tableTB=-1
Inquiry	EXPFUN03	638	std=29	paraTB=29	tableTB=-1
Inquiry	EXPFUN04	379	std=10	paraTB=10	tableTB=-1
Inquiry	EXPFUN05	564	std=29	paraTB=29	tableTB=-1
Inquiry	EXPFUN06	322	std=-1	paraTB=-1	tableTB=-1
Inquiry	GEWHA	179	std=48	paraTB=48	tableTB=-1
Inquiry	TWHA901	291	std=37	paraTB=37	tableTB=-1
Inquiry	TWHA902	367	std=36	paraTB=36	tableTB=-1
Inquiry	TWHA903	289	std=40	paraTB=40	tableTB=-1
Inquiry	TWHA904	335	std=41	paraTB=41	tableTB=-1
Inquiry	TWHA905	306	std=42	paraTB=42	tableTB=-1
Inquiry	TWHA906	472	std=33	paraTB=33	tableTB=-1
Inquiry	TWHK901	239	std=54	paraTB=54	tableTB=-1
Inquiry	TWHK902	207	std=114	paraTB=-1	tableTB=-1
Inquiry	TWHK903	320	std=30	paraTB=30	tableTB=-1
Inquiry	TWHK907	391	std=59	paraTB=59	tableTB=-1
Inquiry	TWHR905	281	std=32	paraTB=32	tableTB=-1
Inquiry	TWHR907	252	std=49	paraTB=49	tableTB=-1
Inquiry	TWHT903	276	std=57	paraTB=57	tableTB=-1
Inquiry	XDLS901	672	std=56	paraTB=56	tableTB=-1
Inquiry	XDLS903	671	std=54	paraTB=54	tableTB=-1
Inquiry	XDLS909	487	std=54	paraTB=54	tableTB=-1
Standard	AGH1001	368	std=46	paraTB=46	tableTB=-1
Standard	AGH1002	504	std=30	paraTB=30	tableTB=-1
Standard	AGH1003	666	std=30	paraTB=30	tableTB=-1
Standard	AGH1004	409	std=46	paraTB=46	tableTB=-1
Standard	AGH1005	523	std=42	paraTB=42	tableTB=-1
Standard	AGH1006	713	std=42	paraTB=42	tableTB=-1
Standard	AGH1007	484	std=14	paraTB=14	tableTB=-1
Standard	AGH1008	706	std=30	paraTB=30	tableTB=-1
Standard	AGH1009	800	std=25	paraTB=25	tableTB=-1
Standard	ANZH101	199	std=3	paraTB=3	tableTB=-1
Standard	ANZH103	179	std=6	paraTB=6	tableTB=-1
Standard	ANZH104	224	std=62	paraTB=62	tableTB=-1
Standard	ANZH105	273	std=23	paraTB=23	tableTB=-1
Standard	ANZH203	252	std=21	paraTB=21	tableTB=-1
Standard	ANZH205	306	std=23	paraTB=23	tableTB=-1
Standard	ANZH301	635	std=46	paraTB=46	tableTB=-1
Standard	ANZH302	635	std=46	paraTB=46	tableTB=-1
Standard	ANZH303	406	std=28	paraTB=28	tableTB=-1
Standard	ANZH304	460	std=34	paraTB=34	tableTB=-1
Standard	ANZH401	411	std=30	paraTB=30	tableTB=-1
Standard	ANZH404	365	std=41	paraTB=41	tableTB=-1
Standard	ART1002	208	std=30	paraTB=30	tableTB=-1
Standard	ART1003	230	std=30	paraTB=30	tableTB=-1
Standard	ART1004	230	std=81	paraTB=-1	tableTB=-1
Standard	ART1005	254	std=-1	paraTB=-1	tableTB=-1
Standard	ART1006	202	std=49	paraTB=49	tableTB=-1
Standard	BLL111	164	std=22	paraTB=22	tableTB=-1
Standard	BLL112	165	std=22	paraTB=22	tableTB=-1
Standard	BLL113	172	std=22	paraTB=22	tableTB=-1
Standard	BLL114	135	std=22	paraTB=22	tableTB=-1
Standard	BLL115	137	std=22	paraTB=22	tableTB=-1
Standard	BLL116	160	std=22	paraTB=22	tableTB=-1
Standard	BLL117	117	std=22	paraTB=22	tableTB=-1
Standard	BLL121	190	std=22	paraTB=22	tableTB=-1
Standard	BLL122	189	std=22	paraTB=22	tableTB=-1
Standard	BLL123	158	std=22	paraTB=22	tableTB=-1
Standard	BLL124	157	std=22	paraTB=22	tableTB=-1
Standard	BLL125	153	std=24	paraTB=24	tableTB=-1
Standard	BLL126	168	std=24	paraTB=24	tableTB=-1
Standard	BLL127	128	std=24	paraTB=24	tableTB=-1
Standard	BLL131	139	std=24	paraTB=24	tableTB=-1
Standard	BLL132	125	std=24	paraTB=24	tableTB=-1
Standard	BLL133	138	std=24	paraTB=24	tableTB=-1
Standard	BLL134	126	std=24	paraTB=24	tableTB=-1
Standard	BLL135	133	std=24	paraTB=24	tableTB=-1
Standard	BLL136	119	std=24	paraTB=24	tableTB=-1
Standard	BLL137	136	std=24	paraTB=24	tableTB=-1
Standard	BLL141	117	std=24	paraTB=24	tableTB=-1
Standard	BLL142	156	std=24	paraTB=24	tableTB=-1
Standard	BLL143	170	std=24	paraTB=24	tableTB=-1
Standard	BLL144	150	std=24	paraTB=24	tableTB=-1
Standard	BLL145	193	std=24	paraTB=24	tableTB=-1
Standard	BLL146	141	std=24	paraTB=24	tableTB=-1
Standard	BLL147	195	std=24	paraTB=24	tableTB=-1
Standard	BLL151	129	std=24	paraTB=24	tableTB=-1
Standard	BLL152	171	std=24	paraTB=24	tableTB=-1
Standard	BLL153	168	std=24	paraTB=24	tableTB=-1
Standard	BLL154	138	std=24	paraTB=24	tableTB=-1
Standard	BLL155	187	std=24	paraTB=24	tableTB=-1
Standard	BLL156	154	std=24	paraTB=24	tableTB=-1
Standard	BLL157	137	std=24	paraTB=24	tableTB=-1
Standard	BLL161	122	std=24	paraTB=24	tableTB=-1
Standard	BLL162	138	std=24	paraTB=24	tableTB=-1
Standard	BLL163	152	std=24	paraTB=24	tableTB=-1
Standard	BLL164	178	std=24	paraTB=24	tableTB=-1
Standard	BLL165	186	std=24	paraTB=24	tableTB=-1
Standard	BLL166	122	std=24	paraTB=24	tableTB=-1
Standard	BLL167	134	std=24	paraTB=24	tableTB=-1
Standard	BLL171	133	std=24	paraTB=24	tableTB=-1
Standard	BLL172	146	std=24	paraTB=24	tableTB=-1
Standard	BLL173	150	std=24	paraTB=24	tableTB=-1
Standard	BLL174	136	std=24	paraTB=24	tableTB=-1
Standard	BLL175	150	std=24	paraTB=24	tableTB=-1
Standard	BLL176	149	std=23	paraTB=23	tableTB=-1
Standard	BLL177	129	std=24	paraTB=24	tableTB=-1
Standard	BLL211	123	std=24	paraTB=24	tableTB=-1
Standard	BLL212	138	std=25	paraTB=25	tableTB=-1
Standard	BLL213	147	std=24	paraTB=24	tableTB=-1
Standard	BLL214	139	std=24	paraTB=24	tableTB=-1
Standard	BLL215	125	std=24	paraTB=24	tableTB=-1
Standard	BLL216	145	std=24	paraTB=24	tableTB=-1
Standard	BLL217	141	std=24	paraTB=24	tableTB=-1
Standard	BLL221	147	std=24	paraTB=24	tableTB=-1
Standard	BLL222	143	std=24	paraTB=24	tableTB=-1
Standard	BLL223	141	std=24	paraTB=24	tableTB=-1
Standard	BLL224	151	std=24	paraTB=24	tableTB=-1
Standard	BLL225	120	std=24	paraTB=24	tableTB=-1
Standard	BLL226	130	std=24	paraTB=24	tableTB=-1
Standard	BLL227	133	std=24	paraTB=24	tableTB=-1
Standard	BLL231	151	std=24	paraTB=24	tableTB=-1
Standard	BLL232	129	std=24	paraTB=24	tableTB=-1
Standard	BLL233	128	std=24	paraTB=24	tableTB=-1
Standard	BLL234	115	std=24	paraTB=24	tableTB=-1
Standard	BLL235	147	std=24	paraTB=24	tableTB=-1
Standard	BLL236	133	std=24	paraTB=24	tableTB=-1
Standard	BLL237	171	std=24	paraTB=24	tableTB=-1
Standard	BLL241	204	std=30	paraTB=30	tableTB=-1
Standard	BLL242	187	std=30	paraTB=30	tableTB=-1
Standard	BLL243	170	std=30	paraTB=30	tableTB=-1
Standard	BLL244	211	std=30	paraTB=30	tableTB=-1
Standard	BLL245	202	std=30	paraTB=30	tableTB=-1
Standard	BLL246	246	std=30	paraTB=30	tableTB=-1
Standard	BLL247	216	std=30	paraTB=30	tableTB=-1
Standard	BLL251	218	std=35	paraTB=35	tableTB=-1
Standard	BLL252	209	std=30	paraTB=30	tableTB=-1
Standard	BLL253	271	std=30	paraTB=30	tableTB=-1
Standard	BLL254	229	std=30	paraTB=30	tableTB=-1
Standard	BLL255	258	std=30	paraTB=30	tableTB=-1
Standard	BLL256	226	std=35	paraTB=35	tableTB=-1
Standard	BLL257	246	std=35	paraTB=35	tableTB=-1
Standard	BLL261	261	std=32	paraTB=32	tableTB=-1
Standard	BLL262	352	std=30	paraTB=30	tableTB=-1
Standard	BLL263	308	std=32	paraTB=32	tableTB=-1
Standard	BLL264	249	std=37	paraTB=37	tableTB=-1
Standard	BLL265	239	std=32	paraTB=32	tableTB=-1
Standard	BLL266	215	std=37	paraTB=37	tableTB=-1
Standard	BLL271	241	std=30	paraTB=30	tableTB=-1
Standard	BLL272	218	std=30	paraTB=30	tableTB=-1
Standard	BLL273	238	std=35	paraTB=35	tableTB=-1
Standard	BLL274	242	std=35	paraTB=35	tableTB=-1
Standard	BLL275	243	std=30	paraTB=30	tableTB=-1
Standard	BLL276	190	std=30	paraTB=30	tableTB=-1
Standard	BLLR201	653	std=30	paraTB=30	tableTB=-1
Standard	BLLR202	723	std=30	paraTB=30	tableTB=-1
Standard	BLLR203	745	std=30	paraTB=30	tableTB=-1
Standard	CBI1004	652	std=43	paraTB=43	tableTB=-1
Standard	CBI1005	610	std=52	paraTB=52	tableTB=-1
Standard	CBI1008	600	std=22	paraTB=22	tableTB=-1
Standard	CBI1009	372	std=9	paraTB=9	tableTB=-1
Standard	CEDO105	299	std=54	paraTB=54	tableTB=-1
Standard	CEDO301	250	std=55	paraTB=55	tableTB=-1
Standard	CEDO501	884	std=38	paraTB=38	tableTB=-1
Standard	CEDO502	929	std=29	paraTB=29	tableTB=-1
Standard	CEDR501	719	std=34	paraTB=34	tableTB=-1
Standard	CEDT501	819	std=52	paraTB=52	tableTB=-1
Standard	CEDW501	763	std=42	paraTB=42	tableTB=-1
Standard	CHI1003	329	std=221	paraTB=221	tableTB=-1
Standard	CHI1004	408	std=107	paraTB=107	tableTB=-1
Standard	CHI1005	517	std=433	paraTB=433	tableTB=-1
Standard	COM1002	392	std=44	paraTB=44	tableTB=-1
Standard	COM1005	325	std=30	paraTB=30	tableTB=-1
Standard	COM1006	310	std=26	paraTB=26	tableTB=-1
Standard	DAN1003	385	std=30	paraTB=30	tableTB=-1
Standard	DAN1004	204	std=6	paraTB=6	tableTB=-1
Standard	DAN1006	264	std=23	paraTB=23	tableTB=-1
Standard	DTC1004	452	std=55	paraTB=55	tableTB=-1
Standard	DTC1005	523	std=50	paraTB=50	tableTB=-1
Standard	ENG1004	466	std=2	paraTB=2	tableTB=-1
Standard	ENG1005	366	std=2	paraTB=2	tableTB=-1
Standard	ENG1007	106	std=36	paraTB=36	tableTB=-1
Standard	ENGC101	553	std=54	paraTB=54	tableTB=-1
Standard	ENGC102	337	std=25	paraTB=25	tableTB=-1
Standard	ENGC201	334	std=24	paraTB=24	tableTB=-1
Standard	ENGC202	365	std=27	paraTB=27	tableTB=-1
Standard	ENGC204	414	std=48	paraTB=48	tableTB=-1
Standard	ENGC206	685	std=17	paraTB=17	tableTB=-1
Standard	ENGC301	339	std=28	paraTB=28	tableTB=-1
Standard	ENGC302	284	std=28	paraTB=28	tableTB=-1
Standard	ENGC401	320	std=28	paraTB=28	tableTB=-1
Standard	ENGC403	874	std=58	paraTB=58	tableTB=-1
Standard	ENGI101	261	std=26	paraTB=26	tableTB=-1
Standard	ENGI102	416	std=54	paraTB=54	tableTB=-1
Standard	ENGI103	375	std=27	paraTB=27	tableTB=-1
Standard	ENGI201	409	std=33	paraTB=33	tableTB=-1
Standard	ENGI202	487	std=28	paraTB=28	tableTB=-1
Standard	ENGI203	374	std=29	paraTB=29	tableTB=-1
Standard	ENGI301	231	std=31	paraTB=31	tableTB=-1
Standard	ENGI302	333	std=25	paraTB=25	tableTB=-1
Standard	ENGI303	407	std=28	paraTB=28	tableTB=-1
Standard	ENGI400	233	std=56	paraTB=56	tableTB=195
Standard	ENGI401	513	std=29	paraTB=29	tableTB=-1
Standard	ENGI405	788	std=57	paraTB=57	tableTB=-1
Standard	ENGJ101	230	std=25	paraTB=25	tableTB=-1
Standard	ENGJ102	258	std=25	paraTB=25	tableTB=-1
Standard	ENGJ201	305	std=30	paraTB=30	tableTB=-1
Standard	ENGJ202	272	std=30	paraTB=30	tableTB=-1
Standard	ENGJ301	706	std=32	paraTB=32	tableTB=-1
Standard	ENGJ302	1152	std=32	paraTB=32	tableTB=-1
Standard	ENGJ402	861	std=54	paraTB=54	tableTB=-1
Standard	ENGJ403	655	std=58	paraTB=58	tableTB=-1
Standard	ENGR101	310	std=30	paraTB=30	tableTB=-1
Standard	ENGR102	421	std=30	paraTB=30	tableTB=-1
Standard	ENGR201	407	std=31	paraTB=31	tableTB=-1
Standard	ENGR202	443	std=34	paraTB=34	tableTB=-1
Standard	ENGR301	394	std=28	paraTB=28	tableTB=-1
Standard	ENGR302	623	std=32	paraTB=32	tableTB=-1
Standard	ENGS101	419	std=35	paraTB=35	tableTB=-1
Standard	ENGS102	315	std=31	paraTB=31	tableTB=-1
Standard	ENGS201	398	std=28	paraTB=28	tableTB=-1
Standard	ENGS202	287	std=28	paraTB=28	tableTB=-1
Standard	ENGS301	315	std=29	paraTB=29	tableTB=-1
Standard	ENGS302	715	std=53	paraTB=53	tableTB=-1
Standard	ENGS401	343	std=29	paraTB=29	tableTB=-1
Standard	ENGS404	706	std=60	paraTB=60	tableTB=-1
Standard	ENGS405	72	std=2	paraTB=2	tableTB=-1
Standard	ENO2060	587	std=45	paraTB=45	tableTB=-1
Standard	EXBP901	658	std=22	paraTB=22	tableTB=-1
Standard	EXIP901	629	std=25	paraTB=25	tableTB=-1
Standard	EXPFUN07	89	std=41	paraTB=41	tableTB=-1
Standard	FRNO901	698	std=51	paraTB=51	tableTB=161
Standard	FRNO902	958	std=40	paraTB=40	tableTB=152
Standard	GENO901	1006	std=76	paraTB=76	tableTB=-1
Standard	GEO1004	91	std=18	paraTB=18	tableTB=-1
Standard	GEO1005	468	std=28	paraTB=28	tableTB=-1
Standard	GEO1006	456	std=32	paraTB=32	tableTB=-1
Standard	GER1002	505	std=52	paraTB=52	tableTB=-1
Standard	HES1002	393	std=29	paraTB=29	tableTB=-1
Standard	HES1003	473	std=40	paraTB=40	tableTB=-1
Standard	HES1004	202	std=24	paraTB=24	tableTB=-1
Standard	HES1005	361	std=52	paraTB=52	tableTB=-1
Standard	HES1006	340	std=46	paraTB=46	tableTB=-1
Standard	HES1007	718	std=37	paraTB=37	tableTB=-1
Standard	HIS1001	164	std=21	paraTB=21	tableTB=-1
Standard	HIS1002	1186	std=72	paraTB=72	tableTB=-1
Standard	HIS1003	707	std=8	paraTB=8	tableTB=-1
Standard	HIS1004	1203	std=50	paraTB=50	tableTB=-1
Standard	HIS1005	1484	std=30	paraTB=30	tableTB=-1
Standard	HIS1006	1525	std=30	paraTB=30	tableTB=-1
Standard	HIS1007	620	std=31	paraTB=31	tableTB=-1
Standard	HIS1008	1072	std=31	paraTB=31	tableTB=-1
Standard	HPRE203	684	std=48	paraTB=48	tableTB=-1
Standard	HPRE301	1128	std=55	paraTB=55	tableTB=-1
Standard	JPN1004	1164	std=52	paraTB=52	tableTB=-1
Standard	MUS1004	350	std=29	paraTB=29	tableTB=-1
Standard	MUS1006	129	std=52	paraTB=52	tableTB=-1
Standard	MXDB102	312	std=28	paraTB=28	tableTB=-1
Standard	MXDB201	318	std=28	paraTB=28	tableTB=-1
Standard	MXDB202	434	std=25	paraTB=25	tableTB=-1
Standard	MXDB301	336	std=41	paraTB=41	tableTB=-1
Standard	MXDB302	1281	std=53	paraTB=53	tableTB=-1
Standard	MXDI101	286	std=24	paraTB=24	tableTB=-1
Standard	MXDI102	275	std=26	paraTB=26	tableTB=-1
Standard	MXDI103	395	std=25	paraTB=25	tableTB=-1
Standard	MXDI201	912	std=52	paraTB=52	tableTB=-1
Standard	MXDI202	1328	std=36	paraTB=36	tableTB=-1
Standard	MXDI301	572	std=51	paraTB=51	tableTB=-1
Standard	MXEO102	212	std=20	paraTB=20	tableTB=-1
Standard	MXEO201	452	std=44	paraTB=44	tableTB=-1
Standard	MXEO202	448	std=35	paraTB=35	tableTB=-1
Standard	MXEO301	1134	std=46	paraTB=46	tableTB=-1
Standard	MXEO401	395	std=54	paraTB=54	tableTB=-1
Standard	MXEX101	255	std=30	paraTB=30	tableTB=-1
Standard	MXEX201	242	std=7	paraTB=7	tableTB=-1
Standard	MXEX202	309	std=7	paraTB=7	tableTB=-1
Standard	MXEX301	366	std=43	paraTB=43	tableTB=-1
Standard	MXEX302	552	std=25	paraTB=25	tableTB=-1
Standard	MXEX401	360	std=42	paraTB=42	tableTB=-1
Standard	MXFL101	511	std=7	paraTB=7	tableTB=-1
Standard	MXFL102	260	std=8	paraTB=8	tableTB=-1
Standard	MXFL103	333	std=23	paraTB=23	tableTB=-1
Standard	MXFL104	478	std=30	paraTB=30	tableTB=-1
Standard	MXFL201	407	std=54	paraTB=54	tableTB=-1
Standard	MXFL202	427	std=24	paraTB=24	tableTB=-1
Standard	MXFL203	951	std=54	paraTB=54	tableTB=-1
Standard	MXFL204	571	std=54	paraTB=54	tableTB=-1
Standard	MXFL301	1072	std=32	paraTB=32	tableTB=-1
Standard	MXFL302	1169	std=31	paraTB=31	tableTB=-1
Standard	MXFL401	524	std=40	paraTB=40	tableTB=-1
Standard	MXFU201	1159	std=54	paraTB=54	tableTB=-1
Standard	MXFU202	1026	std=54	paraTB=54	tableTB=-1
Standard	MXFU301	1044	std=33	paraTB=33	tableTB=-1
Standard	MXFU302	579	std=48	paraTB=48	tableTB=-1
Standard	MXFU401	381	std=49	paraTB=49	tableTB=-1
Standard	MXFU402	507	std=35	paraTB=35	tableTB=-1
Standard	MXS1004	630	std=17	paraTB=17	tableTB=-1
Standard	OSAH301	166	std=55	paraTB=55	tableTB=-1
Standard	OSAH401	244	std=56	paraTB=56	tableTB=-1
Standard	OSAH501	296	std=55	paraTB=55	tableTB=166
Standard	OSAI101	245	std=37	paraTB=37	tableTB=198
Standard	OSAI201	264	std=41	paraTB=41	tableTB=240
Standard	OSAI301	214	std=56	paraTB=56	tableTB=198
Standard	OSAI401	425	std=56	paraTB=56	tableTB=-1
Standard	OSAI501	533	std=56	paraTB=56	tableTB=-1
Standard	OSBY101	262	std=50	paraTB=50	tableTB=-1
Standard	OSBY201	284	std=51	paraTB=51	tableTB=-1
Standard	OSBY301	175	std=56	paraTB=56	tableTB=143
Standard	OSBY401	251	std=56	paraTB=56	tableTB=-1
Standard	OSBY501	324	std=56	paraTB=56	tableTB=-1
Standard	OSGM101	231	std=50	paraTB=50	tableTB=-1
Standard	OSGM201	246	std=51	paraTB=51	tableTB=114
Standard	OSGM301	154	std=54	paraTB=54	tableTB=88
Standard	OSGM401	262	std=54	paraTB=54	tableTB=-1
Standard	OSGM501	324	std=54	paraTB=54	tableTB=102
Standard	OSOH101	268	std=33	paraTB=33	tableTB=-1
Standard	OSOH201	232	std=32	paraTB=32	tableTB=-1
Standard	OSOH301	195	std=56	paraTB=56	tableTB=-1
Standard	OSOH401	298	std=35	paraTB=35	tableTB=-1
Standard	OSOH501	421	std=56	paraTB=56	tableTB=-1
Standard	OSSC301	189	std=56	paraTB=56	tableTB=123
Standard	OSSC401	271	std=37	paraTB=37	tableTB=-1
Standard	OSSC501	483	std=51	paraTB=51	tableTB=-1
Standard	OSSM301	232	std=56	paraTB=56	tableTB=-1
Standard	OSSM401	297	std=51	paraTB=51	tableTB=-1
Standard	OSSM501	526	std=56	paraTB=56	tableTB=-1
Standard	PES1001	443	std=12	paraTB=12	tableTB=-1
Standard	PES1002	458	std=12	paraTB=12	tableTB=-1
Standard	PES1003	277	std=30	paraTB=30	tableTB=-1
Standard	PES1004	465	std=26	paraTB=26	tableTB=-1
Standard	PES1005	352	std=12	paraTB=12	tableTB=-1
Standard	PES1007	403	std=45	paraTB=45	tableTB=-1
Standard	PES1008	657	std=56	paraTB=56	tableTB=-1
Standard	PHE1001	168	std=13	paraTB=13	tableTB=-1
Standard	PHE1002	133	std=14	paraTB=14	tableTB=-1
Standard	PHE1003	811	std=13	paraTB=13	tableTB=-1
Standard	PHE1004	144	std=14	paraTB=14	tableTB=-1
Standard	PHE1005	236	std=30	paraTB=30	tableTB=-1
Standard	PHE1006	195	std=8	paraTB=8	tableTB=-1
Standard	PHE1007	596	std=34	paraTB=34	tableTB=-1
Standard	PHE1008	421	std=30	paraTB=30	tableTB=-1
Standard	PWY1001	357	std=38	paraTB=38	tableTB=-1
Standard	PWY1002	381	std=41	paraTB=41	tableTB=-1
Standard	PWY1007	221	std=32	paraTB=32	tableTB=-1
Standard	PWY1008	269	std=28	paraTB=28	tableTB=-1
Standard	PWY1009	416	std=41	paraTB=41	tableTB=-1
Standard	PWYWHA1	59	std=22	paraTB=22	tableTB=41
Standard	SCBI301	653	std=40	paraTB=40	tableTB=-1
Standard	SCCH301	900	std=34	paraTB=34	tableTB=-1
Standard	SCES201	411	std=37	paraTB=37	tableTB=163
Standard	SCPH301	802	std=33	paraTB=33	tableTB=-1
Standard	SPA1004	196	std=20	paraTB=20	tableTB=-1
Standard	SSCI104	569	std=55	paraTB=55	tableTB=262
Standard	SSCI205	1109	std=40	paraTB=40	tableTB=-1
Standard	SSEA203	614	std=43	paraTB=43	tableTB=-1
Standard	SSFUN07	266	std=52	paraTB=52	tableTB=-1
Standard	SSOG101	211	std=33	paraTB=33	tableTB=-1
Standard	SSOG103	634	std=60	paraTB=60	tableTB=-1
Standard	SSOG105	719	std=55	paraTB=55	tableTB=-1
Standard	SSOG301	358	std=42	paraTB=42	tableTB=-1
Standard	TEDC401	757	std=62	paraTB=62	tableTB=-1
Standard	TEDC402	1053	std=55	paraTB=55	tableTB=114
Standard	XDLS501	248	std=54	paraTB=54	tableTB=-1
Standard	XDLS502	351	std=54	paraTB=54	tableTB=-1
Standard	XDLS902	603	std=56	paraTB=56	tableTB=-1
Standard	XDLS904	821	std=54	paraTB=54	tableTB=-1
Standard	XDLS905	731	std=54	paraTB=54	tableTB=-1
Standard	XDLS906	733	std=48	paraTB=48	tableTB=-1
Standard	XDLS908	1167	std=52	paraTB=52	tableTB=-1
Standard	XDLS911	642	std=56	paraTB=56	tableTB=-1
Standard	XDLS912	475	std=46	paraTB=46	tableTB=-1
Standard	XGF9001	1275	std=52	paraTB=52	tableTB=-1
Standard	XGF9002	1232	std=34	paraTB=34	tableTB=-1
Standard	XGF9003	872	std=27	paraTB=27	tableTB=-1
Standard	XGF9004	1805	std=33	paraTB=33	tableTB=-1
Standard	XGF9006	880	std=33	paraTB=33	tableTB=-1
Standard	XLP01	400	std=56	paraTB=56	tableTB=-1
Standard	XLP02	393	std=53	paraTB=53	tableTB=-1
Standard	XLP03	331	std=53	paraTB=53	tableTB=-1
Standard	XLP04	404	std=54	paraTB=54	tableTB=-1
Standard	XLP05	311	std=28	paraTB=28	tableTB=-1
Standard	XLP06	318	std=55	paraTB=55	tableTB=-1
Standard	XMES101	477	std=54	paraTB=54	tableTB=-1
Standard	XMES102	399	std=42	paraTB=42	tableTB=-1
Standard	XMES103	430	std=54	paraTB=54	tableTB=-1
Standard	XMES201	609	std=54	paraTB=54	tableTB=-1
Standard	XMES202	758	std=54	paraTB=54	tableTB=-1
Standard	XMES203	637	std=54	paraTB=54	tableTB=-1
Standard	XTAS101	523	std=34	paraTB=34	tableTB=-1
Standard	XTAS102	681	std=53	paraTB=53	tableTB=-1
Standard	XTAS103	596	std=53	paraTB=53	tableTB=-1
Standard	XWHA01	70	std=4	paraTB=4	tableTB=-1
Standard	XWHA02	241	std=54	paraTB=54	tableTB=-1
