two-column D&D bundles (width fence, gate modules): 195 / pages 169 / modules 131
no pair for 5 bundle pages
 115  layout=standard dropCols=0   e.g. AGH1005 8.0 (drops 4, drags 4); BLL111 1.0 (drops 18, drags 6); BLL111 1.0 (drops 12, drags 12); BLL121 1.0 (drops 7, drags 7)
  49  layout=column dropCols=2   e.g. BLL140 0.0 (drops 10, drags 10); BLL150 0.0 (drops 8, drags 8); BLL160 0.0 (drops 8, drags 8); BLL161 1.0 (drops 10, drags 10)
  45  layout=FIB dropCols=0   e.g. BLL210 0.0 (drops 0, drags 10); BLL216 2.0 (drops 0, drags 6); BLL226 1.0 (drops 0, drags 16); BLL226 1.0 (drops 0, drags 16)
  29  layout=column dropCols=3   e.g. BLL140 0.0 (drops 6, drags 6); BLL160 0.0 (drops 12, drags 12); BLL210 0.0 (drops 9, drags 9); BLL210 0.0 (drops 6, drags 6)
  29  layout=column dropCols=0   e.g. BLL210 0.0 (drops 10, drags 10); BLL215 1.0 (drops 8, drags 0); BLL221 1.0 (drops 10, drags 8); BLL231 1.0 (drops 12, drags 12)
  22  layout=scatter dropCols=0   e.g. BLL161 1.0 (drops 0, drags 0); BLL273 1.0 (drops 0, drags 0); CEDO102 0.0 (drops 0, drags 0); CEDR203 0.0 (drops 0, drags 0)
  17  (no dragAndDrop on the gold page)   e.g. AGH1005 3.0; BLL143 1.0; BLL240 0.0; BLL254 1.0
  16  layout=column dropCols=4   e.g. BLL174 1.1 (drops 8, drags 8); BLL230 0.0 (drops 24, drags 16); BLL230 0.0 (drops 8, drags 0); BLL230 0.0 (drops 8, drags 0)
  15  layout=area dropCols=0   e.g. CEDK102 0.0 (drops 0, drags 24); MXFUN01 0.0 (drops 1, drags 20); MXFUN01 0.0 (drops 1, drags 3); MXFUN01 0.0 (drops 0, drags 4)
  11  layout=column dropCols=5   e.g. BLL210 0.0 (drops 12, drags 12); BLL210 0.0 (drops 8, drags 8); CEDO102 0.0 (drops 10, drags 10); ENFUN04 0.0 (drops 10, drags 10)
   6  layout=column dropCols=1   e.g. BLL273 1.0 (drops 4, drags 7); BLL273 1.0 (drops 4, drags 7); BLL273 1.0 (drops 4, drags 7); BLL273 1.0 (drops 3, drags 6)
   4  layout=standard dropCols=3   e.g. BLL230 0.0 (drops 18, drags 18); CEDK102 0.0 (drops 9, drags 9); CHFUN05 0.0 (drops 4, drags 4); ENFUN04 0.0 (drops 5, drags 5)
   4  layout=scatter dropCols=5   e.g. OSBY101 3.0 (drops 0, drags 0); OSBY101 3.0 (drops 0, drags 0); OSBY101 3.0 (drops 0, drags 0); OSBY101 3.0 (drops 5, drags 8)
   3  layout=column dropCols=6   e.g. CEDK101 0.0 (drops 6, drags 6); CEDK101 0.0 (drops 6, drags 6); ENGS301 5.0 (drops 12, drags 12)
   3  layout=FIB dropCols=2   e.g. ENFUN03 0.0 (drops 0, drags 6); ENFUN03 0.0 (drops 0, drags 4); ENFUN03 0.0 (drops 0, drags 2)
   2  layout=FIB dropCols=4   e.g. BLL174 1.1 (drops 6, drags 18); WJFUN116 0.0 (drops 12, drags 7)
   2  layout=scatter dropCols=3   e.g. ENGI203 7.0 (drops 3, drags 3); ENGI203 8.0 (drops 3, drags 3)
   1  layout=standard dropCols=4   e.g. BLL174 1.1 (drops 8, drags 6)
   1  layout=standard dropCols=5   e.g. ENFUN08 0.0 (drops 6, drags 6)
   1  layout=scatter dropCols=2   e.g. MXFUN03 0.0 (drops 0, drags 0)
   1  layout=standard dropCols=2   e.g. OSOH401 1.0 (drops 9, drags 9)
   1  layout=scatter dropCols=4   e.g. SSFUN01 0.0 (drops 12, drags 0)
   1  layout=column dropCols=7   e.g. XTAS101 2.0 (drops 18, drags 18)
