TSV	TRR102	Ngā oro o ngā oropuare	The vowel sounds	TABLE
TRR102 #10 4x4 | English ║ Te reoMāori ║ PR1 ║ PR2 | Activity 1A: ║ Ngohe 1A: ║ ║ | r2: [H2] The vowel sounds ║ [H2] Ngā oro o n | next TABLE
TSV	TRR102	Whakaahuatia ngā oropuare	Pronouncing the vowels	tag
TRR102 #17 4x4 | English ║ Te reoMāori ║ PR1 ║ PR2 | Activity 1B: ║ Ngohe 1B: ║ ║ | r2: [H2] Pronouncing the vowels ║ [H2] Whaka | next tag
TSV	TRR102	Ngā āhua oropuare	The vowel shapes	TABLE
TSV	TRR102	He roa he poto rānei	Long or short?	tag
TSV	TRR102	He aha tāku i ako ai?	What have I learned?	MARKER
TSV	TRR102	Pūriki a	Lowercase a.	MARKER
TSV	TRR102	Te oro poto	The short vowel sound	MARKER
TSV	TRR102	He whakangahau	Let’s have fun	BILTABLE
TSV	TRR102	Te oro roa	The long vowel sound	MARKER
TSV	TRR102	Te rōpū ako o te kiwi	The kiwi group’s learning guide	tag
TSV	TRR102	Tuhi ā ringa	Handwriting	tag
TSV	TRR102	He Rotarota	A Poem	MARKER
TSV	TRR102	Kete Kupu	Vocabulary	MARKER
TSV	TRR102	Kua oti!	We’ve finished!	TABLE
TSV	TRR102	Pūmatua A	Capital A	MARKER
TSV	TRR102	Te oro poto	The short vowel sound	tag
TSV	TRR102	Te oro roa	The long vowel sound	MARKER
TSV	TRR102	Te rōpū ako o te kiwi	The kiwi group’s learning guide	tag
TSV	TRR102	Tuhi ā ringa	Handwriting	BILTABLE
TSV	TRR102	Rotarota	A Poem	MARKER
TSV	TRR102	Rerenga rorirori	Silly sentences	MARKER
TSV	TRR102	Kua oti!	We’ve finished!	TABLE
TSV	TRR103	Ngā oropuare Ee	The vowels Ee	MARKER
TRR103 #12 5x4 | English ║ Te Reo Māori ║ PR1 ║ PR2 | Activity 1A: ║ Ngohe 1A: ║ ║ | r2: [H2] The vowels Ee ║ [H2] Ngā oropuare E | next MARKER
TSV	TRR103	Te oro o te oropuare poto	The short vowel sound	MARKER
TRR103 #15 5x4 | English ║ Te Reo Māori ║ PR1 ║ PR2 | Activity 1B: ║ Ngohe 1B: ║ ║ | r2: [H2] The short vowel sound ║ [H2] Te oro | next MARKER
TSV	TRR103	Te oro roa	The long vowel sound	tag
TSV	TRR103	He whakangahau	Let’s have fun	tag
TSV	TRR103	Tuhi ā ringa	Handwriting	tag
TSV	TRR103	He Rotarota	A Poem	MARKER
TSV	TRR103	Te rōpū ako o te kiwi	The kiwi group’s learning guide	BILTABLE
TSV	TRR103	Kete Kupu	Vocabulary	MARKER
TSV	TRR103	Kua oti	We've finished	BILTABLE
TSV	TRR103	Pūmatua E	Capital E	MARKER
TSV	TRR103	Te oro poto me te oro roa	The long and short vowel sounds	MARKER
TSV	TRR103	Tuhi ā ringa	Handwriting	tag
TSV	TRR103	He Rotarota	A Poem	BILTABLE
TSV	TRR103	Rerenga Rorirori	Silly Sentences	MARKER
TSV	TRR103	Kua oti	We've finished	BILTABLE
TSV	TRR106	Ngā oropuare Uu	The vowels Uu	tag
TRR106 #12 5x4 | English ║ Te Reo Māori ║ PR1 ║ PR2 | Activity 1A: ║ Ngohe 1A: ║ ║ | r2: [H2] The vowels Uu ║ [H2] Ngā oropuare U | next tag
TSV	TRR106	Te oro poto	The short vowel sound	MARKER
TRR106 #18 5x4 | English ║ Te Reo Māori ║ PR1 ║ PR2 | Activity 1B: ║ Ngohe 1B: ║ ║ | r2: [H2] The short vowel sound ║ [H2] Te oro | next MARKER
TSV	TRR106	Te oro roa	The long vowel sound	MARKER
TSV	TRR106	He whakangahau	Let’s have fun	tag
TSV	TRR106	Te rōpū ako o te kiwi	The kiwi group’s learning guide	tag
TSV	TRR106	Tuhi ā ringa	Handwriting	tag
TSV	TRR106	He Rotarota	A Poem	MARKER
TSV	TRR106	Ngā Rerenga rorirori	Silly sentences	MARKER
TSV	TRR106	Kua oti	We’ve finished	TABLE
TSV	TRR116	Haere	Haere	BILTABLE
TRR116 #8 6x2 | English ║ Te Reo Māori | Activity 1A: ║ Ngohe 1A: | r2: [H2] Haere ║ [H2] Haere | next BILTABLE
TSV	TRR116	Haere rā	Haere rā	MARKER
TRR116 #9 4x2 | English ║ Te Reo Māori | Activity 1E: ║ Ngohe 1E: | r2: [H2] Haere rā ║ [H2] Haere rā | next MARKER
TSV	TRR116	Haere atu	Haere atu	MARKER
TSV	TRR116	I haere ahau	I haere ahau	MARKER
TSV	TRR116	Pai	Pai	BILTABLE
TSV	TRR116	Ka pai	Ka pai	MARKER
TSV	TRR116	Pai	Pai	MARKER
TSV	TRR116	He pai ki ahau	He pai ki ahau	MARKER
TSV	TRR116	Ahau	Ahau	MARKER
TSV	TRR116	He aha ahau?	What am I?	MARKER
TSV	TRR116	E pēhea ana ahau?	E pēhea ana ahau?	MARKER
TSV	TRR116	Ahau	Ahau	MARKER
TSV	TRR116	Hea	Hea	MARKER
TSV	TRR116	Nō hea?	Nō hea?	MARKER
TSV	TRR116	Kei hea?	Kei hea?	MARKER
TSV	TRR116	Ki hea?	Ki hea?	MARKER
TSV	TRR116	He wero tuhinga	A writing challenge	MARKER
TSV	TRR116	Kei	Kei	tag
TSV	TRR116	Kei	Kei	MARKER
TSV	TRR116	Kei a wai?	Kei a wai?	MARKER
TSV	TRR116	Kei a wai?	Kei a wai?	MARKER
TSV	TRR116	Kei	Kei	MARKER
TSV	TRR116	Kei	Kei	MARKER
TSV	TRR116	Kia	Kia	MARKER
TSV	TRR116	Kia	Kia	MARKER
TSV	TRR116	Kia	Kia	MARKER
TSV	TRR116	He wero	A challenge	MARKER
TSV	TRR116	Hia	Hia	MARKER
TSV	TRR116	E hia?	E hia?	tag
TSV	TRR116	Tokohia?	Tokohia?	MARKER
TSV	TRR116	Hia	Hia	MARKER
TSV	TRR116	Hia	Hia	MARKER
TSV	TRR116	He arotake	A review	tag
TSV	TRR116	Koe	Koe	MARKER
TSV	TRR116	Tēnā koe	Tēnā koe	MARKER
TSV	TRR116	Nō hea koe?	Nō hea koe?	MARKER
TSV	TRR116	He wero	A challenge	MARKER
TSV	TRR116	Koutou	Koutou	MARKER
TSV	TRR116	Tēnā koutou	Tēnā koutou	MARKER
TSV	TRR116	Ngā mihi	Greetings	MARKER
TSV	TRR116	Ngā Poroaki	Farewells	MARKER
TSV	TRR116	Ngā Rerenga kōrero	Sentences	MARKER
TSV	TRR116	Tuhituhi	Writing	tag

per module: ACT tables, header column counts, row-2 kind, next item
  TRR102    22  cols {"4":22}  row2 {"H":22}  next {"TABLE":4,"tag":6,"MARKER":10,"BILTABLE":2}
  TRR103    15  cols {"4":15}  row2 {"H":15}  next {"MARKER":7,"tag":4,"BILTABLE":4}
  TRR106     9  cols {"4":9}  row2 {"H":9}  next {"tag":4,"MARKER":4,"TABLE":1}
  TRR116    43  cols {"2":43}  row2 {"H":43}  next {"BILTABLE":2,"MARKER":37,"tag":4}
