  28  ('other', 'alert.top', 'absent')  modules ['CEDO501', 'CEDO502', 'CEDR501', 'CEDT501', 'CEDW501']
  24  ('other', 'alert', 'body')  modules ['CEDR203', 'ENGC101', 'ENGC204', 'ENGS102', 'GENO901', 'MXFL104', 'MXFU402', 'PWY1001', 'PWY1007', 'WJFUN206']
  20  ('WALT', 'alert box', 'menu')  modules ['HIS1003', 'HIS1004']
  14  ('other', 'alert box', 'body')  modules ['MXFL104', 'SSFUN02', 'SSFUN05', 'XLP02', 'XLP03', 'XLP04']
  12  ('other', 'alert', 'absent')  modules ['ENGC204', 'MXFU302', 'MXFU402', 'OSBY301', 'OSSM401', 'XGF9001', 'XGF9006']
   8  ('other', 'alert rhs', 'absent')  modules ['XGF9001']
   6  ('other', 'alert box', 'absent')  modules ['SSFUN02', 'XTAS101']
   6  ('other', 'rhs alert', 'body')  modules ['MXFL104', 'MXFU302', 'WJFUN206']
   6  ('other', 'alert.solid', 'absent')  modules ['XGF9001', 'XGF9006']
   5  ('other', 'alert solid', 'body')  modules ['CBI1009', 'MXS1004']
   4  ('other', 'alert.top', 'body')  modules ['CEDK501']
   4  ('other', 'alert solid', 'absent')  modules ['CBI1009']
   3  ('other', 'alert rhs', 'body')  modules ['ENGC101', 'MXFU402', 'WJFUN206']
   3  ('other', 'alert box rhs', 'body')  modules ['ANZH301']
   3  ('other', 'alert box: lesson su', 'body')  modules ['ANZH301']
   3  ('other', 'alert box rhs', 'absent')  modules ['ANZH302']
   3  ('other', 'alert box: lesson su', 'absent')  modules ['ANZH302']
   3  ('other', 'alert top', 'absent')  modules ['ENGC204']
   3  ('other', 'rhs alert', 'absent')  modules ['MXFL104']
   3  ('other', 'alert.rhs', 'body')  modules ['XGF9006']
   2  ('other', 'alert solid summary', 'absent')  modules ['AGH1005']
   2  ('other', 'alert box centre of ', 'absent')  modules ['ANZH301', 'ANZH302']
   2  ('other', 'alert right align', 'absent')  modules ['ENGC301']
   2  ('other', 'alert box at bottom ', 'body')  modules ['XLP01']
   1  ('other', 'alert box   -   righ', 'body')  modules ['SSFUN02']
   1  ('other', 'important box', 'body')  modules ['WJFUN206']
   1  ('other', 'alert box rhc', 'body')  modules ['ANZH301']
   1  ('other', 'alert box rhc', 'absent')  modules ['ANZH302']
   1  ('other', 'important text', 'absent')  modules ['ENGC204']
   1  ('other', 'important box', 'absent')  modules ['ENGS404']
   1  ('other', 'alert.secondary', 'body')  modules ['HES1005']
   1  ('other', 'coloured box', 'body')  modules ['MXDI201']
   1  ('WALT', 'coloured box', 'body')  modules ['MXFL203']
   1  ('other', 'coloured box', 'absent')  modules ['MXFL203']
   1  ('other', 'alert – coloured box', 'absent')  modules ['MXFU302']
   1  ('other', 'alert blank', 'body')  modules ['PWY1007']
   1  ('other', 'alert top / image', 'absent')  modules ['PWY1007']
   1  ('other', 'alert – speech bubbl', 'body')  modules ['XGF9001']
   1  ('other', 'alert or speech bubb', 'body')  modules ['XGF9001']
   1  ('other', 'alert / speech bubbl', 'body')  modules ['XGF9006']
   1  ('other', 'alert.solid', 'body')  modules ['XGF9006']
   1  ('other', 'side alert', 'body')  modules ['XLP02']
   1  ('other', 'alert box: [h3', 'absent')  modules ['XLP03']

by (text kind, gold placement): {('other', 'absent'): 89, ('other', 'body'): 78, ('WALT', 'menu'): 20, ('WALT', 'body'): 1}
