75 leaks on 46 pages
[('[image', 22), ('[hintslider', 17), ('[h2', 6), ('[h3', 5), ('[h5', 4), ('[h1', 4), ('[hint slider', 4), ('[activity', 3), ('[body', 3), ('[clickdrop', 2), ('[drag and drop', 2), ('[answer', 1), ('[rollover', 1), ('[carousel', 1)]
  TRR102    TRR102_1_0.html        '[Image'       … [Item 63] [Image] Kiwi Tohatoha …
  TRR106    TRR106_2_0.html        '[Image'       … [Item 62] [Image] Vowels end …
  TRR115    TRR115_1_0.html        '[Answer'      …er makes this sound? Options: A, E, I, O, U [Answer: A] Which of these words starts with &quot;P&quot;?…
  TRR116    TRR116_9_0.html        '[H2'          … Ko te kūoro tuatahi: The first is: [H2] kou kou Ko te kūoro tuarua: …
  TRR116    TRR116_9_0.html        '[H2'          … Ko te kūoro tuarua: The second is: [H2] tou tou Ka hono ēnei kia puta ai te k…
  TRR304    TRR304_2_0.html        '[Image'       …parts of the occupation image to add labels: Body] [Image label interactive] Click on parts of the occupation image …
  ENFUN09   ENFUN09_0_0.html       '[image'       …have to write about. [image] / https://www.istockphoto.com/vector/children-playing-in…
  ENFUN09   ENFUN09_0_0.html       '[hintslider'  …playing-in-a-treehouse-gm1358742390-432277829 [hintslider] keep open when clicked / Splashing water in the pool. …
  MXFUN01   MXFUN01_0_0.html       '[Activity'    … Simplifying fractions match-up [Activity body] Match the fractions on the right with their simplest…
  SSFUN05   SSFUN05_0_0.html       '[Image'       …s. Source D: Mahi toi/advertisement [Image] https://www.odt.co.nz/news/national/new-zealands-clean-gre…
  TEFUN07   TEFUN07_0_0.html       '[Rollover'    …story and significance of what they are using uses [Rollover definition] patents or trademarks (Patents and trademarks p…
  BLL260    BLL260_0_0.html        '[Clickdrop'   …pload them to dropbox to share with your kaiako. [Clickdrop 1 Image] https://www.istockphoto.com/vector/dete…
  BLL260    BLL260_0_0.html        '[Clickdrop'   …ning, and upload them to share with your kaiako. [Clickdrop 1 Image] https://www.istockphoto.com/vector/dete…
  CEDT104   CEDT104_0_0.html       '[H3'          … words. Ready for the next activity. [H3] Activity 3C: Let&#39;s wake up our Poi | Māranga māi …
  AGH1006   AGH1006_5_0.html       '[H3'          …s this can lead to the spread of fungal diseases. [H3] Knowledge CheckTrue/False > …
  ANZH401   ANZH401_1_0.html       '[H3'          … [H3] More migration stories? You can find more modern migration…
  ART1003   ART1003_0_0.html       '[H5'          … page with some notes explaining the connections. [H5] Activity 1d Create an A4 Mixed Media artwork us…
  CBI1008   CBI1008_3_0.html       '[H5'          … General formula of alkanes [H5] The general formula of alkanes is CnH2n+2, Where n = numbe…
  CBI1008   CBI1008_5_0.html       '[H5'          …mplete combustion and the effects of these products. [H5] Nitrogen oxides, sulfur dioxides and volatile organic com…
  DAN1003   DAN1003_0_0.html       '[H1'          …id="body"> [H1] Tirohanga Whānui | Overview Dance 1.3 Demo…
  DTC1005   DTC1005_0_0.html       '[H1'          …id="body"> [H1] Develop a digital technologies outcome – Teaching and lea…
  DTC1005   DTC1005_12_0.html      '[Image'       …ust be different to the program created for AS92004. [Image or something similar – https://unsplash.com/photos/multicol…
  DTC1005   DTC1005_13_0.html      '[H2'          … Merged Item 10. 02 Digital Image Creation [H2] Software There is a range of existing photo…
  DTC1005   DTC1005_13_0.html      '[Image'       …your kaiako so they can organise an account for you. [Image Feel free to crop to be smaller – ] If you find that…
  DTC1005   DTC1005_16_0.html      '[Activity'    …id="body"> [Activity] [H1] Surrealist Photo Collage Having learnt …
  DTC1005   DTC1005_16_0.html      '[H1'          …id="body"> [Activity] [H1] Surrealist Photo Collage Having learnt skills throu…
  DTC1005   DTC1005_18_0.html      '[Image'       … How to import your video [Image – https://unsplash.com/photos/black-and-white-usb-data-cabl…
  DTC1005   DTC1005_19_0.html      '[image'       … showing a bunch of moments in a short, fast way. [image or something similar – Assets: Mountain Scenery, WorldWide …
  DTC1005   DTC1005_1_0.html       '[Image'       … Te Kura) or OpenOffice (recommended for Mac Users). [Image or something similar (file cabinet) https://unsplash.com/…
  DTC1005   DTC1005_1_0.html       '[Image'       … text editors – replit. , Notepad++, Sublime, Atom . [Image https://unsplash.com/photos/a-drawing-of-a-bunch-of-differe…
  DTC1005   DTC1005_1_0.html       '[Image'       … for this outcome, please speak with you kaiako. [Image - https://unsplash.com/photos/black-flat-screen-computer-mo…
  DTC1005   DTC1005_1_0.html       '[Image'       …rful device that can handle video editing software. [Image https://unsplash.com/photos/black-laptop-computer-FhZEpxtTI…
  DTC1005   DTC1005_1_0.html       '[Image'       …iako to discuss what possible options are available. [Image - https://unsplash.com/photos/red-and-black-computer-mother…
  DTC1005   DTC1005_5_0.html       '[H1'          …Reports Merged Item 13. 14 Module Conclusion [H1] Upload your work Please upload your Databas…
  ENGI102   ENGI102_0_0.html       '[image'       … clearly.. ❗ Photo: [ASSET ID REQUIRED], [image] clipart style of boy and girl writing a story (prefer at l…
  ENGI102   ENGI102_0_0.html       '[Image'       …ok Māori). ❗ Photo: [ASSET ID REQUIRED], [Image] of cartoon style fun looking completion certificate such a…
  ENGS302   ENGS302_0_0.html       '[drag and drop' … here. ❗ Image for activity: Activity 2B [drag and drop – can we create a fun looking timeline, similar to below wi…
  ENGS404   ENGS404_3_1.html       '[image'       … Underwater Ambience | Royalty-free Music - Pixabay [image small size Forrest Birds Forrest …
  GENO901   GENO901_7_3.html       '[Hintslider'  …n’t ask them their age!) [Hintslider front] Start with a suitable greeting. [Hintsl…
  GENO901   GENO901_7_3.html       '[Hintslider'  …tslider front] Start with a suitable greeting. [Hintslider back] e.g., Guten Tag, Guten Morgen. …
  GENO901   GENO901_7_3.html       '[Hintslider'  …Guten Morgen. [Hintslider front] Wie geht es dir? Wie geht es Ihnen? [Hi…
  GENO901   GENO901_7_3.html       '[Hintslider'  …der front] Wie geht es dir? Wie geht es Ihnen? [Hintslider back] Es geht mir gut/prima/ nicht so gut. …
  GENO901   GENO901_7_3.html       '[Hintslider'  …nicht so gut. [Hintslider front] Wie heißt du? Wie heißen Sie? [Hintslid…
  GENO901   GENO901_7_3.html       '[Hintslider'  …intslider front] Wie heißt du? Wie heißen Sie? [Hintslider back] Ich heiße... …
  GENO901   GENO901_7_3.html       '[Hintslider'  … Ich heiße... [Hintslider front] Wie schreibt man das? [Hintslider back]…
  GENO901   GENO901_7_3.html       '[Hintslider'  … [Hintslider front] Wie schreibt man das? [Hintslider back] Das schreibt man A-B-C-D …
  GENO901   GENO901_7_3.html       '[Hintslider'  …t man A-B-C-D [Hintslider front] Wie alt bist du? [Hintslider back] Ich…
  GENO901   GENO901_7_3.html       '[Hintslider'  … [Hintslider front] Wie alt bist du? [Hintslider back] Ich bin ... (Jahre alt). …
  GENO901   GENO901_7_3.html       '[Hintslider'  … (Jahre alt). [Hintslider front] Woher kommst du? Woher kommen Sie? [Hin…
  GENO901   GENO901_7_3.html       '[Hintslider'  …ider front] Woher kommst du? Woher kommen Sie? [Hintslider back] Ich komme aus ... …
  GENO901   GENO901_7_3.html       '[Hintslider'  …komme aus ... [Hintslider front] Wo wohnst du? Wo wohnen Sie? [Hintslide…
  GENO901   GENO901_7_3.html       '[Hintslider'  …Hintslider front] Wo wohnst du? Wo wohnen Sie? [Hintslider back] Ich wohne in ... …
  GENO901   GENO901_7_3.html       '[Hintslider'  … wohne in ... [Hintslider front] Welche Sprachen sprichst du? / Welche Sprachen spre…
  GENO901   GENO901_7_3.html       '[Hintslider'  …en sprichst du? / Welche Sprachen sprechen Sie? [Hintslider back] Ich spreche ... …
  HIS1001   HIS1001_5_0.html       '[Image'       …explanations. See the example below. Source C [Image: https://blog.nuclearsecrecy.com/2012/06/29/friday-image-at…
  HIS1002   HIS1002_7_0.html       '[Body'        …es and collaborative action. [Body Text] Governments did not spontaneously agree to cre…
  HIS1005   HIS1005_6_0.html       '[Image'       … The Half-gallon quarter-acre Pavlova paradise [Image Link] https://en.wikipedia.org/wiki/The_Half-Gallon_Quarter…
  HIS1005   HIS1005_9_1.html       '[Image'       …te supremist racists (along with the Nazi swastika). [Image Link] https://www.americancivilwarstory.com/images/xFort_Su…
  HIS1006   HIS1006_2_1.html       '[H2'          … [H2] Connections and Concepts Just like the events at Li…
  MUS1004   MUS1004_3_0.html       '[image'       …id="body"> time signatures [image] Existing Module code: MCO551 % Content from …
  MUS1004   MUS1004_6_0.html       '[H2'          …or comparison: Eminem - Lose Yourself [HD] [H2] What does it sound like? Syncopation deep dive #1: The Mar…
  MUS1004   MUS1004_8_0.html       '[H2'          …but take out drag and drop [H2} Hākinakina Have fun. Play! Here is a link to the T…
  MUS1004   MUS1004_9_0.html       '[image'       …f rhythm that we covered in this module apply here. [image] And as a follow up, this video explains an effecti…
  MXDI201   MXDI201_8_0.html       '[body'        … Comparing multiplication and division sums [body text] In the next activity you will need to consider the va…
  MXEO301   MXEO301_1_0.html       '[Activity'    …s up. Our final answer becomes 2³ × 3 = 24. [Activity 1A – self-marking drag and drop] Prime factorisation …
  MXFU302   MXFU302_4_0_0.html     '[H5'          …ded by 12 equals 3. What is the number? [H5] Magic Number Puzzle: Pick any number. Add 5 to i…
  MXFU302   MXFU302_6_0.html       '[carousel'    …( l ) in the equation: l=7k+2 [carousel] …
  MXS1004   MXS1004_2_0.html       '[Drag and drop' … other, irrelevant variables from having an impact. [Drag and drop] autoCheck Natch the control with the question …
  MXS1004   MXS1004_8_0.html       '[Body'        … Strength [Body text] Strength is the measure of how closely the variables …
  PWY1009   PWY1009_1_1_0.html     '[hint slider' …med between two parties: [hint slider 1] Employee [hint slider text 1] The person w…
  PWY1009   PWY1009_1_1_0.html     '[hint slider' … [hint slider 1] Employee [hint slider text 1] The person who is employed to do the work. …
  PWY1009   PWY1009_1_1_0.html     '[hint slider' … do the work. [hint slider 2] Employer [hint slider text 2] The person o…
  PWY1009   PWY1009_1_1_0.html     '[hint slider' … [hint slider 2] Employer [hint slider text 2] The person or organisation that employs or pays th…
  XGF9004   XGF9004_7_0.html       '[H3'          …to figure who took it. Can you solve the mystery? [H3] The Mystery: Someone took Timmy’s favourite toy car from…
  XGF9004   XGF9004_7_0.html       '[H3'          …k Timmy’s favourite toy car from the living room. [H3] Clues: Clue 1: The toy car was la…
