spans changed by r510: 284 in 41 modules
== drag and drop (110)
   HPFUN101: [Interactive] Drag and drop, drop the statements into the relevant coloured square.
   HPFUN102: [interactive activity] drag and drop images into 1 of the 3 boxes (most of the time/ sometimes/ not often)
   HPFUN103: [interactive activity] drag and drop
   HPFUN201: [Interactive tool] drag and drop DEV match the image and situation to the appropriate strategy.
   HPFUN202: [interactive activity] drag and drop. - answers are provided in red currently beside the heading. These will need to be jumbled up.
   HPFUN203: [interactive activity] drag and drop the coloured crayon to the statements
   HPFUN301: [Interactive activity] drag and drop DEV drag and drop the following statements in or out of the circle depending on if the ākonga can control or not 
   HPFUN302: [interactive activity] drag and drop DEV: drop the image of the cultural game
   HPFUN401: [interactive activity] drag and drop DEV allow the statements to be placed individually along a continuum line (like a timeline) between no responsibl
   HPFUN901: [interactive activity] drag and drop images. DEV – ākonga will drag and drop the individual images into the one of two categories. Safe or unsafe. The
   HPFUN901: [interactive activity] drag and drop labels.
   HPFUN901: [interactive activity] drag and drop
   HPFUN903: [interactive activity] drag and drop DEV: drag and drop a tick to the letter on the following image.
   HPFUN903: [interactive activity] drag and drop DEV: drag and drop a tick to the letter on the following image.
   HPFUN903: [interactive activity] drag and drop tick onto the correct letter on the image.
   HPFUN903: [interactive activity] drag and drop – DEV: drag and drop the statements into the correct columns as shown on the table below.
   TWHA906: [interactive activity] drag and drop DEV: ākonga will drag and drop 1x word or phrase to each person. Allow each word and phrase to be able to be used
   TWHA906: [interactive tool] drag and drop
   TWHA906: [interactive activity] Drag and drop
   TWHA906: [interactive Activity] drag and drop. Drag and drop the statements as shown in the circles below. Use the provided images as the cookie jar and cookie
   TWHK907: [interactive activity] drag and drop DEV – ākonga will drag and drop words to complete the sentences
   AGH1001: [interactive] Drag and drop onto above picture.
   ANZH203: [Interactive] Please create a drag and drop for the following. The reasons are listed in their correct locations.
   ANZH301: [Interactive] Please create a drag and drop activity table as shown below. The table below shows the answers.
   ANZH302: [Interactive] Please create a drag and drop activity table as shown below. The table below shows the answers.
   ANZH303: [Interactive] Drag and drop activity- correct answers are shown below. Please mix up for this activity.
   ANZH304: [Interactive] Please create a drag and drop activity with a check answer and reset button for the following. Each section of text has a corresponding 
   ANZH304: [Interactive] Please create a drag and drop Venn diagram for this activity. Label the left-hand circle as the English version (The Treaty of Waitangi)
   ANZH304: [Interactive] Please create a drag and drop task here with check answer and reset buttons. The correct statement-question match is shown below.
   ANZH404: [Interactive] Please create a drag and drop. The table below shows the correct version. Please enable images and text boxes to be dragged to the corre
   HIS1003: [Interactive] Answers for the drag and drop activity are shown below:
   HIS1003: [Interactive] Please create a drag and drop activity that is similar to this table format below. The answers are below too.
   HIS1004: [Interactive] Please create a Scatter Drag and Drop with a self-expanding answer box and check answer button next to them. The rights that could be se
   HIS1004: [Interactive] Please create a drag and drop activity for this. The answers are set out below.
   HIS1004: [Interactive] Please create a drag and drop activity using the following quotes as the items to drag into the columns in the table. Can these quotes p
   HIS1004: [Interactive] Please create a drag and drop activity here in the form of a table with the quoted evidence on one side and the name of the person from 
   MXDB301: [Interactive Activity] Activity 2B- Drag and Drop]
   MXDI201: [interactive activity] drag and drop
   MXDI201: [interactive activity] drag and drop numbers
   MXDI201: [interactive activity] drag and drop greater than and less than signs to make the sums correct
   MXDI201: [interactive activity] drag and drop the
   MXDI201: [interactive activity] drag and drop the
   MXDI201: [interactive activity] drag and drop answers
   MXDI201: [interactive activity] Venn diagram/ drag and drop numbers to the correct part of the Venn diagram.
   MXDI201: [interactive activity] drag and drop correct numbers to solve the
   MXDI201: [interactive activity] drag and drop onto a number line
   MXDI202: [interactive activity] drag and drop/ drag the correct number of months or years to the statement
   MXDI202: [interactive activity] drag and drop to correct answer
   MXDI202: [interactive activity] drag and drop/ order dates from earliest to latest
   MXDI202: [interactive activity] drag and drop
   MXDI202: [interactive activity] drag and drop
   MXDI202: [interactive activity] drag and drop – name the angle
   MXDI202: [interactive activity] drag and drop
   MXDI202: [interactive activity] drag and drop order the streets from the steepest to the least.
   MXDI202: [interactive tool] drag and drop
   MXDI202: [interactive activity] drag and drop (match the metre measurement to the kilometres conversion)
   MXDI202: [interactive activity] drag and drop/ name the graph or chart
   MXDI202: [interactive activity] drag and drop answers
   MXDI202: [interactive activity] drag and drop/ match the statements
   MXDI202: [interactive tool] Venn diagram/ drag and drop statements
   MXDI202: [interactive activity] drag and drop
   MXDI202: [interactive activity] Drag and drop the answer
   MXFL104: [Interactive] Drag and Drop Matching Activity
   MXFL104: [Interactive] Drag and drop activity (correct answers shown - please mix up for activity)
   MXFL201: [interactive activity] drag and drop
   MXFL203: [interactive activity] timeline – please drag and drop statements onto timeline positioned horizontally.
   MXFL203: [interactive activity] drag and drop.
   MXFL203: [interactive activity] drag and drop, drop the fractions into the correct sorting boxes
   MXFL203: [interactive activity] Drag and drop fractions into the correct equivalent fraction box.
   MXFL203: [interactive tool] drag and drop fractions in the text box to the correct position onto the number lines.
   MXFL203: [interactive activity] drag and drop matching correct price to statement.
   MXFL204: [interactive activity] drag and drop – statements to the correct headings.
   MXFL204: [interactive activity] drag and drop
   MXFL204: [interactive activity] drag and drop
   MXFL204: [interactive activity] drag and drop/ drop following questions into the relevant group. Questions have been sorted below. Please create boxes for ques
   MXFL204: [interactive activity] drag and drop – into boxes primary or secondary data
   MXFL204: [interactive activity] use drag and drop activity from current pets module MXFL202 4A – What kind of data is this
   MXFL204: [interactive activity] drag and drop
   MXFL204: [interactive activity] drag and drop use current activity from pets module activity 5C as shown below
   MXFL204: [interactive activity] pie chart/ drag and drop labels. Label each section of the pie chart using the key below.
   MXFL204: [interactive activity] drag and drop images
   MXFU201: [interactive activity] drag and drop correct digital time.
   MXFU201: [interactive activity] drag and drop the correct number of minutes to each space.
   MXFU201: [interactive activity] drag and drop/ match the statements to the answers
   MXFU201: [interactive activity] drag and drop pictures to the times
   MXFU201: [interactive activity] drag and drop
   MXFU201: [interactive activity] drag and drop
   MXFU201: [interactive activity] drag and drop cards will need to be jumbled up. This is the correct order.
   MXFU201: [interactive activity] Drag and drop the percentages to place in order from smallest to largest.
   MXFU201: [interactive activity] Drag and drop
   MXFU201: [interactive activity] Drag and drop the answer to each statement
   MXFU201: [interactive activity] Drag and drop answers
   MXFU201: [interactive activity] Drag and drop
   MXFU201: [interactive activity] drag and drop times into sorting table
   MXFU202: [interactive activity] drag and drop sports to the Venn diagram – table below shows the answers
   MXFU202: [interactive activity] drag and drop greater than and less than signs. Only have 1x sign for greater than and 1x for less than. Don’t make the signs d
   MXFU202: [interactive activity] drag and drop year
   MXFU202: [interactive activity] drag and drop city names into correct continents
   MXFU202: [interactive activity] drag and drop
   MXFU202: [interactive activity] drag and drop
   MXFU202: [interactive activity] drag and drop into true or false boxes.
   MXFU202: [interactive activity] drag and drop
   MXFU202: [interactive activity] drag and drop the image representing each measurement
   MXFU202: [interactive activity] drag and drop missing digits to complete each equation. Have digits 2,4,6,8 allow digits to be repeated
   MXFU202: [interactive activity] drag and drop digits (multiply each answer from above table by 2) allow each digit to be used more than once. Don’t make the di
   MXFU202: [interactive activity] drag and drop the number frames into each space to represent the equation.
   MXFU202: [interactive activity] drag and drop numerals to complete each sum.
   MXFU202: [interactive activity] drag and drop/ have numerals 0, 1,2,3,4,5,6,7,8,9, available. Allow akonga to use each digit multiple times. Do not make the nu
   MXFU202: [interactive activity] drag and drop – drag following images to represent the number divided. Allow akonga to drag the image multiple times. Don’t mak
   SSEA203: [Interactive] drag and drop – keep column 1 content and make the who and how content dragable
== flip card (38)
   HPFUN202: [interactive tool] 6 flip cards with title and image on front and instructions on the reverse side
   HPFUN202: [interactive tool] 9 flip cards. Name and photo on front and quote on the reverse side. displayed in a 3 by 3 grid.
   HPFUN401: [interactive tool] flip cards – image and title facing – description/ body text on reverse
   HPFUN901: [interactive tool] flip cards x8 – picture on front/ text on reverse.
   HPFUN901: [interactive tool] flip cards x2 colour code cards for phase 1 and 2 / phase 3 and 4
   HPFUN901: [interactive tool] flip cards
   HPFUN901: [interactive tool] flip cards
   HPFUN901: [interactive tool] flip cards DEV colour code to phase 1-2 and 3-4
   HPFUN903: [interactive tool] flip cards x6
   HPFUN903: [interactive tool] flip cards
   HPFUN903: [interactive tool] 6 flip cards with title and image on front and instructions on the reverse side
   HPFUN903: [interactive tool] flip cards x 2 DEV colour code to the phases.
   HPFUN903: [interactive tool] flip cards x6
   TWHA906: [interactive tool] Flip cards x4 - DEV: use this image (or similar). Split the image into 4 sections visual, auditory, Read/write, kinaesthetic. Make 
   TWHA906: [interactive tool] flip cards x4 (colour code to phase 2 and phase 3)
   TWHA906: [interactive activity] flip cards – colour code the flip cards to represent the phases
   TWHA906: [interactive tool] flip cards x 4 (2 for phase 2 and 2 for phase 3)
   TWHA906: [interactive tool] flip cards x2 DEV colour code the flip cards for phase 2 and phase 3
   TWHA906: [interactive tool] flip cards x4
   TWHK907: [interactive activity] flip cards x 4 DEV colour code to appropriate phases
   TWHK907: [interactive tool] flip cards x6
   TWHK907: [interactive activity] flip cards x 4
   TWHK907: [interactive tool] flip cards – colour code to phases
   TWHK907: [interactive tool] flip cards
   ANZH304: [Interactive] Please have these as flip cards across the page (name of the person on the front of the card and image and the caption on the back) with
   HPRE203: [interactive tool] flip cards x 12 – DEV: image facing and words on reverse.
   MXDI202: [interactive tool] flip cards/ image and name on front with information behind
   MXDI202: [interactive tool] flip cards to reveal properties. Name and image on front
   MXFL201: [interactive activity] flip cards, first side name and picture/ second side video clip
   MXFL203: [interactive tool] flip cards
   MXFL203: [interactive tool] flip cards – image of pumpkin on top – flip with information on other side.
   MXFL204: [interactive tool] flip cards
   MXFL204: [interactive tool] flip cards
   MXFL204: [interactive tool] flip cards
   MXFU202: [interactive tool] flip cards – picture on front/text on back
   MXFU202: [interactive tool] flip cards. place picture and name of sport on front and records on back of each card.
   MXFU202: [interactive tool] flip card/ title and picture on front. Details of stadium on back
   MXFU202: [interactive tool] flip cards
== dropdown (27)
   TRR110: [Interactive] Dropdown
   TRR110: [Interactive] Dropdown
   HPFUN101: [interactive activity] dropdown options (ask for help/ may ask for help/ won’t ask for help)
   HPFUN102: [interactive activity] drop down options
   HPFUN103: [interactive activity] drop down options
   HPFUN203: [interactive activity] yes or no/drop down options – no incorrect answers
   HPFUN401: [interactive activity] dropdown options ākonga to select the consequence and feeling that they would choose and the feel. (no wrong answers)
   HPFUN401: [interactive activity] drop down options – select either ‘the same’ ‘different’ (no right or wrong answers)
   HPFUN402: [interactive activity] drop down options (answers below the questions)
   HPFUN903: [interactive activity] quiz - drop down options
   HPFUN903: [interactive activity] drop down quiz
   TWHA906: [interactive activity] drop down options quiz
   TWHK907: [interactive activity] Quiz - drop down options.
   MXDI201: [interactive activity] drop down selection/ choose correct place value from ones, tens, hundreds
   MXDI201: [interactive activity] drop down choices (for each answer, student selects one digit from 0,1,2,3,4,5,6,7,8,9). Then type the number in the 3
   MXDI201: [interactive activity] drop down options
   MXDI201: [interactive activity] drop down numbers to be selected for each gap, making each sum correct.
   MXDI201: [interactive activity] drop down place value options. Drop options include ones, tens, hundreds, thousands, ten thousands, hundred thousands, millions
   MXDI202: [interactive activity] select answer from drop down options square based pyramid/ pentagonal pyramid/ hexagonal pyramid/ heptagonal pyramid/ octagonal
   MXDI202: [interactive activity] drop down options length/weight
   MXFL204: [interactive activity] drop down options use first 2 paragraphs of current drop down interactive in module lesson 5B
   MXFU201: [interactive activity] drop down options – will arrive on time/won’t arrive on time
   MXFU201: [interactive activity] drop down options (for each option numbers 0-16)
   MXFU202: [interactive activity] drop down options
   MXFU202: [interactive activity] dropdown options
   MXFU202: [interactive activity] dropdown options
   MXFU202: [interactive activity] drop down options
== mcq (25)
   HPFUN201: [interactive activity] quiz/ multi-choice for each question (never/sometimes/always) no right or wrong answers DEV can this be presented so that ākong
   HPFUN302: [interactive activity]multiple choice answer / tick the appropriate answers.
   HPFUN901: [interactive activity] multiple choice
   HPFUN901: [interactive activity] multiple choice
   HPFUN903: [interactive tool] quiz – tick box yes or no DEV: answers will vary
   HPFUN903: [interactive activity] true/ false quiz
   HPFUN903: [interactive activity] tick box quiz/ safe to approach/ unsafe to approach
   HPFUN903: [interactive activity] true and false quiz
   TWHA906: [interactive activity] quiz multiple choice options DEV when ākonga select the box, make the box turn the colour of the column so that it is easy for 
   TWHA906: [interactive activity] long answer quiz/ teacher marked quiz.
   TWHA906: [interactive activity] teacher marked quiz
   TWHK907: [interactive activity] multiple choice quiz
   TWHK907: [interactive activity] Quiz – multiple answers/ tick box
   MXDB301: [Interactive Activity] Activity 1A- Multi-choice Click and Check]
   MXFL201: [interactive activity] multi-choice click and check,
   MXFL203: [interactive activity] multiple choice questions
   MXFL203: [interactive activity] multiple choice quiz
   MXFL204: [interactive activity] multiple choice
   MXFL204: [interactive activity] multiple choice
   MXFU201: [interactive activity] Multiple choice/tick the correct answer
   MXFU201: [interactive activity] multiple choice/tick box
   MXFU201: [interactive activity] multiple choice
   MXFU202: [interactive activity] multiple choice answers
   MXFU202: [interactive activity] multiple choice/select the correct answer
   MXFU202: [interactive activity] multiple choice
== memory game (17)
   HPFUN201: [Interactive Activity] Memory activity. Match the following image to t
   TWHA906: [interactive Activity] Memory game DEV: ākonga will match the picture to the words, as displayed in this table.
   TWHK907: [interactive activity] memory game
   MXDI201: [interactive activity] memory match, match the following numbers in digits to the numbers in words
   MXDI201: [interactive activity] Memory match
   MXDI202: [interactive activity] memory game. Match the picture to the name of the angle
   MXDI202: [interactive activity] memory match Total to the tally mark
   MXFL203: [interactive activity] Memory game – match the equivalent fractions. Ideally have diagram of each fraction like what is shown below.
   MXFL203: [interactive activity] memory game – match the fraction to the decimal by flipping 2 cards over at once.
   MXFL203: [interactive activity] memory game – match the equivalent decimal and percentages.
   MXFL204: [interactive activity] memory match. Match the cat image to the number of hours they sleep for
   MXFU201: [interactive activity] memory game/flip 2 cards over and match.
   MXFU201: [interactive activity] memory match
   MXFU201: [interactive activity] Memory match
   MXFU201: [interactive activity] Memory match
   MXFU201: [interactive activity] memory match. Flip 2 cards over at a time and match the equivalent fractions
   MXFU201: [interactive activity] memory match. Flip 2 cards over at a time and match the equivalent fractions
== carousel (14)
   TRR110: [Interactive] Carousel
   TRR110: [Interactive] Carousel
   TRR110: [Interactive] Carousel pic with word/audio
   TRR110: [Interactive] Carousel pic with word/audio
   HPFUN901: [interactive tool] slide show
   HPFUN903: [interactive tool] slide show x 8 DEV on each slide have an image and sentence explaining the hazard and precautions children can take.
   ANZH304: [Interactive] Please create a carousel of the following images with captions.
   ANZH304: [Interactive] Please include a carousel of each of the 9 copies of the treaty from the list on this page
   EXBP901: [Interactive] Please insert a rolling banner of sources here with the text for the type of source running under the images as captions:
   HIS1003: [Interactive] Please create a rolling banner of the following images related to protest over time in Aotearoa New Zealand. Please include the dates wi
   HIS1004: [Interactive] Please create a slideshow of these photographs with the text below running across each image at the bottom. FYI the photographs were all
   MXFL203: [interactive tool] picture slide show
   MXFL203: [interactive tool] rolling banner of images.
   MXFL204: [interactive tool] slide show (put the following 6 images into slideshow)
== radio quiz (12)
   HPFUN901: [interactive activity] true or false
   SSFUN05: [Interactive] Please create a true/false type quiz but with positive and negative as the words on the buttons next to each image. All three visual sou
   SSFUN08: [Interactive] add a true or false function for question 2
   TWHK907: [interactive activity] true or false
   ANZH303: [Interactive] Create a true/false activity for the following. The answers are highlighted
   HIS1003: [Interactive] Please create a True/False quiz for the following- the answers are as given below.
   MXDI201: [Interactive activity] true or false
   MXDI202: [interactive activity] true or false/ click and select
   MXFU202: [interactive activity] true or false
   MXFU202: [interactive activity] true or false.
   MXFU202: [interactive activity] true or false
   SSEA203: [Interactive] Radio tick box
== checklist (6)
   HPFUN103: [interactive activity 2A] tick boxes – yes or no DEV present each scenario with a picture – description and yes and no tick box options.
   HPFUN301: [interactive activity] tick boxes
   TWHK907: [interactive activity] multiple answers quiz. tick boxes (DEV: answers will vary)
   MXDI201: [interactive activity] tick boxes
   MXDI202: [interactive activity] tick boxes
   MXFL204: [interactive activity] yes/ no tick boxes
== crossword (6)
   HPFUN201: [interactive activity] crossword DEV create a crossword using the following clues and answers. please rearrange clues as across and down as relevant f
   HPFUN903: [interactive activity] crossword.
   TWHA906: [interactive activity] cross word DEV: include the following clues and answers:
   TWHK907: [interactive activity] crossword. DEV: use the following clues for the crossword.
   MXFL203: [interactive activity] crossword. Please create a crossword, using the following questions and answers
   MXFU202: [interactive activity] cross word
== accordion (5)
   HPFUN901: [interactive tool] accordion – DEV place these interactive activities within an accordion.
   HPFUN903: [interactive tool] accordion DEV colour code for phases one and two then phases three and four.
   HPFUN903: [interactive tool] accordion x2
   HPFUN903: [interactive tool] accordion x 2 DEV colour code slides to appropriate phases.
   MXFL201: [interactive activity] accordion with embedded PDF (I have created these pdf’s, image details have been included. The information can be displayed in 
== timeline (5)
   TWHA906: [interactive tool] timeline
   HIS1003: [Interactive] Please present this timeline in a more interesting visual way- use colour and perhaps an arrow.
   MXFL203: [interactive tool] number line (timeline from between 10 minutes and 12 minutes]
   MXFU202: [interactive tool] Timeline - Show the following information on a timeline
   MXFU202: [interactive activity] timeline from 1896 to 2028, in increments of 4, labels for every 20 years./drop the statements onto the timeline on the relevan
== word select (4)
   MXFU201: [interactive activity] highlight the numbers.
   MXFU202: [Interactive Activity] Highlight the numbers
   MXFU202: [interactive activity] highlight numbers/ answers have been highlighted.
   MXFU202: [interactive activity] highlight (or splat if possible) see link as example.
== slider (3)
   HPFUN303: [interactive activity] slider – use scale from 0 (not safe) to 5 (very safe) - no correct answers
   HPFUN401: [interactive activity] sliders for each statement ākonga will move a slider, between strongly disagree- – agree- strongly agree. No answers are requir
   HPFUN402: [interactive activity] slider/ bar graph activity
== word find (3)
   HPFUN903: [interactive activity] word find.
   TWHK907: [interactive activity] wordfind. DEV: ākonga will find the following words in the wordfind:
   MXFL204: [interactive activity] wordsearch/ wordfind. Akonga to find the words listed above in a wordsearch.
== click drop (2)
   HPFUN402: [interactive tool] click drop. Ensure that akonga first see name photo and name of sport first. Then the body of text. use alternative interactive if 
   HPFUN901: [interactive tool] click drop
== sketcher (2)
   HPFUN403: [interactive activity] drawing tool.
   TWHA906: [interactive activity] drawing tool – DEV
== reorder (2)
   HPFUN901: [interactive activity] re order the sentences. / match the sentence beginning to the ending.
   MXDI202: [interactive activity] ordering numbers from smallest to largest
== typing quiz (2)
   SSFUN08: [Interactive] Please create a self-check answer activity for this. See the information required in the statements and the fact of opinion answers tick
   ANZH401: [Interactive] Please create a self-check/reset ‘drag and drop’ activity here. This will need 2 columns, one with the heading; Who is in? (encouraging)
== puzzle (1)
   HPFUN101: [Interactive] jigsaw puzzles x3 (make the following pictures into jigsaw puzzles - 9 or more pieces each)
