BLL112	#6	selfCheck	box	rows 4	red 0	black 8	mixedRows 0	media 1	 [self check] Can we leave a gap where the red letter is for the ākonga to type it in. Answers in red 
BLL115	#2	selfCheck	box	rows 6	red 6	black 12	mixedRows 6	media 1	 [self check] Correct answers are in red 
BLL120	#12	selfCheck	box	rows 2	red 0	black 12	mixedRows 0	media 0	 [Self check] [Place a check ✅when these words are correctly highlighted by the ākonga sack, tick, sock, pick,
BLL122	#6	selfCheck	box	rows 4	red 0	black 8	mixedRows 0	media 1	 [self check] Can we leave a gap where the red letter is for the ākonga to type it in. Answers in red 
BLL123	#2	selfCheck	box	rows 1	red 0	black 9	mixedRows 0	media 0	 [Self Check] [Insert audio 1] [Can we have a play button? Selecting the correct word should automatically pro
BLL124	#6	selfCheck	box	rows 2	red 2	black 2	mixedRows 0	media 0	 [Self check] Answers are in red below. But please have all statements outside of the table for the students t
BLL124	#11	selfCheck	box	rows 6	red 6	black 6	mixedRows 6	media 1	 [Self check]Below shows the correct answer, please muddle up. Also ensure that when the ākonga clicks on each
BLL124	#12	selfCheck	box	rows 2	red 1	black 7	mixedRows 1	media 0	 [self check] I have highlighted the correct answer. 
BLL125	#1	selfCheck	box	rows 5	red 5	black 15	mixedRows 5	media 1	 [self check] Correct answers are in red 
BLL130	#15	selfCheck	box	rows 7	red 0	black 6	mixedRows 0	media 1	 [Self check activity] 
BLL133	#1	selfCheck	box	rows 6	red 6	black 12	mixedRows 6	media 1	 [self check] Correct answers are in red 
BLL135	#3	selfCheck	box	rows 5	red 5	black 10	mixedRows 5	media 1	 [self check] Correct answers are in red 
BLL140	#8	selfCheck	box	rows 8	red 8	black 8	mixedRows 0	media 1	 [Self check activity] 
BLL140	#13	selfCheck	box	rows 8	red 8	black 8	mixedRows 0	media 1	 [Self check activity] 
BLL140	#18	selfCheck	box	rows 6	red 6	black 6	mixedRows 0	media 1	 [Self check activity] 
BLL140	#23	selfCheck	box	rows 8	red 8	black 8	mixedRows 0	media 1	 [Self check activity] 
BLL140	#28	selfCheck	box	rows 8	red 8	black 8	mixedRows 0	media 1	 [Self check activity] 
BLL141	#2	selfCheck	box	rows 6	red 6	black 12	mixedRows 6	media 1	 [self check] Correct answers are in red 
BLL142	#3	selfCheck	box	rows 4	red 0	black 7	mixedRows 0	media 1	 [self check] Can we leave a gap where the red letter is for the ākonga to type it in. Answers in red 
BLL145	#6	selfCheck	box	rows 5	red 10	black 5	mixedRows 5	media 0	 [self check] Correct answers are in red 
BLL150	#14	selfCheck	box	rows 8	red 8	black 8	mixedRows 0	media 1	 [Self check activity] 
BLL152	#1	selfCheck	box	rows 6	red 8	black 10	mixedRows 4	media 0	 [self check ]students to be able to type in the missing fields please. Make the words and red be missing from
BLL154	#3	selfCheck	box	rows 2	red 2	black 2	mixedRows 0	media 0	 [self check] please have words outside of table so that they can be dragged and dropped. Correct answers show
BLL154	#6	selfCheck	box	rows 10	red 40	black 0	mixedRows 0	media 0	 [self check]Can you create letter tiles (letters in boxes). Students will need 4 tiles to complete each word.
BLL155	#4	selfCheck	box	rows 2	red 2	black 2	mixedRows 0	media 0	 [self check] please have the pictures outside of table so that they can be dragged and dropped. Correct answe
BLL155	#8	selfCheck	box	rows 2	red 2	black 2	mixedRows 0	media 0	 [self check] Can set this up so students can check whether they are correct at the end of the task. Have the 
BLL156	#3	selfCheck	box	rows 10	red 14	black 16	mixedRows 7	media 0	 [self check] allow students to type in the correct answers into the boxes. I have written the answers I would
BLL160	#12	selfCheck	box	rows 8	red 8	black 8	mixedRows 0	media 1	 [Self check activity] 
BLL160	#17	selfCheck	box	rows 8	red 8	black 8	mixedRows 0	media 1	 [Self check activity] 
BLL162	#6	selfCheck	box	rows 6	red 6	black 12	mixedRows 6	media 1	 [self check] Correct answers are in red 
BLL163	#8	selfCheck	box	rows 5	red 0	black 10	mixedRows 0	media 0	 [self check] Please have the words outside of the boxes for the students to drag into the correct places. I h
BLL165	#7	selfCheck	box	rows 7	red 6	black 8	mixedRows 6	media 0	 [self check] words in red are the correct answers. Have them outside of the box, so that students need to dra
BLL170	#6	selfCheck	box	rows 8	red 8	black 8	mixedRows 0	media 1	 [Self check activity] 
BLL170	#11	selfCheck	box	rows 6	red 6	black 6	mixedRows 0	media 1	 [Self check activity] 
BLL170	#16	selfCheck	box	rows 6	red 6	black 6	mixedRows 0	media 1	 [Self check activity] 
BLL170	#22	selfCheck	box	rows 6	red 6	black 6	mixedRows 0	media 1	 [Self check activity] 
BLL170	#27	selfCheck	box	rows 6	red 6	black 6	mixedRows 0	media 1	 [Self check activity] 
BLL172	#4	selfCheck	box	rows 6	red 6	black 12	mixedRows 6	media 1	 [self check] Correct answers are in red 
BLL173	#7	selfCheck	box	rows 6	red 12	black 6	mixedRows 6	media 0	 [self check] Correct answers are in red 
BLL212	#8	selfCheck	box	rows 5	red 2	black 13	mixedRows 2	media 0	 [self check] insert the table below. The answers are in red. It involves inserting a multi choice function pl
BLL214	#7	selfCheck	box	rows 6	red 0	black 18	mixedRows 0	media 0	 [self check] insert the table below. The answers are in red. It involves inserting a multi choice function pl
BLL217	#1	selfCheck	box	rows 6	red 6	black 12	mixedRows 6	media 1	 [self check] Correct answers are in red 
BLL220	#2	selfCheck	box	rows 7	red 3	black 12	mixedRows 0	media 1	 [self check boxes] Can we make something like this please. The correct boxes have been coloured in red. [audi
BLL223	#1	selfCheck	box	rows 6	red 6	black 12	mixedRows 6	media 1	 [self check] Correct answers are in red 
BLL223	#6	selfCheck	box	rows 4	red 4	black 16	mixedRows 4	media 1	 [Self check] The correct answer is highlighted in yellow 
BLL232	#7	selfCheck	box	rows 6	red 6	black 12	mixedRows 6	media 1	 [self check] Correct answers are in red 
BLL235	#8	selfCheck	box	rows 8	red 8	black 16	mixedRows 8	media 1	 [self check] Correct answers are in red 
BLL237	#10	selfCheck	box	rows 8	red 8	black 16	mixedRows 8	media 1	 [self check] Correct answers are in red 
BLL242	#6	selfCheck	box	rows 9	red 9	black 18	mixedRows 9	media 1	 [auto check] Correct answers are in red. Please arrange in three rows of three. 
BLL246	#2	typing	box	rows 9	red 0	black 18	mixedRows 0	media 1	 [type the answer + auto check] 
BLL252	#1	selfCheck	box	rows 9	red 9	black 18	mixedRows 9	media 1	 [self check] Incorrect answers in highlighted red 
BLL252	#3	typing	box	rows 9	red 11	black 16	mixedRows 8	media 0	 [drag and drop + type the answer + autocheck] Is it possible to have an X that ākonga can repeatedly drag dow
BLL252	#4	typing	box	rows 8	red 8	black 8	mixedRows 8	media 0	 [type the answer + autocheck] 
BLL262	#10	typing	box	rows 4	red 0	black 6	mixedRows 0	media 1	 [table] [Type the answer] [no answer / all correct] [designer note] [image] insert the front cover of the tex
BLL263	#4	selfCheck	box	rows 9	red 0	black 27	mixedRows 0	media 1	 [self check] 
BLL263	#5	typing	box	rows 4	red 0	black 6	mixedRows 0	media 1	 [table] [Type the answer] [no answer / all correct] [designer note] [image] insert the front cover of the tex
BLL264	#9	typing	box	rows 5	red 0	black 8	mixedRows 0	media 0	 [Type the answer] [no answer] / [all correct] 
BLLR201	#17	typing	box	rows 11	red 3	black 30	mixedRows 0	media 0	 [drag and drop + type the answer] Is it possible to have an X that ākonga can repeatedly drag down to cross o
BLLR203	#4	typing	box	rows 9	red 0	black 18	mixedRows 0	media 0	 [type the answer] 
BLLR203	#11	typing	box	rows 8	red 0	black 24	mixedRows 0	media 1	 [autocheck] 
CEDK501	#10	typing	box	rows 6	red 3	black 6	mixedRows 3	media 0	 [Please recreate the self-check below.] 
CEDO105	#10	typing	box	rows 3	red 1	black 5	mixedRows 1	media 1	 [Sorting Activity AutoCheck] [developer images are currently under the right heading, please mix these up] 
CEDO502	#4	typing	box	rows 1	red 1	black 0	mixedRows 0	media 0	 [Self-typing box] 
CEDT501	#3	typing	box	rows 1	red 0	black 1	mixedRows 0	media 0	 [Insert typing box] [button] Suggested response will appear after ākonga start typing. 
CEDT501	#24	typing	box	rows 1	red 0	black 1	mixedRows 0	media 0	 [Typing self-check – 3 separate typable boxes] 
CEDT501	#29	typing	box	rows 1	red 0	black 0	mixedRows 0	media 0	 [Typing self-check] 
CEDT501	#30	typing	box	rows 1	red 0	black 1	mixedRows 0	media 0	 [Typing self-check] 
CHFUN05	#3	typing	box	rows 4	red 2	black 6	mixedRows 0	media 0	 [autocheck] [body] 
CHFUN08	#6	typing	box	rows 4	red 2	black 6	mixedRows 0	media 0	 [type the answer][auto check] [body] 
ENFUN03	#15	typing	box	rows 7	red 9	black 12	mixedRows 6	media 0	 [Typing quiz standard autoCheck] 
ENFUN04	#14	typing	box	rows 3	red 2	black 4	mixedRows 0	media 0	 [selfcheck] 
ENFUN04	#16	typing	box	rows 3	red 2	black 4	mixedRows 0	media 0	 [Self-Check] 
ENFUN05	#3	typing	box	rows 4	red 3	black 9	mixedRows 2	media 1	 [checkboxes autocheck] 
ENGC102	#6	selfCheck	box	rows 4	red 1	black 3	mixedRows 0	media 0	 [Self check] 
ENGC102	#9	selfCheck	box	rows 7	red 7	black 7	mixedRows 7	media 0	 [self check] Answers are in red (can we make allowances for answers to also be written all in lowercase, all 
ENGC201	#3	typing	box	rows 9	red 0	black 19	mixedRows 0	media 1	 [Typing quiz standard AutoCheck] 
ENGC204	#13	typing	box	rows 1	red 0	black 2	mixedRows 0	media 1	
ENGC204	#26	typing	box	rows 3	red 6	black 0	mixedRows 0	media 1	 [Type the answer] [images from ] 
ENGI302	#3	typing	box	rows 5	red 2	black 9	mixedRows 1	media 1	 [Typing quiz standard auto Check] 
ENGI302	#8	typing	box	rows 5	red 0	black 5	mixedRows 0	media 1	 [Typing quiz sentence] [Side image] 
ENGI303	#19	typing	box	rows 5	red 9	black 12	mixedRows 3	media 0	 [Typing quiz standard autocheck] (just the red font empty for students to fill in) 
ENGI303	#24	typing	box	rows 8	red 7	black 9	mixedRows 7	media 0	 [Typing quiz] 
ENGI401	#23	typing	box	rows 11	red 2	black 20	mixedRows 0	media 0	 [typing the answer] 
ENGJ102	#17	selfCheck	box	rows 1	red 0	black 1	mixedRows 0	media 0	 [self check] answers are in red. 
ENGJ301	#30	typing	box	rows 6	red 0	black 12	mixedRows 0	media 0	 [Activity 7B – auto-check] [body] 
ENGR302	#10	typing	box	rows 4	red 0	black 19	mixedRows 0	media 1	 [Activity 2B – typing the answers with a self-check] [embed video and freeze it at 00:20] front tall straight
ENGS102	#8	typing	box	rows 6	red 2	black 15	mixedRows 0	media 1	 [Typing quiz standard noBorder] or if that looks odd, then a drag and drop] 
FRNO901	#36	typing	box	rows 5	red 0	black 10	mixedRows 0	media 1	 [Memory game [autocheck] [Body] 
FRNO901	#41	typing	box	rows 6	red 0	black 6	mixedRows 0	media 0	 [Multichoice checklist [autocheck] [Body] [Button] 
FRNO902	#36	typing	box	rows 5	red 0	black 10	mixedRows 0	media 1	 [dropquiz [autocheck]] [Body] 
FRNO902	#65	typing	box	rows 6	red 0	black 12	mixedRows 0	media 0	 [Drag and drop [autocheck] [Body] 
GENO901	#41	typing	box	rows 7	red 0	black 20	mixedRows 0	media 1	 [5D Type the Answer Quiz Autocheck] [Listening Activity to check understanding] [Merged Items Source 1 item 1
GEWHA	#3	typing	box	rows 8	red 0	black 16	mixedRows 0	media 1	 [matching activity [autocheck]] [Body] [Audiovisual Request item 1 Image of Arihi Asset item #6 ] IMAGE ONLY 
GEWHA	#8	typing	box	rows 9	red 0	black 9	mixedRows 0	media 0	
JPFUN01	#16	typing	box	rows 5	red 0	black 7	mixedRows 0	media 0	 [typing quiz sentence self-check] [like this image is it possible to be in a table?] [Body] 
MXDB202	#15	selfCheck	box	rows 4	red 0	black 7	mixedRows 0	media 0	 [Self Check] Answers are in red 
MXDB202	#16	selfCheck	box	rows 4	red 0	black 7	mixedRows 0	media 0	 [Self Check] Answers are in red 
MXDB202	#19	selfCheck	box	rows 3	red 5	black 15	mixedRows 1	media 0	 [self check] can we make something like this please. Answers are in red. [Body] Can we create an image like t
MXDB302	#31	typing	box	rows 2	red 0	black 12	mixedRows 0	media 0	 [Activity 4B – self-marking typing the answer] planks of wood nails 7, seven × 7, times seven, multiplied by 
MXDI103	#10	selfCheck	box	rows 5	red 5	black 0	mixedRows 0	media 0	 [Self Check] 
MXDI103	#15	selfCheck	box	rows 10	red 18	black 12	mixedRows 9	media 0	 [self check] Correct answers are in red. [Button] 
MXDI103	#20	selfCheck	box	rows 6	red 6	black 0	mixedRows 0	media 0	 [Self Check] 
MXDI103	#23	selfCheck	box	rows 6	red 6	black 6	mixedRows 6	media 0	 [self check] Correct answers are in red. [Button] 
MXDI103	#29	selfCheck	box	rows 8	red 7	black 9	mixedRows 7	media 0	 [Self Check - correct answer in red] 
MXDI103	#30	selfCheck	box	rows 8	red 7	black 9	mixedRows 7	media 0	 [Self Check - correct answer in red] [Button] 
MXDI201	#7	selfCheck	box	rows 5	red 0	black 10	mixedRows 0	media 1	 [interactive activity] type and check [button] Check your answers [button] Reset 
MXDI201	#8	selfCheck	box	rows 7	red 7	black 7	mixedRows 7	media 0	 [interactive activity] type and check [button] Check your answers [button] Reset 
MXDI201	#15	selfCheck	box	rows 8	red 0	black 24	mixedRows 0	media 0	 [interactive activity] complete the gaps/ type and check Answers: 39 + 1 = 40, 25 - 1 = 24, 40 + 24 = 64 19 +
MXDI202	#24	selfCheck	box	rows 11	red 11	black 10	mixedRows 10	media 0	 [interactive tool] type and check [button] [button] 
MXDI202	#25	selfCheck	box	rows 11	red 11	black 10	mixedRows 10	media 0	 [interactive tool] type and check [button] [button] 
MXDI202	#30	selfCheck	box	rows 5	red 5	black 0	mixedRows 0	media 0	 [interactive activity] type and check Answers: 1.5, 2.17, 3.50, 4.14, 5.3 [button] [button] 
MXDI202	#36	selfCheck	box	rows 8	red 8	black 8	mixedRows 8	media 0	 [interactive activity] type and check [button] [button] 
MXDI202	#37	selfCheck	box	rows 8	red 8	black 8	mixedRows 8	media 0	 [interactive activity] type and check/ convert kilograms to grams [button] [button] 
MXDI202	#50	selfCheck	box	rows 8	red 18	black 9	mixedRows 6	media 0	 [interactive activity] type and check [button] [button] 
MXDI202	#54	selfCheck	box	rows 6	red 2	black 11	mixedRows 0	media 0	 [interactive activity] type and check [button] [button] 
MXEO201	#3	selfCheck	box	rows 6	red 0	black 18	mixedRows 0	media 0	 [Type and Check] writing in bold will be in the table, not bold are the answers that need to be typed in. 
MXEO201	#9	selfCheck	box	rows 2	red 0	black 4	mixedRows 0	media 0	 [Type and Check] Please create something similar, writing in bold will be in the table, not bold are the answ
MXEO201	#11	selfCheck	box	rows 4	red 0	black 4	mixedRows 0	media 0	 [Type and Check] Please recreate, writing in bold stays, not bold are the answers to be entered 
MXEO201	#14	selfCheck	box	rows 6	red 0	black 12	mixedRows 0	media 0	 [Type and Check] Bold writing are the answers that need to be typed in 
MXEO301	#21	typing	box	rows 3	red 0	black 5	mixedRows 0	media 0	 [Activity 2C – self-marking typing the answer] 
MXEO301	#32	typing	box	rows 2	red 0	black 6	mixedRows 0	media 0	 [Activity 4A – self-marking type the answer] 3 -5 4 -6 5 -3 8 -3 [body] [Activity 4B – self-marking type the 
MXEO301	#45	typing	box	rows 4	red 0	black 8	mixedRows 0	media 0	 [Activity 5.1A – self marking type the answer] 
MXEO301	#47	typing	box	rows 5	red 0	black 24	mixedRows 0	media 0	 [Activity 5.1B – self marking type the answer] 
MXEO301	#57	typing	box	rows 6	red 6	black 6	mixedRows 6	media 0	 [Activity 6C – self-marking type the answer] 
MXEX302	#10	selfCheck	box	rows 4	red 0	black 7	mixedRows 0	media 0	 [Type and check] [Button] [Button] 
MXEX302	#11	selfCheck	box	rows 4	red 0	black 8	mixedRows 0	media 0	 [Type and check] [Button] [Button] 
MXEX302	#13	selfCheck	box	rows 4	red 0	black 8	mixedRows 0	media 0	 [Type and check] [Button] [Button] 
MXFL202	#2	selfCheck	box	rows 3	red 10	black 7	mixedRows 2	media 0	 [Self check answers] Answers in red 
MXFL203	#39	selfCheck	box	rows 13	red 12	black 11	mixedRows 11	media 0	 [interactive tool] type and check 
MXFL203	#41	selfCheck	box	rows 8	red 8	black 7	mixedRows 7	media 0	 [interactive tool] type and check 
MXFL204	#16	selfCheck	box	rows 9	red 0	black 11	mixedRows 0	media 0	 [interactive activity] type and check Answers: 1. 132.193. 124. 105. 56. 67. 28.1 [button] 
MXFL204	#18	selfCheck	box	rows 9	red 0	black 11	mixedRows 0	media 0	 [interactive activity] type and check – type total of tally marks Answers: 1. 82. 143. 124. 125. 56. 67. 28. 
MXFL301	#5	typing	box	rows 6	red 0	black 12	mixedRows 0	media 1	 [Activity 1D – self-marking type the answer] [Source: Turkey Spain Italy Sweden France Belarus [accordion 1] 
MXFL301	#15	typing	box	rows 6	red 0	black 16	mixedRows 0	media 0	 [Activity 3A – self-marking type the answer] visiting temples temples visiting ancient temples camel riding n
MXFL301	#55	typing	box	rows 5	red 0	black 35	mixedRows 0	media 0	 [Activity 8C – self-marking, type the answer] 15:20 72 17:27 15:30 16:05 
MXFL302	#13	typing	box	rows 5	red 0	black 20	mixedRows 0	media 0	 [Activity 2H – self-marking type the answer] 
MXFL302	#23	typing	box	rows 5	red 10	black 10	mixedRows 5	media 0	 [Activity 4G – self-marking type the answer] [Activity 4H – self-marking drop and drag] (please jumble well) 
MXFL302	#44	typing	box	rows 11	red 0	black 22	mixedRows 0	media 0	 [Activity 6D – self-marking type the answer] 
MXFU201	#10	selfCheck	box	rows 8	red 16	black 0	mixedRows 0	media 1	 [interactive activity] Type and check [image] edit for each of the following times [button] [button] 
MXFU201	#11	selfCheck	box	rows 8	red 16	black 0	mixedRows 0	media 1	 [interactive activity] Type and check [image] edit for each of the following times [button] [button] 
MXFU201	#22	selfCheck	box	rows 5	red 0	black 10	mixedRows 0	media 1	 [interactive activity] Type and check Answers: a. 15 minutesb. 15 minutesc. 36 minutesd. 18 minutese. 18 minu
MXFU201	#41	selfCheck	box	rows 4	red 4	black 10	mixedRows 1	media 1	 [interactive activity] Type and check [image] cut individual child as shown below [answers] 16, 44, 68, 48 [b
MXFU202	#25	selfCheck	box	rows 7	red 7	black 7	mixedRows 7	media 0	 [interactive activity] type and check [button] 
MXFU202	#26	selfCheck	box	rows 7	red 7	black 7	mixedRows 7	media 0	 [interactive activity] type and check [button] 
MXFU202	#42	selfCheck	box	rows 1	red 14	black 0	mixedRows 0	media 1	 [interactive activity] type and check Use the letters from the previous questions to create the code. Type 1 
MXFU401	#8	typing	box	rows 1	red 0	black 3	mixedRows 0	media 1	 [.selfCheck] Answer: 6, 10, 14 [.selfCheck] Answer: +4 [.selfCheck] Answer: 4n + 2 [.selfCheck] Answer: 70 CS
MXFU401	#9	typing	box	rows 2	red 0	black 4	mixedRows 0	media 1	 [.selfCheck] Answer: 100 [hover: constant = the same.] CS: please create a diagram similar to this: CS: pleas
MXFU402	#7	typing	box	rows 5	red 5	black 6	mixedRows 5	media 1	 [typing answer] 
MXFU402	#8	typing	box	rows 5	red 5	black 5	mixedRows 5	media 0	 [typing answer] 
MXFUN01	#24	selfCheck	box	rows 4	red 0	black 5	mixedRows 0	media 1	 [Type and Check] Could these images please be recreated. The type and check answers are in red. Could the equ
MXFUN01	#27	selfCheck	box	rows 6	red 12	black 12	mixedRows 4	media 0	 [Type and check] [Button] [Button] 
MXFUN01	#29	selfCheck	box	rows 6	red 29	black 5	mixedRows 5	media 0	 [Type and Check] I couldn’t type the numbers in the table first column without them going on a new line – ann
MXFUN01	#32	selfCheck	box	rows 6	red 20	black 9	mixedRows 5	media 0	 [Type and check] Can this please be created. Answers are in red. Thank you [Button] [Button] 
MXFUN01	#36	selfCheck	box	rows 6	red 7	black 5	mixedRows 5	media 0	 [Type and check] Answer shown in red. [Button] [Button] 
MXFUN01	#37	selfCheck	box	rows 5	red 4	black 3	mixedRows 0	media 0	 [Type and check] [Button] [Button] 
MXFUN01	#39	selfCheck	box	rows 8	red 15	black 2	mixedRows 1	media 0	 [Type and check] I have put what needs to be typed in, the answers in red. Is it possible to have boxes that 
MXFUN01	#40	selfCheck	box	rows 5	red 12	black 13	mixedRows 3	media 0	 [Type and check] Can this table and the images please be recreated, answers to be typed have been shown in re
MXFUN01	#41	selfCheck	box	rows 6	red 7	black 5	mixedRows 5	media 0	 [Type and check] Answers have been given in red [Button] Reset 
MXFUN02	#10	selfCheck	box	rows 3	red 0	black 30	mixedRows 0	media 0	 [Type and check] Teacher marked, trigger MTK engagement [Image] please recreate 
MXFUN02	#16	selfCheck	box	rows 2	red 6	black 0	mixedRows 0	media 0	 [Type and check] Can these please be recreated, have been taken from mathletics workbook. Teacher marked, tri
MXFUN03	#3	selfCheck	box	rows 4	red 4	black 4	mixedRows 2	media 1	 [Type and Check] Could this please be created? Sorry I can get the arrow to stay the same width etc to create
MXFUN03	#15	selfCheck	box	rows 2	red 0	black 4	mixedRows 0	media 0	 [Type and check] I have given the answers in red. Could the images please be recreated thank you. [Button] [B
MXFUN03	#17	selfCheck	box	rows 2	red 0	black 4	mixedRows 0	media 0	 [Type and check] Could the images please be recreated in colour. I have given the answer in red. Could they a
MXFUN03	#21	selfCheck	box	rows 5	red 0	black 5	mixedRows 0	media 0	 [Type and check] Answers are in red. [Button] [Button] 
MXFUN03	#22	selfCheck	box	rows 2	red 0	black 8	mixedRows 0	media 1	 [Type and check] I have shown the answer to be typed in red [Button] [Button] 
MXFUN03	#24	selfCheck	box	rows 4	red 10	black 0	mixedRows 0	media 0	 [Type and check] Could this please be created as a type and check. Could mL please be written as ml. Thank yo
MXFUN03	#29	selfCheck	box	rows 2	red 0	black 5	mixedRows 0	media 0	 [Type and check] Can this please be made into a type and check. Answers 
MXFUN03	#30	selfCheck	box	rows 2	red 1	black 5	mixedRows 1	media 0	 [Type and check] Can this please be made into a type and check. Answers [Button] [Button] 
OSAH501	#3	typing	box	rows 6	red 2	black 16	mixedRows 1	media 0	 [Dropquiz autoCheck] 
OSAI101	#15	typing	box	rows 2	red 0	black 2	mixedRows 0	media 1	 [typing self-check] 
OSBY501	#17	typing	box	rows 9	red 1	black 17	mixedRows 1	media 1	 [DropQuiz autoCheck] 
OSGM501	#7	typing	box	rows 10	red 2	black 18	mixedRows 0	media 0	 [dropquiz][autocheck] [show answer] Show after all questions are completed 
OSOH201	#17	typing	box	rows 4	red 3	black 6	mixedRows 0	media 1	 [type the answer – check] 
OSOH301	#8	typing	box	rows 4	red 2	black 6	mixedRows 0	media 1	 [typing quiz autoCheck] 
OSOH401	#16	typing	box	rows 5	red 2	black 8	mixedRows 0	media 1	 [typing quiz autoCheck] 
OSOH501	#12	typing	box	rows 6	red 2	black 10	mixedRows 0	media 1	 [typing quiz autoCheck] 
OSSM301	#1	typing	box	rows 3	red 3	black 9	mixedRows 3	media 1	 [Typing Column] [image] 
PWY1001	#7	typing	box	rows 1	red 0	black 1	mixedRows 0	media 1	 [Typing self-check] [Image: iStock: ] 
PWY1001	#17	typing	box	rows 1	red 0	black 1	mixedRows 0	media 0	
PWY1001	#25	typing	box	rows 4	red 0	black 8	mixedRows 0	media 0	
PWY1002	#2	typing	box	rows 1	red 0	black 1	mixedRows 0	media 0	
PWY1002	#25	typing	box	rows 6	red 0	black 12	mixedRows 0	media 0	
PWY1008	#5	typing	box	rows 4	red 0	black 8	mixedRows 0	media 0	 [Typing self-check] [Body] 
PWY1008	#10	typing	box	rows 7	red 1	black 13	mixedRows 1	media 0	 [radioquiz [autocheck]] 
PWY1008	#22	typing	box	rows 5	red 0	black 10	mixedRows 0	media 1	
PWY1009	#4	typing	box	rows 7	red 0	black 14	mixedRows 0	media 0	 [radioquiz [autocheck]] 
PWY1009	#27	typing	box	rows 5	red 0	black 10	mixedRows 0	media 0	 [radioquiz [autocheck]] [Body] 
SSCI205	#30	typing	box	rows 4	red 0	black 4	mixedRows 0	media 0	 [Type and check] + [Autocheck] 
TRR102	#1	selfCheck	box	rows 3	red 1	black 4	mixedRows 0	media 0	
TRR103	#3	selfCheck	box	rows 3	red 0	black 5	mixedRows 0	media 0	
TWHA902	#2	typing	box	rows 3	red 1	black 3	mixedRows 1	media 1	
WJFUN116	#23	selfCheck	box	rows 7	red 0	black 14	mixedRows 0	media 0	 [Matching pairs] [auto check] [reset] [CS: Can we use the same matching activity as earlier in the unit? Not 
