[snapshot] running cs (full corpus)
  $ python3 compare_structure.py
[snapshot] running bc (full corpus)
  $ python3 body_compare.py
[snapshot] running skeleton (full corpus)
  $ python3 _skeleton_compare.py --json /mnt/c/Users/Gavin/TeKura/FINAL_MODULE_DATA/CONVERTER_V2/outputs/_fastloop_baseline/skeleton.json
[snapshot] running defect (full corpus)
  $ python3 _structural_defect_audit.py --json /mnt/c/Users/Gavin/TeKura/FINAL_MODULE_DATA/CONVERTER_V2/outputs/_fastloop_baseline/defect.json

[snapshot] baseline complete -> /mnt/c/Users/Gavin/TeKura/FINAL_MODULE_DATA/CONVERTER_V2/outputs/_fastloop_baseline

BASELINE aggregates (paste these into the changelog round):
  skeleton SCAFFOLD mean %                  55.69
  skeleton pages >=50%                       1607
  skeleton pages >=75%                        281
  compare_structure exact chain             16768
  compare_structure EXTRA container           204
  compare_structure missing container         887
  body_compare ANY breakdown                  233
  defect structurally-clean %               98.40
  literal-[tag] leak (occ)                     52
  literal-[tag] leak (pages)                   42
  (context: sk_pages=2486  cs_matched=19548  body_pages=2627  df_total=2627  df_clean=2585)
