AGH1005	#6	x0	T:drag and drop a	fibLines 1	redWords 1	table 0	media 1	[interactive: Drag and drop activity ]
ARFUN04	#4	x0	T:drag and drop T:body B B B B T:image a B B B B B T:image B B B B	fibLines 1	redWords 1	table 0	media 1	[Activity 1C drag and drop] [H3] [body] [Insert item #12: images] oranges [Insert item #12
BLL111	#3	x0	T:drag and drop I T:body a	fibLines 1	redWords 1	table 0	media 0	[drop and drag] Can we create something like this please and they get ‘ticked’ when they h
BLL111	#6	x0	T:drag and drop T:body a	fibLines 1	redWords 1	table 0	media 0	[drop and drag] Can we make something like this please and can they get ‘ticked’ when they
BLL112	#1	x0	T:drag and drop T:body a	fibLines 1	redWords 1	table 0	media 0	[drop and drag] Can we make something like this please and can they get ‘ticked’ when they
BLL145	#3	x0	T:drag and drop T:answer B B B B B B a a B a B a B a B	fibLines 1	redWords 1	table 0	media 1	[self check/Drag and Drop] Can they please get a check when they answer each question corr
BLL247	#3	x0	T:drag and drop a T:correct B a T:correct B a T:correct B a T:correct B a T:correct B a T:correct B a T:correct B T:correct B a T:correct B 	fibLines 9	redWords 9	table 0	media 0	[drag and drop] Correct answers are in red. Please mix them up. fare [correct answer] stai
BLL271	#11	x1	T:drag and drop B T:correct B T:correct T:correct T:correct B T:correct T:correct B T:correct T:correct T:correct B B T:correct T:image T:bo	fibLines 1	redWords 1	table 0	media 1	[drag and drop] [correct] [correct] [correct] [correct] [correct] [correct] [correct] [cor
CEDO105	#12	x0	T:drag and drop T:body T:image a a I a a table I	fibLines 3	redWords 4	table 1	media 1	[Insert Drop and Drag AutoCheck] [Body] [Image – developer please create a map like the be
CEDO402	#2	x0	T:drag and drop B B B B B I B a a a a B a B a a a a B a a a	fibLines 4	redWords 12	table 0	media 0	[Drag and Drop] Answers below in red: 1981 Tahiti East 1985 hauora Waka Ama va’a oe vaka h
CEDO501	#11	x0	T:drag and drop table B a a B a a	fibLines 2	redWords 4	table 1	media 0	[Drag and drop] highest more lowest less
CEDO501	#13	x0	T:drag and drop table B a a a I a a a a	fibLines 1	redWords 8	table 1	media 0	[Drag and drop] i________ _(internet) n__________(network) d____(data) W________________(W
CEDR203	#9	x0	T:drag and drop B B T:body a table T:button	fibLines 1	redWords 1	table 1	media 0	[Insert drag and drop activity] [rollover text: ] [Go to Journal]
CEDR203	#18	x0	T:drag and drop I I a table	fibLines 1	redWords 1	table 1	media 1	[Insert drag and drop: Map with boxes for the locations – ākonga drag the correct location
CEDR401	#23	x0	T:drag and drop B B B B B B a a B a B a	fibLines 3	redWords 4	table 0	media 0	[Drag and drop cloze activity, correct answers in red, automarked] bad news not working de
COM1002	#3	x0	T:drag and drop I table B a B a B a B a B a B a B a B a B a B a B a B a	fibLines 12	redWords 12	table 1	media 0	[ACTIVITY DRAG AND DROP] Drag and drop Advantage Advantage Advantage Advantage Advantage A
ENGC101	#4	x0	T:drag and drop B B a B a B a B a B a B a B a B a T:answer	fibLines 8	redWords 8	table 0	media 0	[Interactive drag and drop] [leave a gap in the sentence and drag the word ‘because’ or ‘’
ENGC204	#24	x0	T:drag and drop a table	fibLines 1	redWords 1	table 1	media 0	[drag and drop - text to be static and images movable. Currently in correct spaces] (image
ENGC206	#7	x0	T:drag and drop I I	fibLines 1	redWords 1	table 0	media 0	[Create Matching Activity Drag and drop] [Cards with image similar to previous lesson] The
ENGC403	#20	x0	T:drag and drop table I a	fibLines 1	redWords 1	table 1	media 0	[create a drag and drop close multi choice] [shuffle] Designer note: Is it possible to add
ENGC403	#25	x0	T:drag and drop T:body I a table	fibLines 1	redWords 1	table 1	media 0	[insert drag and drop] [autocheck] [shuffle] [body] [hover info ‘effect’: ]
ENGI103	#14	x0	T:drag and drop T:image I table	fibLines 1	redWords 1	table 1	media 1	[Drag and Drop/Mix and Match] [image] (crop for correct parts.)
ENGI103	#17	x1	T:drag and drop a T:body T:drag and drop table	fibLines 1	redWords 1	table 1	media 1	[Drag and Drop/Mix and Match] [Have 4 of each emoji for each picture, as the students migh
ENGI201	#5	x0	T:drag and drop T:image a	fibLines 1	redWords 1	table 0	media 1	[Interactive Embedded: Drag and Drop] [Create Venn diagram as shown in slide 2. Slide 1 sh
ENGI401	#34	x0	T:drag and drop a table	fibLines 1	redWords 1	table 1	media 1	[drag and drop] Script for recording has been submitted with this planner (also found here
ENGI405	#13	x0	T:drag and drop T:correct B B B B B B B T:button a	fibLines 1	redWords 1	table 0	media 1	[activity drag and drop ] [have two columns that can be reordered to correct answer- self 
ENGS102	#24	x0	T:drag and drop a B a B I B I I I I I I T:body	fibLines 4	redWords 4	table 0	media 0	[drag and drop] dark quiet going to grandma's house. and saw a wolf. Words to drag and dro
ENGS401	#14	x0	T:drag and drop a table	fibLines 1	redWords 1	table 1	media 1	[drag and drop] Images cropped from and
ENGS404	#21	x0	T:drag and drop I T:image T:answer I T:image T:answer I T:image T:answer I T:image a I I T:image a T:answer	fibLines 2	redWords 2	table 0	media 1	[drag and drop] [shuffle] [Q1] [Q1 image ] [ Q1 answer] [Q2] [Q2 image ][Q2 answer] [Q3] [
HIS1002	#3	x0	T:drag and drop B B T:answer table T:image T:image B B B a T:button T:button	fibLines 1	redWords 1	table 1	media 1	[Can you please make a drag and drop activity something like this below. Can the words be 
HIS1002	#19	x2	T:drag and drop T:image T:external link a T:drag and drop I I I T:shape n I I T:answer B T:image a T:modal I	fibLines 2	redWords 2	table 0	media 1	[Please make a series of links (like a chronology, see this in MTK ) for students to drag 
HPFUN203	#2	x0	T:drag and drop T:image I table T:button I	fibLines 1	redWords 1	table 1	media 1	[interactive activity] drag and drop the coloured crayon to the statements [media item] cu
MXDB102	#19	x0	T:drag and drop B a B I B a B a a B a B I B a T:button	fibLines 8	redWords 8	table 0	media 0	[drop and drag the word into the sentence] under next to on top inside Outside between abo
MXDB301	#2	x0	T:drag and drop I B B B B B a B B B B T:answer I table B T:button a	fibLines 1	redWords 1	table 1	media 1	[Interactive Activity] Activity 2B- Drag and Drop] Understanding Data in a Graph Akonga In
MXDB301	#6	x0	T:drag and drop I table B table B B T:button a	fibLines 1	redWords 1	table 1	media 1	Activity 7B [Drag and Drop] What shape does this make? Akonga Instructions: Below are diff
MXDB302	#9	x1	T:drag and drop table T:typing quiz B B a a B a a B a a B a a B a a B a a	fibLines 6	redWords 12	table 1	media 0	[Activity 1B – self-marking drag and drop] [Activity 1C – self-marking typing the answer] 
MXDB302	#18	x0	T:drag and drop I a B I a B I a B I a B I a B I a I B I a B I a B I a B I a B I a	fibLines 10	redWords 10	table 0	media 0	[Activity 2E – self-marking drag and drop] (Please construct the following rectangles and 
MXDB302	#63	x0	T:drag and drop B a a a a B a a a a B a a a a B a a a a	fibLines 4	redWords 16	table 0	media 0	[Activity 9A – self-marking drop and drag] 1/10 0.1 1/4 0.25 1/5 0.2 2/5 0.4 3/10 0.3 ¾ 0.
MXDB302	#66	x1	T:drag and drop B a B a B a B a B a B a B a B a B a B a T:typing quiz B B I B a B a B a B a B a B a B a B a B a	fibLines 20	redWords 20	table 0	media 0	[Activity 9B – drag and drop] $20 $180 $240 $9.10 $5.91 $2.24 $30.13 $17.99 $7.99 $9.04 [A
MXDI201	#41	x0	T:drag and drop a B a a a	fibLines 1	redWords 3	table 0	media 0	[interactive activity] drag and drop onto a number line position 250,000 position 125,000 
MXEO301	#25	x1	T:drag and drop B B T:typing quiz B I B a B a B a B a B a B a B a B a	fibLines 8	redWords 8	table 0	media 0	[Activity 3A – self-marking drag and drop] [Activity 3B – self marking type the answer] (C
MXEO301	#29	x0	T:drag and drop B a a B a a B a a B a a	fibLines 4	redWords 8	table 0	media 0	[Activity 3F – self-marking drag and drop] > > < > > < < <
MXEO301	#35	x2	T:drag and drop table T:typing quiz B B a a B a a B a a B a a T:accordion	fibLines 4	redWords 8	table 1	media 0	[Activity 4D – self-marking drag and drop] [Activity 4E – self marking type the answer] -2
MXEO301	#41	x2	T:drag and drop B I I B I I B I I T:body T:click drop T:body B B B B T:click drop T:body B B B B B B	fibLines 3	redWords 6	table 0	media 0	[Activity 5B – self-marking drag and drop] x = 3 a = 9 y = 6 g = 3 b = 8 t = 15 [body] [cl
MXEO301	#52	x0	T:drag and drop B a a B a a B a a B a a T:body	fibLines 4	redWords 8	table 0	media 0	[Activity 6A – self marking drop and drag] < < > > > > > < [body]
MXEO301	#54	x0	T:drag and drop B I B I B I B I B I	fibLines 5	redWords 5	table 0	media 0	[Activity 6B – self-marking drag and drop] n ≥ -3 n < 1 n > 4 n ≤ 2 n ≥ -1
MXEO301	#61	x2	T:drag and drop I I T:typing quiz B T:image B a B a B a B a B a B B a B a B a B a B a T:dropdown B T:image B a B a a a a B a a B a a a B a a	fibLines 15	redWords 22	table 0	media 1	[Activity 7A – self-marking drop and drag] (Please insert a compass with only North labell
MXEO401	#2	x3	T:drag and drop I I I T:body B T:video T:tabs I I B T:video B T:image B B table T:typing quiz I T:typing quiz I	fibLines 2	redWords 2	table 1	media 1	[Drag and drop] CS: Please create a drag and drop activity that uses images of a flat tape
MXEO401	#7	x0	T:drag and drop B a B I B a B a	fibLines 4	redWords 4	table 0	media 0	[Drag and drop] Answer: distance Answer: neck circumference (cm) Answer: relate price ($)
MXEX301	#8	x0	T:drag and drop T:body table T:button a	fibLines 1	redWords 1	table 1	media 1	[Drag and Drop Activity] [Body] [Button - Go to the ]
MXEX301	#10	x0	T:drag and drop T:body table T:button a	fibLines 1	redWords 1	table 1	media 1	[Drag and Drop Activity] [Body] [Button - Go to the ]
MXFL301	#19	x2	T:drag and drop table T:mcq B table T:typing quiz B B a B a B a B a B a	fibLines 5	redWords 5	table 1	media 0	[Activity 3B – self-marking drop and drag] [Activity 3C – self-marking multi-choice quiz] 
MXFL301	#51	x1	T:drag and drop table T:dropdown B B a B a B a B a B a B a	fibLines 6	redWords 6	table 1	media 0	[Activity 7F – self-marking drag and drop] [Activity 7G – self-marking drop down quiz] 10.
MXFL301	#57	x1	T:drag and drop B table T:drag and drop B B a B a a B a B a a a B a a	fibLines 5	redWords 9	table 1	media 0	[Activity 8E – self-marking drag and drop] [Activity 8F – self-marking drag and drop] 10 a
MXFL302	#12	x1	T:drag and drop B I B I B I B I B I T:typing quiz B B I B I B I B I B I	fibLines 10	redWords 10	table 0	media 0	[Activity 2F – self-marking – drag and drop] 3n – 2 6n + 2 5n – 3 10n + 2 8n – 3 [Activity
MXFL302	#38	x1	T:drag and drop table T:dropdown B B a B a B a B a B a	fibLines 5	redWords 5	table 1	media 0	[Activity 6A – self-marking drag and drop] [Activity 6B – self-marking drop down quiz] 3/2
MXFL401	#8	x1	T:drag and drop I B B B I B I B a B a a a B a B a B T:typing quiz I I I I	fibLines 3	redWords 5	table 0	media 0	[Drag and drop] Note to the Developer: I want to have a drag and drop activity that looks 
MXFU301	#14	x1	T:drag and drop B a B a B a B a B a T:body T:accordion T:image	fibLines 5	redWords 5	table 0	media 1	[Activity 5A – self-marking, drag and drop] 14/36 10/36 5/36 2/36 24/36 [body] [accordion 
MXFU401	#5	x0	T:drag and drop I B a B a B B B I B B	fibLines 3	redWords 3	table 0	media 0	[Drag and drop] CS: Please make these big colourful square tiles: - ÷ (square root sign he
MXFUN03	#6	x0	T:drag and drop table T:image T:image I T:button T:button	fibLines 1	redWords 1	table 1	media 1	[Drag and drop] Can this please be recreated. Correct answers have been shown so will need
PHE1007	#12	x0	T:drag and drop B a a a B a B a a B a B a B a B a B a B a B a B B a B a a B a a I B a B a a	fibLines 15	redWords 22	table 0	media 0	[Drag and drop FIB] Dev – I think it’s probably best to keep the amount of words to select
PHE1008	#8	x0	T:drag and drop I B I B I B I B I B I B I B I B I B I B I B I I B I B I B I B I B I B I B I B I B I B I	fibLines 5	redWords 5	table 0	media 0	[drag and drop] either positive or negative ākong to create list of positive and negative 
TEDC401	#45	x1	T:drag and drop table B T:answer B a B a B a B a B a B a B I B a B I B a B I B a T:image T:speech bubble	fibLines 12	redWords 12	table 1	media 1	[Drag and drop (as a self-marking quiz)] [mix these up, correct answers in red next to arr
TEDC401	#72	x1	T:drag and drop table I I T:image T:speech bubble	fibLines 1	redWords 1	table 1	media 1	[drag and drop-matching, please mix them up Auto feedback when all five are matched correc
TEDC402	#30	x1	T:drag and drop T:body B T:drag and drop I B T:correct B B T:correct B T:correct T:data marker a table	fibLines 1	redWords 1	table 1	media 0	[drag and drop matching] [Body] [Space to drag and drop] Options to drag and drop [Correct
TEDC402	#86	x0	T:drag and drop T:body T:correct T:correct T:correct T:correct T:correct T:data marker a T:image I	fibLines 1	redWords 1	table 0	media 1	[drag and drop] [Body] Line chart [correct] Bar chart [correct] Pie chart [correct] Histog
TEDC402	#114	x0	T:drag and drop table I a a B B	fibLines 1	redWords 2	table 1	media 0	[radio quiz + drag and drop] [Auto feedback: ]
TEFUN02	#1	x0	T:drag and drop T:body I B B B B B B B B B B B B B B B B B B B T:body a a	fibLines 1	redWords 2	table 0	media 1	[Drop and Drag AutoCheck] [Body] [Developer, please use this for the content, with each he
TWHA906	#2	x0	T:drag and drop table T:button B a a a a	fibLines 1	redWords 4	table 1	media 0	[interactive activity] drag and drop DEV: ākonga will drag and drop 1x word or phrase to e
TWHA906	#24	x0	T:drag and drop B a B a B a B a B a B a B a B a T:button I	fibLines 8	redWords 8	table 0	media 0	[interactive activity] Drag and drop publishers. story. rejection reinventing dropped go-c
TWHK907	#1	x0	T:drag and drop B a B a B a B a B a B a B a B a B a B a T:button I	fibLines 10	redWords 10	table 0	media 0	[interactive activity] drag and drop DEV – ākonga will drag and drop words to complete the
WJFUN112	#3	x0	T:drag and drop T:body table B T:correct a B T:correct a B T:correct a B T:correct a B T:correct a B T:correct a B T:correct a B T:correct a	fibLines 9	redWords 9	table 1	media 0	[Drag and drop] [Body] [correct answer ] [correct answer ] [correct answer ] [correct answ
WJFUN115	#25	x0	T:drag and drop B T:correct a B T:correct a B T:correct a B T:correct a B T:correct a B T:correct a	fibLines 6	redWords 6	table 0	media 0	[drag and drop] [correct answer ] [correct answer ] [correct answer ] [correct answer ] [c
WJFUN116	#5	x1	T:drag and drop T:body T:format I B B B B B B B B T:correct a B T:correct a B T:correct a B T:correct a B T:correct a B T:correct a B T:corr	fibLines 7	redWords 7	table 0	media 0	[Drag and drop] [Auto check] [reset] [Body] [bold] [unbold] [correct answer ] [correct ans
WJFUN116	#15	x0	T:drag and drop T:body B B B B B T:correct a T:correct a T:correct a T:correct a T:correct a T:correct a T:correct a T:correct a T:image I B	fibLines 1	redWords 8	table 0	media 0	[Drag and drop] [auto check] [reset] [Body] [correct answer ] [correct answer ] [correct a
WJFUN205	#20	x0	T:drag and drop B B I T:correct B B B T:correct a B B B T:correct I B B B T:correct a B B B T:correct a T:button	fibLines 5	redWords 5	table 0	media 0	[Interactive: Drag and Drop] Options to drag: [Correct answer] [Correct answer: ] [Correct
XGF9004	#8	x1	T:drag and drop T:body B T:word select I T:image I T:drag and drop table	fibLines 1	redWords 1	table 1	media 1	[Insert drag and drop] [Body] [highlight text] [CS – not sure how this works, but are you 
XGF9004	#62	x1	T:drag and drop T:body I a B B table T:drag and drop B I B I B I B I B I B I	fibLines 1	redWords 1	table 1	media 0	[Interactive – Sorting drag and drop] [H3] [Body] [Hover: ] [Options for drag and drop wit
XMES202	#6	x0	T:drag and drop table a a table I	fibLines 1	redWords 1	table 1	media 1	[insert drag and drop] Categories [ ] Answers: Leaves = lettuce, seeds = walnut, beans, co
