[14:03:48] run_all_gates.sh
  rc=0
13:— selftest: DETECTION (an injected divergence must be flagged) —
16:  ✓ dynamic differ SEES a real option divergence (imageMode P vs D)
17:RESULT: PASS (entry parity holds)
23:pairs skipped (parse error): 0
87:STRUCTURALLY CLEAN pages (zero structural defects): 2585/2627 = 98.4%
91:  A_literal_tag_leak                         52 occ |   42 pages
94:  DTC1005     14  {'A_literal_tag_leak': 14}
95:  MUS1004      4  {'A_literal_tag_leak': 4}
96:  XGF9004      2  {'A_literal_tag_leak': 2}
97:  TRR116       2  {'A_literal_tag_leak': 2}
98:  MXFU302      2  {'A_literal_tag_leak': 2}
99:  HIS1005      2  {'A_literal_tag_leak': 2}
100:  ENGI102      2  {'A_literal_tag_leak': 2}
101:  CBI1008      2  {'A_literal_tag_leak': 2}
102:  BLL260       2  {'A_literal_tag_leak': 2}
103:  TRR304       1  {'A_literal_tag_leak': 1}
104:  TRR115       1  {'A_literal_tag_leak': 1}
105:  TRR106       1  {'A_literal_tag_leak': 1}
106:  TRR102       1  {'A_literal_tag_leak': 1}
107:  TEFUN07      1  {'A_literal_tag_leak': 1}
108:  SSFUN05      1  {'A_literal_tag_leak': 1}
109:  MXS1004      1  {'A_literal_tag_leak': 1}
110:  MXFUN01      1  {'A_literal_tag_leak': 1}
111:  MXEO301      1  {'A_literal_tag_leak': 1}
112:  MXDI201      1  {'A_literal_tag_leak': 1}
113:  HIS1006      1  {'A_literal_tag_leak': 1}
114:  HIS1001      1  {'A_literal_tag_leak': 1}
115:  ENGS404      1  {'A_literal_tag_leak': 1}
116:  ENGS302      1  {'A_literal_tag_leak': 1}
117:  ENFUN09      1  {'A_literal_tag_leak': 1}
118:  DAN1003      1  {'A_literal_tag_leak': 1}
121:  DTC1005_1_0.html             5  {'A_literal_tag_leak': 5}
122:  XGF9004_7_0.html             2  {'A_literal_tag_leak': 2}
123:  TRR116_9_0.html              2  {'A_literal_tag_leak': 2}
124:  ENGI102_0_0.html             2  {'A_literal_tag_leak': 2}
125:  DTC1005_16_0.html            2  {'A_literal_tag_leak': 2}
126:  DTC1005_13_0.html            2  {'A_literal_tag_leak': 2}
127:  BLL260_0_0.html              2  {'A_literal_tag_leak': 2}
128:  TRR304_2_0.html              1  {'A_literal_tag_leak': 1}
129:  TRR115_1_0.html              1  {'A_literal_tag_leak': 1}
[14:12:22] skeleton state (--json) + delta vs r526
  rc=0
OLD pairs 2486  SCAFFOLD 56.1010%  RAW 39.844%  >=50 1627  >=75 292  >=90 28
NEW pairs 2486  SCAFFOLD 56.1010%  RAW 39.844%  >=50 1627  >=75 292  >=90 28
delta SCAFFOLD +0.0000pp  RAW +0.000pp  >=50 +0  >=75 +0  >=90 +0
movers 0 (up 0 / down 0), pp-sum +0.0
movers outside the affected set: 0 []
new-only pages: 0  gone pages: 0
[14:14:55] gatecheck: cs bc FIRST (never trust a cached row), then skeleton defect
  rc=1
FULL-REGEN GATE VERDICT — live full corpus vs committed gate_baseline.json (round 526, build 260620.86)
  skeleton SCAFFOLD mean %                  56.10      55.75     -0.35  REGRESSED
  skeleton pages >=50%                       1627       1612       -15  REGRESSED
  skeleton pages >=75%                        292        285        -7  REGRESSED
  compare_structure exact chain             16830      16830         0  HELD
  compare_structure EXTRA container           204        204         0  HELD
  compare_structure missing container         879        879         0  HELD
  body_compare ANY breakdown                  234        234         0  HELD
  rc=0
[gatecheck] running skeleton (full corpus)…
[gatecheck] running defect (full corpus)…
FULL-REGEN GATE VERDICT — live full corpus vs committed gate_baseline.json (round 526, build 260620.86)
  skeleton SCAFFOLD mean %                  56.10      56.10     +0.00  HELD
  skeleton pages >=50%                       1627       1627         0  HELD
  skeleton pages >=75%                        292        292         0  HELD
  compare_structure exact chain             16830      16830         0  HELD
  compare_structure EXTRA container           204        204         0  HELD
  compare_structure missing container         879        879         0  HELD
  body_compare ANY breakdown                  234        234         0  HELD
[14:17:58] ship ledger: record-full (the backstop at what would have been scoped #8)
[ledger] recorded FULL ship (round 526); scoped-since counter reset to 0.
[ledger] last full ship: round 526 (2026-09-26T02:17:58Z); scoped ships since: 0 (cadence 8, hard 16)
  OK — a full-ship backstop is not yet due (8 scoped ship(s) of headroom).
[14:17:58] fast-loop baseline re-snapshot
  rc=0
  literal-[tag] leak (pages)                   42
  (context: sk_pages=2486  cs_matched=19603  body_pages=2627  df_total=2627  df_clean=2585)
[14:20:49] content manifest snapshot
  rc=0
[content-manifest] wrote 2673 pages / 543 modules -> /mnt/c/Users/Gavin/TeKura/FINAL_MODULE_DATA/CONVERTER_V2/outputs/_content_manifest.txt
[14:21:00] selftests
  rc=0  PASS/GREEN lines: 50  FAIL lines: 0
[14:22:28] feature index
  rc=0
SELFTEST build_feature_index: GREEN
[14:22:41] DIFF MINER (§1d — after every regeneration)
  miner rc=0
pairs 2486 / modules 530 / parse errors 0 / diff lines 270559 / classes 9431 (CANDIDATE 197, below floor 8940) in 88.6 s
wrote /mnt/c/Users/Gavin/TeKura/FINAL_MODULE_DATA/CONVERTER_V2/outputs/_diff_miner.json
wrote /mnt/c/Users/Gavin/TeKura/FINAL_MODULE_DATA/DIFF_QUEUE.md
[14:24:15] POSTSHIP_DONE
