AGH1001	1.0	1A → 1C
AGH1001	2.0	2A → 2B
AGH1001	3.0	3A → 3B
AGH1001	5.0	5A → 5B
AGH1007	4.0	2A → 4C
AGH1008	2.0	2A → 2C
AGH1008	3.0	2C → 3D
AGH1008	4.0	3A → 4B, 3B → 4E
AGH1008	5.0	3C → 5C, 5C → 5B
AGH1008	8.0	4C → 8C
AGH1009	3.0	3A → 3C
AGH1009	5.0	5A → 5B
AGH1009	6.0	6A → 6C, 6B → 6D
AGH1009	7.0	7A → 7B
AGH1009	8.0	8A → 8B
ANZH101	1.0	1C → 1D
ANZH101	3.0	4A → 3C
ANZH104	3.0	3A → 3B
ANZH105	2.0	2A → 2B
ANZH301	1.0	1A → 1C, 1B → 1F
ANZH301	2.0	2A → 2C, 2C → 2D
ANZH301	3.0	3A → 3B, 3B → 3F
ANZH301	4.0	4A → 4C, 4B → 4E
ANZH301	5.0	5A → 5C, 5B → 5D
ANZH301	6.0	6A → 6B, 6B → 6D
ANZH301	7.0	7A → 7D
ANZH301	8.0	8A → 8B
ANZH301	9.0	9A → 9C
ANZH302	1.0	1A → 1C, 1B → 1F
ANZH302	2.0	2A → 2C, 2C → 2D
ANZH302	3.0	3A → 3B, 3B → 3F
ANZH302	4.0	4A → 4C, 4B → 4E
ANZH302	5.0	5A → 5C, 5B → 5D
ANZH302	6.0	6A → 6B, 6B → 6D
ANZH302	7.0	7A → 7D
ANZH302	8.0	8A → 8B
ANZH302	9.0	9A → 9C
ANZH304	1.0	1B → 1C, 1C → 1D
ANZH304	3.0	3E → 3F, 3F → 3G, 3G → 3I
ANZH304	4.0	4A → 4B, 4B → 4C, 4C → 4D
ANZH401	1.0	1B → 1C
ANZH401	3.0	3A → 3B
BLL121	1.0	2D → 1D, 2E → 1F
BLL123	1.0	1C → 1D, 1D → 1E, 1E → 1F
BLL136	1.0	2A → 1F, 2B → 1G, 2C → 1H, 1F → 1I, 2E → 1J
BLL144	1.1	1C → 2C
BLL145	1.1	1C → 2C
BLL147	1.1	1G → 2G, 1C → 2C
BLL152	1.0	1E → 1F
BLL152	1.1	1E → 2E
BLL155	1.0	1B → 1C, 1C → 1D, 1D → 1E, 1E → 1F
BLL157	1.1	1G → 2G
BLL164	1.1	1B → 2B
BLL165	1.1	1H → 2H
BLL221	1.0	1C → 1D, 1D → 1E, 1E → 1F
BLL231	1.0	1C → 1D, 1D → 1E, 1E → 1F
BLL243	1.0	1B → 1C, 1C → 1D, 1D → 1E, 1E → 1F
BLL244	1.0	1C → 1D, 1D → 1E, 1E → 1F
BLL245	2.0	2D → 2E, 2E → 2F
BLL247	1.0	1C → 1D, 1D → 1E, 1E → 1F
BLL253	1.0	2B → 1B, 1C → 1D, 1D → 1E, 1E → 1G
BLL254	1.0	1C → 1D, 1D → 1E, 1E → 1F
BLL261	2.0	2F → 2D
BLL262	3.0	2F → 2G
BLL264	3.0	3E → 2E
BLL273	2.0	2E → 2F
BLL274	2.0	2E → 2F
BLL275	2.0	2E → 2F
CEDK501	3.0	2C → 2A
CEDK501	6.1	6C → 6D
CEDO502	4.0	4B → 4C
CEDT501	6.1	3A → 6A
CEDW501	3.0	3A → 3B, 3B → 3C, 3C → 3E, 101A → 3F, 3D → 3G, 3E → 3H, 3F → 3I
COM1006	5.0	5B → 5C
DAN1003	5.0	5A → 5B
ENGC101	2.0	2B → 2C, 2C → 2D, 2D → 2E
ENGC101	3.0	3B → 3C, 3C → 3F
ENGC101	5.0	5B → 5C, 5C → 5D
ENGC102	7.0	7C → 7D
ENGC201	5.0	5B → 5C
ENGC206	4.0	4C → 2C, 2C → 2D, 4E → 2E, 2D → 2F
ENGC206	5.0	5B → 3B, 3B → 3C, 3C → 3D, 3D → 3E, 3E → 3F, 3F → 3G
ENGC206	6.0	6B → 4B, 4B → 4C, 4C → 4D, 4D → 4E, 4E → 4F
ENGC403	2.0	2B → 2E
ENGI201	1.0	1A → 1C, 1B → 1D, 1B → 1E, 1C → 1F, 1C → 1G
ENGI201	2.0	2A → 2C, 2B → 2D, 2C → 2E
ENGI201	3.0	3A → 3B
ENGI400	2.0	3A → 2D
ENGI401	6.0	6B → 6C, 6C → 6D
ENGI401	7.0	7B → 7C, 7C → 7D
ENGI405	2.0	2B → 2C
ENGI405	4.1	4A → 4C
ENGJ102	4.0	4C → 4D
ENGJ201	4.0	5B → 4C
ENGJ402	2.0	2A → 2B
ENGR102	5.0	5C → 5D, 5D → 5E, 5E → 5F
ENGR301	3.0	3A → 3D, 3B → 3E
ENGS102	6.0	6D → 5D, 5D → 5E, 5E → 5F
ENGS302	2.0	1A → 2A, 2B → 2C, 2C → 2D
ENGS302	4.0	4B → 4C, 4C → 4D
ENGS302	6.0	6A → 7A, 6B → 7B, 6C → 7C, 7A → 7D, 7B → 7E, 7C → 7F, 7D → 7G, 7E → 7H, 7F → 7I
ENGS401	4.0	4A → 4B, 4B → 4C, 4C → 4D
ENGS404	4.0	6B → 6A
FRFUN06	1.0	3C → 1C, 1C → 1B, 4B → 1D
FRFUN06	2.0	5B → 2C
FRFUN07	4.0	4A → 4B
GENO901	2.0	2D → 2F
GENO901	3.4	3G → 3A
GENO901	5.1	5B → 5A
GENO901	5.2	5E → 5A
GEO1006	4.0	4B → 4A
HES1003	2.0	2B → 2C
HIS1002	2.0	2B → 2D
HIS1002	5.0	5B → 5C, 5C → 5D
HIS1003	1.0	1A → 1D, 1B → 1F, 1C → 1H
HIS1003	2.0	2A → 2E
HIS1003	3.0	3A → 3E, 3B → 3F
HIS1003	4.0	4A → 4F
HIS1003	5.0	5B → 5C
HIS1003	6.0	6A → 6D, 6B → 6E, 6C → 6F, 6D → 6G
HIS1003	7.0	7A → 7C, 7B → 7H
HIS1003	8.0	8A → 8E
HIS1003	9.0	9A → 9C
HIS1003	10.0	10A → 10B
HIS1004	1.0	1A → 1B
HIS1004	2.0	2A → 2C
HIS1004	3.0	3A → 3B, 3A → 3F, 3B → 3H
HIS1004	4.0	4B → 4D
HIS1004	5.0	5A → 5B, 5B → 5D, 5C → 5E
HIS1004	6.0	6A → 6C, 6B → 6F
HIS1004	7.0	7A → 7B, 7B → 7C, 7B → 7E, 7C → 7H, 7D → 7J
HIS1004	8.0	8A → 8E, 8B → 8F
HIS1004	9.0	9A → 9C, 9A → 9D, 9B → 9F, 9C → 9G, 9D → 9I
HIS1004	10.0	10A → 10B, 10B → 10C, 10C → 10D
HIS1005	1.0	1E → 1F
HIS1005	2.0	2A → 2B, 2B → 2D, 2C → 2G
HIS1005	4.0	4B → 4C, 4C → 4E, 4D → 4G
HIS1005	5.0	5C → 5D
HIS1005	6.1	6E → 6A, 6F → 6B
HIS1006	1.2	1E → 1A
HIS1006	5.0	5D → 4D
HIS1008	1.2	1E → 1A
HIS1008	5.0	5D → 4D
HPRE203	5.0	5D → 5E
HPRE203	6.0	6C → 6B
JPN1004	1.0	1A → 1B
JPN1004	4.0	4B → 4C
MXDB102	2.0	4B → 2B
MXDB102	3.0	2B → 3B
MXDB102	9.0	9B → 9C
MXDB102	10.0	10A → 4A
MXDB201	4.0	4A → 4B, 4B → 4C, 4C → 4D
MXDB202	1.0	1C → 1E, 1D → 1F
MXDB202	2.0	2C → 2D
MXDB202	4.0	4C → 4D, 4D → 4E
MXDI102	3.0	3C → 3D
MXDI103	6.0	6C → 6D, 6D → 6E
MXDI103	8.0	8C → 8E, 8D → 8F, 8E → 8G
MXDI201	3.0	3D → 3E, 3E → 3F
MXDI201	5.0	5D → 5C, 5F → 5G
MXDI201	6.0	6C → 6D, 6D → 6E, 6E → 6F, 6F → 6G, 6G → 6H
MXDI201	8.0	8E → 8F
MXDI202	2.0	3G → 2G, 2G → 2H
MXDI202	6.0	5D → 5E, 5E → 5F, 5F → 5G
MXDI202	7.0	7D → 6D
MXDI202	8.0	7D → 7E, 7E → 7F, 7F → 7G, 7G → 7H, 7H → 7I
MXEO301	4.0	4E → 4F
MXEO301	5.0	5B → 5C, 5C → 5D
MXEX302	1.0	1B → 1C
MXFL101	2.1	2H → 3H
MXFL101	3.0	3D → 4D
MXFL101	3.1	3H → 5H
MXFL101	3.2	3L → 6L
MXFL101	3.3	3P → 7P
MXFL101	3.4	3T → 8T
MXFL101	3.5	3X → 9X
MXFL102	3.0	3C → 4C
MXFL103	1.1	1A → 2A
MXFL104	3.0	3A → 3B, 3D → 3E
MXFL104	4.0	4B → 4D, 4C → 4G
MXFL201	4.0	4B → 4C, 4C → 4D, 4D → 4E, 4E → 4F, 4F → 4G
MXFL201	5.0	5A → 5B, 5B → 5C
MXFL202	1.0	1B → 1C, 1C → 1D
MXFL202	2.0	2E → 2F, 3B → 2H
MXFL202	5.0	5B → 5C, 5C → 5D, 5C → 5F, 5D → 5G
MXFL203	3.0	3B → 3C, 3C → 3E, 3D → 3G, 3E → 3I, 3F → 3J, 3G → 3K, 3H → 3M
MXFL203	5.0	5B → 5C, 5C → 5E
MXFL203	6.0	6B → 6C, 6C → 6D, 6D → 6F, 6E → 6G, 6F → 6I, 6G → 6J
MXFL203	7.0	7C → 7D, 7D → 7F
MXFL203	8.0	8B → 8C, 8C → 8E, 8D → 8F, 8E → 8G, 8E → 8H, 8G → 8J, 8H → 8L, 8I → 8M, 8J → 8N, 8K → 8O
MXFL203	10.0	10B → 10C, 10C → 10E, 10D → 10F, 10E → 10G, 10F → 10H, 10G → 10I, 10H → 10J, 10I → 10K, 10J → 10L, 10K → 10M
MXFL204	2.0	2C → 2D, 2D → 2E
MXFL204	3.0	3E → 3G
MXFL204	3.1	3K → 4K
MXFL204	7.0	7E → 7F
MXFL204	8.0	8B → 8C, 8C → 8E, 8D → 8F, 8E → 8G, 8F → 8J
MXFL204	9.0	9B → 9C, 9C → 9D, 9D → 9E, 9E → 9F, 9F → 9G
MXFL401	2.0	2B → 2C, 2C → 2D, 2D → 2E, 2E → 2F
MXFL401	4.0	4A → 4B, 4B → 4C, 4C → 4D
MXFL401	6.0	6C → 6D
MXFU201	1.0	1C → 1D, 1D → 1F, 1E → 1G, 1F → 1H, 1F → 1I, 1G → 1J, 1H → 1K, 1I → 1L, 1J → 1M, 1J → 1N
MXFU201	2.0	2A → 2B, 2A → 2C, 2B → 2D, 2C → 2E, 2D → 2F, 2D → 2G, 2E → 2H, 2F → 2I, 2F → 2J, 2G → 2K, 2H → 2L, 2I → 2M, 2I → 2N
MXFU201	3.0	3E → 3F
MXFU201	4.0	4B → 4C, 4C → 4D, 4D → 4E, 4E → 4F, 4F → 4G, 4G → 4H
MXFU201	6.0	6B → 6C, 6C → 6D, 6D → 6E, 6E → 6F, 6F → 6G, 6F → 6H, 6G → 6I, 6H → 6J
MXFU201	7.0	7C → 7D, 7D → 7E, 7E → 7F, 7F → 7G, 7G → 7H, 7H → 7I
MXFU202	2.0	2A → 2B, 2B → 2C, 2E → 2G, 2F → 2H
MXFU202	5.0	5G → 5H, 5H → 5I
MXFU202	6.0	6C → 6D, 6D → 6E, 6E → 6F, 6F → 6H
MXFU202	7.0	7F → 7B
MXFU202	8.0	8E → 8C
MXFU302	2.0	2A → 2D
MXFU302	6.0	6A → 6B, 6B → 6C, 1B → 6D
MXFU401	3.0	3A → 3B, 3B → 3C, 3C → 3D
OSAI301	3.0	3C → 3D
OSBY101	1.0	1B → 1C, 1C → 1D
OSBY201	3.0	3B → 3C, 3C → 3D
OSBY501	5.0	5B → 5C
OSGM101	2.0	3B → 2D
OSGM201	3.0	3B → 3C
OSGM401	4.0	4B → 4C
OSOH101	2.0	2D → 2E
OSOH201	1.0	1B → 1C, 1C → 1D
OSOH301	2.0	2A → 2B
PES1005	6.0	6B → 6C
PES1005	9.0	9A → 9B
PES1005	10.0	10B → 10C
PWY1001	1.3.0	1H → 1A
PWY1001	2.3.0	2E → 2A
SCBI301	6.0	6B → 6C
SCCH301	7.0	7C → 7D
SCES201	2.0	2B → 2C
SCES201	4.0	4A → 4B, 4A → 4C, 4B → 4D, 4B → 4E, 4C → 4F, 4C → 4G, 4D → 4H, 4D → 4I
SSFUN07	4.0	4D → 4A
SSOG301	4.0	5B → 4D
SSOG301	6.0	6C → 6D
TEDC401	3.0	3D → 3F, 3E → 3G, 3F → 3H, 3G → 3I
TEDC402	1.0	1D → 1C
TEDC402	4.0	4B → 4A, 4D → 4C
TEDC402	5.0	5B → 5A, 5E → 5C
XDLS501	1.0	2A → 1E, 2B → 1F, 2C → 1G
XDLS502	3.0	3A → 2A
XDLS901	1.0	1A → 1B, 1C → 1F
XDLS902	4.0	5C → 4C, 5F → 4F
XDLS902	5.0	1E → 5E, 1F → 5F
XDLS902	6.0	1E → 6E, 1F → 6F
XDLS902	7.0	7B → 1B
XDLS903	1.0	1C → 1D, 1D → 1F, 1E → 1H, 1F → 1J
XDLS904	4.0	5F → 4F
XDLS905	3.0	3A → 3F, 3F → 3G
XDLS908	3.0	3G → 3K, 3I → 3N
XDLS908	4.0	3D → 4E
XDLS908	5.0	5A → 5B, 5B → 5C, 5C → 5D
XDLS908	6.0	6A → 6B, 5B → 6C
XDLS908	8.0	4A → 8B
XDLS909	1.0	1A → 1B, 1B → 1C, 1C → 1D, 1D → 1E
XDLS912	2.0	2C → 2D, 2D → 2E
XFUN02	3.0	3B → 3C, 3C → 3D
XGF9001	2.0	2B → 2C, 2C → 2D
XGF9001	5.0	5D → 5E
XGF9001	6.0	6B → 6C, 6C → 6D, 6D → 6F
XGF9001	7.0	7B → 7C, 7C → 7D
XGF9001	8.0	1A → 8A
XGF9002	3.0	3B → 3C
XGF9002	5.0	5A → 3A, 3A → 3B, 3B → 3C
XGF9002	7.0	3A → 7C
XGF9002	8.0	3A → 8B
XGF9003	1.0	1H → 2H, 2H → 2I
XGF9003	1.3	1P → 5P
XGF9004	4.0	4B → 3B, 3B → 3C, 3C → 3D, 4E → 3E
XGF9004	5.0	5B → 4B, 4B → 4C, 4C → 4D
XGF9004	10.0	10C → 4C, 4C → 4D, 4D → 4E
XGF9004	12.0	6A → 6B, 6B → 6C, 6C → 6D, 6D → 6E
XGF9004	14.0	1A → 14A, 1B → 14D, 1C → 14G
XGF9004	15.0	15B → 2B, 2B → 2C, 2C → 2D, 15E → 2E
XGF9006	2.0	2B → 2C, 2C → 2D
XGF9006	4.0	4C → 4B
XGF9006	6.0	6C → 6D
XMES101	4.0	4D → 4E
XMES101	6.0	6C → 6D, 6D → 6E
XMES201	1.0	3F → 1F
XMES202	3.0	3F → 3G
XMES203	2.0	2B → 2C, 2C → 2D, 2D → 2E, 2E → 2F, 2F → 2G, 2G → 2H, 2H → 2I
XMES203	3.0	3H → 3C
XTAS102	2.0	2D → 2E, 2E → 2F, 2F → 2G, 2G → 2H, 2H → 2I, 2I → 2J, 2I → 2L
XTAS103	2.0	2C → 2D
XTAS103	3.0	3A → 3C
