WHAKA	AGH1001	AGH1001.03.html	black::Today, Māori still approach the land with a sense of respect and guard ‖ black::Where possible, it is customary to give back to the land in order to s	>>> black::Whatungarongaro te tangata, toitū te whenua “People disappear from sig [raw "Whatungarongaro te tangata, toitū te whenua “People disappe]	<<< tag:drag and drop:[interactive] Drag and drop onto above picture. Note: Red dots are dra
WHAKA	AGH1002	AGH1002.01.html	black::The connection Māori have to soil is shown in the Whakatauki below: ‖ tag:important:[Important] ⟶	>>> black::Te toto o tetangatahe kai, teorangao tetangata, he whenua, he oneone [raw "Te toto o tetangatahe kai, teorangao tetangata, he whenua, ]	<<< black::While food provides the blood in our veins, our health is drawn from t
WHAKA	AGH1005	AGH1005.01.html	tag:lesson content:[Lesson content] ⟶ ‖ tag:h2:[H2] ⟶ *Lesson 1: Exploring the Mauri Model and interrelationships bet	>>> tag:h4:[H4] “ ⟶ *Taiao ora, whenua ora, tāngata ora”* [raw " [H4] “ "]	<<< tag:body:[Body] ⟶ *Taiao ora, whenua ora, tāngata ora – healthy nature, healthy
WHAKA	AGH1008	AGH1008.01.html	black::In the context of farming, manaakitanga can be applied in a few differ ‖ tag:image:[Image with caption] ⟶	>>> black::Manaaki whenua, manaaki tangata, haere whakamua. Care for the land, ca [raw "Manaaki whenua, manaaki tangata, haere whakamua. Care for t]	<<< tag:activity:[Activity: Embedded – Brainstorm] ⟶
WHAKA	ANZH104	ANZH104_00.0.html	NOT FOUND	ka mua ka muri
WHAKA	ANZH105	ANZH105_00.0.html	black::We are going to explore where people come from, how life has changed o ‖ tag:video:[Video] ⟶ Tiki Taane: *No Place Like Home* (Tiki Taane: No Place Like 	>>> tag:alert:[Alert] ⟶ *Kō ngā tahu ā ō tapuwai inanahi, hei tauira mō āpōpō* [raw " [Alert] "]	<<< black::"The footsteps laid down by our ancestors create the paving stones upo
WHAKA	ANZH205	ANZH205_00.0.html	tag:body:[Body] ⟶ Te Tiriti o Waitangi was signed on 6 February 1840. On the 6t ‖ tag:video:[Video] ⟶ Hahana Kids: The big problem with the Treaty (Hahana Kids: T	>>> tag:alert:[Alert] ⟶ *E kore au e ngaro; he kākano i ruia mai i Rangiātea* [raw " [Alert] "]	<<< black::"Māori history is the foundational and continuous history of Aotearoa 
WHAKA	ANZH301	ANZH301_0.0.html	tag:video:[Video link] ⟶ Two friends ask: what does it mean to be urban Māori? ( ‖ tag:interactive:[Interactive] Please embed this video and clip to stop at 3.00 minutes	>>> black::**“Ka mate kāinga tahi, ka ora kāinga rua”** [raw "**“Ka mate kāinga tahi, ka ora kāinga rua”** "]	<<< black::This whakatauki highlights the resilience of Māori in traditional time
WHAKA	ANZH303	ANZH303_0.0.html	black::Mana is a very important part of Te Ao Māori (The Māori World). Māori  ‖ tag:video:[Video] ⟶ https://www.tiktok.com/@learnmaoriabroad/video/7194659009578	>>> black::**Ki te kotahi te kākaho, ka whati. Ki te kāpuia, e kore e whati.** [raw "**Ki te kotahi te kākaho, ka whati. Ki te kāpuia, e kore e ]	<<< black::When we stand alone, we are vulnerable. But together we are unbreakabl
WHAKA	ANZH304	ANZH304_0.0.html	NOT FOUND	pai tu pai hinga nawai ra ka
WHAKA	ANZH404	ANZH404_0.0.html	black::We will continue to develop their understanding of the ways in which M ‖ tag:whakatauki:[Whakatauki] ⟶	>>> black::**Kia kaha, kia māia, kia manawatu** [raw "**Kia kaha, kia māia, kia manawatu** "]	<<< black::Be strong, be brave, be steadfast.
WHAKA	ANZH404	ANZH404_2.0.html	NOT FOUND	kia rangatira te tu a te pat
WHAKA	BLLR201	BLLR201_0_0.html	tag:body:[body] ⟶ The sign says *Secret Library of Lost Worlds.* You love explo ‖ tag:data marker:[Audiovisual item 1] ⟶	>>> tag:body:[Body] ⟶ *Mā te kimi ka kite, mā te kite ka mōhio, mā te mōhio ka māra [raw " [Body] "]	<<< black::Seek and discover, discover and know, know and become enlightened.
WHAKA	CBI1004	CBI1004_0_0.html	tag:module introduction:[MODULE INTRODUCTION] ⟶ ‖ tag:alert:[alert] ⟶	>>> black::Mā te whakaaro nui e hanga te whare; mā te mātauranga e whakaū. [raw "Mā te whakaaro nui e hanga te whare; mā te mātauranga e wha]	<<< black::Big Ideas create the house; knowledge maintains it.
WHAKA	CBI1005	CBI1005_0_0.html	NOT FOUND	e kore au e ngaro he kakano 
WHAKA	CEDK401	CEDK401 Food Sustainability.html	tag:module introduction:[MODULE INTRODUCTION] ⟶ FOOD SUSTAINABILITY ‖ black::**Whakatauki**	>>> black::Hei kai kei aku ringa [raw "Hei kai kei aku ringa "]	<<< black::There is food at the end of my hands
WHAKA	CEDK501	CEDK501 Kia Mahitahi – Idea to Action.html	black::*3 credits* ‖ tag:module introduction:[MODULE INTRODUCTION] ⟶	>>> tag:whakatauki:[Whakatauki] ⟶ *Ehara taku toa i te toa takitahi, engari he toa takiti [raw " [Whakatauki] "]	<<< black::*My strength is not that of an individual but that of many.*
WHAKA	CEDO102	CEDO102_0.0.html	tag:page:[Page 1] ⟶ ‖ tag:h2:[H2] ⟶ Introduction	>>> tag:whakatauki:[Whakatauki] ⟶ Ko te wai te ora ngā mea katoa – Water is the life give [raw " [Whakatauki] "]	<<< tag:body:[Body] ⟶ Are you ready to dive deep into the mysterious world beneath 
WHAKA	CEDO105	CEDO105.0.0.html	black::This module involves moving around and making an obstacle course. To c ‖ tag:module introduction:[MODULE INTRODUCTION] ⟶	>>> tag:whakatauki:[Whakatauki] ⟶ Mauri tū, mauri ora An active soul is a healthy soul [raw " [Whakatauki] "]	<<< tag:h2:[H2] ⟶ Can robots move like people?
WHAKA	CEDO202	CEDO202_0.0.html	tag:image:[insert image] ⟶ ‖ black::https://www.istockphoto.com/photo/four-season-tree-photo-manipulation-	>>> black::‘Iti noa ana he pito mata’ - From the withered tree a flower blooms [raw "‘Iti noa ana he pito mata’ - From the withered tree a flowe]	<<< black::This whakataukī speaks to the idea of growth, cycles, seasons and rene
WHAKA	CEDO301	CEDO301_0.0.html	tag:title bar:[Introduction] ⟶ ‖ tag:h2:[H2] ⟶ Introduction	>>> tag:whakatauki:[whakatauki] ⟶ ”Whāia te mātaranga hei oranga mō koutou.” Seek knowled [raw " [whakatauki] "]	<<< tag:body:[Body] ⟶ Human wellbeing involves our spiritual, emotional, and physic
WHAKA	CEDO501	CEDO501_0.0.html	black::*2 credits* ‖ tag:module introduction:[MODULE INTRODUCTION] ⟶	>>> tag:whakatauki:[Whakatauki] ⟶ *Nāu te rourou, nāku te rourou, ka ora ai te iwi.* [raw " [Whakatauki] "]	<<< black::With your food basket and my food basket, the people will thrive.
WHAKA	CEDO502	CEDO502_0_0.html	tag::Start with a whakatauki ⟶ ‖ tag:module introduction:[MODULE INTRODUCTION] ⟶	>>> tag:whakatauki:[Whakatauki] ⟶ *He kai kei aku ringa.* [raw " [Whakatauki] "]	<<< black::There is food at the end of my hands.
WHAKA	CEDR101	CEDR101 Who's leading the game.html	tag:tab n:[Tab 1] ⟶ **Introduction** ‖ tag:h1:[H1] ⟶ **Introduction**	>>> tag:whakatauki:[Whakataukī] ⟶ Kia tū maia, kia tū pakari, engāri me pono ana te noho  [raw " [Whakataukī] "]	<<< black::Be brave, be strong, but always be humble in the world of sports.
WHAKA	CEDR203	CEDR203_0.0.html	tag:h2:[H2] ⟶ Introduction ‖ black::[Whakataukī]	>>> black::*Toitū te marae a Tāna-Mahuta, toitū te marae a Tangaroa, toitū te tan [raw "*Toitū te marae a Tāna-Mahuta, toitū te marae a Tangaroa, t]	<<< black::*If the land is well and the sea is well, the people will thrive.*
WHAKA	CEDR203	CEDR203_0.0.html	tag:h3:[H3] ⟶ Eco-leaders at Te Kura ‖ tag::Activity 5A ⟶	>>> tag:body:[Body – Introduction] ⟶ Ahakoa he iti he pounamu. [raw " [Body – Introduction] "]	<<< black::Although it is small it is a treasure.
WHAKA	CEDR204	CEDR204 STOMP.html	tag:heading:[Heading H1] ⟶ Introduction ‖ tag:body:[Body] Whakatauki ⟶	>>> black::Ko te reo o te taiao, ko te reo o te tangata. [raw "Ko te reo o te taiao, ko te reo o te tangata."]	<<< black::The voice of the environment is the voice of the people.
WHAKA	CEDR401	CEDR401 Leadership and Information.html	tag:tab n:[Tab 1] ⟶ **Introduction** ‖ tag:h1:[H1] ⟶ **Introduction**	>>> tag:whakatauki:[Whakataukī] ⟶ He maurea kai whiria! [raw " [Whakataukī] "]	<<< black::Ignore small matters and direct effort toward important projects.
WHAKA	CEDR501	CEDR501_0.0.html	black::• ‖ tag::Start with a whakatauki ⟶	>>> tag:whakatauki:[Whakataukī] ⟶ Ko to kai a te rangatira he kōrero. [raw " [Whakataukī] "]	<<< black::The food of chiefs is dialogue.
WHAKA	CEDT102	CEDT102.html	black::Takitahi ngā ‖ black::Whetū o te rangi	>>> black::Let each star in the sky shine its own light [raw "Let each star in the sky shine its own light"]	<<< tag:body:[Body] ⟶ In this module we are going to learn about diversity and what
WHAKA	CEDT104	CEDT104 Waiata In Motion.html	tag:body:[Body] ⟶ In this module ākonga will focus on exploring the interconnec ‖ tag:h3:[H3] ⟶ **Understand:**	>>> tag:body:[Body] ⟶ "Toi te kupu, toi te māna, toi te whenua" [raw " [Body] "]	<<< black::Big Idea + Whakataukī
WHAKA	CEDT207	CEDT207 Me, my selfie and I.html	tag:h2:[H2] ⟶ Introduction ‖ tag:important:[Important] ⟶	>>> black::*“Ehara taku toa i te toa takitahi engari he toa takitini.* [raw "*“Ehara taku toa i te toa takitahi engari he toa takitini.*]	<<< black::*I come not with my own strengths but bring with me the gifts, talents
WHAKA	CEDT208	CEDT208 Patterns Of The Pacific.html	NOT FOUND	ko toku tokiga e mau ai toku
WHAKA	CEDT301	CEDT301 My place and me.html	tag:h2:[H2] ⟶ Introduction ‖ tag:important:[Important] ⟶	>>> black::E kore au e ngaro; he kākano i ruia mai i Rangiātea. [raw "E kore au e ngaro; he kākano i ruia mai i Rangiātea. "]	<<< black::We know who we are and where we come from; therefore, we can move forw
WHAKA	CEDT404	CEDT404.html	tag:tab n:[Tab 6] ⟶ Inclusion matters ‖ tag:h2:[H2] ⟶ Introduction	>>> tag:important:[Important] ⟶ E koekoe te tūī, e ketekete te kākā, e kūkū te kererū. T [raw " [Important] "]	<<< tag:body:[Body] ⟶ Diversity is like having a big box of crayons with different 
WHAKA	CEDT501	CEDT501_0.0.html	tag:module introduction:[MODULE INTRODUCTION] ⟶ ‖ tag:important:[Important] ⟶ Imagine you want to speak up when something online doesn	>>> tag:whakatauki:[whakataukī] ⟶ *Kōrero mai, kōrero atu – mā te kōrero ka mōhio.* [raw " [whakataukī] "]	<<< black::*Speak to me, speak back – through dialogue comes understanding.*
WHAKA	CEDT501	CEDT501_1.0.html	tag:flip card:[Flipcards] ⟶ ‖ table::undefined ⟶	>>> tag:whakatauki:[Whakatauki] ⟶ He aroha whakatō, he aroha puta mai [raw " [Whakatauki] "]	<<< black::If kindness is sown, then kindness you shall receive.
WHAKA	CEDT501	CEDT501_8.0.html	black::• be mindful of who is in the group. ‖ tag:h2:[H2] ⟶ Different cultural contexts	>>> tag:whakatauki:[Whakatauki] ⟶ Ko te kai a te rangatira, he kōrero. The food of chiefs [raw " [Whakatauki] "]	<<< tag:h3:[H3] ⟶ Wānanga
WHAKA	CEDW101	CEDW101 Manaakitanga.html	tag:h2:[H2] ⟶ Introduction ‖ tag:whakatauki:[Whakatauki] ⟶	>>> black::He aroha whakatō, he aroha puta mai. [raw "He aroha whakatō, he aroha puta mai. "]	<<< black::If kindness is sown then kindness you shall receive.
WHAKA	CEDW201	CEDW201 The Language of Kindness and Caring.html	tag:tab n:[Tab 5] ⟶ Lego story ‖ tag:h2:[H2] ⟶ Introduction	>>> tag:whakatauki:[Whakatauki] ⟶ He aroha whakatō, he aroha puta mai. [raw " [Whakatauki] "]	<<< black::If kindness is sown then kindness you shall receive.
WHAKA	CEDW501	CEDW501_1.0.html	tag:h2:[H2] ⟶ Māori values ‖ tag:body:[body] ⟶ Tikanga is underpinned by Māori values. These values guide ho	>>> tag:whakatauki:[whakatauki] [Important] ⟶ **“Ko au te whenua, ko te whenua ko au.”**  [raw " [whakatauki] [Important] "]	<<< tag:body:[body] ⟶ The whakataukī **(**proverb) here shares the important connec
WHAKA	CEDW501	CEDW501_6.0.html	tag::Image: iStock: kea in flight: ⟶ https://www.istockphoto.com/photo/kea- ‖ tag:important:[Important] ⟶	>>> black::Mā te huruhuru ka rere te manu. *Adorn the bird with feathers so it ca [raw "Mā te huruhuru ka rere te manu. *Adorn the bird with feathe]	<<< black::This whakatauki is a reminder that just like a bird needs its feathers
WHAKA	CEDW501	CEDW501_0.0.html	NOT FOUND	he kakano ahau i ruia mai i 
WHAKA	CHI1003	CHI1003_0_0.html	NOT FOUND	maku e kii atu he tangata he
WHAKA	CHI1004	CHI1004_0_0.html	NOT FOUND	maku e kii atu he tangata he
WHAKA	CHI1005	CHI1005_0_0.html	NOT FOUND	he whare whawhao he whare ka
WHAKA	CHWHA	CHWHA_0_0.html	tag:h2:[H2] ⟶ **欢迎 Welcome to beginning Chinese** ‖ tag:whakatauki:[whakatauki] ⟶	>>> black::*Ko tōu reo, ko tōku reo, te tuakiri tangata.* [raw "*Ko tōu reo, ko tōku reo, te tuakiri tangata.*"]	<<< black::*Tihei uriuri, tihei nakonako.*
WHAKA	DAN1004	DAN1004_0_0.html	black::• Achievement Standard 91938 – 5 credits – Demonstrate understanding o ‖ tag:h1:[H1] ⟶ **Module Introduction**	>>> black::Ko wai te ora ngā mea katoa. [raw "Ko wai te ora ngā mea katoa."]	<<< black::Water is the life giver of all things.
WHAKA	ENG1004	ENG1004_0.0.html	black::Through critical analysis you will interpret and challenge texts. ‖ tag:whakatauki:[Whakatauki] ⟶	>>> black::*He* *iti te kupu, he nui te kōrero* [raw "*He* *iti te kupu, he nui te kōrero*"]	<<< black::Although the words seem small, there is a depth of meaning behind them
WHAKA	ENG1007	ENG1007_0.0.html	tag:sticky nav:[Sticky nav] ⟶ FUNdamentals, Sentence starters PDF from Merged 1, Devi ‖ tag:whakatauki:[Whakatauki] ⟶	>>> black::*Ko te reo me ōna tikanga te hā o te whakawhitiwhiti kōrero.* [raw "*Ko te reo me ōna tikanga te hā o te whakawhitiwhiti kōrero]	<<< black::Language and its rules are the essence of communication.
WHAKA	ENGC101	ENGC101_0.0.html	black::Welcome to our exciting online module all about how we talk and share  ‖ tag:video:[Video] ⟶ https://www.youtube.com/watch?v=Z8QxVUGCsoc	>>> black::**He waka eke noa.** [raw "**He waka eke noa.**"]	<<< black::This whakataukī translates to we are all in this together.
WHAKA	ENGC201	ENGC201_0.0.html	black::• ‖ tag::Insert brief introductory text. ⟶	>>> black::*Ko te reo me ōna tikanga te hā o te whakawhitiwhiti kōrero.* [raw "*Ko te reo me ōna tikanga te hā o te whakawhitiwhiti kōrero]	<<< black::*Language and its rules are the essence of communication.*
WHAKA	ENGC204	ENGC204_0_0.html	black::Through communication, we learn. ‖ black::Through doing, we understand.	>>> tag:body:[Body] ⟶ Instructions are all around us in our everyday lives. They he [raw " [Body] "]	<<< tag:video:[Video] ⟶
WHAKA	ENGC206	ENGC206_0_0.html	tag:lesson content:[Lesson content] ⟶ ‖ tag:h2:[H2] ⟶ *Introduction*	>>> tag:whakatauki:[Whakatauki] ⟶ Tino kai, tino ora te kōpū/He who has the produce of hi [raw " [Whakatauki] "]	<<< tag:video:[Insert video] ⟶ https://www.youtube.com/watch?v=9OquUp6x5IU
WHAKA	ENGC403	ENGC403_0_0.html	tag:module introduction:[MODULE INTRODUCTION] ⟶ ‖ tag::Whakataukī ⟶	>>> black::Ko Te reo me ōna tikanga te iho o te whakawhitiwhiti kōrero. [raw "Ko Te reo me ōna tikanga te iho o te whakawhitiwhiti kōrero]	<<< black::Language and its rules are the essence of communication.
WHAKA	ENGI102	ENGI102_0.0.html	tag:image:[image] A montage of traditional folk tale and Maori legend characters ‖ tag:body:[Body] ⟶ We will learn about traditional pūrākau (stories) from Aotear	>>> tag:quote:[Quote ⟶ ] Mā te reo, ka mōhio; mā te reo ka mārama; mā te reo ka ora. [raw " [Quote "]	<<< tag:body:[Body] ⟶ In this module you will listen to lots of traditional stories
WHAKA	ENGI400	ENGI400_0.0.html	tag:module introduction:[MODULE INTRODUCTION] ⟶ ‖ tag:h1:Landing page [H1] ⟶ Equipped to Explore	>>> tag::Whakatauki ⟶ Mā te huruhuru ka rere te manu [raw " Whakatauki "]	<<< black::With feathers the bird will fly
WHAKA	ENGI405	ENGI405_0.0.html	tag:module introduction:[MODULE INTRODUCTION] ⟶ ‖ tag::Whakataukī ⟶	>>> black::Ko Te reo me ōna tikanga te iho o te whakawhitiwhiti kōrero. [raw "Ko Te reo me ōna tikanga te iho o te whakawhitiwhiti kōrero]	<<< black::Language and its rules are the essence of communication.
WHAKA	ENGJ101	ENGJ101_0.0.html	tag:h1:[H1] ⟶ Imaginative Creatures ‖ tag:whakatauki:[Whakatauki] ⟶	>>> black::Ko pohewa, ko auaha ngā ara ki ao hou. [raw "Ko pohewa, ko auaha ngā ara ki ao hou."]	<<< black::Creativity and imagination transport us to new worlds.
WHAKA	ENGJ102	ENGJ102_0.0.html	NOT FOUND	whaia te matauranga hei oran
WHAKA	ENGJ402	ENGJ402_0.0.html	tag:speech bubble:[Thought bubble] ⟶ What could you say about your own country? What wor ‖ tag:image:[image] close up of basket with one person holding one handle and anot	>>> tag:format:[Italics] ⟶ Ko koe ki tēnā, ko ahau ki tēnei kīwai o te kete. [raw " [Italics] "]	<<< black::You take that handle of the kete and I'll take this one.
WHAKA	ENGJ403	ENGJ403_0.0.html	tag:module introduction:[MODULE INTRODUCTION] ⟶ ‖ tag:whakatauki:[whakatauki] ⟶	>>> black::Ko tā te pohewatanga me te auahatanga he whakatuwhera i ngā ao hou ki  [raw "Ko tā te pohewatanga me te auahatanga he whakatuwhera i ngā]	<<< black::Creativity and imagination transport us to new worlds.
WHAKA	ENGR102	ENGR102_00.0.html	tag::[Creative Services, please use the same font as in the BLL modules for ‖ tag:module introduction:[MODULE INTRODUCTION] ⟶	>>> tag:whakatauki:[Whakatauki] ⟶ He aroha whakatō, he aroha puta mai (If kindness is sow [raw " [Whakatauki] "]	<<< tag:body:[Body] ⟶ What does being a buddy or friend mean to you?
WHAKA	ENGR202	ENGR202_0.0.html	black::• use visual elements to share about myself or someone I know. ‖ tag:module introduction:[MODULE INTRODUCTION] ⟶	>>> tag:whakatauki:[Whakatauki] ⟶ Ko te manu e kai ana i te miro nōna te ngahere; ko te m [raw " [Whakatauki] "]	<<< black::*The forest belongs to the bird who feasts on the miro berry, the worl
WHAKA	ENGS101	ENGS101_0.0.html	black::• use myths to help me understand more about the world around me. ‖ tag:module introduction:[MODULE INTRODUCTION] ⟶	>>> black::Kia mau ki tō ūkaipō Don't forget your roots [raw "Kia mau ki tō ūkaipō\nDon't forget your roots"]	<<< black::Have you ever wondered how a story can change the way we see the world
WHAKA	ENGS404	ENGS404_0_0.html	tag:module introduction:[MODULE INTRODUCTION] ⟶ ‖ tag::Whakatauki ⟶	>>> black::Ko tā te pohewatanga me te auahatanga he whakatuwhera i ngā ao hou ki  [raw "Ko tā te pohewatanga me te auahatanga he whakatuwhera i ngā]	<<< black::Creativity and imagination transport us to new worlds.
WHAKA	ENGS405	ENGS405_0_0.html	tag:module introduction:[MODULE INTRODUCTION] ⟶ ‖ tag::Whakataukī ⟶	>>> black::Ka whakaaweawetia tātou e te mātauranga me te māramatanga. [raw "Ka whakaaweawetia tātou e te mātauranga me te māramatanga."]	<<< black::We are empowered through knowledge and understanding.
WHAKA	ENO2060	ENO2060_0_0.html	tag:module introduction:[MODULE INTRODUCTION] ⟶ ‖ tag:whakatauki:[Whakatauki] ⟶	>>> black::Mā te reo, ka mōhio; mā te reo ka mārama; mā te reo ka ora. [raw "Mā te reo, ka mōhio; mā te reo ka mārama; mā te reo ka ora.]	<<< black::Through language comes knowledge; through language comes insight; thro
WHAKA	EXBP901	EXBP901_0.1.html	tag:tab n:[New side tab] ⟶ Intro ‖ tag:whakatauki:[Introductory Whakatauki] ⟶	>>> black::**Mā te kimi ka kite, Mā te kite ka mōhio, Mā te mōhio ka mārama** [raw "**Mā te kimi ka kite, Mā te kite ka mōhio, Mā te mōhio ka m]	<<< black::**Seek and discover. Discover and know. Know and become enlightened.**
WHAKA	EXBP901	EXBP901_0.3.html	black::• I can carry out the stages involved in carrying out my project. ‖ black::• I can reflect on my learning at each stage of the project learning c	>>> tag:whakatauki:[Whakatauki] ⟶ **“Whāia e koe te iti kahurangi ki te tūohu koe, me he  [raw " [Whakatauki] "]	<<< black::Pursue excellence – should you stumble, let it be to a lofty mountain
WHAKA	EXBP901	EXBP901_0.4.html	tag:end carousel:[end banner] ⟶ ‖ tag:whakatauki:[whakatauki] ⟶	>>> black::*Ko te pae tawhiti whāia kia tata, ko te pae tata, whakamaua kia tina* [raw "*Ko te pae tawhiti whāia kia tata, ko te pae tata, whakamau]	<<< black::Seek out the distant horizons and then cherish those you attain.
WHAKA	EXBP901	EXBP901_0.0.html	NOT FOUND	kei o ringaringa te ao
WHAKA	EXBP901	EXBP901_0.2.html	NOT FOUND	ka pu te ruha ka hao te rang
WHAKA	EXIP901	EXIP901_0.0.html	tag::Splash Page - Intro ⟶ ‖ tag:h2:[H2] ⟶ Nau mai haere mai ki te Tuhara – Ngā Ngohe Aronga	>>> black::**He iti te mokoroa, nāna i kati te kahikatea** The mokoroa (grub) may [raw "**He iti te mokoroa, nāna i kati te kahikatea** The mokoroa]	<<< tag:image:[Image 1] ⟶ https://www.istockphoto.com/photo/think-bigger-street-sign
WHAKA	EXIP901	EXIP901_0.1.html	tag:tab n:[New side tab] ⟶ Intro ‖ tag:whakatauki:[Introductory Whakatauki] ⟶	>>> black::**Whāia te mātauranga hei oranga mō koutou** Seek after learning for t [raw "**Whāia te mātauranga hei oranga mō koutou** Seek after lea]	<<< black::This whakatauki refers to the importance of learning for it is key to 
WHAKA	EXIP901	EXIP901_0.4.html	tag:end carousel:[end banner] ⟶ ‖ tag:whakatauki:[whakatauki] ⟶	>>> black::*Ko te pae tawhiti whāia kia tata, ko te pae tata, whakamaua kia tina* [raw "*Ko te pae tawhiti whāia kia tata, ko te pae tata, whakamau]	<<< black::Seek out the distant horizons and then cherish those you attain.
WHAKA	EXIP901	EXIP901_0.3.html	NOT FOUND	whaia e koe te iti kahurangi
WHAKA	EXPFUN06	EXPFUN06_0.html	tag:tab n:[Tab 1] ⟶ ‖ tag:h2:[H2] ⟶ **Introduction**	>>> black::**"Ko te mātauranga te kākahu o te rangatira."** *"Knowledge is the ga [raw "**\"Ko te mātauranga te kākahu o te rangatira.\"**\n*\"Know]	<<< black::This whakataukī highlights that self-awareness and reflective learning
WHAKA	FRNO901	FRNO901_0_0.html	tag:h1:[Title] [H1] ⟶ **Bonjour et Bienvenue** *Your French journey begins he ‖ black::**Whakatauki**	>>> black::Ko tōku reo, tōku ohooho. [raw "Ko tōku reo, tōku ohooho. "]	<<< black::*My language is my awakening.*
WHAKA	FRNO901	FRNO901_0_0.html	black::*My language is my awakening.* ‖ black::**Proverbe français**	>>> black::Dis‑moi qui tu hantes, je te dirai qui tu es. [raw "Dis‑moi qui tu hantes, je te dirai qui tu es."]	<<< black::*Tell me who you spend time with, and I will tell you who you are.*
WHAKA	FRNO902	FRNO902_0_0.html	tag:whakatauki:[Whakatauki] ⟶ ‖ black::**Whakatauki**	>>> black::Whiria te tāngata. [raw "Whiria te tāngata. "]	<<< black::*Weave the people together.*
WHAKA	FRNO902	FRNO902_0_0.html	black::*Weave the people together.* ‖ black::**Proverbe français**	>>> black::La famille, c’est là où la vie commence et où l’amour ne finit jamais. [raw "La famille, c’est là où la vie commence et où l’amour ne fi]	<<< black::*Family is where life begins and love never ends.*
WHAKA	GENO901	GENO901_0_0.html	tag:whakatauki:[Whakatauki] ⟶ ‖ tag:body:[Body Text] ⟶	>>> black::Mā te kaiako, mā te tauira, Ka ako. [raw "Mā te kaiako, mā te tauira, Ka ako."]	<<< black::Through the teacher, through the student, learning will happen.
WHAKA	GEO1005	GEO1005_1_0.html	black::• Using GIS to create a map of the Canterbury Plains. ‖ tag::Insert link to Glossary: add to sticky nav ⟶ GLOSSARY GEO 2.docx	>>> black::Whakatauki/Proverb: “Ko ahau te taiao, ko te taiao, ko ahau” [raw " Whakatauki/Proverb: “Ko ahau te taiao, ko te taiao, ko aha]	<<< black::I am the environment, and the environment is me.
WHAKA	GEO1006	GEO1006_3_0.html	black::**Change:** Involves any alteration to the natural or cultural environ ‖ black::**Implications**: are real or potential effects, outcomes, changes, or	>>> tag:whakatauki:[Whakatauki ]: ⟶ “Manaaki whenua. Manaaki tangata. Haere whakamua.” [raw " [Whakatauki ]: "]	<<< black::“Care for the land. Care for the people. Go forward.”
WHAKA	GEWHA	GEWHA_0_0.html	tag:title bar:[TITLE BAR] ⟶ Begrüßung und Vorstellung | Welcome and Introduction | M ‖ tag:whakatauki:[Whakataukī] ⟶	>>> black::Ko tōu reo, ko tōku reo, te tuakiri tangata. [raw "Ko tōu reo, ko tōku reo, te tuakiri tangata."]	<<< black::Tihei uriuri, tihei nakonako.
WHAKA	HES1002	HES1002_3_0.html	NOT FOUND	o le tele o sulu e maua ai s
WHAKA	HES1003	HES1003_0.0.html	black::*5 credits* ‖ tag:module introduction:[MODULE INTRODUCTION] ⟶	>>> black::Whakatauki: *Ka mate kāinga tahi, ka ora kāinga rua.* [raw "Whakatauki: *Ka mate kāinga tahi, ka ora kāinga rua.* "]	<<< black::Historically, a more literal meaning was used when two houses or famil
WHAKA	HES1005	HES1005_1.0.html		>>> tag:whakatauki:[Whakatauki] ⟶ Te aroha ki te tangata [raw " [Whakatauki] "]	<<< tag:h4:[H4] ⟶ Care, respect and kindness towards others and ourselves
WHAKA	HES1005	HES1005_3.0.html	tag:h3:[H3] ⟶ Whanaungatanga	>>> tag:whakatauki:[Whakatauki] ⟶ Ki te kotahi te kākaho, ka whati; ki te kāpuia, e kore  [raw " [Whakatauki] "]	<<< tag:h4:[H4] ⟶ If a reed stands alone, it can be broken; if it is in a group, 
WHAKA	HES1005	HES1005_0.0.html	NOT FOUND	i orea te tuatara ka patu ki
WHAKA	HES1005	HES1005_4.0.html	NOT FOUND	toitu te marae a tane toitu 
WHAKA	HES1007	HES1007_0.0.html	black::5 credits ‖ tag:module introduction:[MODULE INTRODUCTION] ⟶	>>> tag:whakatauki:[Whakataukī] ⟶ Ehara taku toa i te toa takitahi, engari kē he toa taki [raw " [Whakataukī] "]	<<< black::My success should not be bestowed onto me alone, it was not individual
WHAKA	HIS1001	HIS1001-0.0.html	NOT FOUND	he moana tatou he moana waiw
WHAKA	HIS1002	HIS1002-10.0.html	tag:h3:[H3] Summary ⟶ ‖ black::You have completed your learning on this massive topic that stretches 	>>> black::Tō tātou mahi nui hoki e te honu manawa rahi. [raw "Tō tātou mahi nui hoki e te honu manawa rahi."]	<<< black::What an amazing feat, you are of great endurance.
WHAKA	HIS1004	HIS1004_0.0.html	tag:title bar:[TITLE BAR] ⟶ *Mana Tangata | People Power: The 1981 Springbok tour an	>>> tag:alert:[Alert box centre] ⟶ *Ko te pae tawhiti whāia kia tata, ko te pae tata [raw " [Alert box centre] "]	<<< black::*Seek out distant horizons and cherish those you attain.*
WHAKA	HIS1004	HIS1004_10.2.html	tag:interactive:[Interactive] Please embed this link. ⟶ ‖ tag:alert:[Alert box] ⟶ You can use a range of sources, that include several per	>>> tag:alert:[Alert box centre of page] ⟶ **Tama tū, tama ora, tama noho, tama mate [raw " [Alert box centre of page] "]	<<< tag:alert:[Alert box centre of page] ⟶ Well done on completing this module. Plea
WHAKA	HIS1005	HIS1005-0.0.html	tag:h1:[H1] ⟶ Ātete | Resist – Part A ‖ tag:whakatauki:[Whakatauki] ⟶	>>> black::Kaua e mate wheke mate ururoa [raw "Kaua e mate wheke mate ururoa "]	<<< black::Don't die like an octopus, die like a hammerhead shark
WHAKA	HIS1006	HIS1006-0.0.html	tag:h1:[H1] ⟶ **Mautohe | Protest – Part B** ‖ tag:whakatauki:[Whakataukī] ⟶	>>> black::Kaua e mate wheke mate ururoa [raw "Kaua e mate wheke mate ururoa "]	<<< black::Don't die like an octopus, die like a hammerhead shark
WHAKA	HIS1007	HIS1007-0.0.html	NOT FOUND	kia kaha kia maia kia manawa
WHAKA	HIS1008	HIS1008-0.0.html	tag:h1:[H1] HIS1008: Maranga Ake | Rise Up- Mautohe | Protest ⟶ ‖ tag:whakatauki:[Whakataukī] ⟶	>>> black::Kaua e mate wheke mate ururoa [raw "Kaua e mate wheke mate ururoa "]	<<< black::Don't die like an octopus, die like a hammerhead shark
WHAKA	HPRE203	HPRE203_0_0.html	black::• ‖ tag::Insert appropriate introductory video to pique student interest [max. 	>>> tag:whakatauki:[Whakatauki] ⟶ Ahakoa he iti kete, he iti nā te aroha. *It is the thou [raw " [Whakatauki] "]	<<< tag:body:[Body] ⟶ In this module you will build the knowledge, skills and confi
WHAKA	HPRE301	HPRE301-0.0.html	black::• ‖ tag::Insert appropriate introductory video to pique student interest [max. 	>>> tag:whakatauki:[Whakatauki] ⟶ Whāia te mātauranga hei oranga mō koutou [raw " [Whakatauki] "]	<<< black::Seek after learning for the sake of your wellbeing
WHAKA	JPFUN01	JPFUN01_0_0.html	table::undefined ⟶ ‖ tag:body:[Body] ⟶ Want to try some out for yourself?	>>> tag:whakatauki:[Whakatauki] ⟶ **Kāore te kumara e kōrero ana mo tōna ake reka.** [raw " [Whakatauki] "]	<<< black::The kumara does not brag about its own sweetness.
WHAKA	JPN1004	JPN1004_0_0.html	tag:body:[Body Text] ⟶ Life is not something we do alone, we are supported by w ‖ tag:important:[Alert/Important Box] ⟶ In Māori culture, there is a whakatauki (prove	>>> black::Mā te tuakana e tōtika te teina, mā te teina e tōtika te tuakana [raw "Mā te tuakana e tōtika te teina, mā te teina e tōtika te tu]	<<< black::Seek guidance from both young and old. The two will balance each other
WHAKA	JPN1004	JPN1004_10_0.html	NOT FOUND	ha ki roto ha ki waho kia ta
WHAKA	MUS1004	MUS1004_0_0.html	black::Watch carefully, listen with concentration, and read to understand the ‖ tag:h2:[H2] ⟶ **Whakatauki**	>>> tag:body:[Body text] ⟶ Ka hangaia, ka marama ahau. ‘I do and I understand’ [raw " [Body text] "]	<<< tag:h2:[H2] ⟶ **Introduction**
WHAKA	MXDB201	MXDB201_0.0.html	tag:module introduction:[MODULE INTRODUCTION] ⟶ ‖ tag:whakatauki:[Whakatauki] ⟶	>>> black::Nau te rourou, naku te rourou, ka ora te manuhiri. [raw "Nau te rourou, naku te rourou, ka ora te manuhiri."]	<<< black::With your food basket and my food basket, the people will thrive.
WHAKA	MXDB302	MXDB302_1.0.html	tag:title bar:[TITLE BAR] ⟶ *BACKYARD BLUEPRINT |* **Te whakamaheretanga ki te waiha ‖ tag:h1:[H1] ⟶ **Tirohanga Whānui | Overview**	>>> tag:h2:[H2] ⟶ **Understand:** **Whiria te kaha tūātinitini, whiria te kaha tū [raw " [H2] "]	<<< black::The world is full of patterns and structures that we use mathematics a
WHAKA	MXDI201	MXDI201_0.0.html	black::• ‖ tag::Start with a whakatauki ⟶	>>> black::He kai kei aku ringa [raw "He kai kei aku ringa"]	<<< black::There is food in my hands
WHAKA	MXDI202	MXDI202_0.0 proof 1.html	black::The Guinness book of records is well-known and updated with records ea ‖ tag:video:[embedded video] [item #1] ⟶ KIDS breaking world records! | Episode 1 	>>> tag:h3:[H3] ⟶ **Whāia te iti kahurangi ki te tūohu koe me he maunga teitei** [raw " [H3] "]	<<< black::*Seek the treasure you value most dearly: if you bow your head, let it
WHAKA	MXEO202	MXEO202_00.0.html	tag:module introduction:[MODULE INTRODUCTION] ⟶ ‖ tag:whakatauki:[Whakatauki] ⟶	>>> black::Whatungarongaro te tangata, toitū te whenua – As man disappears from s [raw "Whatungarongaro te tangata, toitū te whenua – As man disapp]	<<< tag:body:[Body] ⟶ Mosaics are artworks made by arranging basic shapes (triangle
WHAKA	MXEO301	MXEO301_0.0.html	tag::) ⟶ ‖ tag:body:[body] ⟶ Welcome, fearless treasure hunter! Somewhere hidden lies a pr	>>> black::Whāia te iti kahurangi ki te tūohu koe me he maunga teitei – Seek the  [raw "Whāia te iti kahurangi ki te tūohu koe me he maunga teitei ]	<<< tag:image:[Image] ⟶ https://media.istockphoto.com/id/1224090119/photo/old-paper-
WHAKA	MXEO301	MXEO301_8.0.html	NOT FOUND	whaia te matauranga hei oran
WHAKA	MXEX302	MXEX302_0.0.html	black::• relate conclusions back to the original question and suggest possibl ‖ tag:module introduction:[MODULE INTRODUCTION] ⟶	>>> tag:whakatauki:[Whakatauki] ⟶ Ko te manu e kai ana i te miro, nōna te ngahere. Ko te  [raw " [Whakatauki] "]	<<< black::The bird that partakes of the miro berry owns the forest. The bird tha
WHAKA	MXFL203	MXFL203_0.0.html	tag:video:[video][item#1] introduction video ⟶ Tens of thousands flock to Canter ‖ tag:h2:[h2] Whakatauki ⟶	>>> tag:body:[body] ⟶ Ko te pae tawhiti, whāia kia tata. Ko te pae tata, whakamaua  [raw " [body] "]	<<< -
WHAKA	MXFL204	MXFL204_0.0.html	black::• ‖ tag::Start with a whakatauki ⟶	>>> black::*Kia whakatōmuri te haere whakamua.* [raw "*Kia whakatōmuri te haere whakamua.*"]	<<< black::I walk backwards into the future with my eyes fixed on my past.
WHAKA	MXFU201	MXFU201_0.0.html	black::• ‖ tag::Start with a whakatauki ⟶	>>> black::He aha te kai ō te rangatira? He kōrero, he kōrero, he kōrero. What is [raw "He aha te kai ō te rangatira? He kōrero, he kōrero, he kōre]	<<< -
WHAKA	MXFU202	MXFU202_0.0.html	tag:video:[embedded video] ⟶ https://youtu.be/65gFQGDD1vA ‖ tag::(cut NZ highlights, as many sports as possible, 3 mins max) ⟶	>>> black::Whāia te iti kahurangi ki te tuohu koe me maunga teitei Pursue that wh [raw "Whāia te iti kahurangi ki te tuohu koe me maunga teitei\nPu]	<<< tag:image:[image] ⟶ https://www.istockphoto.com/photo/gold-silver-bronze-first-s
WHAKA	MXFU402	MXFU402_0.0.html	tag:module introduction:[MODULE INTRODUCTION] ⟶ ‖ tag::Start with a whakataukī ⟶	>>> black::*Ko te manu e kai ana i te miro, nōna te ngahere. Ko te manu e kai ana [raw "*Ko te manu e kai ana i te miro, nōna te ngahere. Ko te man]	<<< black::*The bird who feeds on miro has the forest.* *The bird who feeds on kn
WHAKA	MXS1004	MXS1004_0_0.html	tag:module introduction:[MODULE INTRODUCTION] ⟶ ‖ tag:body:[Body of text] ⟶ What is the study of Statistics? Statistics is the st	>>> tag:whakatauki:[whakatauki] ⟶ **Kei hopu tōu ringa ki te aka tāepa, engari kia mau ki [raw " [whakatauki] "]	<<< black::Statistics can be a superhero for the environment! They help us unders
WHAKA	OSAH301	OSAH301_0.0.html	tag:h2:[H2] ⟶ **Aromatawai | Assessment for Learning:** Complete the self-ass ‖ tag:module introduction:[MODULE INTRODUCTION] ⟶	>>> tag:whakatauki:[whakatauki]: ⟶ Whaiwhia te kete mātauranga hei oranga mō koutou | Fil [raw " [whakatauki]: "]	<<< tag:body:[body] ⟶ Have you ever heard the saying ‘knowledge is power’? Having t
WHAKA	OSAH401	OSAH401_0.0.html	black::[H2] **Aromatawai | Assessment for Learning:** Complete the self-asses ‖ tag:module introduction:[MODULE INTRODUCTION] ⟶	>>> tag:whakatauki:[whakatauki] ⟶ Whāia te mātauranga hei oranga mō koutou | Seek after l [raw " [whakatauki] "]	<<< tag:body:[body] ⟶ The saying above reminds us that being informed and armed wit
WHAKA	OSAH501	OSAH501-00.html	tag:h2:[H2] ⟶ **Aromatawai | Assessment for Learning:** Complete the self-ass ‖ tag:module introduction:[MODULE INTRODUCTION] ⟶	>>> tag:whakatauki:[whakatauki]: ⟶ Mā te whakarongo, ka mōhio, mā te mōhio, ka mārama, mā [raw " [whakatauki]: "]	<<< tag:body:[body] ⟶ As people navigate online spaces, they are constantly exposed
WHAKA	OSAI101	OSAI101-00.html	black::• OSOH101 Online@Home ‖ tag:module introduction:[MODULE INTRODUCTION] ⟶	>>> tag:whakatauki:[whakatauki] ⟶ Mā te huruhuru ka rere te manu | *Adorn the bird with f [raw " [whakatauki] "]	<<< tag:body:[body] ⟶ This whakataukī means that people need the right tools to rea
WHAKA	OSAI201	OSAI201-00.html	black::• OSOH201 Online@Home ‖ tag:module introduction:[MODULE INTRODUCTION] ⟶	>>> tag:whakatauki:[whakatauki] ⟶ He rau ringa e oti ai | Many hands make light work [raw " [whakatauki] "]	<<< tag:body:[body] ⟶ This whakataukī means that having help from others and workin
WHAKA	OSAI301	OSAI301-00.html	black::• *Health* ‖ tag:module introduction:[MODULE INTRODUCTION] ⟶	>>> tag:whakatauki:[whakatauki] ⟶ Mā te huruhuru ka rere te manu. | *Adorn the bird with  [raw " [whakatauki] "]	<<< tag:body:[body] ⟶ This whakataukī means that people need the right tools and re
WHAKA	OSAI401	OSAI401-00.html	black::• *OSSM401 Social Media* ‖ tag:module introduction:[MODULE INTRODUCTION] ⟶	>>> tag:whakatauki:[whakatauki] ⟶ Mā mahi ka ora | *Through hard work you will prosper.* [raw " [whakatauki] "]	<<< tag:body:[body] ⟶ Learning is hard work. It requires diligence, resilience and 
WHAKA	OSAI501	OSAI501-00.html	black::• *OSSM501 Social Media* ‖ tag:module introduction:[MODULE INTRODUCTION] ⟶	>>> tag:whakatauki:[whakatauki] ⟶ Kohikohi ngā kākano, whakaritea te pārekereke, kia puāw [raw " [whakatauki] "]	<<< tag:body:[body] ⟶ Knowledge is like planting seeds. To help those seeds grow st
WHAKA	OSBY101	OSBY101-00.html	black::• *Te Ara Whakapuawai* ‖ tag:module introduction:[MODULE INTRODUCTION] ⟶	>>> tag:whakatauki:[whakatauki] ⟶ Manaaki te katoa | Be kind to all [raw " [whakatauki] "]	<<< tag:body:[body] ⟶ This whakatauki or Māori saying, reminds us to treat others w
WHAKA	OSBY201	OSBY201-00.html	black::• *OSAI201 AI Digital Citizenship.* ‖ tag:module introduction:[MODULE INTRODUCTION] ⟶	>>> tag:whakatauki:[whakataukī] ⟶ He taonga rongonui te aroha ki te tangata | *Goodwill t [raw " [whakataukī] "]	<<< tag:body:[body] ⟶ The Māori word for treasure is taonga. Having a full and happ
WHAKA	OSBY301	OSBY301-00.html	black::It may take more or less time, depending on what you know and can do a ‖ tag:module introduction:[MODULE INTRODUCTION] ⟶	>>> tag:whakatauki:[whakatauki] ⟶ Ka mahi te tawa uho ki te riri |*Well done, you whose c [raw " [whakatauki] "]	<<< tag:body:[body] ⟶ Everyone has the basic human right to feel safe, especially i
WHAKA	OSBY401	OSBY401_0.0.html	black::It may take more or less time, depending on what you know and can do a ‖ tag:module introduction:[MODULE INTRODUCTION] ⟶	>>> tag:whakatauki:[whakatauki] ⟶ He taonga rongonui te aroha ki te tangata. | Goodwill t [raw " [whakatauki] "]	<<< tag:body:[body] ⟶ Everyone has the basic human right to feel safe, especially i
WHAKA	OSBY501	OSBY501-00.html	black::• *OSAI501 Digital Citizenship* ‖ tag:module introduction:[MODULE INTRODUCTION] ⟶	>>> tag:whakatauki:[whakatauki] ⟶ Waiho i te toipoto, kaua i te toiroa | Let us keep clos [raw " [whakatauki] "]	<<< tag:body:[body] ⟶ In today’s digital world, our lives are increasingly connecte
WHAKA	OSGM101	OSGM101_0.0.html	black::• *OSAI101 AI Digital Citizenship* ‖ tag:module introduction:[MODULE INTRODUCTION] ⟶	>>> tag:whakatauki:[whakataukī] ⟶ He aha te mea nui o te ao? He tāngata, he tāngata, he t [raw " [whakataukī] "]	<<< black::What is the most important thing in the world? It is people, it is peo
WHAKA	OSGM201	OSGM201_0.0.html	black::• *Te Kura Welcome Module.* ‖ tag:module introduction:[MODULE INTRODUCTION] ⟶	>>> tag:whakatauki:[whakataukī] ⟶ He aroha whakatō, he aroha puta mai | If kindness is sh [raw " [whakataukī] "]	<<< tag:body:[body] ⟶ Playing any type of game – be it a sport, board or online gam
WHAKA	OSGM301	OSGM301-00.html	tag:h2:[H2] ⟶ **Aromatawai | Assessment for Learning:** Complete the self-ass ‖ tag:module introduction:[MODULE INTRODUCTION] ⟶	>>> tag:whakatauki:[whakatauki] ⟶ He rangi tā matawhāiti, he rangi tā matawhānui | Narrow [raw " [whakatauki] "]	<<< tag:body:[Body] ⟶ Gaming is a popular activity enjoyed by people of all ages. I
WHAKA	OSGM401	OSGM401-00.html	tag:h2:[H2] ⟶ **Aromatawai | Assessment for Learning:** complete the self-ass ‖ tag:module introduction:[MODULE INTRODUCTION] ⟶	>>> tag:whakatauki:[whakatauki] ⟶ Titiro whakamuri, kōkiri whakamua | Look backwards whil [raw " [whakatauki] "]	<<< tag:body:[Body] ⟶ Gaming is a popular activity enjoyed by people of all ages. I
WHAKA	OSGM501	OSGM501-00.html	tag:h2:[H2] ⟶ **Aromatawai | Assessment for Learning:** Complete the self-ass ‖ tag:module introduction:[MODULE INTRODUCTION] ⟶	>>> tag:whakatauki:[whakatauki] ⟶ He iti hōpua wai ka hē te manawa | Even a small pool of [raw " [whakatauki] "]	<<< tag:body:[Body] ⟶ Gaming is a popular activity enjoyed by people of all ages. I
WHAKA	OSOH101	OSOH101_0.0.html	tag:h2:[H2] ⟶ **Aromatawai | Assessment for Learning:** Complete the self-ass ‖ tag:module introduction:[MODULE INTRODUCTION] ⟶	>>> tag:whakatauki:[whakatauki] ⟶ He mahi te ataa noho, e kī ana te wheke | *It is the oc [raw " [whakatauki] "]	<<< tag:body:[body] ⟶ This saying or whakataukī is often used to remind us not to b
WHAKA	OSOH201	OSOH201_0.0.html	black::Complete the self-assessment quiz at the end of the module. ‖ tag:module introduction:[MODULE INTRODUCTION] ⟶	>>> tag:whakatauki:[whakatauki] ⟶ He manako te kōura i kore ai | *Wishing for the crayfis [raw " [whakatauki] "]	<<< tag:body:[body] ⟶ Read the whakataukī or saying above. What do you think it mea
WHAKA	OSOH301	OSOH301.0.0.html	tag:h2:[H2] ⟶ **Aromatawai | Assessment for Learning :** Complete the self-as ‖ tag:module introduction:[MODULE INTRODUCTION] ⟶	>>> tag:whakatauki:[whakatauki] ⟶ Tē tōia, tē haumatia | Nothing can be achieved without  [raw " [whakatauki] "]	<<< tag:body:[body] ⟶ This module will help you learn how to stay safe, respectful,
WHAKA	OSOH401	OSOH401.0.0.html	tag:h2:[H2] ⟶ **Aromatawai | Assessment for Learning:** Complete the self-ass ‖ tag:module introduction:[MODULE INTRODUCTION] ⟶	>>> tag:whakatauki:[whakatauki] ⟶ Tē tōia, tē haumatia | Nothing can be achieved without  [raw " [whakatauki] "]	<<< tag:body:[body] ⟶ This module will help you learn how to stay safe, respectful,
WHAKA	OSOH501	OSOH501-00.html	tag:h2:[H2] ⟶ **Aromatawai | Assessment for Learning :** Complete the self-as ‖ tag:module introduction:[MODULE INTRODUCTION] ⟶	>>> tag:whakatauki:[whakatauki] ⟶ He iti te mokoroa, nāna i kati te kahikatea | The mokor [raw " [whakatauki] "]	<<< tag:body:[body] ⟶ Learning online offers flexibility and opportunities, but it 
WHAKA	OSSC301	OSSC301_0_0.html	black::• *Digital Technology* ‖ tag:module introduction:[MODULE INTRODUCTION] ⟶	>>> tag:whakatauki:[whakataukī] ⟶ E kore te pātiki e hoki ki tōna pūehu | The flounder do [raw " [whakataukī] "]	<<< tag:body:[body] ⟶ This whakataukī is about not feeling bad about your mistakes 
WHAKA	OSSC401	OSSC401_0_0.html	black::• OSAI401 AI Digital Citizenship ‖ tag:module introduction:[MODULE INTRODUCTION] ⟶	>>> tag:whakatauki:[whakatauki] ⟶ E kore e mau, he kiore ka umangatia, ka pā i te whana o [raw " [whakatauki] "]	<<< tag:body:[body] ⟶ This **whakataukī** (proverb) implies that experienced or kno
WHAKA	OSSC501	OSSC501_0_0.html	black::• OSSM501 Social Media ‖ tag:module introduction:[MODULE INTRODUCTION] ⟶	>>> tag:whakatauki:[whakatauki] ⟶ He taonga nui te tūpato | Caution is highly prized. [raw " [whakatauki] "]	<<< tag:body:[body] ⟶ Scams are deliberate tricks designed to steal your personal i
WHAKA	OSSM301	OSSM301-00.html	black::• *Social Studies.* ‖ tag:module introduction:[MODULE INTRODUCTION] ⟶	>>> tag:whakatauki:[whakatauki] ⟶ **Ka pū te ruha, ka hao te rangatahi |** *As an old net [raw " [whakatauki] "]	<<< black::**Meaning:** *It is important for the wisdom of the elders to add to t
WHAKA	OSSM401	OSSM401_0_0.html	black::• OSAI401 AI Digital Citizenship ‖ tag:module introduction:[MODULE INTRODUCTION] ⟶	>>> tag:whakatauki:[whakataukī] ⟶ He aha te mea nui o te ao? He tangata, he tangata, he t [raw " [whakataukī] "]	<<< tag:body:[body] ⟶ This whakataukī is widely used on social media to promote com
WHAKA	OSSM501	OSSM501_0.0.html	black::• *OSAI501 AI Digital Citizenship.* ‖ tag:module introduction:[MODULE INTRODUCTION] ⟶	>>> tag:whakatauki:[whakatauki] ⟶ **He aha te mea nui o te ao? Māku e kii atu, he tāngata [raw " [whakatauki] "]	<<< tag:body:[body] ⟶ Social media connects us to friends, whānau, and communities,
WHAKA	PES1001	PES1001_0.0.html	NOT FOUND	ko ahau te taiao ko te taiao
WHAKA	PES1002	PES1002_5.0.html	black::• *making observations of the effects of climate change* ‖ black::• *describing actions that different groups can take to reduce or adap	>>> tag:h2:[H2] ⟶ **Ehara taku toa I te toa takitahi, engari he toa takitini****M [raw " [H2] "]	<<< tag:body:[body] ⟶ The world’s use of fossil fuels is increasing the amounts of 
WHAKA	PHE1001	PHE1001_0.0.html	NOT FOUND	mauri tu mauri ora
WHAKA	PHE1003	PHE1003_0.0.html	NOT FOUND	ki te kotahi te kakaho ka wh
WHAKA	PHE1004	PHE1004_0.0.html	NOT FOUND	ki te kotahi te kakaho ka wh
WHAKA	PHE1005	PHE1005_0.0.html	black::[insert image 20] ‖ black::Whakataukī	>>> black::Tama tū, tama ora; tama noho, tama mate. [raw "Tama tū, tama ora; tama noho, tama mate."]	<<< black::He who stands, lives, he who does nothing, perishes.
WHAKA	PHE1006	PHE1006_0.0.html	tag:body:[body] ⟶ In this module you will look at how the movement activities w ‖ black::You will also start to gather evidence for a portfolio required for th	>>> tag:body:[body] ⟶ Whakatauki: Tama tū, tama ora; tama noho, tama mate. He who s [raw " [body] "]	<<< tag:image:[insert item 1] video of Mr Bean sitting an exam ⟶
WHAKA	PHE1007	PHE1007_0.0.html	tag:module introduction:[MODULE INTRODUCTION] ⟶ ‖ black::Whakataukī:	>>> black::E koekoe te tūī, e ketekete te kākā, e kūkū te kererū. [raw "E koekoe te tūī, e ketekete te kākā, e kūkū te kererū. "]	<<< black::The tui squawks, the kākā chatters, the kererū coos.
WHAKA	PHE1007	PHE1007_1.0.html	tag:h2:[H2] ⟶ The body is tapu ‖ tag:image:[Insert media item 48] ⟶	>>> tag:body:[Body] ⟶ *Tuku iho, he tapu te upoko.* [raw " [Body] "]	<<< black::From our ancestors, the head is sacred
WHAKA	PHE1008	PHE1008_0.0.html	NOT FOUND	e koekoe te tui e ketekete t
WHAKA	PMT101	PMT101_1_0.html	NOT FOUND	na te whakapapa ka noho whan
WHAKA	PNR101	PNR101_1_0.html	NOT FOUND	haere whakaparirau i a koe h
WHAKA	PNR102	PNR102_1_0.html	NOT FOUND	haere whakaparirau i a koe h
WHAKA	PNR104	PNR104_1_0.html	NOT FOUND	haere whakaparirau i a koe h
WHAKA	PNR107	PNR107_0_0.html	NOT FOUND	haere whakaparirau i a koe h
WHAKA	PWY1001	PWY1001_0_0.html	tag:image:[Image]: iStock: ⟶ https://www.istockphoto.com/photo/new-zealand-maori ‖ tag::] ⟶	>>> black::He taonga rongonui te aroha ki te tangata. [raw "He taonga rongonui te aroha ki te tangata."]	<<< black::Goodwill toward others is a precious treasure.
WHAKA	PWY1002	PWY1002_0_0.html	table::undefined ⟶ ‖ tag:module introduction:[MODULE INTRODUCTION] ⟶	>>> tag:whakatauki:[Whakatauki] ⟶ Mā whero, mā pango, ka oti ai te mahi. [raw " [Whakatauki] "]	<<< black::*With red and black, the work will be done.*
WHAKA	PWY1007	PWY1007_0_0.html	table::undefined ⟶ ‖ tag:module introduction:[MODULE INTRODUCTION] ⟶	>>> tag:whakatauki:[Whakatauki] ⟶ **He taonga nui te tūpato:** *Caution is highly prized* [raw " [Whakatauki] "]	<<< tag:h3:[H3] ⟶ Nau mai, haere mai
WHAKA	PWY1008	PWY1008_0_0.html	table::undefined ⟶ ‖ tag:module introduction:[MODULE INTRODUCTION] ⟶	>>> tag:whakatauki:[Whakatauki] ⟶ **Tūwhitia te hopo, mairangatia te angitū** [raw " [Whakatauki] "]	<<< black::*Cast out fear, elevate success*
WHAKA	PWY1009	PWY1009_0_0.html	table::undefined ⟶ ‖ tag:module introduction:[MODULE INTRODUCTION] ⟶	>>> tag:whakatauki:[Whakatauki] ⟶ He waka eke noa. | *We are all in this canoe together* [raw " [Whakatauki] "]	<<< tag:h3:[H3] ⟶ Nau mai, haere mai.
WHAKA	PWYWHA1	PWYWHA1_0_0.html	tag:whakatauki:[Whakatauki] ⟶ ‖ tag::Image: iStock: fishing pole and net on the ocean: ⟶ https://www.istock	>>> black::Ka pū te ruha, ka hao te rangatahi. [raw "Ka pū te ruha, ka hao te rangatahi."]	<<< black::*As the old net is cast aside, the new net goes fishing.*
WHAKA	SCBI301	SCBI301_0_0.html	tag::Insert appropriate introductory video to pique student interest [max.  ‖ tag:whakatauki:[Whakatauki] ⟶	>>> black::Mā te whakaaro nui e hanga te whare; mā te mātauranga e whakaū. [raw "Mā te whakaaro nui e hanga te whare; mā te mātauranga e wha]	<<< black::By great thought the house is built; by knowledge it is made firm.
WHAKA	SCCH301	SCCH301_0_0.html	tag::CS: If content is too large, please put the “Learning Intentions” and  ‖ tag:module introduction:[MODULE INTRODUCTION] ⟶	>>> tag:whakatauki:[Whakatauki] ⟶ Mā te whakaaro nui e hanga te whare; mā te mātauranga e [raw " [Whakatauki] "]	<<< black::By great thought the house is built; by knowledge it is made firm.
WHAKA	SCES201	SCES201_0_0.html	tag::CS: If content is too large, please put the “Learning Intentions” and  ‖ tag:module introduction:[MODULE INTRODUCTION] ⟶	>>> tag:whakatauki:[Whakatauki] ⟶ E tū matariki ke te tahatū o te rangi ka mua, ka muri.  [raw " [Whakatauki] "]	<<< tag:body:[Body] ⟶ For a long time, people have looked up at the night sky and w
WHAKA	SCPH301	SCPH301_0_0.html	black::• ‖ tag::Insert appropriate introductory video to pique student interest [max. 	>>> tag:whakatauki:[Whakatauki] ⟶ Mā te whakaaro nui e hanga te whare; mā te mātauranga e [raw " [Whakatauki] "]	<<< black::By great thought the house is built; by knowledge it is made firm.
WHAKA	SPA1004	SPA1004_0_0.html	NOT FOUND	e rere te huata kapohia
WHAKA	SSCI104	SSCI104-0.0.html	tag:module introduction:[MODULE INTRODUCTION] ⟶ ‖ tag::[SSCITimeline] ⟶	>>> tag:whakatauki:[Whakatauki] ⟶ Kia whakatōmuri te haere whakamua. [raw " [Whakatauki] "]	<<< tag::Translation: ⟶ I walk backwards into the future with my eyes fixed on 
WHAKA	SSCI205	SSCI205_0_0.html	tag::Overview section is the same throughout the module ⟶ ‖ tag:module introduction:[MODULE INTRODUCTION] ⟶	>>> tag:whakatauki:[Whakatauki] ⟶ Whaowhia te kete mātauranga Fill the basket of knowledg [raw " [Whakatauki] "]	<<< tag:body:[Body] ⟶ Welcome, time traveller!
WHAKA	SSEA203	SSEA203-0.0.html	tag:module introduction:[MODULE INTRODUCTION] ⟶ ‖ tag:whakatauki:[Whakatauki] ⟶	>>> black::**Nāu te rourou, nāku te rourou, ka ora ai te iwi.** [raw "**Nāu te rourou, nāku te rourou, ka ora ai te iwi.**"]	<<< black::*With your food basket and my food basket, the people will thrive.*
WHAKA	SSFUN01	SSFUN01.html	tag:h1:[H1] ⟶ Social Action | Mahinga Pāpori ‖ black::[Highlight text for whakataukī]	>>> black::*Ehara tāku toa it te toa takitahi, engari he toa takitini.* [raw "*Ehara tāku toa it te toa takitahi, engari he toa takitini.]	<<< black::*My success is not the work of an individual, but the work of many.*
WHAKA	SSOG101	SSOG101_0.0.html	tag:body:[Body] ⟶ In your neighbourhood, when you need some help, there are lot ‖ tag:video:[Video] ⟶ Helpers in the community song Crop (0.03-1:55)	>>> tag:alert:[Alert] ⟶ *Ehara taku toa i te toa takitahi, engari kē he toa takitini [raw " [Alert] "]	<<< black::"My strength is not that of one but of many”
WHAKA	SSOG103	SSOG103_0.0.html	tag::Insert appropriate introductory video to pique student interest [max.  ‖ tag:whakatauki:[Whakatauki] ⟶	>>> black::Nāu te rourou, nāku te rourou, ka ora ai te iwi. [raw "Nāu te rourou, nāku te rourou, ka ora ai te iwi."]	<<< black::With your basket and my basket, the people will thrive.
WHAKA	SSOG105	SSOG105_0.0.html	tag::Overview section is the same throughout the module ⟶ ‖ tag:module introduction:[MODULE INTRODUCTION] ⟶	>>> tag:whakatauki:[Whakatauki] ⟶ He aha te mea nui o te ao? He tangata, he tangata, he t [raw " [Whakatauki] "]	<<< black::What is the most important thing in the world? It is people, it is peo
WHAKA	SSOG301	SSOG301_00.0.html	tag:body:[body] ⟶ This module is about different styles and qualities of leader ‖ tag:video:[insert video] ⟶ https://www.youtube.com/watch?v=HxEntJiIEd0&t=1s	>>> tag:alert:[Alert] ⟶ Me tiro whakamuri, kia anga whakamua. If we want to shape Ao [raw " [Alert] "]	<<< -
WHAKA	TRR102	TRR102_1.0.html	NOT FOUND	ko te reo maori te kakahu o 
WHAKA	TRR103	TRR103_1.0.html	NOT FOUND	ko te reo maori te kakahu o 
WHAKA	TRR106	TRR106_1.0.html	NOT FOUND	ko te reo maori te kakahu o 
WHAKA	TRR107	TRR107_0.0.html	NOT FOUND	mo te manu ko nga huruhuru n
WHAKA	TRR108	TRR108_0.0.html	NOT FOUND	ko te manu e kai ana i te mi
WHAKA	TRR109	TRR109_1.0.html	NOT FOUND	he taonga tuku iho to tatou 
WHAKA	TRR110	TRR110_1_0_ea.html	NOT FOUND	he taonga te reo he taonga n
WHAKA	TRR111	TRR111_1.0.html	NOT FOUND	he taonga te reo he taonga n
WHAKA	TRR112	TRR112_1.0.html	NOT FOUND	he taonga te reo he taonga t
WHAKA	TRR113	TRR113_1.0.html	NOT FOUND	he taonga te reo he taonga n
WHAKA	TRR114	TRR114_1.0.html	NOT FOUND	he iti te mokoroa nana i kak
WHAKA	TRR115	TRR115_1.0.html	NOT FOUND	he kai kei aku ringa
WHAKA	TRR116	TRR116_1_0.html	NOT FOUND	he taonga te reo he taonga n
WHAKA	TRR203	TRR203_0.0.html	NOT FOUND	tuia te tamaiti ki nga aka t
WHAKA	TRR301	TRR301_0.0.html	NOT FOUND	ma te huruhuru ka rere te ma
WHAKA	TRR304	TRR304_0.0.html	NOT FOUND	tuia te tamaiti ki nga aka t
WHAKA	TWHA901	TWHA901 Be a Learner.html	tag:tab n:[Tab 1: Introduction] ⟶ ‖ black::https://www.istockphoto.com/photo/path-through-a-sunlit-forest-gm14461	>>> black::**Whāia te mātauranga hei oranga mō koutou** [raw " **Whāia te mātauranga hei oranga mō koutou** "]	<<< black::**Seek after learning for the sake of your wellbeing**
WHAKA	TWHA902	TWHA902 Be a Communicator.html	NOT FOUND	ko toku reo toku ohooho ko t
WHAKA	TWHA903	TWHA903 The world around us.html	tag:tab n:[Tab 1: MODULE INTRODUCTION] The world around us ⟶ ‖ black::Kia ora! Welcome to this module on how to practise our thinking skills	>>> black::Mā te kimi ka kite, mā te kite ka mōhio, mā te mōhio ka Mārama. [raw "Mā te kimi ka kite, mā te kite ka mōhio, mā te mōhio ka Mār]	<<< black::Seek and discover.
WHAKA	TWHA904	TWHA904 The Way We Move.html	tag:tab n:[Tab 1: MODULE INTRODUCTION] The way we move ⟶ ‖ black::Kia ora! Welcome to this module on how to practice our thinking skills	>>> black::Mā te kimi ka kite, mā te kite ka mōhio, mā te mōhio ka Mārama. [raw "Mā te kimi ka kite, mā te kite ka mōhio, mā te mōhio ka Mār]	<<< black::Seek and discover.
WHAKA	TWHA905	TWHA905 The way we make food.html	tag:tab n:[Tab 1: MODULE INTRODUCTION] The way we make food ⟶ ‖ tag:body:[Body] ⟶ Kia ora! Welcome to this module on how to practice our thinki	>>> black::Whatungarongaro te tangata toitū te whenua *As man disappears from sig [raw "Whatungarongaro te tangata toitū te whenua\n*As man disappe]	<<< black::This whakataukī highlights the enduring nature of land and the importa
WHAKA	TWHA906	TWHA906 Whakamana and Resilience.html	black::After listening to *This Is Me* reflect on when you feel you can be yo ‖ tag:whakatauki:[whakatauki] ⟶	>>> black::Whāia e koe te iti kahurangi ki te tūohu koe, me he maunga teitei [raw "Whāia e koe te iti kahurangi ki te tūohu koe, me he maunga ]	<<< black::*Pursue excellence – should you stumble, let it be to a lofty mountain
WHAKA	TWHA906	TWHA906 Whakamana and Resilience.html	table::undefined ⟶ ‖ tag:end flip card:[end flip cards] ⟶	>>> tag:whakatauki:[whakataukī] ⟶ Kua takoto te manuka. | The leaves of the manuka tree h [raw " [whakataukī] "]	<<< tag:alert:[alert] ⟶ Whakamana is empowering and enabling your mana by respecting
WHAKA	TWHA906	TWHA906 Whakamana and Resilience.html	tag::(answers are shown above in red) ⟶ ‖ tag:end activity:[end interactive] ⟶	>>> tag:quote:[quote] ⟶ *It’s not the mountain we conquer but ourselves.* – Sir Edmu [raw " [quote] "]	<<< tag::[Actiivty 5B] ⟶ When things do not go to plan
WHAKA	TWHA906	TWHA906 Whakamana and Resilience.html	black::• Your story rewrite. ‖ tag:button:[button] ⟶ Portfolio	>>> tag:quote:[quote] ⟶ *“Do not judge me by my success, judge me by how many times  [raw " [quote] "]	<<< tag:alert:[alert] ⟶ Being resilient is when you can persevere when things are ha
WHAKA	TWHK902	TWHK902_0.0.html	NOT FOUND	manaaki whenua manaaki tanga
WHAKA	TWHK907	TWHK907.html	tag:body:[body text] ⟶ The song *We Are the World* was written in 1985 by Micha ‖ tag:image:[insert media item #2] ⟶ https://media.istockphoto.com/id/2202754384/p	>>> tag:whakatauki:[Whakatauki] ⟶ **Te pae tawhiti whāia kia tata, ko te pae tata, whakam [raw " [Whakatauki] "]	<<< tag:end tab n:[End tab] ⟶
WHAKA	TWHK907	TWHK907.html	tag::End flip cards ⟶ ‖ tag:alert:[alert] ⟶ How can I contribute to the community?” “What difference can	>>> tag:whakatauki:[Whakatauki] ⟶ Ko te pae tawhiti whāia kia tata, ko te pae tata, whaka [raw " [Whakatauki] "]	<<< tag:h3:[h3] ⟶ Reflection
WHAKA	TWHK907	TWHK907.html	table::undefined ⟶ ‖ tag::End flip cards ⟶	>>> tag:whakatauki:[Whakatauki] ⟶ Ko te manu e kai ana i te miro nōnā te ngahere. Ko te m [raw " [Whakatauki] "]	<<< tag:h3:[h3] ⟶ Reflection
WHAKA	TWHR905	TWHR905.html	tag:tab n:[New side tab] ⟶ Introduction ‖ tag:h2:[H2] [Introductory whakataukī] ⟶	>>> black::**He manako te kōura i kore ai** [raw "**He manako te kōura i kore ai**"]	<<< black::**Wishing for the crayfish won’t bring it.**
WHAKA	TWHR907	TWHR907 Growing Leadership.html	black::**What is the food of the leader?** ‖ black::**It is knowledge. It is communication.**	>>> black::As a leader we gain knowledge, and we communicate knowledge with other [raw "As a leader we gain knowledge, and we communicate knowledge]	<<< tag:lesson content:[Lesson content] ⟶
WHAKA	WJFUN210	WJFUN210_0_0.html	tag:body:[body] ⟶ Whanganui is a fascinating place with many exciting attractio ‖ black::There is a special Māori expression from this area	>>> black::"Ko au te awa, ko te awa ko au." I am the river, and the river is me. [raw "\"Ko au te awa, ko te awa ko au.\"\nI am the river, and the]	<<< tag:video:[Insert Video] ⟶ Whanganui Journey Track, New Zealand (Great Walks Tra
WHAKA	XDLS501	XDLS501.00.html	tag:module introduction:[MODULE INTRODUCTION] ⟶ ‖ tag:h1:[H1] ⟶ Whakawhanaungatanga | Learning to relate well with others	>>> tag:important:[Important Statement] ⟶ **Ehara taku toa i te toa takitahi engari, he  [raw " [Important Statement] "]	<<< black::My successes are not mine alone, they are ours – the greatest successe
WHAKA	XDLS502	XDLS502.00.html	black::As you complete this module you will be completing learning activities ‖ tag::[whakatauiki] ⟶	>>> black::**Haumi e, hui e, tāiki e!** [raw "**Haumi e, hui e, tāiki e!** "]	<<< black::*We are lashed together, we gather together, we grow together.*
WHAKA	XDLS901	XDLS901.00.html	black::By doing this, we can grow, learn new things, and enjoy special moment ‖ tag:whakatauki:[whakatauki] ⟶	>>> black::Ka whakaute ahau i ahau ano [raw "Ka whakaute ahau i ahau ano "]	<<< black::I will respect myself.
WHAKA	XDLS901	XDLS901.04.html	tag:alert:[alert] ⟶ You may like to go and review the activities in the mihi wha ‖ tag::[Whakatauiki] ⟶	>>> black::Whāia te iti kahurangi ki te tūohu koe me he maunga teitei. [raw "Whāia te iti kahurangi ki te tūohu koe me he maunga teitei.]	<<< black::Seek the treasure you value most dearly.
WHAKA	XDLS902	XDLS902.00.html	NOT FOUND	he hauora te taonga
WHAKA	XDLS903	XDLS903.00.html	tag:data marker:1: Note this will be repeated across five modules XDLS 902-6] ⟶ ‖ tag:whakatauki:[Whakatauki] ⟶	>>> black::*Whangaia ka tupu. Ka puāwai* That which is nurtured blossoms and grow [raw "*Whangaia ka tupu. Ka puāwai*\nThat which is nurtured bloss]	<<< tag:body:[Intro text] ⟶
WHAKA	XDLS904	XDLS904_00.0.html	tag:module introduction:[MODULE INTRODUCTION] ⟶ ‖ tag:whakatauki:[Whakatauki] ⟶	>>> black::**“Ehara taku toa i te toa takitahi engari, he toa takitini”** [raw "**“Ehara taku toa i te toa takitahi engari, he toa takitini]	<<< tag:video:[Video] ⟶ Waiata: Ehara taku toa (https://www.youtube.com/watch?v=GKDm
WHAKA	XDLS905	XDLS905.00.html	tag:module introduction:[MODULE INTRODUCTION] ⟶ ‖ tag:whakatauki:[Whakatauki] ⟶	>>> black::**“Kei roto i te pōuri, te marama e whiti ana”** Through perseverance  [raw "**“Kei roto i te pōuri, te marama e whiti ana”**\nThrough p]	<<< tag:body:[Intro text] ⟶
WHAKA	XDLS906	XDLS906_00_0.html	tag:module introduction:[MODULE INTRODUCTION] ⟶ ‖ tag:whakatauki:[Whakatauki] ⟶	>>> black::**“Ko te whenua ko au, ko au ko te whenua”** I am the land and the lan [raw "**“Ko te whenua ko au, ko au ko te whenua”**\nI am the land]	<<< tag:video:[Video] ⟶ ko te whenua ko au, ko au ko te whenua (https://youtube.com/
WHAKA	XDLS908	XDLS908_4.0 .html	tag:sticky nav:[Sticky Nav] ⟶ ‖ tag:lesson content:[Lesson content] ⟶	>>> tag::[Whakatuaki] ⟶ Mā te whakarongo, ka mōhio: Mā te mohio ka mārama [raw " [Whakatuaki] "]	<<< black::Through listening comes knowledge: Through knowledge comes understandi
WHAKA	XDLS908	XDLS908_0.0.html	NOT FOUND	in this module some activiti
WHAKA	XDLS909	XDLS909.00.html	NOT FOUND	he aha te mea nui o te ao he
WHAKA	XDLS911	XDLS911.0.0.html	tag:audio:[Audio animation 1] ⟶ ‖ tag:whakatauki:[Whakatauki] ⟶	>>> black::**Mā te kimi ka kite, mā te kite ka mōhio, mā te mōhio ka mārama** [raw "**Mā te kimi ka kite, mā te kite ka mōhio, mā te mōhio ka m]	<<< black::Seek and discover. Discover and know. Know and become enlightened.
WHAKA	XDLS912	XDLS912_00.0.html	black::Here is our whakatauki for this module: ‖ tag:whakatauki:[whakatauki] ⟶	>>> black::**"Mā te huruhuru ka rere te manu."** *"With feathers, the bird will f [raw "**\"Mā te huruhuru ka rere te manu.\"**\n*\"With feathers, ]	<<< tag:body:[Body] ⟶ This whakataukī speaks to the idea that with the right skills
WHAKA	XFUN01	XFUN01.00.html	tag:image:[Image] ⟶ Waka in a choppy sea (https://mytekuraschool-my.sharepoint.c ‖ tag:image:[AI created image – see media list for link] ⟶	>>> tag:whakatauki:[whakatauki] ⟶ He moana pukepuke e ekengia e te waka [raw " [whakatauki] "]	<<< black::A choppy sea can be navigated by a waka
WHAKA	XGF9001	XGF9001-00.0.html	tag:carousel:[Insert rotating banner with one word overlayed per image] ⟶ ‖ table::undefined ⟶	>>> tag:whakatauki:[Whakataukī] ⟶ Mā te kōrero, ka mōhio; mā te mōhio, ka mārama – Throug [raw " [Whakataukī] "]	<<< black::This whakataukī reminds us that true understanding comes from sharing 
WHAKA	XGF9002	XGF9002_0_0.html	tag:title bar:[TITLE BAR] ⟶ *Empowering Potential |* Ko te Whakamana Pitomata ‖ tag:h1:[H1] ⟶ **Tirohanga Whānui | Overview**	>>> tag:h2:[H2] ⟶ **Understand:** **"Ehara taku toa i te toa takitahi, engari he  [raw " [H2] "]	<<< black::This whakataukī reflects the importance of collective knowledge and wi
WHAKA	XGF9002	XGF9002_9_0.html	tag:button:[Button 3] [H3] ⟶ NAGC https://www.nagc.org/family-tip-sheets ‖ tag:button:[Button 4] [H3] ⟶ Fordham Institute https://fordhaminstitute.org/natio	>>> tag:body:[Body] ⟶ E ngā mātua, e ngā whānau, ngā mihi nunui ki a koutou. [raw " [Body] "]	<<< black::Thank you for walking this journey – for learning, reflecting, and sha
WHAKA	XGF9003	XGF9003-00.0.html	tag::Resources and Games ⟶ ‖ tag:tab n:[New tab] ⟶ Introduction	>>> tag::[whakaukī] ⟶ **Mā te huruhuru, ka rere te manu.** [raw " [whakaukī] "]	<<< black::*With feathers, the bird will fly.*
WHAKA	XGF9004	XGF9004-00.0.html	tag:whakatauki:[Whakataukī] ⟶ ‖ tag:image:[Insert image] ⟶ https://www.istockphoto.com/photo/group-of-people-whi	>>> black::*“Ko te whakaaro nui te hoa matenga mō te tangata.”* [raw "*“Ko te whakaaro nui te hoa matenga mō te tangata.”*"]	<<< black::Great thoughts are the companion of humanity.
WHAKA	XGF9006	XGF9006-00.0.html	tag:module introduction:[MODULE INTRODUCTION] ⟶ ‖ tag::[Whaktaukī] ⟶	>>> black::*Nāu te rourou, nāku te rourou, ka ora ai te iwi.* [raw " *Nāu te rourou, nāku te rourou, ka ora ai te iwi.*"]	<<< black::*With your food basket, and my food basket, the people will thrive.*
WHAKA	XLP01	XLP01.00.html	black::Learning to read is a set of experiences or shared activities that are ‖ black::First, let’s look at this whakatauki about the power of communication:	>>> tag:whakatauki:[whakatauki] ⟶ **“Ko te kai a te rangatira he kōrero.”** "The food of  [raw " [whakatauki] "]	<<< black::This whakataukī looks at the importance of discussion, communication, 
WHAKA	XLP02	XLP02.00.html	NOT FOUND	toku reo toku ohooho toku re
WHAKA	XLP03	XLP03-00.html	black::Here is the whakatauki for this module: ‖ tag:whakatauki:[whakatauki] ⟶	>>> black::**“Enara taku toa I te toa takitahi. Enara he toa takitini.”** [raw "**“Enara taku toa I te toa takitahi. Enara he toa takitini.]	<<< tag:body:[body] ⟶ This whakatauki asks us to see that our strength comes from b
WHAKA	XLP04	XLP04.00.html	black::This module has been created to support Hoa ako (learning partners) in ‖ black::Here is the whakatauki for this module:	>>> black::**"Mā te rongo, ka mōhio; mā te mōhio, ka mārama; mā te mārama, ka māt [raw "**\"Mā te rongo, ka mōhio; mā te mōhio, ka mārama; mā te mā]	<<< black::"Through perception comes awareness; through awareness comes understan
WHAKA	XLP05	XLP05.00.html		>>> tag:whakatauki:[Whakatauki] ⟶ Tē tōia, tē haumatia [raw " [Whakatauki] "]	<<< black::Nothing can be achieved without a plan, workforce and way of doing thi
WHAKA	XLP06	XLP06-0.0.html	black::This hoa ako tool kit will complement other learning within the Hauora ‖ tag:whakatauki:[whakatauki] ⟶	>>> black::Mahia i runga i te rangimārie me te ngākau māhaki [raw "Mahia i runga i te rangimārie me te ngākau māhaki"]	<<< black::With a peaceful mind and respectful heart, we will always get the best
WHAKA	XMES101	XMES101.00.html	tag:audio:[Insert audio animation 1] RHS of the page ⟶ ‖ tag:h3:[H3] ⟶ *Whakatauki:*	>>> black::**Tukua kia tū takitahi ngā whetū o te rangi***;* [raw "**Tukua kia tū takitahi ngā whetū o te rangi***;*"]	<<< black::*Let each star in the sky shine its own light.*
WHAKA	XMES102	XMES102.00.html	black::home interior ‖ tag:h3:[H3] ⟶ Whakatauki: (Speech-to-Text).	>>> black::“Tangata ako ana I te whare, te turanga ki te marae tau ana.” [raw "“Tangata ako ana I te whare, te turanga ki te marae tau ana]	<<< black::“A person who is taught at home, will stand collected on the marae.”
WHAKA	XMES103	XMES103.00.html	tag:body:[body] ⟶ You will need a/hua ako (online or in person) and any pets wh ‖ black::Here is our **whakatauki** to start our learning:	>>> black::*“Aroha mai, Aroha atu.”* [raw "*“Aroha mai, Aroha atu.”* "]	<<< black::*“Love we receive, is the love we give.”*
WHAKA	XMES201	XMES201_0.0.html	black::Here is the whakatauki for this module: ‖ tag:whakatauki:[Whakatauki] ⟶	>>> black::**"Ko au te whenua, ko te whenua ko au."***“I am the land, and the lan [raw "**\"Ko au te whenua, ko te whenua ko au.\"***“I am the land]	<<< black::This shows how we’re connected to nature and animals, and reminds us t
WHAKA	XMES201	XMES201_0_0.html	NOT FOUND	he iti te toki e tuha ana te
WHAKA	XMES202	XMES202-0.0.html	tag:module introduction:[MODULE INTRODUCTION] ⟶ ‖ tag:audio:[Insert audio animation 1] RHS of the page ⟶	>>> tag:whakatauki:[whakatauki] ⟶ *Whakatauki:* **“Iti noa ana, he pito mata.”** *With ca [raw " [whakatauki] "]	<<< tag:image:[insert image RHS] ⟶ two hands holding seedlings
WHAKA	XMES203	XMES203_0_0.html	tag:image:[insert image RHS] ⟶ man sleeping ‖ tag:whakatauki:[Whakatauki] ⟶	>>> black::**“Kia whakatā, kia okioki, kia puta anō te kaha.”** *Take time to res [raw "**“Kia whakatā, kia okioki, kia puta anō te kaha.”**\n*Take]	<<< tag:body:[body] ⟶ When we rest as part of caring for ourselves, we are given th
WHAKA	XTAS101	XTAS101_0.0.html	black::Here is our whakatauki for this module: ‖ tag:whakatauki:[whakatauki] ⟶	>>> black::**"Nāu te rourou, nāku te rourou, ka ora ai te iwi."** [raw "**\"Nāu te rourou, nāku te rourou, ka ora ai te iwi.\"**"]	<<< black::**"With your food basket and my food basket, the people will thrive."*
WHAKA	XTAS102	XTAS102.00.html	black::Here is our whakatauki for this module: ‖ tag:image:[whakatauki] [image RHS] ⟶ young woman gardening	>>> black::**"He aha te mea nui o te ao? He tāngata, he tāngata, he tāngata."** [raw "**\"He aha te mea nui o te ao? He tāngata, he tāngata, he t]	<<< black::**What is the most important thing in the world? It is people, it is p
WHAKA	XTAS103	XTAS103.00.html	black::Here is our whakatauki for this module: ‖ tag:image:[whakatauki] [image RHS] ⟶ two women dancing	>>> black::**Mā te kori tinana ka ora ai te wairua.** [raw "**Mā te kori tinana ka ora ai te wairua.**"]	<<< black::**Through movement of the body, the spirit is uplifted.**
WHAKA	XWHA02	XWHA02_0.0.html	black::We look forward to developing your individual potentials and how these ‖ tag:body:[body] ⟶	>>> black::**Kei ōu ringaringa te ao** [raw "**Kei ōu ringaringa te ao** "]	<<< black::The world is yours.
WHAKA	XWHA02	XWHA02_5.0.html	black::When you have completed Activity 1 and 2 you can choose another Nouris ‖ black::Talk with your Kaiako about which one is best.	>>> black::**Poipoia te kākano kia puawai** [raw "**Poipoia te kākano kia puawai** "]	<<< black::Nurture the seed and it will blossom
