PROV	AGH1002	1.0	tag:important	plain	free	Te toto o tetangatahe kai, teorangao tetangata, he whenua, he oneone	While food provides the blood in our veins, our health is dr
PROV	ANZH205	5.0	black:	plain	free	Hei wakaritenga mai hoki tenei mo te wakaaetanga ki te Kawanatanga o te Kuini – 	W. Hobson Consul & Lieutenant Governor
PROV	ANZH301	0.0	tag:interactive	bold	free	“Ka mate kāinga tahi, ka ora kāinga rua”	This whakatauki highlights the resilience of Māori in tradit
PROV	ANZH302	0.0	tag:interactive	bold	free	“Ka mate kāinga tahi, ka ora kāinga rua”	This whakatauki highlights the resilience of Māori in tradit
PROV	ANZH303	0.0	tag:video	bold	free	Ki te kotahi te kākaho, ka whati. Ki te kāpuia, e kore e whati.	When we stand alone, we are vulnerable. But together we are 
PROV	ANZH404	0.0	tag:whakatauki	bold	free	Kia kaha, kia māia, kia manawatu	Be strong, be brave, be steadfast.
PROV	BLL271	2.0	black:	plain	free	Kei hea tō taringaKei hea tō ihu	Remember, every answer begins with: Ānei tōku .
PROV	CBI1004	0.0	tag:alert	plain	free	Mā te whakaaro nui e hanga te whare; mā te mātauranga e whakaū.	Big Ideas create the house; knowledge maintains it.
PROV	CEDK401	0.0	black:	plain	free	Hei kai kei aku ringa	There is food at the end of my hands
PROV	CEDR203	0.0	black:	ital	free	Toitū te marae a Tāna-Mahuta, toitū te marae a Tangaroa, toitū te tangata.	If the land is well and the sea is well, the people will thr
PROV	CEDR204	0.0	tag:body	plain	free	Ko te reo o te taiao, ko te reo o te tangata.	The voice of the environment is the voice of the people.
PROV	CEDT101	0.0	tag:important	plain	free	Ko tōu reo, Ko tōku reo, Te tuakiri tangata. Tīhei uriuri, Tīhei nakonako.	Your voice and my voice are expressions of identity. May our
PROV	CEDT102	0.0	black:	plain	free	Whetū o te rangi	Let each star in the sky shine its own light
PROV	CEDT104	0.0	tag:	plain	free	Kia ora tamāriki mā.	Tī rākau is a fun Māori stick game that helps us learn about
PROV	CEDT104	0.0	tag:	plain	free	E Hine hoki māi rā	⭐️⭐️⭐️ Tumeke. (Amazing.) ⭐️⭐️⭐️
PROV	CEDT207	0.0	tag:important	ital	free	“Ehara taku toa i te toa takitahi engari he toa takitini.	I come not with my own strengths but bring with me the gifts
PROV	CEDT301	0.0	tag:important	plain	free	E kore au e ngaro; he kākano i ruia mai i Rangiātea.	We know who we are and where we come from; therefore, we can
PROV	CEDW101	0.0	tag:whakatauki	plain	free	He aroha whakatō, he aroha puta mai.	If kindness is sown then kindness you shall receive.
PROV	CHWHA	0.0	black:	ital	free	Tihei uriuri, tihei nakonako.	Your voice and my voice are expressions of identity.
PROV	DAN1003	0.0	black:	bold	free	Te toi whakairo, ka ihiihi, ka wehiwehi, ka aweawe te ao katoa.	Artistic excellence makes the world sit up in wonder.
PROV	DAN1003	0.0	tag:h3	plain	free	Te toi whakairo, ka ihiihi, ka wehiwehi, ka aweawe te ao katoa.	Artistic excellence makes the world sit up in wonder.
PROV	DAN1004	0.0	tag:h1	plain	free	Ko wai te ora ngā mea katoa.	Water is the life giver of all things.
PROV	DTC1004	0.0	tag:h2	plain	free	Kaua e rangiruatia te hāpai o te hoe; E kore tō tātou waka e ū ki uta.	Don't paddle out of unison; our canoe will never reach the s
PROV	ENG1004	0.0	tag:whakatauki	ital	free	He iti te kupu, he nui te kōrero	Although the words seem small, there is a depth of meaning b
PROV	ENG1005	0.0	tag:whakatauki	ital	free	Ko te mana e kai ana i te miro nōna te ngahere; ko te manu e kai ana i te mātaur	We are empowered through knowledge and understanding.
PROV	ENG1007	0.0	tag:whakatauki	ital	free	Ko te reo me ōna tikanga te hā o te whakawhitiwhiti kōrero.	Language and its rules are the essence of communication.
PROV	ENGC101	0.0	tag:h2	bold	free	Ko te reo me ōna tikanga te hā o te whakawhitiwhiti korero.	Communication depends on shared codes and conventions.
PROV	ENGC101	0.0	tag:video	bold	free	He waka eke noa.	This whakataukī translates to we are all in this together.
PROV	ENGC201	0.0	tag:	ital	free	Ko te reo me ōna tikanga te hā o te whakawhitiwhiti kōrero.	Language and its rules are the essence of communication.
PROV	ENGC201	6.0	tag:	ital	free	Ko te reo me ōna tikanga te hā o te whakawhitiwhiti kōrero.	Language and its rules are the essence of communication.
PROV	ENGC204	0.0	black:	plain	free	Mā te mahi, ka mārama	Through communication, we learn.
PROV	ENGC403	0.0	tag:	plain	free	Ko Te reo me ōna tikanga te iho o te whakawhitiwhiti kōrero.	Language and its rules are the essence of communication.
PROV	ENGI202	0.0	tag:data marker	plain	free	Mā te reo, ka mōhio; mā te reo ka mārama; mā te reo ka ora.	Through language comes knowledge; through language comes ins
PROV	ENGI405	0.0	tag:	plain	free	Ko Te reo me ōna tikanga te iho o te whakawhitiwhiti kōrero.	Language and its rules are the essence of communication.
PROV	ENGJ101	0.0	tag:whakatauki	plain	free	Ko pohewa, ko auaha ngā ara ki ao hou.	Creativity and imagination transport us to new worlds.
PROV	ENGJ102	0.0	tag:whakatauki	plain	free	Tukua kia tū takitahi ngā whetū o te rangi.	Let each star in the sky shine its own light
PROV	ENGJ403	0.0	tag:whakatauki	plain	free	Ko tā te pohewatanga me te auahatanga he whakatuwhera i ngā ao hou ki a tātou.	Creativity and imagination transport us to new worlds.
PROV	ENGS404	0.0	tag:	plain	free	Ko tā te pohewatanga me te auahatanga he whakatuwhera i ngā ao hou ki a tātou	Creativity and imagination transport us to new worlds.
PROV	ENGS405	0.0	tag:	plain	free	Ka whakaaweawetia tātou e te mātauranga me te māramatanga.	We are empowered through knowledge and understanding.
PROV	ENO2060	0.0	tag:whakatauki	plain	free	Mā te reo, ka mōhio; mā te reo ka mārama; mā te reo ka ora.	Through language comes knowledge; through language comes ins
PROV	EXBP901	1.0	tag:whakatauki	bold	free	Mā te kimi ka kite, Mā te kite ka mōhio, Mā te mōhio ka mārama	Seek and discover. Discover and know. Know and become enligh
PROV	EXBP901	4.0	tag:whakatauki	ital	free	Ko te pae tawhiti whāia kia tata, ko te pae tata, whakamaua kia tina	Seek out the distant horizons and then cherish those you att
PROV	EXIP901	5.0	tag:whakatauki	ital	free	Ko te pae tawhiti whāia kia tata, ko te pae tata, whakamaua kia tina	Seek out the distant horizons and then cherish those you att
PROV	FRNO901	0.0	black:	plain	free	Ko tōku reo, tōku ohooho.	My language is my awakening.
PROV	GENO901	0.0	tag:body	plain	free	Mā te kaiako, mā te tauira, Ka ako.	Through the teacher, through the student, learning will happ
PROV	GEWHA	0.0	black:	plain	free	Tihei uriuri, tihei nakonako.	Your voice and my voice are expressions of identity.
PROV	HES1003	0.0	tag:module introduction	plain	free	Whakatauki: Ka mate kāinga tahi, ka ora kāinga rua.	Historically, a more literal meaning was used when two house
PROV	HIS1002	0.0	tag:whakatauki	plain	free	Ki te kotahi te kākaho, ka whati. Ki te kāpuia, e kore e whati.	When we stand alone, we are vulnerable. But together we are 
PROV	HIS1002	10.0	black:	plain	free	Tō tātou mahi nui hoki e te honu manawa rahi.	What an amazing feat, you are of great endurance.
PROV	HIS1005	0.0	tag:whakatauki	plain	free	Kaua e mate wheke mate ururoa	Don't die like an octopus, die like a hammerhead shark
PROV	HIS1006	0.0	tag:whakatauki	plain	free	Kaua e mate wheke mate ururoa	Don't die like an octopus, die like a hammerhead shark
PROV	HIS1008	0.0	tag:whakatauki	plain	free	Kaua e mate wheke mate ururoa	Don't die like an octopus, die like a hammerhead shark
PROV	JPN1004	0.0	tag:important	plain	free	Mā te tuakana e tōtika te teina, mā te teina e tōtika te tuakana	Seek guidance from both young and old. The two will balance 
PROV	JPN1004	10.0	black:	bold	free	Ha ki roto, ha ki waho (te reo Māori)	Breath in, breath out
PROV	MXDB201	0.0	tag:whakatauki	plain	free	Nau te rourou, naku te rourou, ka ora te manuhiri.	With your food basket and my food basket, the people will th
PROV	MXDB301	0.0	tag:h2	bold	free	Whiria te kaha tūātinitini, whiria te kaha tūāmanomano.	The world is full of patterns and structures that we use mat
PROV	MXDI201	0.0	tag:	plain	free	He kai kei aku ringa	There is food in my hands
PROV	MXDI301	0.0	tag:h2	bold	free	Whiria te kaha tūātinitini, whiria te kaha tūāmanomano.	The world is full of patterns and structures that we use mat
PROV	MXDI301	0.0	black:	bold	free	Kei hopu tōu ringa ki te aka tāepa, engari kia mau ki te aka matua.	The world is characterised by change and variation that we u
PROV	MXEO401	0.0	tag:h2	ital	free	Ko te pae tawhiti whāia kia tata, ko te pae tata whakamaua kia tina.	Mathematical and statistical logic and reasoning enable us t
PROV	MXEX101	0.0	black:	plain	free	Kei hopu tōu ringa ki te aka tāepa, engari kia mau ki te aka matua.	Do not catch hold of the loose vine but lay hold of the main
PROV	MXEX301	0.0	black:	bold	free	Whiria te kaha tūātinitini, whiria te kaha tūāmanomano.	The world is full of patterns and structures that we use mat
PROV	MXFL204	0.0	tag:	ital	free	Kia whakatōmuri te haere whakamua.	I walk backwards into the future with my eyes fixed on my pa
PROV	MXFU402	0.0	tag:	ital	free	Ko te manu e kai ana i te miro, nōna te ngahere. Ko te manu e kai ana i te mātau	The bird who feeds on miro has the forest. The bird who feed
PROV	PHE1005	0.0	black:	plain	free	Tama tū, tama ora; tama noho, tama mate.	He who stands, lives, he who does nothing, perishes.
PROV	PHE1007	0.0	black:	plain	free	E koekoe te tūī, e ketekete te kākā, e kūkū te kererū.	The tui squawks, the kākā chatters, the kererū coos.
PROV	PWY1001	0.0	tag:	plain	free	He taonga rongonui te aroha ki te tangata.	Goodwill toward others is a precious treasure.
PROV	PWYWHA1	0.0	tag:	plain	free	Ka pū te ruha, ka hao te rangatahi.	As the old net is cast aside, the new net goes fishing.
PROV	SCBI301	0.0	tag:whakatauki	plain	free	Mā te whakaaro nui e hanga te whare; mā te mātauranga e whakaū.	By great thought the house is built; by knowledge it is made
PROV	SSEA203	0.0	tag:whakatauki	bold	free	Nāu te rourou, nāku te rourou, ka ora ai te iwi.	With your food basket and my food basket, the people will th
PROV	SSOG103	0.0	tag:whakatauki	plain	free	Nāu te rourou, nāku te rourou, ka ora ai te iwi.	With your basket and my basket, the people will thrive.
PROV	TWHA901	0.0	black:	bold	free	Whāia te mātauranga hei oranga mō koutou	Seek after learning for the sake of your wellbeing
PROV	TWHA903	0.0	black:	plain	free	Mā te kimi ka kite, mā te kite ka mōhio, mā te mōhio ka Mārama.	Seek and discover.
PROV	TWHA904	0.0	black:	plain	free	Mā te kimi ka kite, mā te kite ka mōhio, mā te mōhio ka Mārama.	Seek and discover.
PROV	TWHA906	0.0	tag:whakatauki	plain	free	Whāia e koe te iti kahurangi ki te tūohu koe, me he maunga teitei	Pursue excellence – should you stumble, let it be to a lofty
PROV	TWHK903	0.0	tag:h2	bold	free	“He taonga nui te tūpato”	Caution is highly prized
PROV	TWHR905	0.0	tag:h2	bold	free	He manako te kōura i kore ai	Wishing for the crayfish won’t bring it.
PROV	TWHR907	0.0	black:	bold	free	He kōrero, he kōrero, he kōrero.	What is the food of the leader?
PROV	XDLS502	0.0	tag:body	plain	free	Nau mai, haere mai.	This module is called Mahi Tahi – we are better together. Us
PROV	XDLS502	0.0	tag:	bold	free	Haumi e, hui e, tāiki e!	We are lashed together, we gather together, we grow together
PROV	XDLS502	4.0	tag:body	bold	free	Haumi e, hui e, tāiki e!	We are lashed together, we gather together, we grow together
PROV	XDLS901	0.0	tag:whakatauki	plain	free	Ka whakaute ahau i ahau ano	I will respect myself.
PROV	XDLS901	0.0	tag:	plain	free	Whāia te iti kahurangi ki te tūohu koe me he maunga teitei.	Seek the treasure you value most dearly.
PROV	XDLS901	4.0	tag:important	plain	free	Whāia te iti kahurangi ki te tūohu koe me he maunga teitei.	Seek the treasure you value most dearly.
PROV	XDLS902	0.0	tag:whakatauki	plain	free	“Tama tū, tama ora, tama noho , tama mate”	An active person will remain healthy while a lazy one will b
PROV	XDLS908	0.0	tag:whakatauki	plain	free	Ko te reo te tuakiri. Ko te reo tōku ahurei. Ko te reo te ora.	Language is my identity. Language is my uniqueness. Language
PROV	XDLS909	0.0	tag:body	plain	free	Nau mai, haere mai	In this module we will explore the people in Aotearoa New Ze
PROV	XDLS911	0.0	tag:whakatauki	bold	free	Mā te kimi ka kite, mā te kite ka mōhio, mā te mōhio ka mārama	Seek and discover. Discover and know. Know and become enligh
PROV	XGF9004	1.0	tag:image	ital	free	“Ko te whakaaro nui te hoa matenga mō te tangata.”	Great thoughts are the companion of humanity.
PROV	XGF9006	0.0	tag:h2	bold	free	Whāia te mātauranga hei oranga mō koutou.	Seek knowledge for the sake of your wellbeing.
PROV	XGF9006	0.0	tag:	ital	free	Nāu te rourou, nāku te rourou, ka ora ai te iwi.	With your food basket, and my food basket, the people will t
PROV	XLP04	0.0	black:	bold	free	"Mā te rongo, ka mōhio; mā te mōhio, ka mārama; mā te mārama, ka mātau; mā te mā	"Through perception comes awareness; through awareness comes
PROV	XLP06	0.0	tag:whakatauki	plain	free	Mahia i runga i te rangimārie me te ngākau māhaki	With a peaceful mind and respectful heart, we will always ge
PROV	XMES101	0.0	tag:h3	bold	free	Tukua kia tū takitahi ngā whetū o te rangi;	Let each star in the sky shine its own light.
PROV	XMES102	0.0	tag:h3	plain	free	“Tangata ako ana I te whare, te turanga ki te marae tau ana.”	“A person who is taught at home, will stand collected on the
PROV	XMES102	0.0	tag:audio	plain	free	“Tangata ako ana I te whare, te turanga ki te marae tau ana.”	“A person who is taught at home, will stand collected on the
PROV	XMES103	0.0	black:	ital	free	“Aroha mai, Aroha atu.”	“Love we receive, is the love we give.”
PROV	XTAS101	0.0	tag:whakatauki	bold	free	"Nāu te rourou, nāku te rourou, ka ora ai te iwi."	"With your food basket and my food basket, the people will t
PROV	XTAS102	0.0	tag:image	bold	free	"He aha te mea nui o te ao? He tāngata, he tāngata, he tāngata."	What is the most important thing in the world? It is people,
PROV	XTAS103	0.0	tag:image	bold	free	Mā te kori tinana ka ora ai te wairua.	Through movement of the body, the spirit is uplifted.
PROV	XWHA01	0.0	tag:audio	plain	free	Ki te kotahi te kākaho, ka whati; ki te kāpuia, e kore e whati.	Which means when we stand alone, we are vulnerable. But toge
PROV	XWHA02	0.0	tag:body	plain	free	Nau mai, haere mai	I will be here to help guide you as you complete the modules
PROV	XWHA02	0.0	tag:body	bold	free	Kei ōu ringaringa te ao	The world is yours.
PROV	XWHA02	5.0	black:	bold	free	Poipoia te kākano kia puawai	Nurture the seed and it will blossom
