DBX	ANZH103	dropDown	50	" [Dropbox] "	["dropdown"]
DBX	ANZH103	dropDown	9	" [Dropbox] "	["dropdown"]
DBX	ANZHFUN05	dropDown	3	" [Dropbox] "	["dropdown"]
DBX	ANZHFUN05	dropDown	3	" [Dropbox] "	["dropdown"]
DBX	ANZHFUN05	dropDown	3	" [Dropbox] "	["dropdown"]
DBX	ANZHFUN05	dropDown	5	" [Dropbox] "	["dropdown"]
DBX	ANZHFUN05	dropDown	1	" [Dropbox] "	["dropdown"]
DBX	ART1004	dropDown	3	" [Please create a Dropbox for this information to be submitted.) "	["dropdown"]
DBX	BLL123	dropDown	1	" [upload to dropbox] Where ākonga can upload some of their work, and o"	["dropdown"]
DBX	BLL123	dropDown	1	" [upload to dropbox] Where ākonga can upload some of their work, and o"	["dropdown"]
DBX	BLL123	dropDown	5	" [upload to dropbox] Where ākonga can upload some of their work, and o"	["dropdown"]
DBX	BLL124	dropDown	1	" [upload to dropbox] Where ākonga can upload some of their work, and o"	["dropdown"]
DBX	BLL124	dropDown	1	" [upload to dropbox] Where ākonga can upload some of their work, and o"	["dropdown"]
DBX	BLL124	dropDown	1	" [upload to dropbox] Where ākonga can upload some of their work, and o"	["dropdown"]
DBX	BLL124	dropDown	2	" [upload to dropbox] Where ākonga can upload some of their work, and o"	["dropdown"]
DBX	BLL141	dropDown	1	" [Dropbox to trigger engagement] "	["engagement quiz button","dropdown"]
DBX	BLL141	dropDown	1	" [Dropbox to trigger engagement] "	["engagement quiz button","dropdown"]
DBX	BLL141	dropDown	2	" [Dropbox to trigger engagement] "	["engagement quiz button","dropdown"]
DBX	BLL142	dropDown	14	" [upload to dropbox] Where ākonga can upload some of their work, and o"	["dropdown"]
DBX	BLL143	dropDown	1	" [upload to dropbox] Where ākonga can upload some of their work, and o"	["dropdown"]
DBX	BLL143	dropDown	1	" [upload to dropbox] Where ākonga can upload some of their work, and o"	["dropdown"]
DBX	BLL143	dropDown	1	" [upload to dropbox] Where ākonga can upload some of their work, and o"	["dropdown"]
DBX	BLL144	dropDown	1	" [upload to dropbox] Where ākonga can upload some of their work, and o"	["dropdown"]
DBX	BLL145	dropDown	2	" [upload to dropbox] Where ākonga can upload some of their work, and o"	["dropdown"]
DBX	BLL146	dropDown	1	" [Dropbox to trigger engagement] "	["engagement quiz button","dropdown"]
DBX	BLL147	dropDown	1	" [upload to dropbox] Where ākonga can upload some of their work, and o"	["dropdown"]
DBX	BLL147	dropDown	13	" [upload to dropbox] Where ākonga can upload some of their work, and o"	["dropdown"]
DBX	BLL147	dropDown	1	" [upload to dropbox] Where ākonga can upload some of their work, and o"	["dropdown"]
DBX	BLL151	dropDown	1	" [Dropbox to trigger engagement] "	["engagement quiz button","dropdown"]
DBX	BLL152	dropDown	2	" [upload to dropbox] Where ākonga can upload some of their work, and o"	["dropdown"]
DBX	BLL153	dropDown	1	" [upload to dropbox] Where ākonga can upload some of their work, and o"	["dropdown"]
DBX	BLL153	dropDown	1	" [upload to dropbox] Where ākonga can upload some of their work, and o"	["dropdown"]
DBX	BLL153	dropDown	7	" [upload to dropbox] Where ākonga can upload some of their work, and o"	["dropdown"]
DBX	BLL154	dropDown	1	" [upload to dropbox] Where ākonga can upload some of their work, and o"	["dropdown"]
DBX	BLL154	dropDown	1	" [upload to dropbox] Where ākonga can upload some of their work, and o"	["dropdown"]
DBX	BLL154	dropDown	2	" [upload to dropbox] Where ākonga can upload some of their work, and o"	["dropdown"]
DBX	BLL155	dropDown	1	" [upload to dropbox] Where ākonga can upload some of their work, and o"	["dropdown"]
DBX	BLL155	dropDown	1	" [upload to dropbox] Where ākonga can upload some of their work, and o"	["dropdown"]
DBX	BLL156	dropDown	2	" [upload to dropbox] Where ākonga can upload some of their work, and o"	["dropdown"]
DBX	BLL161	dropDown	1	" [Dropbox to trigger engagement] "	["engagement quiz button","dropdown"]
DBX	BLL161	dropDown	2	" [Dropbox to trigger engagement] "	["engagement quiz button","dropdown"]
DBX	BLL163	dropDown	1	" [upload to dropbox] Where ākonga can upload some of their work, and o"	["dropdown"]
DBX	BLL163	dropDown	9	" [upload to dropbox] Where ākonga can upload some of their work, and o"	["dropdown"]
DBX	BLL163	dropDown	1	" [upload to dropbox] Where ākonga can upload some of their work, and o"	["dropdown"]
DBX	BLL163	dropDown	5	" [upload to dropbox] Where ākonga can upload some of their work, and o"	["dropdown"]
DBX	BLL164	dropDown	1	" [upload to dropbox] Where ākonga can upload some of their work, and o"	["dropdown"]
DBX	BLL164	dropDown	11	" [upload to dropbox] Where ākonga can upload some of their work, and o"	["dropdown"]
DBX	BLL164	dropDown	2	" [upload to dropbox] Where ākonga can upload some of their work, and o"	["dropdown"]
DBX	BLL165	dropDown	1	" [upload to dropbox] Where ākonga can upload some of their work, and o"	["dropdown"]
DBX	BLL165	dropDown	1	" [upload to dropbox] Where ākonga can upload some of their work, and o"	["dropdown"]
DBX	BLL165	dropDown	11	" [upload to dropbox] Where ākonga can upload some of their work, and o"	["dropdown"]
DBX	BLL165	dropDown	7	" [upload to dropbox] Where ākonga can upload some of their work, and o"	["dropdown"]
DBX	BLL171	dropDown	1	" [Dropbox to trigger engagement] "	["engagement quiz button","dropdown"]
DBX	BLL173	dropDown	11	" [upload to dropbox] Where ākonga can upload some of their work, and o"	["dropdown"]
DBX	BLL173	dropDown	8	" [upload to dropbox] Where ākonga can upload some of their work, and o"	["dropdown"]
DBX	BLL174	dropDown	2	" [upload to dropbox] Where ākonga can upload some of their work, and o"	["dropdown"]
DBX	BLL175	dropDown	9	" [upload to dropbox] Where ākonga can upload some of their work, and o"	["dropdown"]
DBX	BLL175	dropDown	1	" [upload to dropbox] Where ākonga can upload some of their work, and o"	["dropdown"]
DBX	BLL175	dropDown	2	" [upload to dropbox] Where ākonga can upload some of their work, and o"	["dropdown"]
DBX	BLL176	dropDown	11	" [upload to dropbox] Where ākonga can upload some of their work, and o"	["dropdown"]
DBX	BLL176	dropDown	1	" [upload to dropbox] Where ākonga can upload some of their work, and o"	["dropdown"]
DBX	BLL176	dropDown	9	" [upload to dropbox] Where ākonga can upload some of their work, and o"	["dropdown"]
DBX	BLL212	dropDown	1	" [upload to dropbox] Where ākonga can upload some of their work, and o"	["dropdown"]
DBX	BLL212	dropDown	1	" [upload to dropbox] Where ākonga can upload some of their work, and o"	["dropdown"]
DBX	BLL213	dropDown	19	" [upload to dropbox] Where ākonga can upload some of their work, and o"	["dropdown"]
DBX	BLL214	dropDown	1	" [upload to dropbox] Where ākonga can upload some of their work, and o"	["dropdown"]
DBX	BLL214	dropDown	13	" [upload to dropbox] Where ākonga can upload some of their work, and o"	["dropdown"]
DBX	BLL221	dropDown	2	" [Dropbox to trigger engagement] "	["engagement quiz button","dropdown"]
DBX	BLL224	dropDown	1	" [Dropbox to trigger engagement] "	["engagement quiz button","dropdown"]
DBX	BLL231	dropDown	1	" [Dropbox to trigger engagement] "	["engagement quiz button","dropdown"]
DBX	BLL232	dropDown	1	" [Dropbox to trigger engagement] "	["engagement quiz button","dropdown"]
DBX	BLL237	dropDown	1	" [Dropbox to trigger engagement] "	["engagement quiz button","dropdown"]
DBX	BLL261	dropDown	1	" [Dropbox to trigger engagement] "	["engagement quiz button","dropdown"]
DBX	BLL262	dropDown	1	" [Dropbox to trigger engagement] "	["engagement quiz button","dropdown"]
DBX	BLL262	dropDown	1	" [Dropbox to trigger engagement] "	["engagement quiz button","dropdown"]
DBX	BLL262	dropDown	1	" Dropbox to trigger engagement] "	["engagement quiz button","dropdown"]
DBX	BLL263	dropDown	1	" [Dropbox to trigger engagement] "	["engagement quiz button","dropdown"]
DBX	BLL263	dropDown	1	" [Dropbox to trigger engagement] "	["engagement quiz button","dropdown"]
DBX	BLL264	dropDown	1	" [Dropbox to trigger engagement] "	["engagement quiz button","dropdown"]
DBX	BLL264	dropDown	1	" [Dropbox to trigger engagement] "	["engagement quiz button","dropdown"]
DBX	BLL264	dropDown	1	" [Dropbox to trigger engagement] "	["engagement quiz button","dropdown"]
DBX	BLL265	dropDown	1	" [Dropbox to trigger engagement] "	["engagement quiz button","dropdown"]
DBX	BLL265	dropDown	1	" [Dropbox to trigger engagement] "	["engagement quiz button","dropdown"]
DBX	BLL265	dropDown	1	" [Dropbox to trigger engagement] "	["engagement quiz button","dropdown"]
DBX	BLL266	dropDown	1	" [Dropbox to trigger engagement] "	["engagement quiz button","dropdown"]
DBX	CBI1005	dropDown	5	" [button to upload learning journal to dropbox] "	["dropdown","button"]
DBX	CBI1005	dropDown	8	" [can you set up an assessment dropbox for this topic named “CBI1005Y1"	["dropdown","dropdown","dropdown"]
DBX	CEDR101	dropDown	6	" [dropbox] "	["dropdown"]
DBX	CEDR101	dropDown	1	" [Button: Dropbox - Creative Services, please make a button here that "	["button","dropdown","dropdown"]
DBX	CEDR101	dropDown	1	" [Button: Dropbox - Creative Services, please make a button here that "	["button","dropdown","dropdown"]
DBX	CEDR101	dropDown	1	" [Button: Dropbox - Creative Services, please make a button here that "	["button","dropdown","dropdown"]
DBX	CEDR101	dropDown	1	" [Button: Dropbox - Creative Services, please make a button here that "	["button","dropdown","dropdown"]
DBX	CEDR101	dropDown	1	" [Button: Dropbox - Creative Services, please make a button here that "	["button","dropdown","dropdown"]
DBX	CEDR101	dropDown	2	" [Dropbox, counts for engagement] "	["dropdown"]
DBX	CEDT101	dropDown	11	" [Alert dropbox Kaimahi guide notes "	["dropdown","alert"]
DBX	CEDT101	dropDown	8	" [Alert dropbox Kaimahi guide notes "	["dropdown","alert"]
DBX	CEDT101	dropDown	11	" [Alert dropbox Kaimahi guide notes "	["dropdown","alert"]
DBX	CEDT101	dropDown	17	" [Alert dropbox Kaimahi guide notes "	["dropdown","alert"]
DBX	CEDT104	dropDown	1	" [Please insert a Dropbox] "	["dropdown"]
DBX	CEDT104	dropDown	1	" [Dropbox link] "	["dropdown","external link"]
DBX	CEDT501	dropDown	1	" [Upload to dropbox] "	["dropdown"]
DBX	CEDW501	dropDown	1	" [Upload to Dropbox] "	["dropdown"]
DBX	CHI1004	dropDown	15	" Delete 'Congratulations, you have now completed this module....' and "	["end lesson","dropdown","button"]
DBX	CHI1004	dropDown	16	" [insert dropbox icon] "	["dropdown"]
DBX	CHI1005	dropDown	1	" [insert dropbox icon] "	["dropdown"]
DBX	CHWHA	dropDown	15	" [Activity 1F] [Dropbox] "	["activity","dropdown"]
DBX	DAN1004	dropDown	6	" [Insert a Dropbox link] "	["dropdown","external link"]
DBX	DTC1005	dropDown	8	" [Dropbox] "	["dropdown"]
DBX	ENG1004	dropDown	1	" [Button – ENG1004 Working towards dropbox] "	["dropdown","button"]
DBX	ENG1004	dropDown	1	" [Button – ENG1004 Working towards dropbox] "	["dropdown","button"]
DBX	ENG1004	dropDown	1	" [Button – ENG1004 Working towards dropbox] "	["dropdown","button"]
DBX	ENG1005	dropDown	1	" [Button – ENG1005 Working towards dropbox] "	["dropdown","button"]
DBX	ENG1005	dropDown	1	" [Button – ENG1005 Working towards dropbox] "	["dropdown","button"]
DBX	ENG1005	dropDown	1	" [Button – ENG1005 Working towards dropbox] "	["dropdown","button"]
DBX	ENGC201	dropDown	2	" [link to dropbox] "	["dropdown","external link"]
DBX	ENGC202	dropDown	6	" [go to dropbox] "	["dropdown"]
DBX	ENGC202	dropDown	14	" [upload to dropbox] "	["dropdown"]
DBX	ENGC202	dropDown	7	" [upload to dropbox] "	["dropdown"]
DBX	ENGC204	dropDown	2	" [Go to dropbox] [button modal] "	["dropdown","button","modal"]
DBX	ENGC204	dropDown	7	" [go to dropbox] "	["dropdown"]
DBX	ENGC204	dropDown	1	" [upload to dropbox] "	["dropdown"]
DBX	ENGC204	dropDown	1	" [upload to dropbox] "	["dropdown"]
DBX	ENGC204	dropDown	1	" [go to dropbox] "	["dropdown"]
DBX	ENGC302	dropDown	4	" [link to dropbox] "	["dropdown","external link"]
DBX	ENGC401	dropDown	1	" [dropbox] "	["dropdown"]
DBX	ENGC403	dropDown	1	" [insert Dropbox formative work add audio visual options] "	["option","dropdown","audio"]
DBX	ENGC403	dropDown	1	" ] [insert dropbox formative assessment include audio option] "	["dropdown","option","audio"]
DBX	ENGC403	dropDown	8	" [add a button to the working towards dropbox – formative work include"	["option","dropdown","button"]
DBX	ENGC403	dropDown	5	" [insert dropbox button] "	["dropdown","button"]
DBX	ENGC403	dropDown	5	" [insert dropbox] "	["dropdown"]
DBX	ENGC403	dropDown	2	" [insert dropbox with audio and video options] "	["option","dropdown","video"]
DBX	ENGC403	dropDown	2	" [insert dropbox with audio and video options] "	["option","dropdown","video"]
DBX	ENGI101	dropDown	15	" [Dropbox Activity] "	["activity","dropdown"]
DBX	ENGI103	dropDown	1	" [upload to dropbox] "	["dropdown"]
DBX	ENGI301	dropDown	4	" [Activity] [Dropbox Assessment] "	["activity","dropdown"]
DBX	ENGI301	dropDown	10	" [Upload to Dropbox] "	["dropdown"]
DBX	ENGI301	dropDown	6	" [Dropbox Assessment] "	["dropdown"]
DBX	ENGI301	dropDown	1	" [upload to dropbox] "	["dropdown"]
DBX	ENGI302	dropDown	1	" [link to dropbox] "	["dropdown","external link"]
DBX	ENGI303	dropDown	1	" [go to dropbox] "	["dropdown"]
DBX	ENGI303	dropDown	2	" [upload to dropbox] "	["dropdown"]
DBX	ENGI303	dropDown	11	" [upload to dropbox] "	["dropdown"]
DBX	ENGI400	dropDown	4	" [Activity dropbox] [Title] "	["activity","dropdown","title bar"]
DBX	ENGI401	dropDown	20	" [upload to dropbox] "	["dropdown"]
DBX	ENGI401	dropDown	20	" [upload to dropbox] "	["dropdown"]
DBX	ENGI401	dropDown	19	" [upload to dropbox] "	["dropdown"]
DBX	ENGI401	dropDown	10	" [upload to dropbox] "	["dropdown"]
DBX	ENGI405	dropDown	1	" [dropbox button] "	["dropdown","button"]
DBX	ENGJ202	dropDown	1	" [link to dropbox] "	["dropdown","external link"]
DBX	ENGJ301	dropDown	3	" [Go to Journal] [Upload to Dropbox] "	["button","dropdown"]
DBX	ENGJ302	dropDown	5	" [Upload to Dropbox] "	["dropdown"]
DBX	ENGJ302	dropDown	1	" [Upload to dropbox] "	["dropdown"]
DBX	ENGJ403	dropDown	6	" [insert dropbox formative work] "	["dropdown"]
DBX	ENGJ403	dropDown	6	" [insert dropbox formative work] "	["dropdown"]
DBX	ENGJ403	dropDown	6	" [insert dropbox formative work] "	["dropdown"]
DBX	ENGJ403	dropDown	5	" [insert formative work dropbox with audio and visual options here] "	["dropdown","option","audio"]
DBX	ENGJ403	dropDown	1	" [add a button to the working towards dropbox – formative work] "	["dropdown","button"]
DBX	ENGJ403	dropDown	6	" [add a button to the working towards dropbox – formative work] "	["dropdown","button"]
DBX	ENGR101	dropDown	4	" [go to dropbox] "	["dropdown"]
DBX	ENGR201	dropDown	1	" [upload to dropbox] [Engagement trigger] "	["dropdown","engagement quiz button"]
DBX	ENGR202	dropDown	7	" [Activity drop box] Dropbox "	["dropdown","activity"]
DBX	ENGR301	dropDown	2	" [upload to dropbox] "	["dropdown"]
DBX	ENGS101	dropDown	5	" [Dropbox] "	["dropdown"]
DBX	ENGS102	dropDown	1	" [go to dropbox] "	["dropdown"]
DBX	ENGS102	dropDown	1	" [upload to dropbox] "	["dropdown"]
DBX	ENGS102	dropDown	1	" [upload to dropbox] Engagement trigger "	["dropdown"]
DBX	ENGS201	dropDown	11	" [upload to dropbox] "	["dropdown"]
DBX	ENGS201	dropDown	1	" [upload to dropbox] "	["dropdown"]
DBX	ENGS202	dropDown	2	" [upload to dropbox] "	["dropdown"]
DBX	ENGS301	dropDown	1	" [upload to dropbox] "	["dropdown"]
DBX	ENGS302	dropDown	15	" [Dropbox] "	["dropdown"]
DBX	ENGS401	dropDown	1	" [upload to dropbox] "	["dropdown"]
DBX	ENGS404	dropDown	6	" [add a button to the working towards dropbox- formative work- please "	["dropdown","option","button"]
DBX	ENGS404	dropDown	6	" [add a button to the working towards dropbox- formative work] "	["dropdown","button"]
DBX	ENGS404	dropDown	6	" [add a button to the working towards dropbox- formative work] "	["dropdown","button"]
DBX	ENGS404	dropDown	6	" [add a button to the working towards dropbox- formative work] "	["dropdown","button"]
DBX	ENGS404	dropDown	6	" [add a button to the working towards dropbox- formative work] "	["dropdown","button"]
DBX	ENGS404	dropDown	1	" [add a button to the working towards dropbox- formative work] "	["dropdown","button"]
DBX	ENGS404	dropDown	1	" [add a button to the working towards dropbox- formative work] "	["dropdown","button"]
DBX	ENO2060	dropDown	7	" [add a button to the practice dropbox- formative work] "	["dropdown","button"]
DBX	ENO2060	dropDown	1	" [button] Upload to assessment dropbox [include final assessment dropb"	["button","dropdown"]
DBX	EXBP901	dropDown	2	" [button to dropbox] "	["dropdown","button"]
DBX	EXIP901	dropDown	1	" [button to dropbox] "	["dropdown","button"]
DBX	FRNO901	dropDown	5	" [Dropbox] "	["dropdown"]
DBX	FRNO901	dropDown	4	" [Dropbox] "	["dropdown"]
DBX	FRNO901	dropDown	12	" [Dropbox] [Trigger Engagement] "	["dropdown","engagement quiz button"]
DBX	FRNO901	dropDown	4	" [Dropbox] [Trigger Engagement] "	["dropdown","engagement quiz button"]
DBX	FRNO901	dropDown	4	" [Dropbox] [Engagement trigger] "	["dropdown","engagement quiz button"]
DBX	FRNO901	dropDown	4	" [Dropbox] [Engagement trigger] "	["dropdown","engagement quiz button"]
DBX	FRNO901	dropDown	10	" [Dropbox] "	["dropdown"]
DBX	FRNO902	dropDown	6	" [Dropbox] "	["dropdown"]
DBX	FRNO902	dropDown	6	" [Dropbox] "	["dropdown"]
DBX	FRNO902	dropDown	13	" [Dropbox] [Engagement trigger] "	["dropdown","engagement quiz button"]
DBX	FRNO902	dropDown	5	" [Dropbox] "	["dropdown"]
DBX	FRNO902	dropDown	5	" [Dropbox] "	["dropdown"]
DBX	FRNO902	dropDown	3	" [Dropbox] "	["dropdown"]
DBX	GENO901	dropDown	3	" [Dropbox button with link to GENO901 Dropbox] "	["dropdown","dropdown","button"]
DBX	GENO901	dropDown	40	" [Dropbox Engagement Trigger] "	["engagement quiz button","dropdown"]
DBX	GEO1004	dropDown	5	" [Designer please link this dropbox to the work towards assessment dro"	["dropdown","dropdown","external link"]
DBX	GER1002	dropDown	10	" [Create dropbox button] "	["dropdown","button"]
DBX	GER1002	dropDown	12	" [insert dropbox button] "	["dropdown","button"]
DBX	GEWHA	dropDown	1	" [Dropbox button] "	["dropdown","button"]
DBX	HPRE203	dropDown	1	" [dropbox] "	["dropdown"]
DBX	HPRE301	dropDown	2	" [Dropbox] [Triggers engagement] "	["dropdown"]
DBX	HPRE301	dropDown	1	" [Upload to checkpoint dropbox] "	["dropdown"]
DBX	HPRE301	dropDown	1	" [Dropbox] [Tagged to Numeracy Data 4.2 - Analyse and communicate thei"	["dropdown"]
DBX	MUS1006	dropDown	3	" [DROPBOX] FORMATIVE ASSESSMENT "	["dropdown"]
DBX	MUS1006	dropDown	1	" [DROPBOX] SUMMATIVE ASSESSMENT "	["dropdown"]
DBX	MXDB102	dropDown	5	" [Dropbox Activity] "	["activity","dropdown"]
DBX	MXDB102	dropDown	23	" [Dropbox Activity] "	["activity","dropdown"]
DBX	MXDB202	dropDown	3	" [Dropbox] "	["dropdown"]
DBX	MXDI103	dropDown	2	" [Dropbox] [trigger engagement] "	["dropdown","engagement quiz button"]
DBX	MXDI103	dropDown	3	" [Dropbox] [trigger engagement] "	["dropdown","engagement quiz button"]
DBX	MXEX202	dropDown	3	" [Dropbox Activity Box] "	["activity","dropdown"]
DBX	MXFL202	dropDown	4	" [Dropbox Activity Box] "	["activity","dropdown"]
DBX	MXFU402	dropDown	1	" [upload to dropbox] [trigger engagement] "	["dropdown","engagement quiz button"]
DBX	MXS1004	dropDown	1	" [Button][dropbox] "	["button","dropdown"]
DBX	SSCI104	dropDown	1	" [dropbox activity] "	["activity","dropdown"]
DBX	SSCI104	dropDown	4	" [upload to dropbox] dropbox 1 "	["dropdown"]
DBX	SSCI104	dropDown	1	" [upload to dropbox] dropbox 2 "	["dropdown"]
DBX	SSCI104	dropDown	1	" [upload to dropbox] dropbox 2 "	["dropdown"]
DBX	SSCI205	dropDown	1	" [Dropbox] "	["dropdown"]
DBX	SSEA203	dropDown	1	" [Dropbox] 6A "	["dropdown"]
DBX	SSOG103	dropDown	1	" [Dropbox] "	["dropdown"]
DBX	SSOG105	dropDown	1	" [Dropbox] "	["dropdown"]
DBX	TEDC401	dropDown	1	" [Activty / Dropbox] 6C "	["dropdown"]
DBX	TEDC402	dropDown	3	" [Button: Go to Dropbox] "	["button","dropdown"]
DBX	TEDC402	multiChoiceQuiz	4	" [multi-choice quiz + dropbox] "	["mcq","dropdown","mcq"]
TRR104	PREP FAIL
TRR105	PREP FAIL
DBX	TRR304	dropDown	10	" [Dropbox] "	["dropdown"]
DBX	XDLS501	dropDown	3	" [Dropbox If we could embed a dropbox capable of recording audio/audio"	["dropdown","dropdown","dropdown"]
DBX	XDLS501	dropDown	1	" [Dropbox If we could embed a dropbox capable of recording audio/audio"	["dropdown","dropdown","dropdown"]
DBX	XDLS501	dropDown	1	" [Dropbox If we could embed a dropbox capable of recording audio/audio"	["dropdown","dropdown","dropdown"]
DBX	XDLS501	dropDown	1	" [Dropbox If we could embed a dropbox capable of recording audio/audio"	["dropdown","dropdown","dropdown"]
DBX	XDLS501	dropDown	1	" [Dropbox If we could embed a dropbox capable of recording audio/audio"	["dropdown","dropdown","dropdown"]
DBX	XDLS501	dropDown	1	" [Dropbox If we could embed a dropbox capable of recording audio/audio"	["dropdown","dropdown","dropdown"]
DBX	XDLS501	dropDown	1	" [Dropbox If we could embed a dropbox capable of recording audio/audio"	["dropdown","dropdown","dropdown"]
DBX	XDLS501	dropDown	1	" [Dropbox If we could embed a dropbox capable of recording audio/audio"	["dropdown","dropdown","dropdown"]
DBX	XDLS501	dropDown	1	" [Dropbox If we could embed a dropbox capable of recording audio/audio"	["dropdown","dropdown","dropdown"]
DBX	XDLS501	dropDown	1	" [Dropbox If we could embed a dropbox capable of recording audio/audio"	["dropdown","dropdown","dropdown"]
DBX	XDLS501	dropDown	1	" [Dropbox If we could embed a dropbox capable of recording audio/audio"	["dropdown","dropdown","dropdown"]
DBX	XDLS501	dropDown	1	" [Dropbox If we could embed a dropbox capable of recording audio/audio"	["dropdown","dropdown","dropdown"]
DBX	XDLS501	dropDown	1	" [Dropbox If we could embed a dropbox capable of recording audio/audio"	["dropdown","dropdown","dropdown"]
DBX	XDLS501	dropDown	1	" [Dropbox If we could embed a dropbox capable of recording audio/audio"	["dropdown","dropdown","dropdown"]
DBX	XDLS501	dropDown	1	" [Dropbox If we could embed a dropbox capable of recording audio/audio"	["dropdown","dropdown","dropdown"]
DBX	XDLS501	dropDown	1	" [Dropbox If we could embed a dropbox capable of recording audio/audio"	["dropdown","dropdown","dropdown"]
DBX	XDLS501	dropDown	1	" [Dropbox If we could embed a dropbox capable of recording audio/audio"	["dropdown","dropdown","dropdown"]
DBX	XDLS501	dropDown	1	" [Dropbox If we could embed a dropbox capable of recording audio/audio"	["dropdown","dropdown","dropdown"]
DBX	XDLS901	dropDown	1	" [dropbox buttons] video, camera, microphone "	["button","dropdown"]
DBX	XDLS901	dropDown	1	" [dropbox buttons] video, camera, microphone "	["button","dropdown"]
DBX	XDLS901	dropDown	1	" [dropbox buttons] video, camera, microphone "	["button","dropdown"]
DBX	XDLS901	dropDown	1	" [dropbox buttons] video, camera, microphone "	["button","dropdown"]
DBX	XDLS901	dropDown	1	" [dropbox buttons] video, camera, microphone "	["button","dropdown"]
DBX	XDLS901	dropDown	1	" [dropbox buttons] video, camera, microphone "	["button","dropdown"]
DBX	XDLS901	dropDown	1	" [dropbox buttons] video, camera, microphone "	["button","dropdown"]
DBX	XDLS901	dropDown	1	" [dropbox buttons] video, camera, microphone "	["button","dropdown"]
DBX	XDLS901	dropDown	1	" [dropbox buttons] video, camera, microphone "	["button","dropdown"]
DBX	XDLS912	dropDown	1	" [dropbox buttons] camera and video "	["button","dropdown"]
DBX	XDLS912	dropDown	1	" [dropbox buttons] camera and video "	["button","dropdown"]
DBX	XDLS912	dropDown	1	" [Dropbox buttons] Video and camera "	["button","dropdown"]
DBX	XDLS912	dropDown	1	" [Dropbox buttons] Camera and video "	["button","dropdown"]
DBX	XDLS912	dropDown	1	" [Dropbox buttons] Video and camera "	["button","dropdown"]
DBX	XDLS912	dropDown	1	" [Dropbox buttons] camera and video "	["button","dropdown"]
DBX	XDLS912	dropDown	1	" [dropbox buttons] Camera and video "	["button","dropdown"]
DBX	XDLS912	dropDown	1	" [dropbox buttons] Video and camera "	["button","dropdown"]
DBX	XGF9001	dropDown	1	" [Dropbox] "	["dropdown"]
DBX	XGF9001	dropDown	1	" [Upload Journal to Dropbox] "	["dropdown"]
DBX	XGF9003	dropDown	5	" [Upload to dropbox] "	["dropdown"]
DBX	XGF9004	dropDown	1	" [Upload to dropbox.] "	["dropdown"]
DBX	XGF9004	dropDown	1	" [Upload to dropbox.] "	["dropdown"]
DBX	XGF9004	dropDown	1	" [Upload to dropbox.] "	["dropdown"]
DBX	XGF9004	dropDown	1	" [Upload to dropbox.] "	["dropdown"]
DBX	XMES101	dropDown	4	" [Dropbox Activity box] "	["activity","dropdown"]
DBX	XMES101	dropDown	1	" [Camera and video dropbox buttons] "	["button","dropdown","video"]
DBX	XMES101	dropDown	7	" [camera and video dropbox buttons] "	["button","dropdown","video"]
DBX	XMES101	dropDown	2	" [microphone, camera and video dropbox buttons] "	["button","dropdown","video"]
DBX	XMES101	dropDown	1	" [camera dropbox button] "	["dropdown","button"]
DBX	XMES101	dropDown	3	" [camera dropbox button] "	["dropdown","button"]
DBX	XMES101	dropDown	3	" [camera dropbox button] "	["dropdown","button"]
DBX	XMES101	dropDown	12	" [Camera dropbox button] "	["dropdown","button"]
DBX	XMES101	dropDown	1	" [camera dropbox button] "	["dropdown","button"]
DBX	XMES101	dropDown	1	" [camera dropbox button] "	["dropdown","button"]
DBX	XMES101	dropDown	3	" [insert dropbox icon] "	["dropdown"]
DBX	XMES101	dropDown	1	" [microphone and video dropbox buttons] "	["button","dropdown","video"]
DBX	XMES101	dropDown	1	" [camera dropbox button] "	["dropdown","button"]
DBX	XMES103	dropDown	1	" [insert Dropbox] microphone. "	["dropdown"]
DBX	XMES103	dropDown	1	" [Dropbox Button] camera, video, microphone "	["dropdown","button"]
DBX	XMES103	dropDown	1	" [insert dropbox button] camera, video. "	["dropdown","button"]
DBX	XMES103	dropDown	1	" [Dropbox Button] camera, video. "	["dropdown","button"]
DBX	XMES103	dropDown	1	" [Dropbox Button] microphone, camera, video. "	["dropdown","button"]
DBX	XMES103	dropDown	1	" [Dropbox Button] camera, video. "	["dropdown","button"]
DBX	XMES103	dropDown	7	" [Dropbox Button] camera, video. "	["dropdown","button"]
DBX	XMES103	dropDown	1	" [Dropbox Button] Microphone "	["dropdown","button"]
DBX	XMES103	dropDown	1	" [Dropbox Button] camera, video. "	["dropdown","button"]
DBX	XMES201	dropDown	1	" [insert dropbox icon for microphone and video] "	["dropdown","video"]
DBX	XMES201	dropDown	6	" [insert dropbox icon for microphone and video] "	["dropdown","video"]
DBX	XMES201	dropDown	1	" [insert dropbox icon for microphone and video] "	["dropdown","video"]
DBX	XMES201	dropDown	9	" [insert dropbox link for microphone and video]. "	["dropdown","video","external link"]
DBX	XMES201	dropDown	2	" [insert dropbox link for microphone, camera and video]. "	["dropdown","video","external link"]
DBX	XMES201	dropDown	1	" [insert dropbox icon for microphone and video] "	["dropdown","video"]
DBX	XMES201	dropDown	1	" [insert dropbox link for microphone, camera and video]. "	["dropdown","video","external link"]
DBX	XMES201	dropDown	2	" [insert dropbox link for camera and video]. "	["dropdown","video","external link"]
DBX	XMES202	dropDown	10	" [insert dropbox icon for photo and video] "	["dropdown","video","image"]
DBX	XMES202	dropDown	1	" [insert dropbox icon for microphone and video] "	["dropdown","video"]
DBX	XMES202	dropDown	1	" [insert dropbox icon for photo and video] "	["dropdown","video","image"]
DBX	XMES202	dropDown	1	" [insert dropbox icon for microphone and video] "	["dropdown","video"]
DBX	XMES202	dropDown	2	" [insert dropbox icon for photo and video] "	["dropdown","video","image"]
DBX	XMES202	dropDown	1	" [insert dropbox icon for microphone, photo and video] "	["dropdown","video","image"]
DBX	XMES202	dropDown	1	" [insert dropbox icon for microphone and video] "	["dropdown","video"]
DBX	XMES202	dropDown	1	" [insert dropbox icon for photo and video] "	["dropdown","video","image"]
DBX	XMES202	dropDown	3	" [insert dropbox icon for photo and video] "	["dropdown","video","image"]
DBX	XMES202	dropDown	2	" [insert dropbox icon for microphone and video] "	["dropdown","video"]
DBX	XMES202	dropDown	1	" [insert dropbox icon for microphone and video] "	["dropdown","video"]
DBX	XMES202	dropDown	1	" [insert dropbox icon for voice recorder, photo and video] "	["dropdown","video","image"]
DBX	XMES202	dropDown	1	" [insert dropbox icon for photo and video] "	["dropdown","video","image"]
DBX	XMES202	dropDown	1	" [insert dropbox icon for photo and video] "	["dropdown","video","image"]
DBX	XMES202	dropDown	1	" [insert dropbox icon for audio recorder and video] "	["dropdown","video","audio"]
DBX	XMES202	dropDown	2	" [insert dropbox icon for video] "	["dropdown","video"]
DBX	XMES202	dropDown	1	" [insert dropbox icon for photo and video] "	["dropdown","video","image"]
DBX	XMES202	dropDown	1	" [insert dropbox icon for photo and video] "	["dropdown","video","image"]
DBX	XMES202	dropDown	1	" [upload to dropbox] "	["dropdown"]
DBX	XMES203	dropDown	1	" [insert dropbox icon for microphone and video] "	["dropdown","video"]
DBX	XMES203	dropDown	1	" [insert dropbox icon for microphone and video] "	["dropdown","video"]
DBX	XMES203	dropDown	1	" [insert dropbox icon for microphone and video] "	["dropdown","video"]
DBX	XMES203	dropDown	2	" [insert dropbox icon for microphone and video] "	["dropdown","video"]
DBX	XMES203	dropDown	9	" [insert dropbox icon for microphone and video] "	["dropdown","video"]
DBX	XMES203	dropDown	1	" [insert dropbox icon for microphone and video] "	["dropdown","video"]
DBX	XMES203	dropDown	1	" [insert dropbox icon for microphone and video] "	["dropdown","video"]
DBX	XMES203	dropDown	2	" [insert dropbox icon for microphone and video] "	["dropdown","video"]
DBX	XMES203	dropDown	1	" [insert dropbox icon for photograph and video] "	["dropdown","video"]
DBX	XMES203	dropDown	4	" [insert dropbox icon for photograph and video] "	["dropdown","video"]
DBX	XMES203	dropDown	1	" [insert dropbox icon for microphone and video] "	["dropdown","video"]
DBX	XMES203	dropDown	1	" [insert dropbox icon for microphone and video] "	["dropdown","video"]
DBX	XMES203	dropDown	1	" [insert dropbox icon for photographs] "	["dropdown"]
DBX	XMES203	dropDown	1	" [insert dropbox icon for microphone and video] "	["dropdown","video"]
DBX	XMES203	dropDown	1	" [insert dropbox icon for microphone and video] "	["dropdown","video"]
DBX	XMES203	dropDown	1	" [insert dropbox icon for microphone and video] "	["dropdown","video"]
DBX	XTAS101	dropDown	7	" [insert dropbox icon for photograph and video] "	["dropdown","video"]
DBX	XTAS101	dropDown	21	" [insert dropbox button] photo icon "	["dropdown","button"]
DBX	XTAS101	dropDown	1	" [insert dropbox button] Microphone "	["dropdown","button"]
DBX	XTAS101	dropDown	4	" [insert dropbox link] photo/video "	["dropdown","external link"]
DBX	XTAS101	dropDown	1	" [insert dropbox link] photo/video "	["dropdown","external link"]
DBX	XTAS101	dropDown	1	" [insert dropbox link] Photo "	["dropdown","external link"]
DBX	XTAS101	dropDown	4	" [insert dropbox link] microphone "	["dropdown","external link"]
DBX	XTAS101	dropDown	1	" [insert Dropbox link] microphone/video/photo "	["dropdown","external link"]
DBX	XTAS101	dropDown	1	" [insert dropbox link] photo/video "	["dropdown","external link"]
DBX	XTAS101	dropDown	1	" [insert dropbox link] photo/video "	["dropdown","external link"]
DBX	XTAS101	dropDown	19	" [insert dropbox link] photo/video "	["dropdown","external link"]
DBX	XTAS101	dropDown	3	" [insert dropbox link] video/photo "	["dropdown","external link"]
DBX	XTAS102	dropDown	6	" [insert dropbox icon for photograph and video] "	["dropdown","video"]
DBX	XTAS102	dropDown	3	" [insert dropbox icon for microphone] "	["dropdown"]
DBX	XTAS102	dropDown	1	" [insert dropbox icon for photographs] "	["dropdown"]
DBX	XTAS102	dropDown	1	" [insert dropbox icon for video] "	["dropdown","video"]
DBX	XTAS102	dropDown	1	" [insert dropbox icon for photographs and video] "	["dropdown","video"]
DBX	XTAS102	dropDown	1	" [insert dropbox icon for photographs and video] "	["dropdown","video"]
DBX	XTAS102	dropDown	2	" [insert dropbox icon for photographs and video] [End activity] "	["dropdown","video","end activity"]
DBX	XTAS102	dropDown	1	" [insert dropbox icon for photographs and video] "	["dropdown","video"]
DBX	XTAS102	dropDown	1	" [insert dropbox icon for photographs and video] "	["dropdown","video"]
DBX	XTAS102	dropDown	1	" [insert dropbox icon for photographs and video] "	["dropdown","video"]
DBX	XTAS102	dropDown	7	" [insert dropbox icon for photographs and video] "	["dropdown","video"]
DBX	XTAS102	dropDown	2	" [insert dropbox icon for photographs and video] "	["dropdown","video"]
DBX	XTAS102	dropDown	2	" [insert dropbox icon for photographs and video] "	["dropdown","video"]
DBX	XTAS102	dropDown	1	" [insert dropbox icon for photographs and video] "	["dropdown","video"]
DBX	XTAS102	dropDown	1	" [insert dropbox icon for photographs and video] "	["dropdown","video"]
DBX	XTAS102	dropDown	15	" [insert dropbox icon for photographs and video] "	["dropdown","video"]
DBX	XTAS102	dropDown	1	" [insert dropbox icon for photographs] "	["dropdown"]
DBX	XTAS102	dropDown	13	" [insert dropbox icon for photographs] "	["dropdown"]
DBX	XTAS103	dropDown	6	" [insert dropbox icon for photograph and video] "	["dropdown","video"]
DBX	XTAS103	dropDown	1	" [insert dropbox icon for video] "	["dropdown","video"]
DBX	XTAS103	dropDown	5	" [insert dropbox icon for photographs] "	["dropdown"]
DBX	XTAS103	dropDown	8	" [insert dropbox icon for photographs] "	["dropdown"]
DBX	XTAS103	dropDown	6	" [insert dropbox icon for photographs] "	["dropdown"]
DBX	XTAS103	dropDown	1	" [insert dropbox icon for photographs] "	["dropdown"]
DBX	XTAS103	dropDown	1	" [insert dropbox icon for photographs] "	["dropdown"]
DBX	XTAS103	dropDown	1	" [insert dropbox icon for photographs and video] "	["dropdown","video"]
DBX	XTAS103	dropDown	1	" [insert dropbox icon for video] "	["dropdown","video"]
DBX	XTAS103	dropDown	1	" [insert dropbox icon for video] "	["dropdown","video"]
DBX	XTAS103	dropDown	2	" [insert dropbox icon for video] "	["dropdown","video"]
DBX	XTAS103	dropDown	1	" [insert dropbox icon for video] "	["dropdown","video"]
