AGH1002_1_0.html           p=2 | prev: 'Red Flag: Empty [important] — the writer left a ca' | box: 'Te toto o tetangatahe kai, teorangao tetangata, he whenua, he oneone W' | next: 'Māori have their own names for soils which highlights the st'
ANZH303_0_0.html           p=2 | prev: 'Mana is a very important part of Te Ao Māori (The ' | box: 'Ki te kotahi te kākaho, ka whati. Ki te kāpuia, e kore e whati. When w' | next: 'link:'
BLL271_2_0.html            p=2 | prev: 'Kei hea tō pakihiwi?Kei hea tō whatu?' | box: 'Kei hea tō taringaKei hea tō ihu Remember, every answer begins with: Ā' | next: 'Designer/Developer To Do: Wire this button&#39;s D2L dropbox'
CBI1004_0_0.html           p=2 | prev: 'Red Flag: Empty [alert] — the writer left a callou' | box: 'Mā te whakaaro nui e hanga te whare; mā te mātauranga e whakaū. Big Id' | next: 'Welcome to genetics! In this module you will learn about how'
CEDK401_0_0.html           p=2 | prev: 'FOOD SUSTAINABILITY' | box: 'Hei kai kei aku ringa There is food at the end of my hands' | next: 'This whakataukī is a'
CEDR203_0_0.html           p=2 | prev: 'Introduction' | box: 'Toitū te marae a Tāna-Mahuta, toitū te marae a Tangaroa, toitū te tang' | next: 'Children planting trees'
CEDR204_0_0.html           p=2 | prev: 'Showcase sounds' | box: 'Ko te reo o te taiao, ko te reo o te tangata. The voice of the environ' | next: 'This module will have your tamariki getting creative with ma'
CEDT101_0_0.html           p=2 | prev: 'Red Flag: Empty [important] — the writer left a ca' | box: 'Ko tōu reo, Ko tōku reo, Te tuakiri tangata. Tīhei uriuri, Tīhei nakon' | next: 'Learning about ourselves and where we come from can give us '
CEDT207_0_0.html           p=2 | prev: 'Red Flag: Empty [important] — the writer left a ca' | box: 'Ehara taku toa i te toa takitahi engari he toa takitini. I come not wi' | next: 'No two people are exactly alike. Each of us is an individual'
CEDT301_0_0.html           p=2 | prev: 'Red Flag: Empty [important] — the writer left a ca' | box: 'E kore au e ngaro; he kākano i ruia mai i Rangiātea. We know who we ar' | next: 'How we view ourselves can sometimes differ from how others v'
DAN1003_0_0.html           p=2 | prev: 'CREDITS: 5' | box: 'Te toi whakairo, ka ihiihi, ka wehiwehi, ka aweawe te ao katoa. Artist' | next: 'here'
DAN1004_0_0.html           p=2 | prev: 'Writers Note: show the different ways water moves]' | box: 'Ko wai te ora ngā mea katoa. Water is the life giver of all things.' | next: 'That whakataukī embodies our earthly dependance on water. Wa'
ENGC101_0_0.html           p=2 | prev: 'Welcome to our exciting online module all about ho' | box: 'He waka eke noa. This whakataukī translates to we are all in this toge' | next: 'This means we work together and help each other. When we tal'
ENGC201_0_0.html           p=2 | prev: 'If you’ve enjoyed this, you might like to try lear' | box: 'Ko te reo me ōna tikanga te hā o te whakawhitiwhiti kōrero. Language a' | next: 'This whakatauki reinforces the importance of language throug'
ENGC201_6_0.html           p=2 | prev: 'Ka pai for completing this module and learning mor' | box: 'Ko te reo me ōna tikanga te hā o te whakawhitiwhiti kōrero. Language a' | next: ''
ENGC403_0_0.html           p=2 | prev: 'Writers Note: [Te reo translation]' | box: 'Ko Te reo me ōna tikanga te iho o te whakawhitiwhiti kōrero. Language ' | next: 'Why do people debate? To answer this question, you need to t'
ENGI202_0_0.html           p=2 | prev: 'Traditional stories, told across time, and in diff' | box: 'Mā te reo, ka mōhio; mā te reo ka mārama; mā te reo ka ora. Through la' | next: '❗ Video: [VIDEO TITLE REQUIRED], [CHANNEL REQUIRED], Video o'
ENGI405_0_0.html           p=2 | prev: 'Your kaiako will assess your essay according to th' | box: 'Ko Te reo me ōna tikanga te iho o te whakawhitiwhiti kōrero. Language ' | next: 'This module is designed to equip you with a range of importa'
ENGS404_0_0.html           p=2 | prev: 'At the end of this module you will submit a narrat' | box: 'Ko tā te pohewatanga me te auahatanga he whakatuwhera i ngā ao hou ki ' | next: 'Before we begin, ask yourself the following questions:'
ENGS405_0_0.html           p=2 | prev: 'Download the response sheet for each part you deci' | box: 'Ka whakaaweawetia tātou e te mātauranga me te māramatanga. We are empo' | next: 'Poetry is the place where we paint with words. It enables us'
FRNO901_0_0.html           p=2 | prev: 'You will apply the knowledge gained to:' | box: 'Ko tōku reo, tōku ohooho. My language is my awakening.' | next: 'Proverbe français'
GENO901_0_0.html           p=2 | prev: 'Red Flag: Empty [whakatauki] — the writer left a c' | box: 'Mā te kaiako, mā te tauira, Ka ako. Through the teacher, through the s' | next: 'In this module you will learn to greet and farewell people a'
HES1003_0_0.html           p=1 | prev: '5 credits' | box: 'Ka mate kāinga tahi, ka ora kāinga rua.' | next: 'Historically, a more literal meaning was used when two house'
HIS1002_10_0.html          p=2 | prev: 'You have completed your learning on this massive t' | box: 'Tō tātou mahi nui hoki e te honu manawa rahi. What an amazing feat, yo' | next: 'Upload your journal to the dropbox.'
JPN1004_0_0.html           p=2 | prev: 'In Māori culture, there is a whakatauki (proverb):' | box: 'Mā te tuakana e tōtika te teina, mā te teina e tōtika te tuakana Seek ' | next: 'The tuakana teina relationship is like a buddy system. It en'
JPN1004_10_0.html          p=2 | prev: 'Take a deep breath in and out.' | box: 'Ha ki roto, ha ki waho (te reo Māori) Breath in, breath out' | next: 'Mānava i totonu, mānava i fafo. (Samoan)'
MXDI201_0_0.html           p=2 | prev: 'Writers Note: use 0.00min to 2.49min only' | box: 'He kai kei aku ringa There is food in my hands' | next: 'Designer/Developer To Do: No iStock acknowledgements file (*'
MXFL204_0_0.html           p=2 | prev: 'In this module you will learn about the PPDAC cycl' | box: 'Kia whakatōmuri te haere whakamua. I walk backwards into the future wi' | next: 'Designer/Developer To Do: No iStock acknowledgements file (*'
MXFU402_0_0.html           p=3 | prev: 'By engaging with mathematical concepts, we develop' | box: 'Ko te manu e kai ana i te miro, nōna te ngahere. Ko te manu e kai ana ' | next: 'Who doesn’t love games, prizes, and party food? In this modu'
PHE1005_0_0.html           p=2 | prev: '[insert image 20]' | box: 'Tama tū, tama ora; tama noho, tama mate. He who stands, lives, he who ' | next: '[insert image 1]'
PHE1007_0_0.html           p=2 | prev: '5 credits' | box: 'E koekoe te tūī, e ketekete te kākā, e kūkū te kererū. The tui squawks' | next: 'This whakataukī is about how it takes all kinds of people, t'
PWY1001_0_0.html           p=2 | prev: 'Red Flag: Empty [whakatauki] — the writer left a c' | box: 'He taonga rongonui te aroha ki te tangata. Goodwill toward others is a' | next: '⚙ INTERACTIVE (un-built) #1: dropDown — Activity (inline) — '
PWYWHA1_0_0.html           p=2 | prev: 'https://www.istockphoto.com/photo/fishing-pole-and' | box: 'Ka pū te ruha, ka hao te rangatahi. As the old net is cast aside, the ' | next: 'In this course, you will explore different modules based on '
TWHA901_0_0.html           p=2 | prev: 'https://www.istockphoto.com/photo/path-through-a-s' | box: 'Whāia te mātauranga hei oranga mō koutou Seek after learning for the s' | next: 'This whakatauki refers to the importance of learning for it '
TWHA903_0_0.html           p=2 | prev: 'Kia ora! Welcome to this module on how to practise' | box: 'Mā te kimi ka kite, mā te kite ka mōhio, mā te mōhio ka Mārama. Seek a' | next: 'Discover and know. Know and become enlightened.'
TWHA904_0_0.html           p=2 | prev: 'Kia ora! Welcome to this module on how to practice' | box: 'Mā te kimi ka kite, mā te kite ka mōhio, mā te mōhio ka Mārama. Seek a' | next: 'Discover and know. Know and become enlightened.'
TWHK903_0_0.html           p=2 | prev: 'Artificial Intelligence' | box: 'He taonga nui te tūpato Caution is highly prized' | next: 'This whakataukī emphasises the importance of being cautious '
TWHR905_0_0.html           p=2 | prev: 'Red Flag: Empty [H2] — the writer left a heading p' | box: 'He manako te kōura i kore ai Wishing for the crayfish won’t bring it.' | next: 'This whakataukī conveys the idea that dreams and wishes alon'
TWHR907_0_0.html           p=2 | prev: 'He aha te kai a te rangatira?' | box: 'He kōrero, he kōrero, he kōrero. What is the food of the leader?' | next: 'It is knowledge. It is communication.'
XDLS502_0_0.html           p=2 | prev: 'Writers Note: [whakatauiki]' | box: 'Haumi e, hui e, tāiki e! We are lashed together, we gather together, w' | next: 'This module requires teamwork as you complete the lessons wi'
XDLS502_4_0.html           p=2 | prev: 'The theme of this module is making connection in t' | box: 'Haumi e, hui e, tāiki e! We are lashed together, we gather together, w' | next: ''
XDLS901_0_0.html           p=2 | prev: 'Writers Note: [Whakatauiki]' | box: 'Whāia te iti kahurangi ki te tūohu koe me he maunga teitei. Seek the t' | next: 'Designer/Developer To Do: No iStock acknowledgements file (*'
XDLS901_4_0.html           p=2 | prev: 'Red Flag: Empty [important] — the writer left a ca' | box: 'Whāia te iti kahurangi ki te tūohu koe me he maunga teitei. Seek the t' | next: 'If you receive Ongoing Resource Funding (ORS) there are peop'
XGF9004_1_0.html           p=2 | prev: 'Red Flag: Empty [whakatauki] — the writer left a c' | box: 'Ko te whakaaro nui te hoa matenga mō te tangata. Great thoughts are th' | next: 'This whakataukī encourages valuing deep thinking and the exp'
XGF9006_0_0.html           p=2 | prev: 'Writers Note: [Whaktaukī]' | box: 'Nāu te rourou, nāku te rourou, ka ora ai te iwi. With your food basket' | next: 'In genius hour, everyone has something special to bring – ju'
XLP04_0_0.html             p=2 | prev: 'Here is the whakatauki for this module:' | box: 'Mā te rongo, ka mōhio; mā te mōhio, ka mārama; mā te mārama, ka mātau;' | next: 'This whakatauki asks us to engage our senses ( rongo ) in or'
XMES101_0_0.html           p=2 | prev: 'Your kaiako is here to help you with your learning' | box: 'Tukua kia tū takitahi ngā whetū o te rangi; Let each star in the sky s' | next: 'This whakatauki means that each of us is like a star in the '
XMES102_0_0.html           p=2 | prev: 'home interior' | box: 'Tangata ako ana I te whare, te turanga ki te marae tau ana. A person w' | next: 'Here is our whakatauki to start our learning:'
XMES102_0_0.html           p=2 | prev: 'Here is our whakatauki to start our learning:' | box: 'Tangata ako ana I te whare, te turanga ki te marae tau ana. A person w' | next: 'This means that if we are strong and supported in our home, '
XMES103_0_0.html           p=2 | prev: 'Here is our whakatauki to start our learning:' | box: 'Aroha mai, Aroha atu. Love we receive, is the love we give.' | next: 'This tells us that when we love others, it will always come '
XTAS102_0_0.html           p=2 | prev: 'Here is our whakatauki for this module:' | box: 'He aha te mea nui o te ao? He tāngata, he tāngata, he tāngata. What is' | next: 'This whakataukī reminds us that at the heart of every place,'
XTAS103_0_0.html           p=2 | prev: 'Here is our whakatauki for this module:' | box: 'Mā te kori tinana ka ora ai te wairua. Through movement of the body, t' | next: 'This whakataukī shows the deep ties between moving our bodie'
XWHA01_0_0.html            p=2 | prev: 'Before we get started let’s look at this whakatauk' | box: 'Ki te kotahi te kākaho, ka whati; ki te kāpuia, e kore e whati. Which ' | next: 'This means that when we work together, we can expand and gro'
XWHA02_0_0.html            p=2 | prev: 'We look forward to developing your individual pote' | box: 'Kei ōu ringaringa te ao The world is yours.' | next: 'Designer/Developer To Do: No iStock acknowledgements file (*'
XWHA02_5_0.html            p=2 | prev: 'Talk with your Kaiako about which one is best.' | box: 'Poipoia te kākano kia puawai Nurture the seed and it will blossom' | next: 'Red Flag: Un-built [speechBubble] marker — no content captur'
NEW BOXES: 55 — 1 <p>: 1, 2+ <p>: 54
short prev lines: [('5 credits', 2), ('FOOD SUSTAINABILITY', 1), ('Introduction', 1), ('Showcase sounds', 1), ('CREDITS: 5', 1), ('[insert image 20]', 1), ('Artificial Intelligence', 1), ('home interior', 1)]
