== stock: 353
     38 ( 24 pages)  not-in-items   e.g. CHFUN04_0_0.html https://www.istockphoto.com/photo/boy-holding-red-envelope-on-chinese-
     37 ( 15 pages)  own:black-url-only | prev:black   e.g. ARFUN05_0_0.html https://www.istockphoto.com/vector/smiley-icon-line-set-vector-outline
     18 (  7 pages)  own:black-url-only | prev:tag:click drop   e.g. BLL217_2_0.html https://www.istockphoto.com/photo/afl-ball-and-trophy-held-aloft-gm182
     16 (  7 pages)  own:tag: | prev:black   e.g. ARFUN04_0_0.html https://www.istockphoto.com/photo/elements-of-stained-glass-gm52252261
     15 (  8 pages)  own:tag: | prev:tag:h3   e.g. HPFUN902_0_0.html https://www.istockphoto.com/photo/surf-life-saving-flag-on-beach-in-po
     15 (  5 pages)  own:black-url-only | prev:tag:body   e.g. SCFUN01_0_0.html https://www.istockphoto.com/photo/we-do-it-for-moments-like-this-gm913
     15 (  6 pages)  own:tag:image | prev:black   e.g. CEDK501_3_0.html https://www.istockphoto.com/photo/teenage-girl-studying-at-home-gm1270
     11 (  8 pages)  own:black-url-only | prev:tag:image   e.g. ARFUN03_0_0.html https://www.istockphoto.com/photo/teen-boy-doing-breakdancing-gm949303
      9 (  7 pages)  own:tag:list | prev:tag:body   e.g. GEWHA_0_0.html https://www.istockphoto.com/vector/map-of-alpine-countries-with-border
== d2l: 137
     22 ( 10 pages)  own:tag:data marker | prev:table   e.g. GENO901_3_2.html https://tekura.desire2learn.com/d2l/le/content/11934/viewContent/11958
     19 ( 17 pages)  own:tag: | prev:tag:body   e.g. BLL270_0_0.html https://tekuradev.desire2learn.com/d2l/le/content/7801/viewContent/976
     12 (  1 pages)  own:tag:data marker | prev:tag:h3   e.g. MXFUN01_0_0.html https://tekura.desire2learn.com/d2l/le/content/15558/viewContent/15646
      8 (  8 pages)  own:tag: | prev:tag:activity   e.g. BLL153_1_0.html https://tekuradev.desire2learn.com/d2l/le/content/8843/viewContent/905
      8 (  4 pages)  own:tag:heading | prev:tag:body   e.g. COM1005_2_0.html https://tekura.desire2learn.com/d2l/le/content/12105/viewContent/13132
      7 (  6 pages)  own:tag: | prev:black   e.g. BLL252_2_0.html https://tekura.desire2learn.com/d2l/le/content/78989/viewContent/20316
      5 (  5 pages)  own:tag:click drop | prev:tag:)   e.g. ENGI401_10_0.html https://tekuradev.desire2learn.com/d2l/le/content/7801/viewContent/909
      4 (  2 pages)  own:black-url-only | prev:tag:Please use the sam   e.g. BLL245_1_0.html https://tekura.desire2learn.com/d2l/le/content/78989/viewContent/20232
      3 (  2 pages)  own:tag:body | prev:tag:activity   e.g. BLL174_1_0.html https://tekuradev.desire2learn.com/d2l/le/content/8843/viewContent/910
== video: 140
     22 ( 10 pages)  own:black-url-only | prev:tag:body   e.g. BLL110_0_0.html https://tekura.desire2learn.com/content/enforced/18210-ECHOnline/ECH%2
     21 ( 17 pages)  own:tag: | prev:tag:video   e.g. BLL210_0_0.html https://www.youtube.com/watch?v=oWjtR7DXUpY
     18 ( 12 pages)  own:black-url-only | prev:black   e.g. CEDO202_0_0.html https://www.youtube.com/watch?v=JxOMEUYKzvs
     10 (  4 pages)  own:black-url-only | prev:tag:external link   e.g. HIS1006_6_0.html https://www.youtube.com/watch?v=q1_KtW-9tIg
      8 (  4 pages)  not-in-items   e.g. CHFUN06_0_0.html https://www.youtube.com/shorts/V4G6meTuFoY
      6 (  6 pages)  own:tag:carousel | prev:tag:body   e.g. MXDB302_6_0.html https://youtu.be/Mst8iZjIpFE?si=KJUljwOnFnDr9UCT
      5 (  4 pages)  own:tag:video | prev:tag:carousel   e.g. ENGJ302_3_0.html https://youtu.be/B1HEzNTGeZ4?si=zT7QXU-SOy2gWW4c
      4 (  3 pages)  own:black-url-only | prev:tag:video   e.g. BLL120_0_0.html https://www.youtube.com/watch?v=PhsA-MuAyF4
      4 (  4 pages)  own:black-url-only | prev:tag:Insert appropriate   e.g. ENGI301_0_0.html https://www.youtube.com/watch?v=EDLPY52Juv0
== other: 373
     33 ( 28 pages)  own:tag: | prev:black   e.g. SSFUN05_0_0.html https://www.aucklandpublicart.com/artworks/3538
     29 ( 23 pages)  own:tag: | prev:tag:image   e.g. ENFUN02_0_0.html https://www.tes.com/en-nz/teaching-resource/where-s-wally-waldo-collec
     24 ( 15 pages)  own:black-url-only | prev:black   e.g. CEDT102_0_0.html https://my.christchurchcitylibraries.com/wp-content/uploads/sites/5/20
     20 ( 10 pages)  own:tag:supervisor note | prev:tag:title bar   e.g. BLL111_0_0.html https://speldsa.org.au
     19 ( 14 pages)  own:black-url-only | prev:tag:external link   e.g. SSFUN08_0_0.html https://instructionalseries.tki.org.nz/Instructional-Series/Ready-to-R
     16 ( 15 pages)  own:tag: | prev:tag:body   e.g. SSFUN06_0_0.html https://docs.google.com/document/d/1-jxlsubClz2C3XgMmermyD_vk7bXm5w790
     16 (  1 pages)  own:black+text | prev:black   e.g. DTC1004_3_0.html https://www.lyfemarketing.com/blog/color-psychology/
     12 (  8 pages)  not-in-items   e.g. ENFUN05_0_0.html https://drive.google.com/file/d/1Ua9mTX6n_RrhKiWV0t0GmxQKS0ciE38g/view
     10 (  8 pages)  own:tag:body | prev:tag:body   e.g. ANZH404_5_0.html https://www.stuff.co.nz/national/115026457/the-selftaught-mori-artist-
