SKELETON STRUCTURAL MATCH — 2486 paired pages (text-immune, 100% of structure)

pairs skipped (parse error): 0
RAW match (full structure, incl. widget internals): mean 40.1%
   ^ low because Phase-1 widgets are by-design PLACEHOLDERS vs the human's built widgets.

SCAFFOLD match (widgets collapsed to one marker — the Phase-1 target: rows/cols/
activities/sections + widget POSITIONS): mean 56.4%  median 57.9%
  pages >=  95% SCAFFOLD match:   12 ( 0.5%)
  pages >=  90% SCAFFOLD match:   29 ( 1.2%)
  pages >=  75% SCAFFOLD match:  309 (12.4%)
  pages >=  50% SCAFFOLD match: 1647 (66.3%)
  pages <  50% scaffold match: 839

== per-module mean SCAFFOLD match (worst 25) ==
  MXFUN01     5.5%  (1 pages)
  MXFUN02     7.9%  (1 pages)
  ANZHFUN05  10.0%  (1 pages)
  ARFUN04    10.4%  (1 pages)
  EXPFUN05   11.1%  (1 pages)
  JPFUN02    12.0%  (1 pages)
  JPFUN01    13.5%  (1 pages)
  TEFUN03    14.4%  (1 pages)
  EXPFUN03   14.8%  (1 pages)
  PWYWHA1    15.6%  (1 pages)
  TWHA901    18.8%  (1 pages)
  EXPFUN02   19.5%  (1 pages)
  ART1005    19.5%  (1 pages)
  SSFUN01    21.3%  (1 pages)
  EXPFUN04   21.4%  (1 pages)
  TWHA903    21.9%  (1 pages)
  ART1003    22.8%  (1 pages)
  XDLS911    24.0%  (2 pages)
  SSFUN05    24.2%  (1 pages)
  CEDT104    24.9%  (1 pages)
  ARFUN02    25.1%  (1 pages)
  TRR304     25.7%  (4 pages)
  GEWHA      26.0%  (1 pages)
  MXFUN03    27.3%  (1 pages)
  EXPFUN06   27.5%  (1 pages)

== worst individual pages by SCAFFOLD match (top 20) ==
  MXFUN01_0_0.html           scaffold   5.5%  (raw    3%)
  SSFUN07_2_0.html           scaffold   6.1%  (raw    5%)
  MXFUN02_0_0.html           scaffold   7.9%  (raw    5%)
  ANZHFUN05_0_0.html         scaffold  10.0%  (raw   11%)
  TRR304_3_0.html            scaffold  10.0%  (raw   10%)
  EXIP901_4_0.html           scaffold  10.1%  (raw    8%)
  ARFUN04_0_0.html           scaffold  10.4%  (raw    6%)
  XDLS911_1_0.html           scaffold  10.8%  (raw    6%)
  EXPFUN05_0_0.html          scaffold  11.1%  (raw   13%)
  XOTPB08_2_0.html           scaffold  12.0%  (raw   11%)
  JPFUN02_0_0.html           scaffold  12.0%  (raw    5%)
  ENGJ302_1_0.html           scaffold  12.3%  (raw   11%)
  TEDC401_3_0.html           scaffold  13.4%  (raw    6%)
  ENGFUN02_1_0.html          scaffold  13.4%  (raw   11%)
  JPFUN01_0_0.html           scaffold  13.5%  (raw    7%)
  PES1007_7_0.html           scaffold  13.8%  (raw   12%)
  MXDI103_8_0.html           scaffold  14.4%  (raw    6%)
  TEFUN03_0_0.html           scaffold  14.4%  (raw   10%)
  EXPFUN03_0_0.html          scaffold  14.8%  (raw   16%)
  GER1002_2_0.html           scaffold  14.9%  (raw   12%)

wrote ../../outputs/_s54_full_sk_final.json
